2026-08-06T19:38:45.075Z  [CACHE]  MISS flutter.releases
2026-08-06T19:38:45.075Z  [API  ]  GET https://storage.googleapis.com/flutter_infra_release/releases/releases_linux.json
2026-08-06T19:38:47.126Z  [API  ]  200 OK (2051ms)
2026-08-06T19:38:47.541Z  [INFO ]  Scan started — 2 packages
2026-08-06T19:38:47.542Z  [INFO ]  [1/2] cupertino_icons
2026-08-06T19:38:47.542Z  [INFO ]  Known issue: active
2026-08-06T19:38:47.543Z  [CACHE]  MISS pub.info.cupertino_icons
2026-08-06T19:38:47.543Z  [API  ]  GET https://pub.dev/api/packages/cupertino_icons
2026-08-06T19:38:47.547Z  [CACHE]  MISS pub.metrics.cupertino_icons
2026-08-06T19:38:47.547Z  [API  ]  GET https://pub.dev/api/packages/cupertino_icons/metrics
2026-08-06T19:38:47.551Z  [API  ]  GET https://pub.dev/api/packages/cupertino_icons/score
2026-08-06T19:38:47.555Z  [CACHE]  HIT  pub.publisher.cupertino_icons
2026-08-06T19:38:47.555Z  [CACHE]  MISS pub.reverseDeps.cupertino_icons
2026-08-06T19:38:47.555Z  [API  ]  GET https://pub.dev/packages?q=dependency%3Acupertino_icons
2026-08-06T19:38:47.559Z  [INFO ]  [2/2] flutter_lints
2026-08-06T19:38:47.559Z  [INFO ]  Known issue: active
2026-08-06T19:38:47.559Z  [CACHE]  MISS pub.info.flutter_lints
2026-08-06T19:38:47.559Z  [API  ]  GET https://pub.dev/api/packages/flutter_lints
2026-08-06T19:38:47.563Z  [CACHE]  MISS pub.metrics.flutter_lints
2026-08-06T19:38:47.563Z  [API  ]  GET https://pub.dev/api/packages/flutter_lints/metrics
2026-08-06T19:38:47.568Z  [API  ]  GET https://pub.dev/api/packages/flutter_lints/score
2026-08-06T19:38:47.573Z  [CACHE]  HIT  pub.publisher.flutter_lints
2026-08-06T19:38:47.573Z  [CACHE]  MISS pub.reverseDeps.flutter_lints
2026-08-06T19:38:47.573Z  [API  ]  GET https://pub.dev/packages?q=dependency%3Aflutter_lints
2026-08-06T19:38:48.175Z  [API  ]  200 OK (612ms)
2026-08-06T19:38:48.194Z  [API  ]  200 OK (651ms)
2026-08-06T19:38:48.204Z  [API  ]  200 OK (657ms)
2026-08-06T19:38:48.254Z  [API  ]  200 OK (699ms)
2026-08-06T19:38:48.257Z  [API  ]  200 OK (689ms)
2026-08-06T19:38:48.281Z  [API  ]  200 OK (708ms)
2026-08-06T19:38:48.756Z  [API  ]  200 OK (1197ms)
2026-08-06T19:38:48.757Z  [API  ]  200 OK (1206ms)
2026-08-06T19:38:49.863Z  [CACHE]  MISS gh.flutter.packages
2026-08-06T19:38:49.863Z  [API  ]  GET https://api.github.com/repos/flutter/packages
2026-08-06T19:38:49.863Z  [API  ]  GET https://api.github.com/repos/flutter/packages/issues?state=closed&since=2026-05-08T19:38:49.863Z&per_page=100
2026-08-06T19:38:49.863Z  [API  ]  GET https://api.github.com/repos/flutter/packages/pulls?state=closed&per_page=100
2026-08-06T19:38:49.863Z  [API  ]  GET https://api.github.com/repos/flutter/packages/issues?state=open&sort=comments&direction=desc&per_page=50
2026-08-06T19:38:49.863Z  [API  ]  GET https://api.github.com/repos/flutter/packages/pulls?state=open&per_page=100
2026-08-06T19:38:50.011Z  [CACHE]  MISS gh.flutter.packages
2026-08-06T19:38:50.011Z  [API  ]  GET https://api.github.com/repos/flutter/packages
2026-08-06T19:38:50.011Z  [API  ]  GET https://api.github.com/repos/flutter/packages/issues?state=closed&since=2026-05-08T19:38:50.011Z&per_page=100
2026-08-06T19:38:50.011Z  [API  ]  GET https://api.github.com/repos/flutter/packages/pulls?state=closed&per_page=100
2026-08-06T19:38:50.011Z  [API  ]  GET https://api.github.com/repos/flutter/packages/issues?state=open&sort=comments&direction=desc&per_page=50
2026-08-06T19:38:50.011Z  [API  ]  GET https://api.github.com/repos/flutter/packages/pulls?state=open&per_page=100
2026-08-06T19:38:51.349Z  [API  ]  200 OK (1486ms)
2026-08-06T19:38:51.349Z  [API  ]  200 OK (1486ms)
2026-08-06T19:38:51.349Z  [API  ]  200 OK (1486ms)
2026-08-06T19:38:51.349Z  [API  ]  200 OK (1486ms)
2026-08-06T19:38:51.349Z  [API  ]  200 OK (1486ms)
2026-08-06T19:38:51.351Z  [API  ]  200 OK (1340ms)
2026-08-06T19:38:51.351Z  [API  ]  200 OK (1340ms)
2026-08-06T19:38:51.351Z  [API  ]  200 OK (1340ms)
2026-08-06T19:38:51.351Z  [API  ]  200 OK (1340ms)
2026-08-06T19:38:51.351Z  [API  ]  200 OK (1340ms)
2026-08-06T19:38:51.634Z  [CACHE]  MISS pub.archiveSize.cupertino_icons
2026-08-06T19:38:51.634Z  [API  ]  GET https://pub.dev/api/packages/cupertino_icons
2026-08-06T19:38:51.636Z  [API  ]  GET https://pub.dev/api/packages/cupertino_icons
2026-08-06T19:38:51.642Z  [CACHE]  MISS pub.archiveSize.flutter_lints
2026-08-06T19:38:51.645Z  [API  ]  HEAD https://pub.dev/api/archives/flutter_lints-6.0.0.tar.gz
2026-08-06T19:38:51.647Z  [CACHE]  MISS pub.tarball.z7ll8h
2026-08-06T19:38:51.647Z  [API  ]  GET https://pub.dev/api/archives/flutter_lints-6.0.0.tar.gz
2026-08-06T19:38:51.672Z  [API  ]  200 OK (36ms)
2026-08-06T19:38:51.674Z  [API  ]  200 OK (40ms)
2026-08-06T19:38:51.675Z  [CACHE]  MISS pub.tarball.oijvck
2026-08-06T19:38:51.675Z  [API  ]  GET https://pub.dev/api/archives/cupertino_icons-1.0.9.tar.gz
2026-08-06T19:38:51.679Z  [API  ]  200 OK (32ms)
2026-08-06T19:38:51.680Z  [API  ]  200 OK (35ms)
2026-08-06T19:38:51.683Z  [API  ]  HEAD https://pub.dev/api/archives/cupertino_icons-1.0.9.tar.gz
2026-08-06T19:38:51.714Z  [API  ]  200 OK (39ms)
2026-08-06T19:38:51.717Z  [API  ]  200 OK (34ms)
2026-08-06T19:38:51.987Z  [SCORE]  flutter_lints → 60 (stable) [rv=45 eg=50 pop=100 pt=-5 pq=10]
2026-08-06T19:38:52.222Z  [SCORE]  cupertino_icons → 60 (stable) [rv=45 eg=50 pop=100 pt=-5 pq=10]
2026-08-06T19:38:52.433Z  [ERROR]  Blocker analysis skipped — CLI commands failed — pub outdated: spawn dart ENOENT | pub deps: spawn dart ENOENT
2026-08-06T19:38:52.438Z  [CACHE]  MISS osv.vulns.cupertino_icons.1.0.9
2026-08-06T19:38:52.438Z  [CACHE]  MISS osv.vulns.flutter_lints.6.0.0
2026-08-06T19:38:52.439Z  [API  ]  POST https://api.osv.dev/v1/querybatch
2026-08-06T19:38:52.441Z  [CACHE]  MISS ghsa.vulns.cupertino_icons.1.0.9
2026-08-06T19:38:52.441Z  [CACHE]  MISS ghsa.vulns.flutter_lints.6.0.0
2026-08-06T19:38:52.441Z  [API  ]  GET https://api.github.com/advisories?ecosystem=pub&package=cupertino_icons&affects=1.0.9&per_page=100
2026-08-06T19:38:52.443Z  [API  ]  GET https://api.github.com/advisories?ecosystem=pub&package=flutter_lints&affects=6.0.0&per_page=100
2026-08-06T19:38:52.774Z  [API  ]  200 OK (331ms)
2026-08-06T19:38:52.777Z  [API  ]  200 OK (336ms)
2026-08-06T19:38:52.880Z  [API  ]  200 OK (441ms)
2026-08-06T19:38:52.992Z  [INFO ]  Scan complete — 7918ms — vibrant:0 stable:2 outdated:0 abandoned:0 eol:0
