2026-09-15T01:56:32.690Z  [CACHE]  HIT  flutter.releases
2026-09-15T01:56:32.690Z  [INFO ]  Scan started — 14 packages
2026-09-15T01:56:32.691Z  [INFO ]  [1/14] cupertino_icons
2026-09-15T01:56:32.692Z  [INFO ]  Known issue: active
2026-09-15T01:56:32.692Z  [CACHE]  MISS pub.info.cupertino_icons
2026-09-15T01:56:32.692Z  [API  ]  GET https://pub.dev/api/packages/cupertino_icons
2026-09-15T01:56:32.698Z  [CACHE]  MISS pub.metrics.cupertino_icons
2026-09-15T01:56:32.698Z  [API  ]  GET https://pub.dev/api/packages/cupertino_icons/metrics
2026-09-15T01:56:32.701Z  [API  ]  GET https://pub.dev/api/packages/cupertino_icons/score
2026-09-15T01:56:32.705Z  [CACHE]  HIT  pub.publisher.cupertino_icons
2026-09-15T01:56:32.706Z  [CACHE]  MISS pub.reverseDeps.cupertino_icons
2026-09-15T01:56:32.706Z  [API  ]  GET https://pub.dev/packages?q=dependency%3Acupertino_icons
2026-09-15T01:56:32.710Z  [INFO ]  [2/14] dio
2026-09-15T01:56:32.710Z  [INFO ]  Known issue: active
2026-09-15T01:56:32.710Z  [CACHE]  MISS pub.info.dio
2026-09-15T01:56:32.710Z  [API  ]  GET https://pub.dev/api/packages/dio
2026-09-15T01:56:32.713Z  [CACHE]  MISS pub.metrics.dio
2026-09-15T01:56:32.713Z  [API  ]  GET https://pub.dev/api/packages/dio/metrics
2026-09-15T01:56:32.722Z  [API  ]  GET https://pub.dev/api/packages/dio/score
2026-09-15T01:56:32.730Z  [CACHE]  HIT  pub.publisher.dio
2026-09-15T01:56:32.730Z  [CACHE]  MISS pub.reverseDeps.dio
2026-09-15T01:56:32.730Z  [API  ]  GET https://pub.dev/packages?q=dependency%3Adio
2026-09-15T01:56:32.735Z  [INFO ]  [3/14] dotlottie_flutter
2026-09-15T01:56:32.735Z  [CACHE]  MISS pub.info.dotlottie_flutter
2026-09-15T01:56:32.736Z  [API  ]  GET https://pub.dev/api/packages/dotlottie_flutter
2026-09-15T01:56:32.741Z  [CACHE]  MISS pub.metrics.dotlottie_flutter
2026-09-15T01:56:32.741Z  [API  ]  GET https://pub.dev/api/packages/dotlottie_flutter/metrics
2026-09-15T01:56:32.747Z  [API  ]  GET https://pub.dev/api/packages/dotlottie_flutter/score
2026-09-15T01:56:32.751Z  [CACHE]  HIT  pub.publisher.dotlottie_flutter
2026-09-15T01:56:32.751Z  [CACHE]  MISS pub.reverseDeps.dotlottie_flutter
2026-09-15T01:56:32.751Z  [API  ]  GET https://pub.dev/packages?q=dependency%3Adotlottie_flutter
2026-09-15T01:56:32.759Z  [INFO ]  [4/14] easy_refresh
2026-09-15T01:56:32.759Z  [CACHE]  MISS pub.info.easy_refresh
2026-09-15T01:56:32.759Z  [API  ]  GET https://pub.dev/api/packages/easy_refresh
2026-09-15T01:56:32.763Z  [CACHE]  MISS pub.metrics.easy_refresh
2026-09-15T01:56:32.763Z  [API  ]  GET https://pub.dev/api/packages/easy_refresh/metrics
2026-09-15T01:56:32.768Z  [API  ]  GET https://pub.dev/api/packages/easy_refresh/score
2026-09-15T01:56:32.774Z  [CACHE]  HIT  pub.publisher.easy_refresh
2026-09-15T01:56:32.774Z  [CACHE]  MISS pub.reverseDeps.easy_refresh
2026-09-15T01:56:32.774Z  [API  ]  GET https://pub.dev/packages?q=dependency%3Aeasy_refresh
2026-09-15T01:56:32.779Z  [INFO ]  [5/14] flutter_launcher_icons
2026-09-15T01:56:32.779Z  [INFO ]  Known issue: active
2026-09-15T01:56:32.779Z  [CACHE]  MISS pub.info.flutter_launcher_icons
2026-09-15T01:56:32.779Z  [API  ]  GET https://pub.dev/api/packages/flutter_launcher_icons
2026-09-15T01:56:32.785Z  [CACHE]  MISS pub.metrics.flutter_launcher_icons
2026-09-15T01:56:32.785Z  [API  ]  GET https://pub.dev/api/packages/flutter_launcher_icons/metrics
2026-09-15T01:56:32.796Z  [API  ]  GET https://pub.dev/api/packages/flutter_launcher_icons/score
2026-09-15T01:56:32.799Z  [CACHE]  HIT  pub.publisher.flutter_launcher_icons
2026-09-15T01:56:32.799Z  [CACHE]  MISS pub.reverseDeps.flutter_launcher_icons
2026-09-15T01:56:32.799Z  [API  ]  GET https://pub.dev/packages?q=dependency%3Aflutter_launcher_icons
2026-09-15T01:56:32.803Z  [INFO ]  [6/14] flutter_lints
2026-09-15T01:56:32.803Z  [INFO ]  Known issue: active
2026-09-15T01:56:32.803Z  [CACHE]  MISS pub.info.flutter_lints
2026-09-15T01:56:32.803Z  [API  ]  GET https://pub.dev/api/packages/flutter_lints
2026-09-15T01:56:32.806Z  [CACHE]  MISS pub.metrics.flutter_lints
2026-09-15T01:56:32.806Z  [API  ]  GET https://pub.dev/api/packages/flutter_lints/metrics
2026-09-15T01:56:32.809Z  [API  ]  GET https://pub.dev/api/packages/flutter_lints/score
2026-09-15T01:56:32.813Z  [CACHE]  HIT  pub.publisher.flutter_lints
2026-09-15T01:56:32.813Z  [CACHE]  MISS pub.reverseDeps.flutter_lints
2026-09-15T01:56:32.813Z  [API  ]  GET https://pub.dev/packages?q=dependency%3Aflutter_lints
2026-09-15T01:56:34.000Z  [API  ]  200 OK (1308ms)
2026-09-15T01:56:34.002Z  [API  ]  200 OK (1292ms)
2026-09-15T01:56:34.057Z  [API  ]  200 OK (1310ms)
2026-09-15T01:56:34.077Z  [API  ]  200 OK (1371ms)
2026-09-15T01:56:34.138Z  [API  ]  200 OK (1339ms)
2026-09-15T01:56:34.474Z  [API  ]  200 OK (1738ms)
2026-09-15T01:56:34.720Z  [API  ]  200 OK (2019ms)
2026-09-15T01:56:34.721Z  [API  ]  200 OK (2023ms)
2026-09-15T01:56:34.929Z  [CACHE]  MISS gh.flutter.packages
2026-09-15T01:56:34.929Z  [API  ]  GET https://api.github.com/repos/flutter/packages
2026-09-15T01:56:34.929Z  [API  ]  GET https://api.github.com/repos/flutter/packages/issues?state=closed&since=2026-06-17T01:56:34.929Z&per_page=100
2026-09-15T01:56:34.929Z  [API  ]  GET https://api.github.com/repos/flutter/packages/pulls?state=closed&per_page=100
2026-09-15T01:56:34.929Z  [API  ]  GET https://api.github.com/repos/flutter/packages/issues?state=open&sort=comments&direction=desc&per_page=50
2026-09-15T01:56:34.929Z  [API  ]  GET https://api.github.com/repos/flutter/packages/pulls?state=open&per_page=100
2026-09-15T01:56:35.097Z  [API  ]  200 OK (2294ms)
2026-09-15T01:56:35.115Z  [API  ]  200 OK (2319ms)
2026-09-15T01:56:35.117Z  [API  ]  200 OK (2395ms)
2026-09-15T01:56:35.131Z  [API  ]  200 OK (2346ms)
2026-09-15T01:56:35.165Z  [API  ]  200 OK (2424ms)
2026-09-15T01:56:35.199Z  [API  ]  200 OK (2393ms)
2026-09-15T01:56:35.202Z  [API  ]  200 OK (2439ms)
2026-09-15T01:56:35.248Z  [API  ]  200 OK (2535ms)
2026-09-15T01:56:35.256Z  [API  ]  200 OK (2505ms)
2026-09-15T01:56:35.307Z  [API  ]  200 OK (2533ms)
2026-09-15T01:56:35.309Z  [API  ]  200 OK (2496ms)
2026-09-15T01:56:35.359Z  [CACHE]  MISS gh.lottiefiles.dotlottie-flutter
2026-09-15T01:56:35.359Z  [API  ]  GET https://api.github.com/repos/lottiefiles/dotlottie-flutter
2026-09-15T01:56:35.359Z  [API  ]  GET https://api.github.com/repos/lottiefiles/dotlottie-flutter/issues?state=closed&since=2026-06-17T01:56:35.359Z&per_page=100
2026-09-15T01:56:35.359Z  [API  ]  GET https://api.github.com/repos/lottiefiles/dotlottie-flutter/pulls?state=closed&per_page=100
2026-09-15T01:56:35.359Z  [API  ]  GET https://api.github.com/repos/lottiefiles/dotlottie-flutter/issues?state=open&sort=comments&direction=desc&per_page=50
2026-09-15T01:56:35.359Z  [API  ]  GET https://api.github.com/repos/lottiefiles/dotlottie-flutter/pulls?state=open&per_page=100
2026-09-15T01:56:35.519Z  [API  ]  200 OK (2710ms)
2026-09-15T01:56:35.521Z  [API  ]  200 OK (2742ms)
2026-09-15T01:56:35.637Z  [CACHE]  MISS gh.flutter.packages
2026-09-15T01:56:35.637Z  [API  ]  GET https://api.github.com/repos/flutter/packages
2026-09-15T01:56:35.637Z  [API  ]  GET https://api.github.com/repos/flutter/packages/issues?state=closed&since=2026-06-17T01:56:35.637Z&per_page=100
2026-09-15T01:56:35.637Z  [API  ]  GET https://api.github.com/repos/flutter/packages/pulls?state=closed&per_page=100
2026-09-15T01:56:35.637Z  [API  ]  GET https://api.github.com/repos/flutter/packages/issues?state=open&sort=comments&direction=desc&per_page=50
2026-09-15T01:56:35.637Z  [API  ]  GET https://api.github.com/repos/flutter/packages/pulls?state=open&per_page=100
2026-09-15T01:56:35.740Z  [API  ]  200 OK (2981ms)
2026-09-15T01:56:35.759Z  [API  ]  200 OK (3029ms)
2026-09-15T01:56:35.791Z  [CACHE]  MISS gh.cfug.dio
2026-09-15T01:56:35.791Z  [API  ]  GET https://api.github.com/repos/cfug/dio
2026-09-15T01:56:35.791Z  [API  ]  GET https://api.github.com/repos/cfug/dio/issues?state=closed&since=2026-06-17T01:56:35.791Z&per_page=100
2026-09-15T01:56:35.791Z  [API  ]  GET https://api.github.com/repos/cfug/dio/pulls?state=closed&per_page=100
2026-09-15T01:56:35.791Z  [API  ]  GET https://api.github.com/repos/cfug/dio/issues?state=open&sort=comments&direction=desc&per_page=50
2026-09-15T01:56:35.791Z  [API  ]  GET https://api.github.com/repos/cfug/dio/pulls?state=open&per_page=100
2026-09-15T01:56:35.891Z  [API  ]  200 OK (3123ms)
2026-09-15T01:56:36.073Z  [CACHE]  MISS gh.fluttercommunity.flutter_launcher_icons
2026-09-15T01:56:36.073Z  [API  ]  GET https://api.github.com/repos/fluttercommunity/flutter_launcher_icons
2026-09-15T01:56:36.073Z  [API  ]  GET https://api.github.com/repos/fluttercommunity/flutter_launcher_icons/issues?state=closed&since=2026-06-17T01:56:36.073Z&per_page=100
2026-09-15T01:56:36.073Z  [API  ]  GET https://api.github.com/repos/fluttercommunity/flutter_launcher_icons/pulls?state=closed&per_page=100
2026-09-15T01:56:36.073Z  [API  ]  GET https://api.github.com/repos/fluttercommunity/flutter_launcher_icons/issues?state=open&sort=comments&direction=desc&per_page=50
2026-09-15T01:56:36.073Z  [API  ]  GET https://api.github.com/repos/fluttercommunity/flutter_launcher_icons/pulls?state=open&per_page=100
2026-09-15T01:56:36.238Z  [API  ]  200 OK (1309ms)
2026-09-15T01:56:36.238Z  [API  ]  200 OK (1309ms)
2026-09-15T01:56:36.238Z  [API  ]  200 OK (1309ms)
2026-09-15T01:56:36.238Z  [API  ]  200 OK (1309ms)
2026-09-15T01:56:36.238Z  [API  ]  200 OK (1309ms)
2026-09-15T01:56:36.386Z  [CACHE]  MISS gh.xuelongqy.flutter_easy_refresh
2026-09-15T01:56:36.386Z  [API  ]  GET https://api.github.com/repos/xuelongqy/flutter_easy_refresh
2026-09-15T01:56:36.386Z  [API  ]  GET https://api.github.com/repos/xuelongqy/flutter_easy_refresh/issues?state=closed&since=2026-06-17T01:56:36.386Z&per_page=100
2026-09-15T01:56:36.386Z  [API  ]  GET https://api.github.com/repos/xuelongqy/flutter_easy_refresh/pulls?state=closed&per_page=100
2026-09-15T01:56:36.386Z  [API  ]  GET https://api.github.com/repos/xuelongqy/flutter_easy_refresh/issues?state=open&sort=comments&direction=desc&per_page=50
2026-09-15T01:56:36.386Z  [API  ]  GET https://api.github.com/repos/xuelongqy/flutter_easy_refresh/pulls?state=open&per_page=100
2026-09-15T01:56:36.450Z  [API  ]  200 OK (1091ms)
2026-09-15T01:56:36.450Z  [API  ]  200 OK (1091ms)
2026-09-15T01:56:36.450Z  [API  ]  200 OK (1091ms)
2026-09-15T01:56:36.450Z  [API  ]  200 OK (1091ms)
2026-09-15T01:56:36.450Z  [API  ]  200 OK (1091ms)
2026-09-15T01:56:36.660Z  [CACHE]  MISS pub.archiveSize.dotlottie_flutter
2026-09-15T01:56:36.663Z  [API  ]  HEAD https://pub.dev/api/archives/dotlottie_flutter-0.1.7.tar.gz
2026-09-15T01:56:36.666Z  [CACHE]  MISS pub.tarball.a0rknv
2026-09-15T01:56:36.666Z  [API  ]  GET https://pub.dev/api/archives/dotlottie_flutter-0.1.7.tar.gz
2026-09-15T01:56:37.654Z  [API  ]  200 OK (991ms)
2026-09-15T01:56:37.673Z  [API  ]  200 OK (1882ms)
2026-09-15T01:56:37.673Z  [API  ]  200 OK (1882ms)
2026-09-15T01:56:37.673Z  [API  ]  200 OK (1882ms)
2026-09-15T01:56:37.673Z  [API  ]  200 OK (1882ms)
2026-09-15T01:56:37.673Z  [API  ]  200 OK (1882ms)
2026-09-15T01:56:37.681Z  [API  ]  200 OK (1295ms)
2026-09-15T01:56:37.681Z  [API  ]  200 OK (1295ms)
2026-09-15T01:56:37.681Z  [API  ]  200 OK (1295ms)
2026-09-15T01:56:37.681Z  [API  ]  200 OK (1295ms)
2026-09-15T01:56:37.681Z  [API  ]  200 OK (1295ms)
2026-09-15T01:56:37.833Z  [API  ]  200 OK (1167ms)
2026-09-15T01:56:38.362Z  [API  ]  200 OK (2289ms)
2026-09-15T01:56:38.362Z  [API  ]  200 OK (2289ms)
2026-09-15T01:56:38.362Z  [API  ]  200 OK (2289ms)
2026-09-15T01:56:38.362Z  [API  ]  200 OK (2289ms)
2026-09-15T01:56:38.362Z  [API  ]  200 OK (2289ms)
2026-09-15T01:56:38.418Z  [API  ]  200 OK (2781ms)
2026-09-15T01:56:38.418Z  [API  ]  200 OK (2781ms)
2026-09-15T01:56:38.418Z  [API  ]  200 OK (2781ms)
2026-09-15T01:56:38.418Z  [API  ]  200 OK (2781ms)
2026-09-15T01:56:38.418Z  [API  ]  200 OK (2781ms)
2026-09-15T01:56:39.122Z  [CACHE]  MISS pub.archiveSize.easy_refresh
2026-09-15T01:56:39.128Z  [API  ]  HEAD https://pub.dev/api/archives/easy_refresh-3.5.1.tar.gz
2026-09-15T01:56:39.133Z  [CACHE]  MISS pub.tarball.64u0ab
2026-09-15T01:56:39.133Z  [API  ]  GET https://pub.dev/api/archives/easy_refresh-3.5.1.tar.gz
2026-09-15T01:56:39.496Z  [API  ]  200 OK (368ms)
2026-09-15T01:56:39.509Z  [CACHE]  MISS pub.archiveSize.cupertino_icons
2026-09-15T01:56:39.511Z  [API  ]  HEAD https://pub.dev/api/archives/cupertino_icons-1.0.9.tar.gz
2026-09-15T01:56:39.513Z  [CACHE]  MISS pub.tarball.oijvck
2026-09-15T01:56:39.513Z  [API  ]  GET https://pub.dev/api/archives/cupertino_icons-1.0.9.tar.gz
2026-09-15T01:56:39.557Z  [API  ]  200 OK (424ms)
2026-09-15T01:56:39.593Z  [CACHE]  MISS pub.archiveSize.flutter_launcher_icons
2026-09-15T01:56:39.598Z  [API  ]  HEAD https://pub.dev/api/archives/flutter_launcher_icons-0.14.4.tar.gz
2026-09-15T01:56:39.603Z  [CACHE]  MISS pub.tarball.mbw4oz
2026-09-15T01:56:39.603Z  [API  ]  GET https://pub.dev/api/archives/flutter_launcher_icons-0.14.4.tar.gz
2026-09-15T01:56:39.818Z  [SCORE]  easy_refresh → 35.9 (outdated) [rv=1 eg=49.44444444444444 pop=87.555 pt=-5 pq=9.375]
2026-09-15T01:56:39.819Z  [INFO ]  [7/14] flutter_native_splash
2026-09-15T01:56:39.819Z  [INFO ]  Known issue: active
2026-09-15T01:56:39.819Z  [CACHE]  MISS pub.info.flutter_native_splash
2026-09-15T01:56:39.819Z  [API  ]  GET https://pub.dev/api/packages/flutter_native_splash
2026-09-15T01:56:39.824Z  [CACHE]  MISS pub.metrics.flutter_native_splash
2026-09-15T01:56:39.824Z  [API  ]  GET https://pub.dev/api/packages/flutter_native_splash/metrics
2026-09-15T01:56:39.830Z  [API  ]  GET https://pub.dev/api/packages/flutter_native_splash/score
2026-09-15T01:56:39.834Z  [CACHE]  HIT  pub.publisher.flutter_native_splash
2026-09-15T01:56:39.834Z  [CACHE]  MISS pub.reverseDeps.flutter_native_splash
2026-09-15T01:56:39.834Z  [API  ]  GET https://pub.dev/packages?q=dependency%3Aflutter_native_splash
2026-09-15T01:56:40.021Z  [API  ]  200 OK (423ms)
2026-09-15T01:56:40.022Z  [API  ]  200 OK (419ms)
2026-09-15T01:56:40.024Z  [API  ]  200 OK (511ms)
2026-09-15T01:56:40.027Z  [API  ]  200 OK (516ms)
2026-09-15T01:56:40.304Z  [CACHE]  MISS pub.archiveSize.dio
2026-09-15T01:56:40.304Z  [API  ]  GET https://pub.dev/api/packages/dio
2026-09-15T01:56:40.307Z  [API  ]  GET https://pub.dev/api/packages/dio
2026-09-15T01:56:40.527Z  [CACHE]  MISS pub.archiveSize.flutter_lints
2026-09-15T01:56:40.529Z  [API  ]  HEAD https://pub.dev/api/archives/flutter_lints-6.0.0.tar.gz
2026-09-15T01:56:40.532Z  [CACHE]  MISS pub.tarball.z7ll8h
2026-09-15T01:56:40.532Z  [API  ]  GET https://pub.dev/api/archives/flutter_lints-6.0.0.tar.gz
2026-09-15T01:56:40.983Z  [API  ]  200 OK (1159ms)
2026-09-15T01:56:40.984Z  [API  ]  200 OK (1150ms)
2026-09-15T01:56:41.067Z  [API  ]  200 OK (1237ms)
2026-09-15T01:56:41.069Z  [API  ]  200 OK (1250ms)
2026-09-15T01:56:41.124Z  [API  ]  200 OK (820ms)
2026-09-15T01:56:41.126Z  [SCORE]  dotlottie_flutter → 67.9 (stable) [rv=52.5 eg=71.16438356164383 pop=44.03 pt=-5 pq=8.75]
2026-09-15T01:56:41.126Z  [INFO ]  [8/14] flutter_riverpod
2026-09-15T01:56:41.126Z  [INFO ]  Known issue: active
2026-09-15T01:56:41.126Z  [CACHE]  MISS pub.info.flutter_riverpod
2026-09-15T01:56:41.126Z  [API  ]  GET https://pub.dev/api/packages/flutter_riverpod
2026-09-15T01:56:41.129Z  [CACHE]  MISS pub.metrics.flutter_riverpod
2026-09-15T01:56:41.129Z  [API  ]  GET https://pub.dev/api/packages/flutter_riverpod/metrics
2026-09-15T01:56:41.132Z  [API  ]  GET https://pub.dev/api/packages/flutter_riverpod/score
2026-09-15T01:56:41.138Z  [CACHE]  HIT  pub.publisher.flutter_riverpod
2026-09-15T01:56:41.138Z  [CACHE]  MISS pub.reverseDeps.flutter_riverpod
2026-09-15T01:56:41.138Z  [API  ]  GET https://pub.dev/packages?q=dependency%3Aflutter_riverpod
2026-09-15T01:56:41.154Z  [API  ]  200 OK (847ms)
2026-09-15T01:56:41.167Z  [SCORE]  flutter_launcher_icons → 6.2 (outdated) [rv=0 eg=0 pop=68.065 pt=-5 pq=9.375]
2026-09-15T01:56:41.167Z  [SCORE]  cupertino_icons → 62.5 (stable) [rv=50 eg=50 pop=100 pt=-5 pq=10]
2026-09-15T01:56:41.168Z  [INFO ]  [9/14] go_router
2026-09-15T01:56:41.168Z  [INFO ]  Known issue: active
2026-09-15T01:56:41.168Z  [CACHE]  MISS pub.info.go_router
2026-09-15T01:56:41.168Z  [API  ]  GET https://pub.dev/api/packages/go_router
2026-09-15T01:56:41.171Z  [CACHE]  MISS pub.metrics.go_router
2026-09-15T01:56:41.171Z  [API  ]  GET https://pub.dev/api/packages/go_router/metrics
2026-09-15T01:56:41.175Z  [API  ]  GET https://pub.dev/api/packages/go_router/score
2026-09-15T01:56:41.178Z  [CACHE]  HIT  pub.publisher.go_router
2026-09-15T01:56:41.178Z  [CACHE]  MISS pub.reverseDeps.go_router
2026-09-15T01:56:41.178Z  [API  ]  GET https://pub.dev/packages?q=dependency%3Ago_router
2026-09-15T01:56:41.180Z  [INFO ]  [10/14] lottie
2026-09-15T01:56:41.180Z  [INFO ]  Known issue: active
2026-09-15T01:56:41.180Z  [CACHE]  MISS pub.info.lottie
2026-09-15T01:56:41.180Z  [API  ]  GET https://pub.dev/api/packages/lottie
2026-09-15T01:56:41.183Z  [CACHE]  MISS pub.metrics.lottie
2026-09-15T01:56:41.183Z  [API  ]  GET https://pub.dev/api/packages/lottie/metrics
2026-09-15T01:56:41.185Z  [API  ]  GET https://pub.dev/api/packages/lottie/score
2026-09-15T01:56:41.190Z  [CACHE]  HIT  pub.publisher.lottie
2026-09-15T01:56:41.190Z  [CACHE]  MISS pub.reverseDeps.lottie
2026-09-15T01:56:41.190Z  [API  ]  GET https://pub.dev/packages?q=dependency%3Alottie
2026-09-15T01:56:41.348Z  [API  ]  200 OK (819ms)
2026-09-15T01:56:41.348Z  [API  ]  200 OK (816ms)
2026-09-15T01:56:41.375Z  [API  ]  HEAD https://pub.dev/api/archives/dio-5.11.1.tar.gz
2026-09-15T01:56:41.381Z  [CACHE]  MISS pub.tarball.2bd9gk
2026-09-15T01:56:41.381Z  [API  ]  GET https://pub.dev/api/archives/dio-5.11.1.tar.gz
2026-09-15T01:56:41.431Z  [API  ]  200 OK (50ms)
2026-09-15T01:56:41.433Z  [SCORE]  flutter_lints → 62.5 (stable) [rv=50 eg=50 pop=100 pt=-5 pq=10]
2026-09-15T01:56:41.433Z  [INFO ]  [11/14] riverpod
2026-09-15T01:56:41.433Z  [CACHE]  MISS pub.info.riverpod
2026-09-15T01:56:41.433Z  [API  ]  GET https://pub.dev/api/packages/riverpod
2026-09-15T01:56:41.436Z  [CACHE]  MISS pub.metrics.riverpod
2026-09-15T01:56:41.436Z  [API  ]  GET https://pub.dev/api/packages/riverpod/metrics
2026-09-15T01:56:41.439Z  [API  ]  GET https://pub.dev/api/packages/riverpod/score
2026-09-15T01:56:41.443Z  [CACHE]  HIT  pub.publisher.riverpod
2026-09-15T01:56:41.443Z  [CACHE]  MISS pub.reverseDeps.riverpod
2026-09-15T01:56:41.443Z  [API  ]  GET https://pub.dev/packages?q=dependency%3Ariverpod
2026-09-15T01:56:41.497Z  [API  ]  200 OK (368ms)
2026-09-15T01:56:41.498Z  [API  ]  200 OK (123ms)
2026-09-15T01:56:41.500Z  [API  ]  200 OK (329ms)
2026-09-15T01:56:41.501Z  [API  ]  200 OK (369ms)
2026-09-15T01:56:41.503Z  [API  ]  200 OK (335ms)
2026-09-15T01:56:41.504Z  [API  ]  200 OK (329ms)
2026-09-15T01:56:41.607Z  [API  ]  200 OK (469ms)
2026-09-15T01:56:41.689Z  [CACHE]  MISS gh.jonbhanson.flutter_native_splash
2026-09-15T01:56:41.689Z  [API  ]  GET https://api.github.com/repos/jonbhanson/flutter_native_splash
2026-09-15T01:56:41.689Z  [API  ]  GET https://api.github.com/repos/jonbhanson/flutter_native_splash/issues?state=closed&since=2026-06-17T01:56:41.689Z&per_page=100
2026-09-15T01:56:41.689Z  [API  ]  GET https://api.github.com/repos/jonbhanson/flutter_native_splash/pulls?state=closed&per_page=100
2026-09-15T01:56:41.689Z  [API  ]  GET https://api.github.com/repos/jonbhanson/flutter_native_splash/issues?state=open&sort=comments&direction=desc&per_page=50
2026-09-15T01:56:41.689Z  [API  ]  GET https://api.github.com/repos/jonbhanson/flutter_native_splash/pulls?state=open&per_page=100
2026-09-15T01:56:41.756Z  [API  ]  200 OK (320ms)
2026-09-15T01:56:41.758Z  [API  ]  200 OK (575ms)
2026-09-15T01:56:41.790Z  [API  ]  200 OK (605ms)
2026-09-15T01:56:41.811Z  [SCORE]  dio → 85.1 (vibrant) [rv=87.5 eg=59.63013698630137 pop=100 pt=-5 pq=10]
2026-09-15T01:56:41.812Z  [INFO ]  [12/14] saropa_lints
2026-09-15T01:56:41.812Z  [CACHE]  MISS pub.info.saropa_lints
2026-09-15T01:56:41.812Z  [API  ]  GET https://pub.dev/api/packages/saropa_lints
2026-09-15T01:56:41.815Z  [CACHE]  MISS pub.metrics.saropa_lints
2026-09-15T01:56:41.815Z  [API  ]  GET https://pub.dev/api/packages/saropa_lints/metrics
2026-09-15T01:56:41.818Z  [API  ]  GET https://pub.dev/api/packages/saropa_lints/score
2026-09-15T01:56:41.821Z  [CACHE]  HIT  pub.publisher.saropa_lints
2026-09-15T01:56:41.821Z  [CACHE]  MISS pub.reverseDeps.saropa_lints
2026-09-15T01:56:41.821Z  [API  ]  GET https://pub.dev/packages?q=dependency%3Asaropa_lints
2026-09-15T01:56:41.879Z  [API  ]  200 OK (67ms)
2026-09-15T01:56:41.961Z  [API  ]  200 OK (771ms)
2026-09-15T01:56:41.962Z  [API  ]  200 OK (784ms)
2026-09-15T01:56:41.963Z  [API  ]  200 OK (837ms)
2026-09-15T01:56:42.018Z  [API  ]  200 OK (579ms)
2026-09-15T01:56:42.046Z  [API  ]  200 OK (603ms)
2026-09-15T01:56:42.089Z  [API  ]  200 OK (271ms)
2026-09-15T01:56:42.119Z  [API  ]  200 OK (304ms)
2026-09-15T01:56:42.275Z  [API  ]  200 OK (1095ms)
2026-09-15T01:56:42.367Z  [CACHE]  HIT  gh.flutter.packages
2026-09-15T01:56:42.367Z  [CACHE]  MISS pub.archiveSize.go_router
2026-09-15T01:56:42.371Z  [API  ]  HEAD https://pub.dev/api/archives/go_router-18.0.1.tar.gz
2026-09-15T01:56:42.376Z  [CACHE]  MISS pub.tarball.hidihu
2026-09-15T01:56:42.376Z  [API  ]  GET https://pub.dev/api/archives/go_router-18.0.1.tar.gz
2026-09-15T01:56:42.469Z  [API  ]  200 OK (97ms)
2026-09-15T01:56:42.470Z  [API  ]  200 OK (94ms)
2026-09-15T01:56:42.494Z  [API  ]  200 OK (673ms)
2026-09-15T01:56:42.604Z  [CACHE]  MISS gh.rrousselGit.riverpod
2026-09-15T01:56:42.604Z  [API  ]  GET https://api.github.com/repos/rrousselGit/riverpod
2026-09-15T01:56:42.604Z  [API  ]  GET https://api.github.com/repos/rrousselGit/riverpod/issues?state=closed&since=2026-06-17T01:56:42.604Z&per_page=100
2026-09-15T01:56:42.604Z  [API  ]  GET https://api.github.com/repos/rrousselGit/riverpod/pulls?state=closed&per_page=100
2026-09-15T01:56:42.604Z  [API  ]  GET https://api.github.com/repos/rrousselGit/riverpod/issues?state=open&sort=comments&direction=desc&per_page=50
2026-09-15T01:56:42.604Z  [API  ]  GET https://api.github.com/repos/rrousselGit/riverpod/pulls?state=open&per_page=100
2026-09-15T01:56:42.718Z  [CACHE]  MISS gh.saropa.saropa_lints
2026-09-15T01:56:42.718Z  [API  ]  GET https://api.github.com/repos/saropa/saropa_lints
2026-09-15T01:56:42.718Z  [API  ]  GET https://api.github.com/repos/saropa/saropa_lints/issues?state=closed&since=2026-06-17T01:56:42.718Z&per_page=100
2026-09-15T01:56:42.718Z  [API  ]  GET https://api.github.com/repos/saropa/saropa_lints/pulls?state=closed&per_page=100
2026-09-15T01:56:42.718Z  [API  ]  GET https://api.github.com/repos/saropa/saropa_lints/issues?state=open&sort=comments&direction=desc&per_page=50
2026-09-15T01:56:42.718Z  [API  ]  GET https://api.github.com/repos/saropa/saropa_lints/pulls?state=open&per_page=100
2026-09-15T01:56:42.812Z  [API  ]  200 OK (1379ms)
2026-09-15T01:56:43.005Z  [SCORE]  go_router → 69.1 (stable) [rv=50 eg=50 pop=96.875 pt=-5 pq=9.375]
2026-09-15T01:56:43.005Z  [INFO ]  [13/14] vector_graphics
2026-09-15T01:56:43.005Z  [CACHE]  MISS pub.info.vector_graphics
2026-09-15T01:56:43.005Z  [API  ]  GET https://pub.dev/api/packages/vector_graphics
2026-09-15T01:56:43.008Z  [CACHE]  MISS pub.metrics.vector_graphics
2026-09-15T01:56:43.008Z  [API  ]  GET https://pub.dev/api/packages/vector_graphics/metrics
2026-09-15T01:56:43.011Z  [API  ]  GET https://pub.dev/api/packages/vector_graphics/score
2026-09-15T01:56:43.013Z  [CACHE]  HIT  pub.publisher.vector_graphics
2026-09-15T01:56:43.013Z  [CACHE]  MISS pub.reverseDeps.vector_graphics
2026-09-15T01:56:43.013Z  [API  ]  GET https://pub.dev/packages?q=dependency%3Avector_graphics
2026-09-15T01:56:43.087Z  [CACHE]  MISS gh.xvrh.lottie-flutter
2026-09-15T01:56:43.087Z  [API  ]  GET https://api.github.com/repos/xvrh/lottie-flutter
2026-09-15T01:56:43.087Z  [API  ]  GET https://api.github.com/repos/xvrh/lottie-flutter/issues?state=closed&since=2026-06-17T01:56:43.087Z&per_page=100
2026-09-15T01:56:43.087Z  [API  ]  GET https://api.github.com/repos/xvrh/lottie-flutter/pulls?state=closed&per_page=100
2026-09-15T01:56:43.087Z  [API  ]  GET https://api.github.com/repos/xvrh/lottie-flutter/issues?state=open&sort=comments&direction=desc&per_page=50
2026-09-15T01:56:43.087Z  [API  ]  GET https://api.github.com/repos/xvrh/lottie-flutter/pulls?state=open&per_page=100
2026-09-15T01:56:43.259Z  [CACHE]  MISS gh.rrousselGit.riverpod
2026-09-15T01:56:43.259Z  [API  ]  GET https://api.github.com/repos/rrousselGit/riverpod
2026-09-15T01:56:43.259Z  [API  ]  GET https://api.github.com/repos/rrousselGit/riverpod/issues?state=closed&since=2026-06-17T01:56:43.259Z&per_page=100
2026-09-15T01:56:43.259Z  [API  ]  GET https://api.github.com/repos/rrousselGit/riverpod/pulls?state=closed&per_page=100
2026-09-15T01:56:43.259Z  [API  ]  GET https://api.github.com/repos/rrousselGit/riverpod/issues?state=open&sort=comments&direction=desc&per_page=50
2026-09-15T01:56:43.259Z  [API  ]  GET https://api.github.com/repos/rrousselGit/riverpod/pulls?state=open&per_page=100
2026-09-15T01:56:43.305Z  [API  ]  200 OK (294ms)
2026-09-15T01:56:43.310Z  [API  ]  200 OK (302ms)
2026-09-15T01:56:43.446Z  [API  ]  200 OK (433ms)
2026-09-15T01:56:43.482Z  [API  ]  200 OK (477ms)
2026-09-15T01:56:43.618Z  [API  ]  200 OK (1929ms)
2026-09-15T01:56:43.618Z  [API  ]  200 OK (1929ms)
2026-09-15T01:56:43.618Z  [API  ]  200 OK (1929ms)
2026-09-15T01:56:43.618Z  [API  ]  200 OK (1929ms)
2026-09-15T01:56:43.618Z  [API  ]  200 OK (1929ms)
2026-09-15T01:56:43.634Z  [API  ]  200 OK (916ms)
2026-09-15T01:56:43.634Z  [API  ]  200 OK (916ms)
2026-09-15T01:56:43.634Z  [API  ]  200 OK (916ms)
2026-09-15T01:56:43.634Z  [API  ]  200 OK (916ms)
2026-09-15T01:56:43.634Z  [API  ]  200 OK (916ms)
2026-09-15T01:56:43.714Z  [CACHE]  HIT  gh.flutter.packages
2026-09-15T01:56:43.714Z  [CACHE]  MISS pub.archiveSize.vector_graphics
2026-09-15T01:56:43.717Z  [API  ]  HEAD https://pub.dev/api/archives/vector_graphics-1.2.3.tar.gz
2026-09-15T01:56:43.719Z  [CACHE]  MISS pub.tarball.4gehet
2026-09-15T01:56:43.719Z  [API  ]  GET https://pub.dev/api/archives/vector_graphics-1.2.3.tar.gz
2026-09-15T01:56:43.786Z  [API  ]  200 OK (69ms)
2026-09-15T01:56:43.787Z  [API  ]  200 OK (68ms)
2026-09-15T01:56:43.803Z  [CACHE]  MISS pub.archiveSize.flutter_native_splash
2026-09-15T01:56:43.805Z  [API  ]  HEAD https://pub.dev/api/archives/flutter_native_splash-2.4.8.tar.gz
2026-09-15T01:56:43.807Z  [CACHE]  MISS pub.tarball.rd9yvs
2026-09-15T01:56:43.807Z  [API  ]  GET https://pub.dev/api/archives/flutter_native_splash-2.4.8.tar.gz
2026-09-15T01:56:43.941Z  [API  ]  200 OK (134ms)
2026-09-15T01:56:44.117Z  [API  ]  200 OK (1513ms)
2026-09-15T01:56:44.117Z  [API  ]  200 OK (1513ms)
2026-09-15T01:56:44.117Z  [API  ]  200 OK (1513ms)
2026-09-15T01:56:44.117Z  [API  ]  200 OK (1513ms)
2026-09-15T01:56:44.117Z  [API  ]  200 OK (1513ms)
2026-09-15T01:56:44.146Z  [API  ]  200 OK (887ms)
2026-09-15T01:56:44.146Z  [API  ]  200 OK (887ms)
2026-09-15T01:56:44.146Z  [API  ]  200 OK (887ms)
2026-09-15T01:56:44.146Z  [API  ]  403 rate limit exceeded (887ms)
2026-09-15T01:56:44.146Z  [API  ]  403 rate limit exceeded (887ms)
2026-09-15T01:56:44.171Z  [CACHE]  MISS pub.archiveSize.saropa_lints
2026-09-15T01:56:44.171Z  [API  ]  GET https://pub.dev/api/packages/saropa_lints
2026-09-15T01:56:44.175Z  [API  ]  GET https://pub.dev/api/packages/saropa_lints
2026-09-15T01:56:44.192Z  [API  ]  200 OK (387ms)
2026-09-15T01:56:44.262Z  [API  ]  200 OK (87ms)
2026-09-15T01:56:44.266Z  [API  ]  200 OK (95ms)
2026-09-15T01:56:44.287Z  [CACHE]  MISS pub.tarball.2zb15f
2026-09-15T01:56:44.288Z  [API  ]  GET https://pub.dev/api/archives/saropa_lints-16.2.1.tar.gz
2026-09-15T01:56:44.372Z  [API  ]  HEAD https://pub.dev/api/archives/saropa_lints-16.2.1.tar.gz
2026-09-15T01:56:44.414Z  [SCORE]  vector_graphics → 64.1 (stable) [rv=50 eg=50 pop=96.875 pt=-5 pq=9.375]
2026-09-15T01:56:44.415Z  [INFO ]  [14/14] vector_graphics_compiler
2026-09-15T01:56:44.415Z  [CACHE]  MISS pub.info.vector_graphics_compiler
2026-09-15T01:56:44.415Z  [API  ]  GET https://pub.dev/api/packages/vector_graphics_compiler
2026-09-15T01:56:44.417Z  [CACHE]  MISS pub.metrics.vector_graphics_compiler
2026-09-15T01:56:44.417Z  [API  ]  GET https://pub.dev/api/packages/vector_graphics_compiler/metrics
2026-09-15T01:56:44.419Z  [API  ]  GET https://pub.dev/api/packages/vector_graphics_compiler/score
2026-09-15T01:56:44.423Z  [CACHE]  HIT  pub.publisher.vector_graphics_compiler
2026-09-15T01:56:44.423Z  [CACHE]  MISS pub.reverseDeps.vector_graphics_compiler
2026-09-15T01:56:44.423Z  [API  ]  GET https://pub.dev/packages?q=dependency%3Avector_graphics_compiler
2026-09-15T01:56:44.484Z  [API  ]  200 OK (1397ms)
2026-09-15T01:56:44.484Z  [API  ]  200 OK (1397ms)
2026-09-15T01:56:44.484Z  [API  ]  200 OK (1397ms)
2026-09-15T01:56:44.484Z  [API  ]  200 OK (1397ms)
2026-09-15T01:56:44.484Z  [API  ]  200 OK (1397ms)
2026-09-15T01:56:44.583Z  [SCORE]  flutter_native_splash → 64.8 (stable) [rv=70.41095890410959 eg=35.205479452054796 pop=61.595 pt=-5 pq=9.375]
2026-09-15T01:56:44.638Z  [API  ]  200 OK (223ms)
2026-09-15T01:56:44.719Z  [API  ]  200 OK (302ms)
2026-09-15T01:56:44.758Z  [CACHE]  MISS pub.archiveSize.riverpod
2026-09-15T01:56:44.761Z  [API  ]  HEAD https://pub.dev/api/archives/riverpod-3.4.3.tar.gz
2026-09-15T01:56:44.763Z  [CACHE]  MISS pub.tarball.nzfdv5
2026-09-15T01:56:44.763Z  [API  ]  GET https://pub.dev/api/archives/riverpod-3.4.3.tar.gz
2026-09-15T01:56:44.816Z  [API  ]  200 OK (55ms)
2026-09-15T01:56:44.817Z  [API  ]  200 OK (54ms)
2026-09-15T01:56:44.968Z  [CACHE]  MISS pub.archiveSize.flutter_riverpod
2026-09-15T01:56:44.968Z  [API  ]  GET https://pub.dev/api/packages/flutter_riverpod
2026-09-15T01:56:44.970Z  [API  ]  GET https://pub.dev/api/packages/flutter_riverpod
2026-09-15T01:56:45.014Z  [API  ]  200 OK (595ms)
2026-09-15T01:56:45.019Z  [API  ]  200 OK (596ms)
2026-09-15T01:56:45.055Z  [API  ]  200 OK (683ms)
2026-09-15T01:56:45.118Z  [CACHE]  HIT  gh.flutter.packages
2026-09-15T01:56:45.118Z  [CACHE]  MISS pub.archiveSize.vector_graphics_compiler
2026-09-15T01:56:45.120Z  [API  ]  HEAD https://pub.dev/api/archives/vector_graphics_compiler-1.3.0.tar.gz
2026-09-15T01:56:45.122Z  [CACHE]  MISS pub.tarball.wvjh21
2026-09-15T01:56:45.122Z  [API  ]  GET https://pub.dev/api/archives/vector_graphics_compiler-1.3.0.tar.gz
2026-09-15T01:56:45.166Z  [API  ]  200 OK (196ms)
2026-09-15T01:56:45.169Z  [API  ]  200 OK (881ms)
2026-09-15T01:56:45.198Z  [CACHE]  MISS pub.tarball.avcp9u
2026-09-15T01:56:45.198Z  [API  ]  GET https://pub.dev/api/archives/flutter_riverpod-3.4.3.tar.gz
2026-09-15T01:56:45.308Z  [CACHE]  MISS pub.archiveSize.lottie
2026-09-15T01:56:45.311Z  [API  ]  HEAD https://pub.dev/api/archives/lottie-3.5.1.tar.gz
2026-09-15T01:56:45.312Z  [CACHE]  MISS pub.tarball.4owc4s
2026-09-15T01:56:45.312Z  [API  ]  GET https://pub.dev/api/archives/lottie-3.5.1.tar.gz
2026-09-15T01:56:45.365Z  [API  ]  200 OK (243ms)
2026-09-15T01:56:45.382Z  [API  ]  200 OK (71ms)
2026-09-15T01:56:45.409Z  [API  ]  200 OK (97ms)
2026-09-15T01:56:45.436Z  [API  ]  200 OK (238ms)
2026-09-15T01:56:45.481Z  [API  ]  200 OK (513ms)
2026-09-15T01:56:45.509Z  [API  ]  HEAD https://pub.dev/api/archives/flutter_riverpod-3.4.3.tar.gz
2026-09-15T01:56:45.554Z  [API  ]  200 OK (434ms)
2026-09-15T01:56:45.580Z  [API  ]  200 OK (71ms)
2026-09-15T01:56:45.863Z  [SCORE]  lottie → 61.7 (stable) [rv=47 eg=61.111111111111114 pop=62.95 pt=-5 pq=10]
2026-09-15T01:56:46.299Z  [SCORE]  vector_graphics_compiler → 61.6 (stable) [rv=50 eg=50 pop=96.875 pt=-5 pq=9.375]
2026-09-15T01:56:46.354Z  [SCORE]  flutter_riverpod → 85.5 (vibrant) [rv=99.5 eg=66.44444444444444 pop=93.75 pt=-5 pq=8.75]
2026-09-15T01:56:47.488Z  [SCORE]  riverpod → 96.3 (vibrant) [rv=99.5 eg=66.44444444444444 pop=100 pt=-5 pq=10]
2026-09-15T01:56:52.554Z  [SCORE]  saropa_lints → 71 (vibrant) [rv=65.5 eg=60.5 pop=46.955 pt=-5 pq=9.375]
2026-09-15T01:56:54.811Z  [ERROR]  Blocker analysis skipped — CLI commands failed — pub outdated: Command failed: dart pub outdated --json --transitive
Cannot specify both `--json` and `--transitive`
The json report always includes transitive dependencies.

Usage: dart pub outdated [options]
-h, --help                         Print this usage information.
    --[no-]dependency-overrides    Show resolutions with `dependency_overrides`.
                                   (defaults to on)
    --[no-]dev-dependencies        Take dev dependencies into account.
                                   (defaults to on)
    --json                         Output the results using a json format.
    --[no-]prereleases             Include prereleases in latest version.
    --[no-]show-all                Include dependencies that are already
                                   fulfilling --mode.
    --[no-]transitive              Show transitive dependencies.
                                   (defaults to on)
-C, --directory=<dir>              Run this in the directory <dir>.

Run "dart help" to see global options.
See https://dart.dev/tools/pub/cmd/pub-outdated for detailed documentation.

2026-09-15T01:56:55.577Z  [CACHE]  MISS pub.archiveSize.async
2026-09-15T01:56:55.577Z  [API  ]  GET https://pub.dev/api/packages/async
2026-09-15T01:56:55.579Z  [CACHE]  MISS pub.archiveSize.collection
2026-09-15T01:56:55.579Z  [API  ]  GET https://pub.dev/api/packages/collection
2026-09-15T01:56:55.582Z  [CACHE]  MISS pub.archiveSize.meta
2026-09-15T01:56:55.582Z  [API  ]  GET https://pub.dev/api/packages/meta
2026-09-15T01:56:55.585Z  [CACHE]  MISS pub.archiveSize.http_parser
2026-09-15T01:56:55.585Z  [API  ]  GET https://pub.dev/api/packages/http_parser
2026-09-15T01:56:55.589Z  [CACHE]  MISS pub.archiveSize.source_span
2026-09-15T01:56:55.590Z  [API  ]  GET https://pub.dev/api/packages/source_span
2026-09-15T01:56:55.593Z  [CACHE]  MISS pub.archiveSize.path
2026-09-15T01:56:55.593Z  [API  ]  GET https://pub.dev/api/packages/path
2026-09-15T01:56:55.596Z  [CACHE]  MISS pub.archiveSize.term_glyph
2026-09-15T01:56:55.596Z  [API  ]  GET https://pub.dev/api/packages/term_glyph
2026-09-15T01:56:55.598Z  [CACHE]  MISS pub.archiveSize.string_scanner
2026-09-15T01:56:55.598Z  [API  ]  GET https://pub.dev/api/packages/string_scanner
2026-09-15T01:56:55.600Z  [CACHE]  MISS pub.archiveSize.typed_data
2026-09-15T01:56:55.600Z  [API  ]  GET https://pub.dev/api/packages/typed_data
2026-09-15T01:56:55.603Z  [CACHE]  MISS pub.archiveSize.mime
2026-09-15T01:56:55.603Z  [API  ]  GET https://pub.dev/api/packages/mime
2026-09-15T01:56:55.606Z  [CACHE]  MISS pub.archiveSize.dio_web_adapter
2026-09-15T01:56:55.606Z  [API  ]  GET https://pub.dev/api/packages/dio_web_adapter
2026-09-15T01:56:55.609Z  [CACHE]  MISS pub.archiveSize.web
2026-09-15T01:56:55.609Z  [API  ]  GET https://pub.dev/api/packages/web
2026-09-15T01:56:55.611Z  [CACHE]  MISS pub.archiveSize.flutter
2026-09-15T01:56:55.611Z  [API  ]  GET https://pub.dev/api/packages/flutter
2026-09-15T01:56:55.612Z  [CACHE]  MISS pub.archiveSize.characters
2026-09-15T01:56:55.612Z  [API  ]  GET https://pub.dev/api/packages/characters
2026-09-15T01:56:55.614Z  [CACHE]  MISS pub.archiveSize.material_color_utilities
2026-09-15T01:56:55.614Z  [API  ]  GET https://pub.dev/api/packages/material_color_utilities
2026-09-15T01:56:55.616Z  [CACHE]  MISS pub.archiveSize.vector_math
2026-09-15T01:56:55.616Z  [API  ]  GET https://pub.dev/api/packages/vector_math
2026-09-15T01:56:55.617Z  [CACHE]  MISS pub.archiveSize.sky_engine
2026-09-15T01:56:55.617Z  [API  ]  GET https://pub.dev/api/packages/sky_engine
2026-09-15T01:56:55.623Z  [CACHE]  MISS pub.archiveSize.flutter_web_plugins
2026-09-15T01:56:55.623Z  [API  ]  GET https://pub.dev/api/packages/flutter_web_plugins
2026-09-15T01:56:55.626Z  [CACHE]  MISS pub.archiveSize.plugin_platform_interface
2026-09-15T01:56:55.626Z  [API  ]  GET https://pub.dev/api/packages/plugin_platform_interface
2026-09-15T01:56:55.628Z  [CACHE]  MISS pub.archiveSize.ffi
2026-09-15T01:56:55.628Z  [API  ]  GET https://pub.dev/api/packages/ffi
2026-09-15T01:56:55.631Z  [CACHE]  MISS pub.archiveSize.path_drawing
2026-09-15T01:56:55.631Z  [API  ]  GET https://pub.dev/api/packages/path_drawing
2026-09-15T01:56:55.634Z  [CACHE]  MISS pub.archiveSize.path_parsing
2026-09-15T01:56:55.634Z  [API  ]  GET https://pub.dev/api/packages/path_parsing
2026-09-15T01:56:55.640Z  [CACHE]  MISS pub.archiveSize.args
2026-09-15T01:56:55.640Z  [API  ]  GET https://pub.dev/api/packages/args
2026-09-15T01:56:55.645Z  [CACHE]  MISS pub.archiveSize.checked_yaml
2026-09-15T01:56:55.645Z  [API  ]  GET https://pub.dev/api/packages/checked_yaml
2026-09-15T01:56:55.647Z  [CACHE]  MISS pub.archiveSize.json_annotation
2026-09-15T01:56:55.647Z  [API  ]  GET https://pub.dev/api/packages/json_annotation
2026-09-15T01:56:55.648Z  [CACHE]  MISS pub.archiveSize.yaml
2026-09-15T01:56:55.648Z  [API  ]  GET https://pub.dev/api/packages/yaml
2026-09-15T01:56:55.650Z  [CACHE]  MISS pub.archiveSize.cli_util
2026-09-15T01:56:55.650Z  [API  ]  GET https://pub.dev/api/packages/cli_util
2026-09-15T01:56:55.652Z  [CACHE]  MISS pub.archiveSize.image
2026-09-15T01:56:55.652Z  [API  ]  GET https://pub.dev/api/packages/image
2026-09-15T01:56:55.654Z  [CACHE]  MISS pub.archiveSize.archive
2026-09-15T01:56:55.654Z  [API  ]  GET https://pub.dev/api/packages/archive
2026-09-15T01:56:55.655Z  [CACHE]  MISS pub.archiveSize.posix
2026-09-15T01:56:55.655Z  [API  ]  GET https://pub.dev/api/packages/posix
2026-09-15T01:56:55.657Z  [CACHE]  MISS pub.archiveSize.lints
2026-09-15T01:56:55.657Z  [API  ]  GET https://pub.dev/api/packages/lints
2026-09-15T01:56:55.660Z  [CACHE]  MISS pub.archiveSize.html
2026-09-15T01:56:55.660Z  [API  ]  GET https://pub.dev/api/packages/html
2026-09-15T01:56:55.663Z  [CACHE]  MISS pub.archiveSize.csslib
2026-09-15T01:56:55.663Z  [API  ]  GET https://pub.dev/api/packages/csslib
2026-09-15T01:56:55.665Z  [CACHE]  MISS pub.archiveSize.universal_io
2026-09-15T01:56:55.665Z  [API  ]  GET https://pub.dev/api/packages/universal_io
2026-09-15T01:56:55.667Z  [CACHE]  MISS pub.archiveSize.xml
2026-09-15T01:56:55.667Z  [API  ]  GET https://pub.dev/api/packages/xml
2026-09-15T01:56:55.669Z  [CACHE]  MISS pub.archiveSize.petitparser
2026-09-15T01:56:55.669Z  [API  ]  GET https://pub.dev/api/packages/petitparser
2026-09-15T01:56:55.671Z  [CACHE]  MISS pub.archiveSize.ansicolor
2026-09-15T01:56:55.671Z  [API  ]  GET https://pub.dev/api/packages/ansicolor
2026-09-15T01:56:55.674Z  [CACHE]  MISS pub.archiveSize.flutter_test
2026-09-15T01:56:55.674Z  [API  ]  GET https://pub.dev/api/packages/flutter_test
2026-09-15T01:56:55.677Z  [CACHE]  MISS pub.archiveSize.test_api
2026-09-15T01:56:55.678Z  [API  ]  GET https://pub.dev/api/packages/test_api
2026-09-15T01:56:55.681Z  [CACHE]  MISS pub.archiveSize.boolean_selector
2026-09-15T01:56:55.681Z  [API  ]  GET https://pub.dev/api/packages/boolean_selector
2026-09-15T01:56:55.684Z  [CACHE]  MISS pub.archiveSize.stack_trace
2026-09-15T01:56:55.684Z  [API  ]  GET https://pub.dev/api/packages/stack_trace
2026-09-15T01:56:55.688Z  [CACHE]  MISS pub.archiveSize.stream_channel
2026-09-15T01:56:55.688Z  [API  ]  GET https://pub.dev/api/packages/stream_channel
2026-09-15T01:56:55.691Z  [CACHE]  MISS pub.archiveSize.matcher
2026-09-15T01:56:55.691Z  [API  ]  GET https://pub.dev/api/packages/matcher
2026-09-15T01:56:55.696Z  [CACHE]  MISS pub.archiveSize.fake_async
2026-09-15T01:56:55.696Z  [API  ]  GET https://pub.dev/api/packages/fake_async
2026-09-15T01:56:55.698Z  [CACHE]  MISS pub.archiveSize.clock
2026-09-15T01:56:55.698Z  [API  ]  GET https://pub.dev/api/packages/clock
2026-09-15T01:56:55.700Z  [CACHE]  MISS pub.archiveSize.leak_tracker_flutter_testing
2026-09-15T01:56:55.700Z  [API  ]  GET https://pub.dev/api/packages/leak_tracker_flutter_testing
2026-09-15T01:56:55.702Z  [CACHE]  MISS pub.archiveSize.leak_tracker
2026-09-15T01:56:55.702Z  [API  ]  GET https://pub.dev/api/packages/leak_tracker
2026-09-15T01:56:55.704Z  [CACHE]  MISS pub.archiveSize.vm_service
2026-09-15T01:56:55.704Z  [API  ]  GET https://pub.dev/api/packages/vm_service
2026-09-15T01:56:55.705Z  [CACHE]  MISS pub.archiveSize.leak_tracker_testing
2026-09-15T01:56:55.705Z  [API  ]  GET https://pub.dev/api/packages/leak_tracker_testing
2026-09-15T01:56:55.707Z  [CACHE]  MISS pub.archiveSize.listen
2026-09-15T01:56:55.707Z  [API  ]  GET https://pub.dev/api/packages/listen
2026-09-15T01:56:55.709Z  [CACHE]  MISS pub.archiveSize.state_notifier
2026-09-15T01:56:55.709Z  [API  ]  GET https://pub.dev/api/packages/state_notifier
2026-09-15T01:56:55.711Z  [CACHE]  MISS pub.archiveSize.test
2026-09-15T01:56:55.711Z  [API  ]  GET https://pub.dev/api/packages/test
2026-09-15T01:56:55.714Z  [CACHE]  MISS pub.archiveSize.analyzer
2026-09-15T01:56:55.714Z  [API  ]  GET https://pub.dev/api/packages/analyzer
2026-09-15T01:56:55.716Z  [CACHE]  MISS pub.archiveSize._fe_analyzer_shared
2026-09-15T01:56:55.716Z  [API  ]  GET https://pub.dev/api/packages/_fe_analyzer_shared
2026-09-15T01:56:55.718Z  [CACHE]  MISS pub.archiveSize.convert
2026-09-15T01:56:55.718Z  [API  ]  GET https://pub.dev/api/packages/convert
2026-09-15T01:56:55.720Z  [CACHE]  MISS pub.archiveSize.crypto
2026-09-15T01:56:55.720Z  [API  ]  GET https://pub.dev/api/packages/crypto
2026-09-15T01:56:55.722Z  [CACHE]  MISS pub.archiveSize.glob
2026-09-15T01:56:55.722Z  [API  ]  GET https://pub.dev/api/packages/glob
2026-09-15T01:56:55.724Z  [CACHE]  MISS pub.archiveSize.file
2026-09-15T01:56:55.724Z  [API  ]  GET https://pub.dev/api/packages/file
2026-09-15T01:56:55.725Z  [CACHE]  MISS pub.archiveSize.package_config
2026-09-15T01:56:55.725Z  [API  ]  GET https://pub.dev/api/packages/package_config
2026-09-15T01:56:55.727Z  [CACHE]  MISS pub.archiveSize.pub_semver
2026-09-15T01:56:55.727Z  [API  ]  GET https://pub.dev/api/packages/pub_semver
2026-09-15T01:56:55.734Z  [CACHE]  MISS pub.archiveSize.watcher
2026-09-15T01:56:55.734Z  [API  ]  GET https://pub.dev/api/packages/watcher
2026-09-15T01:56:55.738Z  [CACHE]  MISS pub.archiveSize.coverage
2026-09-15T01:56:55.738Z  [API  ]  GET https://pub.dev/api/packages/coverage
2026-09-15T01:56:55.741Z  [CACHE]  MISS pub.archiveSize.cli_config
2026-09-15T01:56:55.741Z  [API  ]  GET https://pub.dev/api/packages/cli_config
2026-09-15T01:56:55.745Z  [CACHE]  MISS pub.archiveSize.logging
2026-09-15T01:56:55.745Z  [API  ]  GET https://pub.dev/api/packages/logging
2026-09-15T01:56:55.748Z  [CACHE]  MISS pub.archiveSize.source_maps
2026-09-15T01:56:55.748Z  [API  ]  GET https://pub.dev/api/packages/source_maps
2026-09-15T01:56:55.750Z  [CACHE]  MISS pub.archiveSize.http_multi_server
2026-09-15T01:56:55.750Z  [API  ]  GET https://pub.dev/api/packages/http_multi_server
2026-09-15T01:56:55.754Z  [CACHE]  MISS pub.archiveSize.io
2026-09-15T01:56:55.754Z  [API  ]  GET https://pub.dev/api/packages/io
2026-09-15T01:56:55.756Z  [CACHE]  MISS pub.archiveSize.node_preamble
2026-09-15T01:56:55.756Z  [API  ]  GET https://pub.dev/api/packages/node_preamble
2026-09-15T01:56:55.757Z  [CACHE]  MISS pub.archiveSize.pool
2026-09-15T01:56:55.757Z  [API  ]  GET https://pub.dev/api/packages/pool
2026-09-15T01:56:55.759Z  [CACHE]  MISS pub.archiveSize.shelf
2026-09-15T01:56:55.759Z  [API  ]  GET https://pub.dev/api/packages/shelf
2026-09-15T01:56:55.761Z  [CACHE]  MISS pub.archiveSize.shelf_packages_handler
2026-09-15T01:56:55.761Z  [API  ]  GET https://pub.dev/api/packages/shelf_packages_handler
2026-09-15T01:56:55.762Z  [CACHE]  MISS pub.archiveSize.shelf_static
2026-09-15T01:56:55.762Z  [API  ]  GET https://pub.dev/api/packages/shelf_static
2026-09-15T01:56:55.764Z  [CACHE]  MISS pub.archiveSize.shelf_web_socket
2026-09-15T01:56:55.764Z  [API  ]  GET https://pub.dev/api/packages/shelf_web_socket
2026-09-15T01:56:55.766Z  [CACHE]  MISS pub.archiveSize.web_socket_channel
2026-09-15T01:56:55.766Z  [API  ]  GET https://pub.dev/api/packages/web_socket_channel
2026-09-15T01:56:55.769Z  [CACHE]  MISS pub.archiveSize.web_socket
2026-09-15T01:56:55.769Z  [API  ]  GET https://pub.dev/api/packages/web_socket
2026-09-15T01:56:55.771Z  [CACHE]  MISS pub.archiveSize.test_core
2026-09-15T01:56:55.771Z  [API  ]  GET https://pub.dev/api/packages/test_core
2026-09-15T01:56:55.773Z  [CACHE]  MISS pub.archiveSize.frontend_server_client
2026-09-15T01:56:55.773Z  [API  ]  GET https://pub.dev/api/packages/frontend_server_client
2026-09-15T01:56:55.775Z  [CACHE]  MISS pub.archiveSize.source_map_stack_trace
2026-09-15T01:56:55.775Z  [API  ]  GET https://pub.dev/api/packages/source_map_stack_trace
2026-09-15T01:56:55.777Z  [CACHE]  MISS pub.archiveSize.webkit_inspection_protocol
2026-09-15T01:56:55.777Z  [API  ]  GET https://pub.dev/api/packages/webkit_inspection_protocol
2026-09-15T01:56:55.779Z  [CACHE]  MISS pub.archiveSize.uuid
2026-09-15T01:56:55.779Z  [API  ]  GET https://pub.dev/api/packages/uuid
2026-09-15T01:56:55.784Z  [CACHE]  MISS pub.archiveSize.fixnum
2026-09-15T01:56:55.784Z  [API  ]  GET https://pub.dev/api/packages/fixnum
2026-09-15T01:56:55.789Z  [CACHE]  MISS pub.archiveSize.cupertino_ui
2026-09-15T01:56:55.789Z  [API  ]  GET https://pub.dev/api/packages/cupertino_ui
2026-09-15T01:56:55.792Z  [CACHE]  MISS pub.archiveSize.flutter_localizations
2026-09-15T01:56:55.792Z  [API  ]  GET https://pub.dev/api/packages/flutter_localizations
2026-09-15T01:56:55.794Z  [CACHE]  MISS pub.archiveSize.intl
2026-09-15T01:56:55.794Z  [API  ]  GET https://pub.dev/api/packages/intl
2026-09-15T01:56:55.796Z  [CACHE]  MISS pub.archiveSize.material_ui
2026-09-15T01:56:55.796Z  [API  ]  GET https://pub.dev/api/packages/material_ui
2026-09-15T01:56:55.798Z  [CACHE]  MISS pub.archiveSize.http
2026-09-15T01:56:55.798Z  [API  ]  GET https://pub.dev/api/packages/http
2026-09-15T01:56:55.800Z  [CACHE]  MISS pub.archiveSize.analysis_server_plugin
2026-09-15T01:56:55.800Z  [API  ]  GET https://pub.dev/api/packages/analysis_server_plugin
2026-09-15T01:56:55.801Z  [CACHE]  MISS pub.archiveSize.analyzer_plugin
2026-09-15T01:56:55.802Z  [API  ]  GET https://pub.dev/api/packages/analyzer_plugin
2026-09-15T01:56:55.803Z  [CACHE]  MISS pub.archiveSize.dart_style
2026-09-15T01:56:55.803Z  [API  ]  GET https://pub.dev/api/packages/dart_style
2026-09-15T01:56:55.805Z  [CACHE]  MISS pub.archiveSize.yaml_edit
2026-09-15T01:56:55.805Z  [API  ]  GET https://pub.dev/api/packages/yaml_edit
2026-09-15T01:56:55.807Z  [CACHE]  MISS pub.archiveSize.vector_graphics_codec
2026-09-15T01:56:55.807Z  [API  ]  GET https://pub.dev/api/packages/vector_graphics_codec
2026-09-15T01:56:57.183Z  [API  ]  200 OK (1606ms)
2026-09-15T01:56:57.245Z  [API  ]  HEAD https://pub.dev/api/archives/async-2.13.1.tar.gz
2026-09-15T01:56:57.398Z  [API  ]  200 OK (153ms)
2026-09-15T01:56:57.695Z  [API  ]  200 OK (2102ms)
2026-09-15T01:56:57.697Z  [API  ]  200 OK (2016ms)
2026-09-15T01:56:57.699Z  [API  ]  HEAD https://pub.dev/api/archives/boolean_selector-2.1.2.tar.gz
2026-09-15T01:56:57.713Z  [API  ]  200 OK (2102ms)
2026-09-15T01:56:57.714Z  [API  ]  200 OK (2108ms)
2026-09-15T01:56:57.716Z  [API  ]  HEAD https://pub.dev/api/archives/path-1.9.1.tar.gz
2026-09-15T01:56:57.732Z  [API  ]  HEAD https://pub.dev/api/archives/flutter-0.0.20.tar.gz
2026-09-15T01:56:57.750Z  [API  ]  HEAD https://pub.dev/api/archives/dio_web_adapter-2.2.2.tar.gz
2026-09-15T01:56:57.765Z  [API  ]  200 OK (2175ms)
2026-09-15T01:56:57.766Z  [API  ]  200 OK (2116ms)
2026-09-15T01:56:57.766Z  [API  ]  200 OK (2066ms)
2026-09-15T01:56:57.767Z  [API  ]  200 OK (2182ms)
2026-09-15T01:56:57.767Z  [API  ]  200 OK (2139ms)
2026-09-15T01:56:57.771Z  [API  ]  HEAD https://pub.dev/api/archives/cli_util-0.6.0.tar.gz
2026-09-15T01:56:57.791Z  [API  ]  HEAD https://pub.dev/api/archives/leak_tracker_flutter_testing-3.0.10.tar.gz
2026-09-15T01:56:57.807Z  [API  ]  HEAD https://pub.dev/api/archives/http_parser-4.1.2.tar.gz
2026-09-15T01:56:57.822Z  [API  ]  HEAD https://pub.dev/api/archives/ffi-2.2.0.tar.gz
2026-09-15T01:56:57.843Z  [API  ]  HEAD https://pub.dev/api/archives/source_span-1.10.2.tar.gz
2026-09-15T01:56:57.859Z  [API  ]  200 OK (2243ms)
2026-09-15T01:56:57.859Z  [API  ]  200 OK (2212ms)
2026-09-15T01:56:57.860Z  [API  ]  200 OK (2200ms)
2026-09-15T01:56:57.860Z  [API  ]  200 OK (2243ms)
2026-09-15T01:56:57.861Z  [API  ]  200 OK (2177ms)
2026-09-15T01:56:57.862Z  [API  ]  200 OK (2248ms)
2026-09-15T01:56:57.862Z  [API  ]  200 OK (2214ms)
2026-09-15T01:56:57.863Z  [API  ]  200 OK (2284ms)
2026-09-15T01:56:57.864Z  [API  ]  200 OK (2266ms)
2026-09-15T01:56:57.864Z  [API  ]  200 OK (2173ms)
2026-09-15T01:56:57.865Z  [API  ]  200 OK (2262ms)
2026-09-15T01:56:57.865Z  [API  ]  200 OK (2138ms)
2026-09-15T01:56:57.866Z  [API  ]  200 OK (2150ms)
2026-09-15T01:56:57.867Z  [API  ]  200 OK (2255ms)
2026-09-15T01:56:57.868Z  [API  ]  200 OK (2237ms)
2026-09-15T01:56:57.868Z  [API  ]  200 OK (2157ms)
2026-09-15T01:56:57.869Z  [API  ]  200 OK (2075ms)
2026-09-15T01:56:57.870Z  [API  ]  200 OK (2129ms)
2026-09-15T01:56:57.870Z  [API  ]  200 OK (2199ms)
2026-09-15T01:56:57.871Z  [API  ]  200 OK (2100ms)
2026-09-15T01:56:57.878Z  [API  ]  200 OK (2101ms)
2026-09-15T01:56:57.879Z  [API  ]  200 OK (2154ms)
2026-09-15T01:56:57.883Z  [API  ]  HEAD https://pub.dev/api/archives/cli_config-0.2.0.tar.gz
2026-09-15T01:56:57.906Z  [API  ]  HEAD https://pub.dev/api/archives/characters-1.4.1.tar.gz
2026-09-15T01:56:57.922Z  [API  ]  HEAD https://pub.dev/api/archives/path_drawing-1.0.1.tar.gz
2026-09-15T01:56:57.942Z  [API  ]  HEAD https://pub.dev/api/archives/ansicolor-2.0.3.tar.gz
2026-09-15T01:56:57.959Z  [API  ]  HEAD https://pub.dev/api/archives/html-0.15.7.tar.gz
2026-09-15T01:56:57.974Z  [API  ]  HEAD https://pub.dev/api/archives/material_color_utilities-0.13.1.tar.gz
2026-09-15T01:56:57.994Z  [API  ]  HEAD https://pub.dev/api/archives/string_scanner-1.4.1.tar.gz
2026-09-15T01:56:58.009Z  [API  ]  HEAD https://pub.dev/api/archives/pub_semver-2.2.1.tar.gz
2026-09-15T01:56:58.025Z  [API  ]  200 OK (2246ms)
2026-09-15T01:56:58.025Z  [API  ]  200 OK (2264ms)
2026-09-15T01:56:58.026Z  [API  ]  200 OK (2317ms)
2026-09-15T01:56:58.027Z  [API  ]  200 OK (2258ms)
2026-09-15T01:56:58.027Z  [API  ]  200 OK (2224ms)
2026-09-15T01:56:58.028Z  [API  ]  200 OK (2394ms)
2026-09-15T01:56:58.029Z  [API  ]  200 OK (2227ms)
2026-09-15T01:56:58.029Z  [API  ]  200 OK (2270ms)
2026-09-15T01:56:58.030Z  [API  ]  200 OK (2266ms)
2026-09-15T01:56:58.031Z  [API  ]  200 OK (2283ms)
2026-09-15T01:56:58.032Z  [API  ]  200 OK (2330ms)
2026-09-15T01:56:58.033Z  [API  ]  200 OK (2376ms)
2026-09-15T01:56:58.033Z  [API  ]  200 OK (2237ms)
2026-09-15T01:56:58.034Z  [API  ]  200 OK (2234ms)
2026-09-15T01:56:58.036Z  [API  ]  200 OK (2274ms)
2026-09-15T01:56:58.037Z  [API  ]  200 OK (2253ms)
2026-09-15T01:56:58.038Z  [API  ]  200 OK (2429ms)
2026-09-15T01:56:58.049Z  [API  ]  HEAD https://pub.dev/api/archives/vector_math-2.4.2.tar.gz
2026-09-15T01:56:58.066Z  [API  ]  HEAD https://pub.dev/api/archives/json_annotation-4.12.0.tar.gz
2026-09-15T01:56:58.083Z  [API  ]  HEAD https://pub.dev/api/archives/collection-1.19.1.tar.gz
2026-09-15T01:56:58.104Z  [API  ]  HEAD https://pub.dev/api/archives/matcher-0.12.20.tar.gz
2026-09-15T01:56:58.126Z  [API  ]  HEAD https://pub.dev/api/archives/package_config-3.0.0.tar.gz
2026-09-15T01:56:58.148Z  [API  ]  200 OK (2343ms)
2026-09-15T01:56:58.148Z  [API  ]  200 OK (2430ms)
2026-09-15T01:56:58.149Z  [API  ]  200 OK (2425ms)
2026-09-15T01:56:58.150Z  [API  ]  200 OK (2428ms)
2026-09-15T01:56:58.150Z  [API  ]  200 OK (2412ms)
2026-09-15T01:56:58.151Z  [API  ]  200 OK (2463ms)
2026-09-15T01:56:58.151Z  [API  ]  200 OK (2353ms)
2026-09-15T01:56:58.152Z  [API  ]  200 OK (2447ms)
2026-09-15T01:56:58.153Z  [API  ]  200 OK (2403ms)
2026-09-15T01:56:58.153Z  [API  ]  200 OK (2396ms)
2026-09-15T01:56:58.154Z  [API  ]  200 OK (2347ms)
2026-09-15T01:56:58.154Z  [API  ]  200 OK (2379ms)
2026-09-15T01:56:58.155Z  [API  ]  200 OK (2399ms)
2026-09-15T01:56:58.156Z  [API  ]  200 OK (2458ms)
2026-09-15T01:56:58.157Z  [API  ]  200 OK (2505ms)
2026-09-15T01:56:58.157Z  [API  ]  200 OK (2437ms)
2026-09-15T01:56:58.158Z  [API  ]  200 OK (2495ms)
2026-09-15T01:56:58.159Z  [API  ]  200 OK (2370ms)
2026-09-15T01:56:58.159Z  [API  ]  404 Not Found (2485ms)
2026-09-15T01:56:58.160Z  [API  ]  200 OK (2415ms)
2026-09-15T01:56:58.161Z  [API  ]  200 OK (2427ms)
2026-09-15T01:56:58.171Z  [API  ]  HEAD https://pub.dev/api/archives/mime-2.1.0.tar.gz
2026-09-15T01:56:58.192Z  [API  ]  HEAD https://pub.dev/api/archives/webkit_inspection_protocol-1.2.1.tar.gz
2026-09-15T01:56:58.222Z  [API  ]  200 OK (2449ms)
2026-09-15T01:56:58.228Z  [API  ]  HEAD https://pub.dev/api/archives/shelf_packages_handler-3.0.2.tar.gz
2026-09-15T01:56:58.250Z  [API  ]  HEAD https://pub.dev/api/archives/state_notifier-1.0.0.tar.gz
2026-09-15T01:56:58.271Z  [API  ]  HEAD https://pub.dev/api/archives/web_socket-1.0.1.tar.gz
2026-09-15T01:56:58.294Z  [API  ]  HEAD https://pub.dev/api/archives/path_parsing-1.1.0.tar.gz
2026-09-15T01:56:58.318Z  [API  ]  HEAD https://pub.dev/api/archives/lints-6.1.0.tar.gz
2026-09-15T01:56:58.347Z  [API  ]  HEAD https://pub.dev/api/archives/material_ui-1.2.0.tar.gz
2026-09-15T01:56:58.373Z  [API  ]  200 OK (2747ms)
2026-09-15T01:56:58.377Z  [API  ]  200 OK (2781ms)
2026-09-15T01:56:58.381Z  [API  ]  200 OK (2727ms)
2026-09-15T01:56:58.382Z  [API  ]  200 OK (2782ms)
2026-09-15T01:56:58.392Z  [API  ]  HEAD https://pub.dev/api/archives/sky_engine-0.0.99.tar.gz
2026-09-15T01:56:58.417Z  [API  ]  HEAD https://pub.dev/api/archives/web-1.1.1.tar.gz
2026-09-15T01:56:58.435Z  [API  ]  HEAD https://pub.dev/api/archives/yaml_edit-2.2.4.tar.gz
2026-09-15T01:56:58.458Z  [API  ]  HEAD https://pub.dev/api/archives/convert-3.1.2.tar.gz
2026-09-15T01:56:58.479Z  [API  ]  HEAD https://pub.dev/api/archives/leak_tracker_testing-3.0.2.tar.gz
2026-09-15T01:56:58.506Z  [API  ]  HEAD https://pub.dev/api/archives/node_preamble-2.0.2.tar.gz
2026-09-15T01:56:58.533Z  [API  ]  HEAD https://pub.dev/api/archives/clock-1.1.3.tar.gz
2026-09-15T01:56:58.566Z  [API  ]  HEAD https://pub.dev/api/archives/cupertino_ui-1.0.2.tar.gz
2026-09-15T01:56:58.590Z  [API  ]  200 OK (2894ms)
2026-09-15T01:56:58.591Z  [API  ]  200 OK (2922ms)
2026-09-15T01:56:58.593Z  [API  ]  200 OK (2948ms)
2026-09-15T01:56:58.599Z  [API  ]  HEAD https://pub.dev/api/archives/shelf_web_socket-3.0.0.tar.gz
2026-09-15T01:56:58.620Z  [API  ]  HEAD https://pub.dev/api/archives/analysis_server_plugin-0.3.23.tar.gz
2026-09-15T01:56:58.642Z  [API  ]  HEAD https://pub.dev/api/archives/shelf_static-1.1.3.tar.gz
2026-09-15T01:56:58.657Z  [API  ]  HEAD https://pub.dev/api/archives/glob-2.2.0.tar.gz
2026-09-15T01:56:58.671Z  [API  ]  HEAD https://pub.dev/api/archives/http_multi_server-3.2.2.tar.gz
2026-09-15T01:56:58.691Z  [API  ]  HEAD https://pub.dev/api/archives/pool-1.5.3.tar.gz
2026-09-15T01:56:58.707Z  [API  ]  HEAD https://pub.dev/api/archives/source_map_stack_trace-2.1.2.tar.gz
2026-09-15T01:56:58.722Z  [API  ]  HEAD https://pub.dev/api/archives/frontend_server_client-4.0.0.tar.gz
2026-09-15T01:56:58.743Z  [API  ]  200 OK (3078ms)
2026-09-15T01:56:58.744Z  [API  ]  200 OK (3104ms)
2026-09-15T01:56:58.745Z  [API  ]  200 OK (3090ms)
2026-09-15T01:56:58.746Z  [API  ]  200 OK (2992ms)
2026-09-15T01:56:58.746Z  [API  ]  200 OK (2980ms)
2026-09-15T01:56:58.747Z  [API  ]  200 OK (997ms)
2026-09-15T01:56:58.748Z  [API  ]  200 OK (3081ms)
2026-09-15T01:56:58.748Z  [API  ]  200 OK (3166ms)
2026-09-15T01:56:58.749Z  [API  ]  200 OK (1033ms)
2026-09-15T01:56:58.750Z  [API  ]  200 OK (1051ms)
2026-09-15T01:56:58.750Z  [API  ]  200 OK (3046ms)
2026-09-15T01:56:58.751Z  [API  ]  200 OK (944ms)
2026-09-15T01:56:58.751Z  [API  ]  404 Not Found (2959ms)
2026-09-15T01:56:58.751Z  [API  ]  404 Not Found (3128ms)
2026-09-15T01:56:58.758Z  [API  ]  200 OK (3044ms)
2026-09-15T01:56:58.759Z  [API  ]  200 OK (968ms)
2026-09-15T01:56:58.761Z  [API  ]  200 OK (3083ms)
2026-09-15T01:56:58.779Z  [API  ]  HEAD https://pub.dev/api/archives/yaml-3.1.4.tar.gz
2026-09-15T01:56:58.799Z  [API  ]  HEAD https://pub.dev/api/archives/fixnum-1.1.1.tar.gz
2026-09-15T01:56:58.814Z  [API  ]  HEAD https://pub.dev/api/archives/stream_channel-2.1.4.tar.gz
2026-09-15T01:56:58.834Z  [API  ]  HEAD https://pub.dev/api/archives/vector_graphics_codec-1.1.13.tar.gz
2026-09-15T01:56:58.851Z  [API  ]  HEAD https://pub.dev/api/archives/term_glyph-1.2.2.tar.gz
2026-09-15T01:56:58.870Z  [API  ]  200 OK (1138ms)
2026-09-15T01:56:58.909Z  [API  ]  HEAD https://pub.dev/api/archives/_fe_analyzer_shared-108.0.0.tar.gz
2026-09-15T01:56:58.929Z  [API  ]  HEAD https://pub.dev/api/archives/file-7.0.1.tar.gz
2026-09-15T01:56:58.972Z  [API  ]  HEAD https://pub.dev/api/archives/plugin_platform_interface-2.1.8.tar.gz
2026-09-15T01:56:58.998Z  [API  ]  HEAD https://pub.dev/api/archives/typed_data-1.4.0.tar.gz
2026-09-15T01:56:59.016Z  [API  ]  HEAD https://pub.dev/api/archives/checked_yaml-2.0.4.tar.gz
2026-09-15T01:56:59.041Z  [API  ]  200 OK (1270ms)
2026-09-15T01:56:59.113Z  [API  ]  HEAD https://pub.dev/api/archives/stack_trace-1.12.2.tar.gz
2026-09-15T01:56:59.130Z  [API  ]  HEAD https://pub.dev/api/archives/uuid-4.6.0.tar.gz
2026-09-15T01:56:59.156Z  [API  ]  HEAD https://pub.dev/api/archives/analyzer_plugin-0.14.17.tar.gz
2026-09-15T01:56:59.174Z  [API  ]  HEAD https://pub.dev/api/archives/leak_tracker-11.0.2.tar.gz
2026-09-15T01:56:59.198Z  [API  ]  HEAD https://pub.dev/api/archives/fake_async-1.3.3.tar.gz
2026-09-15T01:56:59.365Z  [API  ]  200 OK (1443ms)
2026-09-15T01:56:59.366Z  [API  ]  200 OK (1460ms)
2026-09-15T01:56:59.366Z  [API  ]  200 OK (1544ms)
2026-09-15T01:56:59.367Z  [API  ]  200 OK (1425ms)
2026-09-15T01:56:59.369Z  [API  ]  200 OK (1526ms)
2026-09-15T01:56:59.369Z  [API  ]  200 OK (1410ms)
2026-09-15T01:56:59.371Z  [API  ]  200 OK (3664ms)
2026-09-15T01:56:59.385Z  [API  ]  200 OK (1376ms)
2026-09-15T01:56:59.387Z  [API  ]  200 OK (1304ms)
2026-09-15T01:56:59.388Z  [API  ]  200 OK (1322ms)
2026-09-15T01:56:59.389Z  [API  ]  200 OK (1395ms)
2026-09-15T01:56:59.395Z  [API  ]  200 OK (1421ms)
2026-09-15T01:56:59.441Z  [API  ]  HEAD https://pub.dev/api/archives/io-1.1.0.tar.gz
2026-09-15T01:56:59.468Z  [API  ]  HEAD https://pub.dev/api/archives/shelf-1.4.2.tar.gz
2026-09-15T01:56:59.485Z  [API  ]  HEAD https://pub.dev/api/archives/watcher-1.2.1.tar.gz
2026-09-15T01:56:59.503Z  [API  ]  HEAD https://pub.dev/api/archives/crypto-3.0.7.tar.gz
2026-09-15T01:56:59.519Z  [API  ]  HEAD https://pub.dev/api/archives/posix-6.5.2.tar.gz
2026-09-15T01:56:59.555Z  [API  ]  HEAD https://pub.dev/api/archives/source_maps-0.10.14.tar.gz
2026-09-15T01:56:59.570Z  [API  ]  HEAD https://pub.dev/api/archives/universal_io-2.3.1.tar.gz
2026-09-15T01:56:59.591Z  [API  ]  HEAD https://pub.dev/api/archives/web_socket_channel-3.0.3.tar.gz
2026-09-15T01:56:59.605Z  [API  ]  HEAD https://pub.dev/api/archives/listen-1.0.1.tar.gz
2026-09-15T01:56:59.620Z  [API  ]  200 OK (1494ms)
2026-09-15T01:56:59.621Z  [API  ]  200 OK (1517ms)
2026-09-15T01:56:59.622Z  [API  ]  200 OK (1451ms)
2026-09-15T01:56:59.623Z  [API  ]  200 OK (1329ms)
2026-09-15T01:56:59.623Z  [API  ]  200 OK (1431ms)
2026-09-15T01:56:59.624Z  [API  ]  200 OK (1306ms)
2026-09-15T01:56:59.624Z  [API  ]  200 OK (1396ms)
2026-09-15T01:56:59.624Z  [API  ]  200 OK (1374ms)
2026-09-15T01:56:59.625Z  [API  ]  200 OK (1278ms)
2026-09-15T01:56:59.631Z  [API  ]  200 OK (1748ms)
2026-09-15T01:56:59.645Z  [API  ]  200 OK (1596ms)
2026-09-15T01:56:59.649Z  [API  ]  200 OK (1378ms)
2026-09-15T01:56:59.669Z  [API  ]  200 OK (1252ms)
2026-09-15T01:56:59.669Z  [API  ]  200 OK (1136ms)
2026-09-15T01:56:59.671Z  [API  ]  200 OK (1235ms)
2026-09-15T01:56:59.672Z  [API  ]  200 OK (1106ms)
2026-09-15T01:56:59.672Z  [API  ]  200 OK (1166ms)
2026-09-15T01:56:59.674Z  [API  ]  200 OK (1195ms)
2026-09-15T01:56:59.687Z  [API  ]  200 OK (1229ms)
2026-09-15T01:56:59.716Z  [API  ]  HEAD https://pub.dev/api/archives/test_core-0.6.20.tar.gz
2026-09-15T01:56:59.734Z  [API  ]  HEAD https://pub.dev/api/archives/intl-0.20.3.tar.gz
2026-09-15T01:56:59.754Z  [API  ]  HEAD https://pub.dev/api/archives/coverage-1.15.1.tar.gz
2026-09-15T01:56:59.768Z  [API  ]  HEAD https://pub.dev/api/archives/logging-1.3.0.tar.gz
2026-09-15T01:56:59.788Z  [API  ]  HEAD https://pub.dev/api/archives/csslib-1.0.2.tar.gz
2026-09-15T01:56:59.822Z  [API  ]  HEAD https://pub.dev/api/archives/dart_style-3.1.13.tar.gz
2026-09-15T01:56:59.845Z  [API  ]  HEAD https://pub.dev/api/archives/http-1.6.0.tar.gz
2026-09-15T01:56:59.859Z  [API  ]  HEAD https://pub.dev/api/archives/archive-4.3.0.tar.gz
2026-09-15T01:56:59.873Z  [API  ]  HEAD https://pub.dev/api/archives/petitparser-7.0.2.tar.gz
2026-09-15T01:56:59.904Z  [API  ]  200 OK (1284ms)
2026-09-15T01:56:59.905Z  [API  ]  200 OK (1126ms)
2026-09-15T01:56:59.906Z  [API  ]  200 OK (1249ms)
2026-09-15T01:56:59.906Z  [API  ]  200 OK (1307ms)
2026-09-15T01:56:59.907Z  [API  ]  200 OK (1216ms)
2026-09-15T01:56:59.907Z  [API  ]  200 OK (1185ms)
2026-09-15T01:56:59.908Z  [API  ]  200 OK (1237ms)
2026-09-15T01:56:59.908Z  [API  ]  200 OK (1266ms)
2026-09-15T01:56:59.916Z  [API  ]  200 OK (987ms)
2026-09-15T01:56:59.918Z  [API  ]  200 OK (1084ms)
2026-09-15T01:56:59.919Z  [API  ]  200 OK (1068ms)
2026-09-15T01:56:59.919Z  [API  ]  200 OK (1010ms)
2026-09-15T01:56:59.920Z  [API  ]  200 OK (948ms)
2026-09-15T01:56:59.940Z  [API  ]  HEAD https://pub.dev/api/archives/image-4.10.1.tar.gz
2026-09-15T01:56:59.956Z  [API  ]  HEAD https://pub.dev/api/archives/xml-7.0.1.tar.gz
2026-09-15T01:56:59.970Z  [API  ]  HEAD https://pub.dev/api/archives/test_api-0.7.14.tar.gz
2026-09-15T01:56:59.988Z  [API  ]  200 OK (1281ms)
2026-09-15T01:56:59.989Z  [API  ]  200 OK (1175ms)
2026-09-15T01:56:59.989Z  [API  ]  200 OK (1190ms)
2026-09-15T01:57:00.015Z  [API  ]  HEAD https://pub.dev/api/archives/vm_service-15.3.0.tar.gz
2026-09-15T01:57:00.029Z  [API  ]  200 OK (1013ms)
2026-09-15T01:57:00.035Z  [API  ]  200 OK (922ms)
2026-09-15T01:57:00.036Z  [API  ]  200 OK (862ms)
2026-09-15T01:57:00.036Z  [API  ]  200 OK (906ms)
2026-09-15T01:57:00.038Z  [API  ]  200 OK (1040ms)
2026-09-15T01:57:00.038Z  [API  ]  200 OK (840ms)
2026-09-15T01:57:00.039Z  [API  ]  200 OK (883ms)
2026-09-15T01:57:00.058Z  [API  ]  HEAD https://pub.dev/api/archives/meta-1.19.0.tar.gz
2026-09-15T01:57:00.105Z  [API  ]  HEAD https://pub.dev/api/archives/args-2.7.0.tar.gz
2026-09-15T01:57:00.129Z  [API  ]  HEAD https://pub.dev/api/archives/test-1.32.0.tar.gz
2026-09-15T01:57:00.150Z  [API  ]  200 OK (631ms)
2026-09-15T01:57:00.151Z  [API  ]  200 OK (560ms)
2026-09-15T01:57:00.151Z  [API  ]  200 OK (710ms)
2026-09-15T01:57:00.152Z  [API  ]  200 OK (667ms)
2026-09-15T01:57:00.164Z  [API  ]  200 OK (609ms)
2026-09-15T01:57:00.165Z  [API  ]  200 OK (560ms)
2026-09-15T01:57:00.180Z  [API  ]  HEAD https://pub.dev/api/archives/analyzer-14.4.0.tar.gz
2026-09-15T01:57:00.211Z  [API  ]  200 OK (1819ms)
2026-09-15T01:57:00.213Z  [API  ]  200 OK (643ms)
2026-09-15T01:57:00.227Z  [API  ]  200 OK (724ms)
2026-09-15T01:57:00.289Z  [API  ]  200 OK (573ms)
2026-09-15T01:57:00.290Z  [API  ]  200 OK (556ms)
2026-09-15T01:57:00.291Z  [API  ]  200 OK (537ms)
2026-09-15T01:57:00.292Z  [API  ]  200 OK (824ms)
2026-09-15T01:57:00.415Z  [API  ]  200 OK (570ms)
2026-09-15T01:57:00.416Z  [API  ]  200 OK (594ms)
2026-09-15T01:57:00.417Z  [API  ]  200 OK (649ms)
2026-09-15T01:57:00.417Z  [API  ]  200 OK (558ms)
2026-09-15T01:57:00.418Z  [API  ]  200 OK (630ms)
2026-09-15T01:57:00.433Z  [API  ]  200 OK (493ms)
2026-09-15T01:57:00.437Z  [API  ]  200 OK (564ms)
2026-09-15T01:57:00.655Z  [API  ]  200 OK (685ms)
2026-09-15T01:57:00.656Z  [API  ]  200 OK (700ms)
2026-09-15T01:57:00.693Z  [API  ]  200 OK (635ms)
2026-09-15T01:57:00.793Z  [API  ]  200 OK (613ms)
2026-09-15T01:57:00.808Z  [API  ]  200 OK (679ms)
2026-09-15T01:57:00.809Z  [API  ]  200 OK (704ms)
2026-09-15T01:57:00.809Z  [API  ]  200 OK (794ms)
2026-09-15T01:57:00.881Z  [INFO ]  Dep graph: 14 direct, 91 transitive, 0 overrides
2026-09-15T01:57:00.882Z  [CACHE]  MISS osv.vulns.cupertino_icons.1.0.9
2026-09-15T01:57:00.882Z  [CACHE]  MISS osv.vulns.dio.5.11.0
2026-09-15T01:57:00.882Z  [CACHE]  MISS osv.vulns.dotlottie_flutter.0.1.7
2026-09-15T01:57:00.882Z  [CACHE]  MISS osv.vulns.easy_refresh.3.5.1
2026-09-15T01:57:00.882Z  [CACHE]  MISS osv.vulns.flutter_launcher_icons.0.14.4
2026-09-15T01:57:00.882Z  [CACHE]  MISS osv.vulns.flutter_lints.6.0.0
2026-09-15T01:57:00.882Z  [CACHE]  MISS osv.vulns.flutter_native_splash.2.4.8
2026-09-15T01:57:00.882Z  [CACHE]  MISS osv.vulns.flutter_riverpod.3.4.2
2026-09-15T01:57:00.882Z  [CACHE]  MISS osv.vulns.go_router.18.0.0
2026-09-15T01:57:00.882Z  [CACHE]  MISS osv.vulns.lottie.3.5.1
2026-09-15T01:57:00.882Z  [CACHE]  MISS osv.vulns.riverpod.3.4.2
2026-09-15T01:57:00.882Z  [CACHE]  MISS osv.vulns.saropa_lints.14.0.2
2026-09-15T01:57:00.882Z  [CACHE]  MISS osv.vulns.vector_graphics.1.2.3
2026-09-15T01:57:00.882Z  [CACHE]  MISS osv.vulns.vector_graphics_compiler.1.3.0
2026-09-15T01:57:00.882Z  [API  ]  POST https://api.osv.dev/v1/querybatch
2026-09-15T01:57:00.886Z  [CACHE]  MISS ghsa.vulns.cupertino_icons.1.0.9
2026-09-15T01:57:00.886Z  [CACHE]  MISS ghsa.vulns.dio.5.11.0
2026-09-15T01:57:00.886Z  [CACHE]  MISS ghsa.vulns.dotlottie_flutter.0.1.7
2026-09-15T01:57:00.886Z  [CACHE]  MISS ghsa.vulns.easy_refresh.3.5.1
2026-09-15T01:57:00.886Z  [CACHE]  MISS ghsa.vulns.flutter_launcher_icons.0.14.4
2026-09-15T01:57:00.886Z  [CACHE]  MISS ghsa.vulns.flutter_lints.6.0.0
2026-09-15T01:57:00.886Z  [CACHE]  MISS ghsa.vulns.flutter_native_splash.2.4.8
2026-09-15T01:57:00.886Z  [CACHE]  MISS ghsa.vulns.flutter_riverpod.3.4.2
2026-09-15T01:57:00.886Z  [CACHE]  MISS ghsa.vulns.go_router.18.0.0
2026-09-15T01:57:00.886Z  [CACHE]  MISS ghsa.vulns.lottie.3.5.1
2026-09-15T01:57:00.886Z  [CACHE]  MISS ghsa.vulns.riverpod.3.4.2
2026-09-15T01:57:00.886Z  [CACHE]  MISS ghsa.vulns.saropa_lints.14.0.2
2026-09-15T01:57:00.886Z  [CACHE]  MISS ghsa.vulns.vector_graphics.1.2.3
2026-09-15T01:57:00.886Z  [CACHE]  MISS ghsa.vulns.vector_graphics_compiler.1.3.0
2026-09-15T01:57:00.888Z  [API  ]  GET https://api.github.com/advisories?ecosystem=pub&package=cupertino_icons&affects=1.0.9&per_page=100
2026-09-15T01:57:00.891Z  [API  ]  GET https://api.github.com/advisories?ecosystem=pub&package=dio&affects=5.11.0&per_page=100
2026-09-15T01:57:00.894Z  [API  ]  GET https://api.github.com/advisories?ecosystem=pub&package=dotlottie_flutter&affects=0.1.7&per_page=100
2026-09-15T01:57:00.896Z  [API  ]  GET https://api.github.com/advisories?ecosystem=pub&package=easy_refresh&affects=3.5.1&per_page=100
2026-09-15T01:57:00.898Z  [API  ]  GET https://api.github.com/advisories?ecosystem=pub&package=flutter_launcher_icons&affects=0.14.4&per_page=100
2026-09-15T01:57:01.295Z  [API  ]  403 rate limit exceeded (404ms)
2026-09-15T01:57:01.295Z  [ERROR]  GitHub Advisory query failed for dio: 403
2026-09-15T01:57:01.307Z  [API  ]  403 rate limit exceeded (411ms)
2026-09-15T01:57:01.307Z  [ERROR]  GitHub Advisory query failed for easy_refresh: 403
2026-09-15T01:57:01.307Z  [API  ]  403 rate limit exceeded (419ms)
2026-09-15T01:57:01.307Z  [ERROR]  GitHub Advisory query failed for cupertino_icons: 403
2026-09-15T01:57:01.432Z  [API  ]  403 rate limit exceeded (534ms)
2026-09-15T01:57:01.432Z  [ERROR]  GitHub Advisory query failed for flutter_launcher_icons: 403
2026-09-15T01:57:01.433Z  [API  ]  403 rate limit exceeded (539ms)
2026-09-15T01:57:01.433Z  [ERROR]  GitHub Advisory query failed for dotlottie_flutter: 403
2026-09-15T01:57:01.433Z  [API  ]  GET https://api.github.com/advisories?ecosystem=pub&package=flutter_lints&affects=6.0.0&per_page=100
2026-09-15T01:57:01.436Z  [API  ]  GET https://api.github.com/advisories?ecosystem=pub&package=flutter_native_splash&affects=2.4.8&per_page=100
2026-09-15T01:57:01.439Z  [API  ]  GET https://api.github.com/advisories?ecosystem=pub&package=flutter_riverpod&affects=3.4.2&per_page=100
2026-09-15T01:57:01.443Z  [API  ]  GET https://api.github.com/advisories?ecosystem=pub&package=go_router&affects=18.0.0&per_page=100
2026-09-15T01:57:01.445Z  [API  ]  GET https://api.github.com/advisories?ecosystem=pub&package=lottie&affects=3.5.1&per_page=100
2026-09-15T01:57:01.637Z  [API  ]  200 OK (755ms)
2026-09-15T01:57:01.655Z  [API  ]  403 rate limit exceeded (216ms)
2026-09-15T01:57:01.655Z  [ERROR]  GitHub Advisory query failed for flutter_riverpod: 403
2026-09-15T01:57:01.655Z  [API  ]  403 rate limit exceeded (219ms)
2026-09-15T01:57:01.655Z  [ERROR]  GitHub Advisory query failed for flutter_native_splash: 403
2026-09-15T01:57:01.655Z  [API  ]  403 rate limit exceeded (222ms)
2026-09-15T01:57:01.655Z  [ERROR]  GitHub Advisory query failed for flutter_lints: 403
2026-09-15T01:57:01.872Z  [API  ]  403 rate limit exceeded (427ms)
2026-09-15T01:57:01.872Z  [ERROR]  GitHub Advisory query failed for lottie: 403
2026-09-15T01:57:01.889Z  [API  ]  403 rate limit exceeded (446ms)
2026-09-15T01:57:01.889Z  [ERROR]  GitHub Advisory query failed for go_router: 403
2026-09-15T01:57:01.889Z  [API  ]  GET https://api.github.com/advisories?ecosystem=pub&package=riverpod&affects=3.4.2&per_page=100
2026-09-15T01:57:01.894Z  [API  ]  GET https://api.github.com/advisories?ecosystem=pub&package=saropa_lints&affects=14.0.2&per_page=100
2026-09-15T01:57:01.896Z  [API  ]  GET https://api.github.com/advisories?ecosystem=pub&package=vector_graphics&affects=1.2.3&per_page=100
2026-09-15T01:57:01.900Z  [API  ]  GET https://api.github.com/advisories?ecosystem=pub&package=vector_graphics_compiler&affects=1.3.0&per_page=100
2026-09-15T01:57:02.069Z  [API  ]  403 rate limit exceeded (180ms)
2026-09-15T01:57:02.069Z  [ERROR]  GitHub Advisory query failed for riverpod: 403
2026-09-15T01:57:02.070Z  [API  ]  403 rate limit exceeded (170ms)
2026-09-15T01:57:02.070Z  [ERROR]  GitHub Advisory query failed for vector_graphics_compiler: 403
2026-09-15T01:57:02.083Z  [API  ]  403 rate limit exceeded (189ms)
2026-09-15T01:57:02.083Z  [ERROR]  GitHub Advisory query failed for saropa_lints: 403
2026-09-15T01:57:02.084Z  [API  ]  403 rate limit exceeded (188ms)
2026-09-15T01:57:02.084Z  [ERROR]  GitHub Advisory query failed for vector_graphics: 403
2026-09-15T01:57:03.142Z  [INFO ]  Scan complete — 30452ms — vibrant:4 stable:8 outdated:2 abandoned:0 eol:0
