2026-08-28T13:47:20.308Z  [CACHE]  MISS flutter.releases
2026-08-28T13:47:20.308Z  [API  ]  GET https://storage.googleapis.com/flutter_infra_release/releases/releases_linux.json
2026-08-28T13:47:31.321Z  [ERROR]  Failed to fetch Flutter releases
2026-08-28T13:47:31.321Z  [INFO ]  Scan started — 11 packages
2026-08-28T13:47:31.322Z  [INFO ]  [1/11] cupertino_icons
2026-08-28T13:47:31.322Z  [INFO ]  Known issue: active
2026-08-28T13:47:31.322Z  [CACHE]  MISS pub.info.cupertino_icons
2026-08-28T13:47:31.322Z  [API  ]  GET https://pub.dev/api/packages/cupertino_icons
2026-08-28T13:47:31.325Z  [CACHE]  MISS pub.metrics.cupertino_icons
2026-08-28T13:47:31.325Z  [API  ]  GET https://pub.dev/api/packages/cupertino_icons/metrics
2026-08-28T13:47:31.328Z  [API  ]  GET https://pub.dev/api/packages/cupertino_icons/score
2026-08-28T13:47:31.330Z  [CACHE]  HIT  pub.publisher.cupertino_icons
2026-08-28T13:47:31.330Z  [CACHE]  MISS pub.reverseDeps.cupertino_icons
2026-08-28T13:47:31.330Z  [API  ]  GET https://pub.dev/packages?q=dependency%3Acupertino_icons
2026-08-28T13:47:31.333Z  [INFO ]  [2/11] dio
2026-08-28T13:47:31.333Z  [INFO ]  Known issue: active
2026-08-28T13:47:31.333Z  [CACHE]  MISS pub.info.dio
2026-08-28T13:47:31.333Z  [API  ]  GET https://pub.dev/api/packages/dio
2026-08-28T13:47:31.335Z  [CACHE]  MISS pub.metrics.dio
2026-08-28T13:47:31.335Z  [API  ]  GET https://pub.dev/api/packages/dio/metrics
2026-08-28T13:47:31.337Z  [API  ]  GET https://pub.dev/api/packages/dio/score
2026-08-28T13:47:31.339Z  [CACHE]  HIT  pub.publisher.dio
2026-08-28T13:47:31.339Z  [CACHE]  MISS pub.reverseDeps.dio
2026-08-28T13:47:31.339Z  [API  ]  GET https://pub.dev/packages?q=dependency%3Adio
2026-08-28T13:47:31.341Z  [INFO ]  [3/11] flutter_launcher_icons
2026-08-28T13:47:31.341Z  [INFO ]  Known issue: active
2026-08-28T13:47:31.341Z  [CACHE]  MISS pub.info.flutter_launcher_icons
2026-08-28T13:47:31.341Z  [API  ]  GET https://pub.dev/api/packages/flutter_launcher_icons
2026-08-28T13:47:31.348Z  [CACHE]  MISS pub.metrics.flutter_launcher_icons
2026-08-28T13:47:31.348Z  [API  ]  GET https://pub.dev/api/packages/flutter_launcher_icons/metrics
2026-08-28T13:47:31.350Z  [API  ]  GET https://pub.dev/api/packages/flutter_launcher_icons/score
2026-08-28T13:47:31.353Z  [CACHE]  HIT  pub.publisher.flutter_launcher_icons
2026-08-28T13:47:31.353Z  [CACHE]  MISS pub.reverseDeps.flutter_launcher_icons
2026-08-28T13:47:31.353Z  [API  ]  GET https://pub.dev/packages?q=dependency%3Aflutter_launcher_icons
2026-08-28T13:47:31.355Z  [INFO ]  [4/11] flutter_lints
2026-08-28T13:47:31.355Z  [INFO ]  Known issue: active
2026-08-28T13:47:31.355Z  [CACHE]  MISS pub.info.flutter_lints
2026-08-28T13:47:31.355Z  [API  ]  GET https://pub.dev/api/packages/flutter_lints
2026-08-28T13:47:31.357Z  [CACHE]  MISS pub.metrics.flutter_lints
2026-08-28T13:47:31.357Z  [API  ]  GET https://pub.dev/api/packages/flutter_lints/metrics
2026-08-28T13:47:31.359Z  [API  ]  GET https://pub.dev/api/packages/flutter_lints/score
2026-08-28T13:47:31.361Z  [CACHE]  HIT  pub.publisher.flutter_lints
2026-08-28T13:47:31.361Z  [CACHE]  MISS pub.reverseDeps.flutter_lints
2026-08-28T13:47:31.361Z  [API  ]  GET https://pub.dev/packages?q=dependency%3Aflutter_lints
2026-08-28T13:47:31.362Z  [INFO ]  [5/11] flutter_riverpod
2026-08-28T13:47:31.362Z  [INFO ]  Known issue: active
2026-08-28T13:47:31.362Z  [CACHE]  MISS pub.info.flutter_riverpod
2026-08-28T13:47:31.362Z  [API  ]  GET https://pub.dev/api/packages/flutter_riverpod
2026-08-28T13:47:31.364Z  [CACHE]  MISS pub.metrics.flutter_riverpod
2026-08-28T13:47:31.364Z  [API  ]  GET https://pub.dev/api/packages/flutter_riverpod/metrics
2026-08-28T13:47:31.366Z  [API  ]  GET https://pub.dev/api/packages/flutter_riverpod/score
2026-08-28T13:47:31.368Z  [CACHE]  HIT  pub.publisher.flutter_riverpod
2026-08-28T13:47:31.368Z  [CACHE]  MISS pub.reverseDeps.flutter_riverpod
2026-08-28T13:47:31.368Z  [API  ]  GET https://pub.dev/packages?q=dependency%3Aflutter_riverpod
2026-08-28T13:47:31.370Z  [INFO ]  [6/11] go_router
2026-08-28T13:47:31.370Z  [INFO ]  Known issue: active
2026-08-28T13:47:31.370Z  [CACHE]  MISS pub.info.go_router
2026-08-28T13:47:31.370Z  [API  ]  GET https://pub.dev/api/packages/go_router
2026-08-28T13:47:31.371Z  [CACHE]  MISS pub.metrics.go_router
2026-08-28T13:47:31.371Z  [API  ]  GET https://pub.dev/api/packages/go_router/metrics
2026-08-28T13:47:31.373Z  [API  ]  GET https://pub.dev/api/packages/go_router/score
2026-08-28T13:47:31.375Z  [CACHE]  HIT  pub.publisher.go_router
2026-08-28T13:47:31.375Z  [CACHE]  MISS pub.reverseDeps.go_router
2026-08-28T13:47:31.375Z  [API  ]  GET https://pub.dev/packages?q=dependency%3Ago_router
2026-08-28T13:47:41.978Z  [ERROR]  Failed to fetch package info for cupertino_icons from https://pub.dev
2026-08-28T13:47:41.978Z  [ERROR]  Failed to fetch reverse dependency count for go_router
2026-08-28T13:47:41.979Z  [ERROR]  Failed to fetch metrics for go_router from https://pub.dev
2026-08-28T13:47:41.979Z  [ERROR]  Failed to fetch package info for go_router from https://pub.dev
2026-08-28T13:47:41.980Z  [CACHE]  MISS pub.archiveSize.go_router
2026-08-28T13:47:41.980Z  [API  ]  GET https://pub.dev/api/packages/go_router
2026-08-28T13:47:41.982Z  [API  ]  GET https://pub.dev/api/packages/go_router
2026-08-28T13:47:42.032Z  [ERROR]  Failed to fetch reverse dependency count for flutter_riverpod
2026-08-28T13:47:42.033Z  [ERROR]  Failed to fetch metrics for flutter_riverpod from https://pub.dev
2026-08-28T13:47:42.033Z  [ERROR]  Failed to fetch package info for flutter_riverpod from https://pub.dev
2026-08-28T13:47:42.033Z  [CACHE]  MISS pub.archiveSize.flutter_riverpod
2026-08-28T13:47:42.033Z  [API  ]  GET https://pub.dev/api/packages/flutter_riverpod
2026-08-28T13:47:42.035Z  [API  ]  GET https://pub.dev/api/packages/flutter_riverpod
2026-08-28T13:47:42.084Z  [ERROR]  Failed to fetch reverse dependency count for flutter_lints
2026-08-28T13:47:42.084Z  [ERROR]  Failed to fetch metrics for flutter_lints from https://pub.dev
2026-08-28T13:47:42.085Z  [ERROR]  Failed to fetch package info for flutter_lints from https://pub.dev
2026-08-28T13:47:42.085Z  [CACHE]  MISS pub.archiveSize.flutter_lints
2026-08-28T13:47:42.085Z  [API  ]  GET https://pub.dev/api/packages/flutter_lints
2026-08-28T13:47:42.087Z  [API  ]  GET https://pub.dev/api/packages/flutter_lints
2026-08-28T13:47:42.142Z  [ERROR]  Failed to fetch reverse dependency count for flutter_launcher_icons
2026-08-28T13:47:42.142Z  [ERROR]  Failed to fetch metrics for flutter_launcher_icons from https://pub.dev
2026-08-28T13:47:42.143Z  [ERROR]  Failed to fetch package info for flutter_launcher_icons from https://pub.dev
2026-08-28T13:47:42.143Z  [CACHE]  MISS pub.archiveSize.flutter_launcher_icons
2026-08-28T13:47:42.143Z  [API  ]  GET https://pub.dev/api/packages/flutter_launcher_icons
2026-08-28T13:47:42.145Z  [API  ]  GET https://pub.dev/api/packages/flutter_launcher_icons
2026-08-28T13:47:42.194Z  [ERROR]  Failed to fetch reverse dependency count for dio
2026-08-28T13:47:42.194Z  [ERROR]  Failed to fetch metrics for dio from https://pub.dev
2026-08-28T13:47:42.195Z  [ERROR]  Failed to fetch package info for dio from https://pub.dev
2026-08-28T13:47:42.195Z  [CACHE]  MISS pub.archiveSize.dio
2026-08-28T13:47:42.195Z  [API  ]  GET https://pub.dev/api/packages/dio
2026-08-28T13:47:42.197Z  [API  ]  GET https://pub.dev/api/packages/dio
2026-08-28T13:47:42.244Z  [ERROR]  Failed to fetch reverse dependency count for cupertino_icons
2026-08-28T13:47:42.245Z  [ERROR]  Failed to fetch metrics for cupertino_icons from https://pub.dev
2026-08-28T13:47:42.245Z  [CACHE]  MISS pub.archiveSize.cupertino_icons
2026-08-28T13:47:42.245Z  [API  ]  GET https://pub.dev/api/packages/cupertino_icons
2026-08-28T13:47:42.247Z  [API  ]  GET https://pub.dev/api/packages/cupertino_icons
2026-08-28T13:47:43.682Z  [API  ]  200 OK (1539ms)
2026-08-28T13:47:43.690Z  [API  ]  200 OK (1445ms)
2026-08-28T13:47:43.698Z  [API  ]  200 OK (1663ms)
2026-08-28T13:47:43.731Z  [API  ]  HEAD https://pub.dev/api/archives/cupertino_icons-1.0.9.tar.gz
2026-08-28T13:47:43.774Z  [API  ]  200 OK (1527ms)
2026-08-28T13:47:43.777Z  [API  ]  HEAD https://pub.dev/api/archives/flutter_launcher_icons-0.14.4.tar.gz
2026-08-28T13:47:43.824Z  [API  ]  200 OK (1842ms)
2026-08-28T13:47:43.827Z  [CACHE]  MISS pub.tarball.oijvck
2026-08-28T13:47:43.827Z  [API  ]  GET https://pub.dev/api/archives/cupertino_icons-1.0.9.tar.gz
2026-08-28T13:47:43.859Z  [API  ]  200 OK (1664ms)
2026-08-28T13:47:44.146Z  [CACHE]  MISS pub.tarball.vc4vn3
2026-08-28T13:47:44.146Z  [API  ]  GET https://pub.dev/api/archives/flutter_riverpod-3.4.2.tar.gz
2026-08-28T13:47:44.197Z  [API  ]  200 OK (2110ms)
2026-08-28T13:47:44.205Z  [CACHE]  MISS pub.tarball.z7ll8h
2026-08-28T13:47:44.205Z  [API  ]  GET https://pub.dev/api/archives/flutter_lints-6.0.0.tar.gz
2026-08-28T13:47:44.277Z  [API  ]  200 OK (2297ms)
2026-08-28T13:47:44.287Z  [API  ]  HEAD https://pub.dev/api/archives/dio-5.11.0.tar.gz
2026-08-28T13:47:44.317Z  [API  ]  200 OK (2284ms)
2026-08-28T13:47:44.362Z  [CACHE]  MISS pub.tarball.bb8ykd
2026-08-28T13:47:44.362Z  [API  ]  GET https://pub.dev/api/archives/go_router-18.0.0.tar.gz
2026-08-28T13:47:44.505Z  [API  ]  200 OK (728ms)
2026-08-28T13:47:44.508Z  [API  ]  200 OK (2363ms)
2026-08-28T13:47:44.512Z  [API  ]  200 OK (2315ms)
2026-08-28T13:47:44.518Z  [API  ]  200 OK (787ms)
2026-08-28T13:47:44.605Z  [API  ]  HEAD https://pub.dev/api/archives/flutter_riverpod-3.4.2.tar.gz
2026-08-28T13:47:44.707Z  [API  ]  200 OK (561ms)
2026-08-28T13:47:44.724Z  [CACHE]  MISS pub.tarball.v4zqir
2026-08-28T13:47:44.724Z  [API  ]  GET https://pub.dev/api/archives/dio-5.11.0.tar.gz
2026-08-28T13:47:44.824Z  [API  ]  200 OK (537ms)
2026-08-28T13:47:44.848Z  [API  ]  HEAD https://pub.dev/api/archives/go_router-18.0.0.tar.gz
2026-08-28T13:47:45.276Z  [API  ]  200 OK (552ms)
2026-08-28T13:47:45.433Z  [API  ]  200 OK (1606ms)
2026-08-28T13:47:46.031Z  [CACHE]  MISS pub.tarball.mbw4oz
2026-08-28T13:47:46.031Z  [API  ]  GET https://pub.dev/api/archives/flutter_launcher_icons-0.14.4.tar.gz
2026-08-28T13:47:47.280Z  [API  ]  200 OK (2675ms)
2026-08-28T13:47:47.301Z  [API  ]  200 OK (3096ms)
2026-08-28T13:47:47.334Z  [SCORE]  flutter_riverpod → 0 (abandoned) [rv=0 eg=0 pop=0 pt=-5 pq=0]
2026-08-28T13:47:47.334Z  [INFO ]  flutter_riverpod: platforms missing from API, using known issue
2026-08-28T13:47:47.334Z  [INFO ]  flutter_riverpod: pubPoints missing from API, known issue has 140
2026-08-28T13:47:47.334Z  [INFO ]  [7/11] lottie
2026-08-28T13:47:47.334Z  [INFO ]  Known issue: active
2026-08-28T13:47:47.334Z  [CACHE]  MISS pub.info.lottie
2026-08-28T13:47:47.334Z  [API  ]  GET https://pub.dev/api/packages/lottie
2026-08-28T13:47:47.339Z  [CACHE]  MISS pub.metrics.lottie
2026-08-28T13:47:47.340Z  [API  ]  GET https://pub.dev/api/packages/lottie/metrics
2026-08-28T13:47:47.345Z  [API  ]  GET https://pub.dev/api/packages/lottie/score
2026-08-28T13:47:47.349Z  [CACHE]  HIT  pub.publisher.lottie
2026-08-28T13:47:47.349Z  [CACHE]  MISS pub.reverseDeps.lottie
2026-08-28T13:47:47.349Z  [API  ]  GET https://pub.dev/packages?q=dependency%3Alottie
2026-08-28T13:47:47.600Z  [API  ]  200 OK (3238ms)
2026-08-28T13:47:53.154Z  [SCORE]  flutter_lints → 0 (abandoned) [rv=0 eg=0 pop=0 pt=-5 pq=0]
2026-08-28T13:47:53.154Z  [INFO ]  flutter_lints: platforms missing from API, using known issue
2026-08-28T13:47:53.154Z  [INFO ]  flutter_lints: pubPoints missing from API, known issue has 160
2026-08-28T13:47:53.155Z  [INFO ]  [8/11] riverpod
2026-08-28T13:47:53.155Z  [CACHE]  MISS pub.info.riverpod
2026-08-28T13:47:53.155Z  [API  ]  GET https://pub.dev/api/packages/riverpod
2026-08-28T13:47:53.158Z  [CACHE]  MISS pub.metrics.riverpod
2026-08-28T13:47:53.158Z  [API  ]  GET https://pub.dev/api/packages/riverpod/metrics
2026-08-28T13:47:53.162Z  [API  ]  GET https://pub.dev/api/packages/riverpod/score
2026-08-28T13:47:53.165Z  [CACHE]  HIT  pub.publisher.riverpod
2026-08-28T13:47:53.165Z  [CACHE]  MISS pub.reverseDeps.riverpod
2026-08-28T13:47:53.165Z  [API  ]  GET https://pub.dev/packages?q=dependency%3Ariverpod
2026-08-28T13:47:54.022Z  [SCORE]  dio → 2.5 (abandoned) [rv=0 eg=0 pop=0 pt=-5 pq=0]
2026-08-28T13:47:54.022Z  [INFO ]  dio: platforms missing from API, using known issue
2026-08-28T13:47:54.022Z  [INFO ]  dio: pubPoints missing from API, known issue has 160
2026-08-28T13:47:54.022Z  [INFO ]  [9/11] saropa_lints
2026-08-28T13:47:54.022Z  [CACHE]  MISS pub.info.saropa_lints
2026-08-28T13:47:54.022Z  [API  ]  GET https://pub.dev/api/packages/saropa_lints
2026-08-28T13:47:54.026Z  [CACHE]  MISS pub.metrics.saropa_lints
2026-08-28T13:47:54.026Z  [API  ]  GET https://pub.dev/api/packages/saropa_lints/metrics
2026-08-28T13:47:54.029Z  [API  ]  GET https://pub.dev/api/packages/saropa_lints/score
2026-08-28T13:47:54.033Z  [CACHE]  HIT  pub.publisher.saropa_lints
2026-08-28T13:47:54.033Z  [CACHE]  MISS pub.reverseDeps.saropa_lints
2026-08-28T13:47:54.033Z  [API  ]  GET https://pub.dev/packages?q=dependency%3Asaropa_lints
2026-08-28T13:47:54.752Z  [API  ]  200 OK (8721ms)
2026-08-28T13:47:54.773Z  [API  ]  200 OK (7433ms)
2026-08-28T13:47:55.596Z  [API  ]  200 OK (10748ms)
2026-08-28T13:47:56.908Z  [API  ]  200 OK (9559ms)
2026-08-28T13:47:58.868Z  [API  ]  200 OK (11523ms)
2026-08-28T13:48:03.914Z  [ERROR]  Failed to fetch package info for riverpod from https://pub.dev
2026-08-28T13:48:03.914Z  [ERROR]  Failed to fetch metrics for riverpod from https://pub.dev
2026-08-28T13:48:04.413Z  [ERROR]  Failed to fetch package info for saropa_lints from https://pub.dev
2026-08-28T13:48:05.004Z  [API  ]  200 OK (10978ms)
2026-08-28T13:48:22.904Z  [API  ]  200 OK (28875ms)
2026-08-28T13:48:22.906Z  [API  ]  200 OK (28873ms)
2026-08-28T13:48:23.099Z  [ERROR]  Failed to fetch package info for lottie from https://pub.dev
2026-08-28T13:48:23.509Z  [CACHE]  MISS pub.archiveSize.saropa_lints
2026-08-28T13:48:23.509Z  [API  ]  GET https://pub.dev/api/packages/saropa_lints
2026-08-28T13:48:23.513Z  [API  ]  GET https://pub.dev/api/packages/saropa_lints
2026-08-28T13:48:24.248Z  [API  ]  200 OK (735ms)
2026-08-28T13:48:24.353Z  [API  ]  200 OK (844ms)
2026-08-28T13:48:24.525Z  [API  ]  HEAD https://pub.dev/api/archives/saropa_lints-15.2.2.tar.gz
2026-08-28T13:48:24.925Z  [API  ]  200 OK (400ms)
2026-08-28T13:48:24.951Z  [CACHE]  MISS pub.tarball.npgr1p
2026-08-28T13:48:24.951Z  [API  ]  GET https://pub.dev/api/archives/saropa_lints-15.2.2.tar.gz
2026-08-28T13:48:25.641Z  [API  ]  200 OK (690ms)
2026-08-28T13:49:01.170Z  [CACHE]  MISS pub.archiveSize.lottie
2026-08-28T13:49:01.170Z  [API  ]  GET https://pub.dev/api/packages/lottie
2026-08-28T13:49:01.173Z  [API  ]  GET https://pub.dev/api/packages/lottie
2026-08-28T13:49:11.161Z  [API  ]  200 OK (77996ms)
2026-08-28T13:49:11.429Z  [SCORE]  lottie → 10 (abandoned) [rv=0 eg=0 pop=50 pt=-5 pq=10]
2026-08-28T13:49:11.429Z  [INFO ]  [10/11] vector_graphics
2026-08-28T13:49:11.429Z  [CACHE]  MISS pub.info.vector_graphics
2026-08-28T13:49:11.429Z  [API  ]  GET https://pub.dev/api/packages/vector_graphics
2026-08-28T13:49:11.434Z  [CACHE]  MISS pub.metrics.vector_graphics
2026-08-28T13:49:11.434Z  [API  ]  GET https://pub.dev/api/packages/vector_graphics/metrics
2026-08-28T13:49:11.438Z  [API  ]  GET https://pub.dev/api/packages/vector_graphics/score
2026-08-28T13:49:11.445Z  [CACHE]  HIT  pub.publisher.vector_graphics
2026-08-28T13:49:11.445Z  [CACHE]  MISS pub.reverseDeps.vector_graphics
2026-08-28T13:49:11.445Z  [API  ]  GET https://pub.dev/packages?q=dependency%3Avector_graphics
2026-08-28T13:49:11.537Z  [CACHE]  MISS pub.archiveSize.riverpod
2026-08-28T13:49:11.537Z  [API  ]  GET https://pub.dev/api/packages/riverpod
2026-08-28T13:49:11.542Z  [API  ]  GET https://pub.dev/api/packages/riverpod
2026-08-28T13:49:14.038Z  [API  ]  200 OK (2496ms)
2026-08-28T13:49:14.221Z  [CACHE]  MISS pub.tarball.4u7372
2026-08-28T13:49:14.221Z  [API  ]  GET https://pub.dev/api/archives/riverpod-3.4.2.tar.gz
2026-08-28T13:49:14.364Z  [API  ]  200 OK (143ms)
2026-08-28T13:49:14.670Z  [API  ]  200 OK (3241ms)
2026-08-28T13:49:14.688Z  [API  ]  200 OK (3151ms)
2026-08-28T13:49:14.732Z  [API  ]  HEAD https://pub.dev/api/archives/riverpod-3.4.2.tar.gz
2026-08-28T13:49:14.895Z  [API  ]  200 OK (163ms)
2026-08-28T13:49:15.778Z  [API  ]  200 OK (4340ms)
2026-08-28T13:49:16.762Z  [API  ]  200 OK (5317ms)
2026-08-28T13:49:16.769Z  [API  ]  200 OK (5335ms)
2026-08-28T13:49:16.876Z  [CACHE]  MISS gh.flutter.packages
2026-08-28T13:49:16.876Z  [API  ]  GET https://api.github.com/repos/flutter/packages
2026-08-28T13:49:16.876Z  [API  ]  GET https://api.github.com/repos/flutter/packages/issues?state=closed&since=2026-05-30T13:49:16.876Z&per_page=100
2026-08-28T13:49:16.876Z  [API  ]  GET https://api.github.com/repos/flutter/packages/pulls?state=closed&per_page=100
2026-08-28T13:49:16.876Z  [API  ]  GET https://api.github.com/repos/flutter/packages/issues?state=open&sort=comments&direction=desc&per_page=50
2026-08-28T13:49:16.876Z  [API  ]  GET https://api.github.com/repos/flutter/packages/pulls?state=open&per_page=100
2026-08-28T13:49:18.731Z  [API  ]  200 OK (1855ms)
2026-08-28T13:49:18.731Z  [API  ]  200 OK (1855ms)
2026-08-28T13:49:18.731Z  [API  ]  200 OK (1855ms)
2026-08-28T13:49:18.731Z  [API  ]  200 OK (1855ms)
2026-08-28T13:49:18.731Z  [API  ]  200 OK (1855ms)
2026-08-28T13:49:21.016Z  [CACHE]  MISS pub.archiveSize.vector_graphics
2026-08-28T13:49:21.022Z  [API  ]  HEAD https://pub.dev/api/archives/vector_graphics-1.2.3.tar.gz
2026-08-28T13:49:21.026Z  [CACHE]  MISS pub.tarball.4gehet
2026-08-28T13:49:21.026Z  [API  ]  GET https://pub.dev/api/archives/vector_graphics-1.2.3.tar.gz
2026-08-28T13:49:21.444Z  [API  ]  200 OK (422ms)
2026-08-28T13:49:21.561Z  [API  ]  200 OK (535ms)
2026-08-28T13:49:23.546Z  [SCORE]  vector_graphics → 64.1 (stable) [rv=50 eg=50 pop=96.875 pt=-5 pq=9.375]
2026-08-28T13:49:23.546Z  [INFO ]  [11/11] vector_graphics_compiler
2026-08-28T13:49:23.546Z  [CACHE]  MISS pub.info.vector_graphics_compiler
2026-08-28T13:49:23.546Z  [API  ]  GET https://pub.dev/api/packages/vector_graphics_compiler
2026-08-28T13:49:23.548Z  [CACHE]  MISS pub.metrics.vector_graphics_compiler
2026-08-28T13:49:23.548Z  [API  ]  GET https://pub.dev/api/packages/vector_graphics_compiler/metrics
2026-08-28T13:49:23.551Z  [API  ]  GET https://pub.dev/api/packages/vector_graphics_compiler/score
2026-08-28T13:49:23.554Z  [CACHE]  HIT  pub.publisher.vector_graphics_compiler
2026-08-28T13:49:23.554Z  [CACHE]  MISS pub.reverseDeps.vector_graphics_compiler
2026-08-28T13:49:23.554Z  [API  ]  GET https://pub.dev/packages?q=dependency%3Avector_graphics_compiler
2026-08-28T13:49:24.048Z  [API  ]  200 OK (500ms)
2026-08-28T13:49:24.442Z  [API  ]  200 OK (891ms)
2026-08-28T13:49:24.687Z  [API  ]  200 OK (1141ms)
2026-08-28T13:49:24.701Z  [API  ]  200 OK (1147ms)
2026-08-28T13:49:24.762Z  [SCORE]  go_router → 5 (abandoned) [rv=0 eg=0 pop=0 pt=-5 pq=0]
2026-08-28T13:49:24.762Z  [INFO ]  go_router: platforms missing from API, using known issue
2026-08-28T13:49:24.762Z  [INFO ]  go_router: pubPoints missing from API, known issue has 150
2026-08-28T13:49:25.984Z  [CACHE]  HIT  gh.flutter.packages
2026-08-28T13:49:25.985Z  [CACHE]  MISS pub.archiveSize.vector_graphics_compiler
2026-08-28T13:49:25.987Z  [API  ]  HEAD https://pub.dev/api/archives/vector_graphics_compiler-1.3.0.tar.gz
2026-08-28T13:49:25.990Z  [CACHE]  MISS pub.tarball.wvjh21
2026-08-28T13:49:25.990Z  [API  ]  GET https://pub.dev/api/archives/vector_graphics_compiler-1.3.0.tar.gz
2026-08-28T13:49:26.152Z  [API  ]  200 OK (165ms)
2026-08-28T13:49:26.422Z  [API  ]  200 OK (432ms)
2026-08-28T13:49:28.165Z  [SCORE]  vector_graphics_compiler → 61.6 (stable) [rv=50 eg=50 pop=96.875 pt=-5 pq=9.375]
2026-08-28T13:51:38.411Z  [SCORE]  flutter_launcher_icons → 0 (abandoned) [rv=0 eg=0 pop=0 pt=-5 pq=0]
2026-08-28T13:51:38.411Z  [INFO ]  flutter_launcher_icons: platforms missing from API, using known issue
2026-08-28T13:51:38.411Z  [INFO ]  flutter_launcher_icons: pubPoints missing from API, known issue has 160
2026-08-28T13:52:54.852Z  [SCORE]  cupertino_icons → 0 (abandoned) [rv=0 eg=0 pop=0 pt=-5 pq=0]
2026-08-28T13:52:54.852Z  [INFO ]  cupertino_icons: platforms missing from API, using known issue
2026-08-28T13:52:54.852Z  [INFO ]  cupertino_icons: pubPoints missing from API, known issue has 150
2026-08-28T13:56:53.243Z  [SCORE]  saropa_lints → 14.1 (abandoned) [rv=0 eg=0 pop=46.875 pt=-5 pq=9.375]
2026-08-28T14:04:39.277Z  [SCORE]  riverpod → 0 (abandoned) [rv=0 eg=0 pop=0 pt=-5 pq=0]
2026-08-28T14:04:40.829Z  [ERROR]  Blocker analysis skipped — CLI commands failed — pub outdated: Command failed: dart pub outdated --json --transitive
Cannot specify both `--json` and `--transitive`
The json report always includes transitive dependencies.

Usage: dart pub outdated [options]
-h, --help                         Print this usage information.
    --[no-]dependency-overrides    Show resolutions with `dependency_overrides`.
                                   (defaults to on)
    --[no-]dev-dependencies        Take dev dependencies into account.
                                   (defaults to on)
    --json                         Output the results using a json format.
    --[no-]prereleases             Include prereleases in latest version.
    --[no-]show-all                Include dependencies that are already
                                   fulfilling --mode.
    --[no-]transitive              Show transitive dependencies.
                                   (defaults to on)
-C, --directory=<dir>              Run this in the directory <dir>.

Run "dart help" to see global options.
See https://dart.dev/tools/pub/cmd/pub-outdated for detailed documentation.

2026-08-28T14:04:41.385Z  [CACHE]  MISS pub.archiveSize.async
2026-08-28T14:04:41.385Z  [API  ]  GET https://pub.dev/api/packages/async
2026-08-28T14:04:41.388Z  [CACHE]  MISS pub.archiveSize.collection
2026-08-28T14:04:41.388Z  [API  ]  GET https://pub.dev/api/packages/collection
2026-08-28T14:04:41.390Z  [CACHE]  MISS pub.archiveSize.meta
2026-08-28T14:04:41.390Z  [API  ]  GET https://pub.dev/api/packages/meta
2026-08-28T14:04:41.392Z  [CACHE]  MISS pub.archiveSize.http_parser
2026-08-28T14:04:41.392Z  [API  ]  GET https://pub.dev/api/packages/http_parser
2026-08-28T14:04:41.394Z  [CACHE]  MISS pub.archiveSize.source_span
2026-08-28T14:04:41.394Z  [API  ]  GET https://pub.dev/api/packages/source_span
2026-08-28T14:04:41.395Z  [CACHE]  MISS pub.archiveSize.path
2026-08-28T14:04:41.395Z  [API  ]  GET https://pub.dev/api/packages/path
2026-08-28T14:04:41.397Z  [CACHE]  MISS pub.archiveSize.term_glyph
2026-08-28T14:04:41.397Z  [API  ]  GET https://pub.dev/api/packages/term_glyph
2026-08-28T14:04:41.399Z  [CACHE]  MISS pub.archiveSize.string_scanner
2026-08-28T14:04:41.399Z  [API  ]  GET https://pub.dev/api/packages/string_scanner
2026-08-28T14:04:41.401Z  [CACHE]  MISS pub.archiveSize.typed_data
2026-08-28T14:04:41.401Z  [API  ]  GET https://pub.dev/api/packages/typed_data
2026-08-28T14:04:41.403Z  [CACHE]  MISS pub.archiveSize.mime
2026-08-28T14:04:41.403Z  [API  ]  GET https://pub.dev/api/packages/mime
2026-08-28T14:04:41.405Z  [CACHE]  MISS pub.archiveSize.dio_web_adapter
2026-08-28T14:04:41.405Z  [API  ]  GET https://pub.dev/api/packages/dio_web_adapter
2026-08-28T14:04:41.407Z  [CACHE]  MISS pub.archiveSize.web
2026-08-28T14:04:41.407Z  [API  ]  GET https://pub.dev/api/packages/web
2026-08-28T14:04:41.409Z  [CACHE]  MISS pub.archiveSize.args
2026-08-28T14:04:41.409Z  [API  ]  GET https://pub.dev/api/packages/args
2026-08-28T14:04:41.411Z  [CACHE]  MISS pub.archiveSize.checked_yaml
2026-08-28T14:04:41.411Z  [API  ]  GET https://pub.dev/api/packages/checked_yaml
2026-08-28T14:04:41.413Z  [CACHE]  MISS pub.archiveSize.json_annotation
2026-08-28T14:04:41.413Z  [API  ]  GET https://pub.dev/api/packages/json_annotation
2026-08-28T14:04:41.416Z  [CACHE]  MISS pub.archiveSize.yaml
2026-08-28T14:04:41.416Z  [API  ]  GET https://pub.dev/api/packages/yaml
2026-08-28T14:04:41.420Z  [CACHE]  MISS pub.archiveSize.cli_util
2026-08-28T14:04:41.420Z  [API  ]  GET https://pub.dev/api/packages/cli_util
2026-08-28T14:04:41.422Z  [CACHE]  MISS pub.archiveSize.image
2026-08-28T14:04:41.422Z  [API  ]  GET https://pub.dev/api/packages/image
2026-08-28T14:04:41.424Z  [CACHE]  MISS pub.archiveSize.archive
2026-08-28T14:04:41.424Z  [API  ]  GET https://pub.dev/api/packages/archive
2026-08-28T14:04:41.426Z  [CACHE]  MISS pub.archiveSize.posix
2026-08-28T14:04:41.426Z  [API  ]  GET https://pub.dev/api/packages/posix
2026-08-28T14:04:41.428Z  [CACHE]  MISS pub.archiveSize.ffi
2026-08-28T14:04:41.428Z  [API  ]  GET https://pub.dev/api/packages/ffi
2026-08-28T14:04:41.430Z  [CACHE]  MISS pub.archiveSize.lints
2026-08-28T14:04:41.430Z  [API  ]  GET https://pub.dev/api/packages/lints
2026-08-28T14:04:41.432Z  [CACHE]  MISS pub.archiveSize.flutter
2026-08-28T14:04:41.432Z  [API  ]  GET https://pub.dev/api/packages/flutter
2026-08-28T14:04:41.434Z  [CACHE]  MISS pub.archiveSize.characters
2026-08-28T14:04:41.434Z  [API  ]  GET https://pub.dev/api/packages/characters
2026-08-28T14:04:41.436Z  [CACHE]  MISS pub.archiveSize.material_color_utilities
2026-08-28T14:04:41.436Z  [API  ]  GET https://pub.dev/api/packages/material_color_utilities
2026-08-28T14:04:41.437Z  [CACHE]  MISS pub.archiveSize.vector_math
2026-08-28T14:04:41.437Z  [API  ]  GET https://pub.dev/api/packages/vector_math
2026-08-28T14:04:41.439Z  [CACHE]  MISS pub.archiveSize.sky_engine
2026-08-28T14:04:41.439Z  [API  ]  GET https://pub.dev/api/packages/sky_engine
2026-08-28T14:04:41.441Z  [CACHE]  MISS pub.archiveSize.flutter_test
2026-08-28T14:04:41.441Z  [API  ]  GET https://pub.dev/api/packages/flutter_test
2026-08-28T14:04:41.443Z  [CACHE]  MISS pub.archiveSize.test_api
2026-08-28T14:04:41.443Z  [API  ]  GET https://pub.dev/api/packages/test_api
2026-08-28T14:04:41.445Z  [CACHE]  MISS pub.archiveSize.boolean_selector
2026-08-28T14:04:41.445Z  [API  ]  GET https://pub.dev/api/packages/boolean_selector
2026-08-28T14:04:41.447Z  [CACHE]  MISS pub.archiveSize.stack_trace
2026-08-28T14:04:41.447Z  [API  ]  GET https://pub.dev/api/packages/stack_trace
2026-08-28T14:04:41.449Z  [CACHE]  MISS pub.archiveSize.stream_channel
2026-08-28T14:04:41.449Z  [API  ]  GET https://pub.dev/api/packages/stream_channel
2026-08-28T14:04:41.451Z  [CACHE]  MISS pub.archiveSize.matcher
2026-08-28T14:04:41.451Z  [API  ]  GET https://pub.dev/api/packages/matcher
2026-08-28T14:04:41.454Z  [CACHE]  MISS pub.archiveSize.fake_async
2026-08-28T14:04:41.454Z  [API  ]  GET https://pub.dev/api/packages/fake_async
2026-08-28T14:04:41.456Z  [CACHE]  MISS pub.archiveSize.clock
2026-08-28T14:04:41.456Z  [API  ]  GET https://pub.dev/api/packages/clock
2026-08-28T14:04:41.460Z  [CACHE]  MISS pub.archiveSize.leak_tracker_flutter_testing
2026-08-28T14:04:41.460Z  [API  ]  GET https://pub.dev/api/packages/leak_tracker_flutter_testing
2026-08-28T14:04:41.462Z  [CACHE]  MISS pub.archiveSize.leak_tracker
2026-08-28T14:04:41.462Z  [API  ]  GET https://pub.dev/api/packages/leak_tracker
2026-08-28T14:04:41.464Z  [CACHE]  MISS pub.archiveSize.vm_service
2026-08-28T14:04:41.464Z  [API  ]  GET https://pub.dev/api/packages/vm_service
2026-08-28T14:04:41.465Z  [CACHE]  MISS pub.archiveSize.leak_tracker_testing
2026-08-28T14:04:41.465Z  [API  ]  GET https://pub.dev/api/packages/leak_tracker_testing
2026-08-28T14:04:41.467Z  [CACHE]  MISS pub.archiveSize.listen
2026-08-28T14:04:41.467Z  [API  ]  GET https://pub.dev/api/packages/listen
2026-08-28T14:04:41.469Z  [CACHE]  MISS pub.archiveSize.state_notifier
2026-08-28T14:04:41.469Z  [API  ]  GET https://pub.dev/api/packages/state_notifier
2026-08-28T14:04:41.471Z  [CACHE]  MISS pub.archiveSize.test
2026-08-28T14:04:41.471Z  [API  ]  GET https://pub.dev/api/packages/test
2026-08-28T14:04:41.473Z  [CACHE]  MISS pub.archiveSize.analyzer
2026-08-28T14:04:41.473Z  [API  ]  GET https://pub.dev/api/packages/analyzer
2026-08-28T14:04:41.474Z  [CACHE]  MISS pub.archiveSize._fe_analyzer_shared
2026-08-28T14:04:41.475Z  [API  ]  GET https://pub.dev/api/packages/_fe_analyzer_shared
2026-08-28T14:04:41.476Z  [CACHE]  MISS pub.archiveSize.convert
2026-08-28T14:04:41.476Z  [API  ]  GET https://pub.dev/api/packages/convert
2026-08-28T14:04:41.478Z  [CACHE]  MISS pub.archiveSize.crypto
2026-08-28T14:04:41.478Z  [API  ]  GET https://pub.dev/api/packages/crypto
2026-08-28T14:04:41.480Z  [CACHE]  MISS pub.archiveSize.glob
2026-08-28T14:04:41.480Z  [API  ]  GET https://pub.dev/api/packages/glob
2026-08-28T14:04:41.482Z  [CACHE]  MISS pub.archiveSize.file
2026-08-28T14:04:41.482Z  [API  ]  GET https://pub.dev/api/packages/file
2026-08-28T14:04:41.483Z  [CACHE]  MISS pub.archiveSize.package_config
2026-08-28T14:04:41.483Z  [API  ]  GET https://pub.dev/api/packages/package_config
2026-08-28T14:04:41.486Z  [CACHE]  MISS pub.archiveSize.pub_semver
2026-08-28T14:04:41.486Z  [API  ]  GET https://pub.dev/api/packages/pub_semver
2026-08-28T14:04:41.487Z  [CACHE]  MISS pub.archiveSize.watcher
2026-08-28T14:04:41.487Z  [API  ]  GET https://pub.dev/api/packages/watcher
2026-08-28T14:04:41.489Z  [CACHE]  MISS pub.archiveSize.coverage
2026-08-28T14:04:41.489Z  [API  ]  GET https://pub.dev/api/packages/coverage
2026-08-28T14:04:41.491Z  [CACHE]  MISS pub.archiveSize.cli_config
2026-08-28T14:04:41.491Z  [API  ]  GET https://pub.dev/api/packages/cli_config
2026-08-28T14:04:41.493Z  [CACHE]  MISS pub.archiveSize.logging
2026-08-28T14:04:41.493Z  [API  ]  GET https://pub.dev/api/packages/logging
2026-08-28T14:04:41.495Z  [CACHE]  MISS pub.archiveSize.source_maps
2026-08-28T14:04:41.495Z  [API  ]  GET https://pub.dev/api/packages/source_maps
2026-08-28T14:04:41.497Z  [CACHE]  MISS pub.archiveSize.http_multi_server
2026-08-28T14:04:41.497Z  [API  ]  GET https://pub.dev/api/packages/http_multi_server
2026-08-28T14:04:41.499Z  [CACHE]  MISS pub.archiveSize.io
2026-08-28T14:04:41.499Z  [API  ]  GET https://pub.dev/api/packages/io
2026-08-28T14:04:41.501Z  [CACHE]  MISS pub.archiveSize.node_preamble
2026-08-28T14:04:41.501Z  [API  ]  GET https://pub.dev/api/packages/node_preamble
2026-08-28T14:04:41.503Z  [CACHE]  MISS pub.archiveSize.pool
2026-08-28T14:04:41.503Z  [API  ]  GET https://pub.dev/api/packages/pool
2026-08-28T14:04:41.505Z  [CACHE]  MISS pub.archiveSize.shelf
2026-08-28T14:04:41.505Z  [API  ]  GET https://pub.dev/api/packages/shelf
2026-08-28T14:04:41.507Z  [CACHE]  MISS pub.archiveSize.shelf_packages_handler
2026-08-28T14:04:41.507Z  [API  ]  GET https://pub.dev/api/packages/shelf_packages_handler
2026-08-28T14:04:41.508Z  [CACHE]  MISS pub.archiveSize.shelf_static
2026-08-28T14:04:41.508Z  [API  ]  GET https://pub.dev/api/packages/shelf_static
2026-08-28T14:04:41.510Z  [CACHE]  MISS pub.archiveSize.shelf_web_socket
2026-08-28T14:04:41.510Z  [API  ]  GET https://pub.dev/api/packages/shelf_web_socket
2026-08-28T14:04:41.512Z  [CACHE]  MISS pub.archiveSize.web_socket_channel
2026-08-28T14:04:41.512Z  [API  ]  GET https://pub.dev/api/packages/web_socket_channel
2026-08-28T14:04:41.514Z  [CACHE]  MISS pub.archiveSize.web_socket
2026-08-28T14:04:41.514Z  [API  ]  GET https://pub.dev/api/packages/web_socket
2026-08-28T14:04:41.515Z  [CACHE]  MISS pub.archiveSize.test_core
2026-08-28T14:04:41.515Z  [API  ]  GET https://pub.dev/api/packages/test_core
2026-08-28T14:04:41.517Z  [CACHE]  MISS pub.archiveSize.frontend_server_client
2026-08-28T14:04:41.517Z  [API  ]  GET https://pub.dev/api/packages/frontend_server_client
2026-08-28T14:04:41.519Z  [CACHE]  MISS pub.archiveSize.source_map_stack_trace
2026-08-28T14:04:41.519Z  [API  ]  GET https://pub.dev/api/packages/source_map_stack_trace
2026-08-28T14:04:41.521Z  [CACHE]  MISS pub.archiveSize.webkit_inspection_protocol
2026-08-28T14:04:41.521Z  [API  ]  GET https://pub.dev/api/packages/webkit_inspection_protocol
2026-08-28T14:04:41.523Z  [CACHE]  MISS pub.archiveSize.uuid
2026-08-28T14:04:41.523Z  [API  ]  GET https://pub.dev/api/packages/uuid
2026-08-28T14:04:41.525Z  [CACHE]  MISS pub.archiveSize.fixnum
2026-08-28T14:04:41.525Z  [API  ]  GET https://pub.dev/api/packages/fixnum
2026-08-28T14:04:41.526Z  [CACHE]  MISS pub.archiveSize.flutter_web_plugins
2026-08-28T14:04:41.526Z  [API  ]  GET https://pub.dev/api/packages/flutter_web_plugins
2026-08-28T14:04:41.528Z  [CACHE]  MISS pub.archiveSize.http
2026-08-28T14:04:41.528Z  [API  ]  GET https://pub.dev/api/packages/http
2026-08-28T14:04:41.530Z  [CACHE]  MISS pub.archiveSize.analysis_server_plugin
2026-08-28T14:04:41.530Z  [API  ]  GET https://pub.dev/api/packages/analysis_server_plugin
2026-08-28T14:04:41.532Z  [CACHE]  MISS pub.archiveSize.analyzer_plugin
2026-08-28T14:04:41.532Z  [API  ]  GET https://pub.dev/api/packages/analyzer_plugin
2026-08-28T14:04:41.534Z  [CACHE]  MISS pub.archiveSize.dart_style
2026-08-28T14:04:41.534Z  [API  ]  GET https://pub.dev/api/packages/dart_style
2026-08-28T14:04:41.535Z  [CACHE]  MISS pub.archiveSize.yaml_edit
2026-08-28T14:04:41.535Z  [API  ]  GET https://pub.dev/api/packages/yaml_edit
2026-08-28T14:04:41.537Z  [CACHE]  MISS pub.archiveSize.vector_graphics_codec
2026-08-28T14:04:41.537Z  [API  ]  GET https://pub.dev/api/packages/vector_graphics_codec
2026-08-28T14:04:41.540Z  [CACHE]  MISS pub.archiveSize.path_parsing
2026-08-28T14:04:41.540Z  [API  ]  GET https://pub.dev/api/packages/path_parsing
2026-08-28T14:04:41.542Z  [CACHE]  MISS pub.archiveSize.xml
2026-08-28T14:04:41.542Z  [API  ]  GET https://pub.dev/api/packages/xml
2026-08-28T14:04:41.543Z  [CACHE]  MISS pub.archiveSize.petitparser
2026-08-28T14:04:41.543Z  [API  ]  GET https://pub.dev/api/packages/petitparser
2026-08-28T14:04:42.930Z  [API  ]  200 OK (1487ms)
2026-08-28T14:04:42.932Z  [API  ]  200 OK (1456ms)
2026-08-28T14:04:42.933Z  [API  ]  HEAD https://pub.dev/api/archives/convert-3.1.2.tar.gz
2026-08-28T14:04:42.937Z  [API  ]  HEAD https://pub.dev/api/archives/test_api-0.7.13.tar.gz
2026-08-28T14:04:42.940Z  [API  ]  200 OK (1512ms)
2026-08-28T14:04:42.941Z  [API  ]  HEAD https://pub.dev/api/archives/ffi-2.2.0.tar.gz
2026-08-28T14:04:42.974Z  [API  ]  200 OK (1554ms)
2026-08-28T14:04:42.976Z  [API  ]  HEAD https://pub.dev/api/archives/cli_util-0.6.0.tar.gz
2026-08-28T14:04:42.991Z  [API  ]  200 OK (1449ms)
2026-08-28T14:04:42.996Z  [API  ]  200 OK (1507ms)
2026-08-28T14:04:42.997Z  [API  ]  200 OK (1535ms)
2026-08-28T14:04:42.998Z  [API  ]  200 OK (1608ms)
2026-08-28T14:04:43.001Z  [API  ]  HEAD https://pub.dev/api/archives/xml-7.0.1.tar.gz
2026-08-28T14:04:43.006Z  [API  ]  200 OK (1487ms)
2026-08-28T14:04:43.006Z  [API  ]  200 OK (1567ms)
2026-08-28T14:04:43.007Z  [API  ]  404 Not Found (1566ms)
2026-08-28T14:04:43.007Z  [API  ]  200 OK (1540ms)
2026-08-28T14:04:43.009Z  [API  ]  HEAD https://pub.dev/api/archives/listen-1.0.1.tar.gz
2026-08-28T14:04:43.012Z  [API  ]  HEAD https://pub.dev/api/archives/source_map_stack_trace-2.1.2.tar.gz
2026-08-28T14:04:43.016Z  [API  ]  HEAD https://pub.dev/api/archives/leak_tracker-11.0.2.tar.gz
2026-08-28T14:04:43.024Z  [API  ]  HEAD https://pub.dev/api/archives/coverage-1.15.1.tar.gz
2026-08-28T14:04:43.027Z  [API  ]  HEAD https://pub.dev/api/archives/sky_engine-0.0.99.tar.gz
2026-08-28T14:04:43.030Z  [API  ]  HEAD https://pub.dev/api/archives/meta-1.19.0.tar.gz
2026-08-28T14:04:43.036Z  [API  ]  200 OK (1506ms)
2026-08-28T14:04:43.038Z  [API  ]  200 OK (101ms)
2026-08-28T14:04:43.039Z  [API  ]  200 OK (106ms)
2026-08-28T14:04:43.054Z  [API  ]  200 OK (113ms)
2026-08-28T14:04:43.055Z  [API  ]  200 OK (1530ms)
2026-08-28T14:04:43.065Z  [API  ]  200 OK (1666ms)
2026-08-28T14:04:43.069Z  [API  ]  200 OK (1660ms)
2026-08-28T14:04:43.070Z  [API  ]  HEAD https://pub.dev/api/archives/analysis_server_plugin-0.3.20.tar.gz
2026-08-28T14:04:43.073Z  [API  ]  HEAD https://pub.dev/api/archives/fixnum-1.1.1.tar.gz
2026-08-28T14:04:43.100Z  [API  ]  HEAD https://pub.dev/api/archives/string_scanner-1.4.1.tar.gz
2026-08-28T14:04:43.119Z  [API  ]  200 OK (1616ms)
2026-08-28T14:04:43.131Z  [API  ]  200 OK (1666ms)
2026-08-28T14:04:43.131Z  [API  ]  200 OK (1630ms)
2026-08-28T14:04:43.132Z  [API  ]  200 OK (131ms)
2026-08-28T14:04:43.133Z  [API  ]  200 OK (1748ms)
2026-08-28T14:04:43.134Z  [API  ]  200 OK (118ms)
2026-08-28T14:04:43.134Z  [API  ]  200 OK (110ms)
2026-08-28T14:04:43.135Z  [API  ]  200 OK (105ms)
2026-08-28T14:04:43.136Z  [API  ]  200 OK (124ms)
2026-08-28T14:04:43.136Z  [API  ]  200 OK (127ms)
2026-08-28T14:04:43.157Z  [API  ]  200 OK (1765ms)
2026-08-28T14:04:43.157Z  [API  ]  200 OK (1636ms)
2026-08-28T14:04:43.159Z  [API  ]  200 OK (1688ms)
2026-08-28T14:04:43.160Z  [API  ]  HEAD https://pub.dev/api/archives/node_preamble-2.0.2.tar.gz
2026-08-28T14:04:43.163Z  [API  ]  HEAD https://pub.dev/api/archives/pool-1.5.2.tar.gz
2026-08-28T14:04:43.208Z  [API  ]  HEAD https://pub.dev/api/archives/http_parser-4.1.2.tar.gz
2026-08-28T14:04:43.211Z  [API  ]  HEAD https://pub.dev/api/archives/webkit_inspection_protocol-1.2.1.tar.gz
2026-08-28T14:04:43.214Z  [API  ]  HEAD https://pub.dev/api/archives/async-2.13.1.tar.gz
2026-08-28T14:04:43.232Z  [API  ]  HEAD https://pub.dev/api/archives/args-2.7.0.tar.gz
2026-08-28T14:04:43.248Z  [API  ]  HEAD https://pub.dev/api/archives/vm_service-15.3.0.tar.gz
2026-08-28T14:04:43.276Z  [API  ]  200 OK (1748ms)
2026-08-28T14:04:43.279Z  [API  ]  HEAD https://pub.dev/api/archives/http-1.6.0.tar.gz
2026-08-28T14:04:43.308Z  [API  ]  200 OK (1843ms)
2026-08-28T14:04:43.309Z  [API  ]  HEAD https://pub.dev/api/archives/leak_tracker_testing-3.0.2.tar.gz
2026-08-28T14:04:43.321Z  [API  ]  200 OK (113ms)
2026-08-28T14:04:43.335Z  [API  ]  200 OK (1848ms)
2026-08-28T14:04:43.337Z  [API  ]  HEAD https://pub.dev/api/archives/watcher-1.2.1.tar.gz
2026-08-28T14:04:43.354Z  [API  ]  200 OK (1847ms)
2026-08-28T14:04:43.355Z  [API  ]  HEAD https://pub.dev/api/archives/shelf_packages_handler-3.0.2.tar.gz
2026-08-28T14:04:43.379Z  [API  ]  200 OK (1886ms)
2026-08-28T14:04:43.380Z  [API  ]  200 OK (1836ms)
2026-08-28T14:04:43.380Z  [API  ]  200 OK (1866ms)
2026-08-28T14:04:43.384Z  [API  ]  200 OK (314ms)
2026-08-28T14:04:43.394Z  [API  ]  HEAD https://pub.dev/api/archives/web_socket-1.0.1.tar.gz
2026-08-28T14:04:43.413Z  [API  ]  200 OK (134ms)
2026-08-28T14:04:43.434Z  [API  ]  200 OK (1987ms)
2026-08-28T14:04:43.435Z  [API  ]  200 OK (2024ms)
2026-08-28T14:04:43.436Z  [API  ]  200 OK (127ms)
2026-08-28T14:04:43.446Z  [API  ]  HEAD https://pub.dev/api/archives/checked_yaml-2.0.4.tar.gz
2026-08-28T14:04:43.461Z  [API  ]  200 OK (2054ms)
2026-08-28T14:04:43.462Z  [API  ]  HEAD https://pub.dev/api/archives/web-1.1.1.tar.gz
2026-08-28T14:04:43.469Z  [API  ]  HEAD https://pub.dev/api/archives/test-1.31.2.tar.gz
2026-08-28T14:04:43.495Z  [API  ]  200 OK (1990ms)
2026-08-28T14:04:43.496Z  [API  ]  200 OK (1979ms)
2026-08-28T14:04:43.497Z  [API  ]  HEAD https://pub.dev/api/archives/frontend_server_client-4.0.0.tar.gz
2026-08-28T14:04:43.513Z  [API  ]  200 OK (2091ms)
2026-08-28T14:04:43.517Z  [API  ]  HEAD https://pub.dev/api/archives/image-4.9.2.tar.gz
2026-08-28T14:04:43.520Z  [API  ]  HEAD https://pub.dev/api/archives/petitparser-7.0.2.tar.gz
2026-08-28T14:04:43.523Z  [API  ]  200 OK (2024ms)
2026-08-28T14:04:43.549Z  [API  ]  200 OK (2119ms)
2026-08-28T14:04:43.549Z  [API  ]  HEAD https://pub.dev/api/archives/lints-6.1.0.tar.gz
2026-08-28T14:04:43.574Z  [API  ]  200 OK (2114ms)
2026-08-28T14:04:43.575Z  [API  ]  200 OK (129ms)
2026-08-28T14:04:43.576Z  [API  ]  200 OK (413ms)
2026-08-28T14:04:43.586Z  [API  ]  200 OK (2137ms)
2026-08-28T14:04:43.588Z  [API  ]  HEAD https://pub.dev/api/archives/stream_channel-2.1.4.tar.gz
2026-08-28T14:04:43.607Z  [API  ]  200 OK (2181ms)
2026-08-28T14:04:43.607Z  [API  ]  200 OK (145ms)
2026-08-28T14:04:43.608Z  [API  ]  200 OK (376ms)
2026-08-28T14:04:43.609Z  [API  ]  200 OK (2206ms)
2026-08-28T14:04:43.629Z  [API  ]  200 OK (381ms)
2026-08-28T14:04:43.640Z  [API  ]  200 OK (123ms)
2026-08-28T14:04:43.659Z  [API  ]  HEAD https://pub.dev/api/archives/mime-2.0.0.tar.gz
2026-08-28T14:04:43.662Z  [API  ]  200 OK (2265ms)
2026-08-28T14:04:43.663Z  [API  ]  200 OK (2180ms)
2026-08-28T14:04:43.664Z  [API  ]  200 OK (2263ms)
2026-08-28T14:04:43.664Z  [API  ]  HEAD https://pub.dev/api/archives/io-1.0.5.tar.gz
2026-08-28T14:04:43.668Z  [API  ]  HEAD https://pub.dev/api/archives/term_glyph-1.2.2.tar.gz
2026-08-28T14:04:43.696Z  [API  ]  200 OK (2156ms)
2026-08-28T14:04:43.710Z  [API  ]  HEAD https://pub.dev/api/archives/package_config-3.0.0.tar.gz
2026-08-28T14:04:43.731Z  [API  ]  200 OK (2240ms)
2026-08-28T14:04:43.732Z  [API  ]  200 OK (377ms)
2026-08-28T14:04:43.733Z  [API  ]  200 OK (2345ms)
2026-08-28T14:04:43.734Z  [API  ]  200 OK (2259ms)
2026-08-28T14:04:43.750Z  [API  ]  HEAD https://pub.dev/api/archives/cli_config-0.2.0.tar.gz
2026-08-28T14:04:43.766Z  [API  ]  200 OK (2229ms)
2026-08-28T14:04:43.767Z  [API  ]  200 OK (607ms)
2026-08-28T14:04:43.788Z  [API  ]  200 OK (129ms)
2026-08-28T14:04:43.789Z  [API  ]  200 OK (125ms)
2026-08-28T14:04:43.800Z  [API  ]  HEAD https://pub.dev/api/archives/vector_graphics_codec-1.1.13.tar.gz
2026-08-28T14:04:43.815Z  [API  ]  200 OK (2300ms)
2026-08-28T14:04:43.828Z  [API  ]  HEAD https://pub.dev/api/archives/_fe_analyzer_shared-105.0.0.tar.gz
2026-08-28T14:04:43.857Z  [API  ]  200 OK (2379ms)
2026-08-28T14:04:43.857Z  [API  ]  200 OK (2362ms)
2026-08-28T14:04:43.860Z  [API  ]  HEAD https://pub.dev/api/archives/test_core-0.6.19.tar.gz
2026-08-28T14:04:43.877Z  [API  ]  HEAD https://pub.dev/api/archives/collection-1.19.1.tar.gz
2026-08-28T14:04:43.881Z  [API  ]  HEAD https://pub.dev/api/archives/source_maps-0.10.14.tar.gz
2026-08-28T14:04:43.897Z  [API  ]  200 OK (428ms)
2026-08-28T14:04:43.910Z  [API  ]  200 OK (696ms)
2026-08-28T14:04:43.911Z  [API  ]  200 OK (2442ms)
2026-08-28T14:04:43.922Z  [API  ]  HEAD https://pub.dev/api/archives/state_notifier-1.0.0.tar.gz
2026-08-28T14:04:43.952Z  [API  ]  200 OK (2528ms)
2026-08-28T14:04:44.030Z  [API  ]  200 OK (2635ms)
2026-08-28T14:04:44.031Z  [API  ]  200 OK (154ms)
2026-08-28T14:04:44.044Z  [API  ]  HEAD https://pub.dev/api/archives/leak_tracker_flutter_testing-3.0.10.tar.gz
2026-08-28T14:04:44.065Z  [API  ]  HEAD https://pub.dev/api/archives/typed_data-1.4.0.tar.gz
2026-08-28T14:04:44.069Z  [API  ]  200 OK (675ms)
2026-08-28T14:04:44.070Z  [API  ]  HEAD https://pub.dev/api/archives/path-1.9.1.tar.gz
2026-08-28T14:04:44.086Z  [API  ]  200 OK (2630ms)
2026-08-28T14:04:44.106Z  [API  ]  HEAD https://pub.dev/api/archives/clock-1.1.2.tar.gz
2026-08-28T14:04:44.109Z  [API  ]  HEAD https://pub.dev/api/archives/path_parsing-1.1.0.tar.gz
2026-08-28T14:04:44.113Z  [API  ]  HEAD https://pub.dev/api/archives/archive-4.2.0.tar.gz
2026-08-28T14:04:44.135Z  [API  ]  200 OK (585ms)
2026-08-28T14:04:44.137Z  [API  ]  200 OK (469ms)
2026-08-28T14:04:44.166Z  [API  ]  HEAD https://pub.dev/api/archives/stack_trace-1.12.1.tar.gz
2026-08-28T14:04:44.190Z  [API  ]  200 OK (2758ms)
2026-08-28T14:04:44.191Z  [API  ]  200 OK (2718ms)
2026-08-28T14:04:44.193Z  [API  ]  200 OK (128ms)
2026-08-28T14:04:44.193Z  [API  ]  200 OK (1217ms)
2026-08-28T14:04:44.204Z  [API  ]  200 OK (707ms)
2026-08-28T14:04:44.204Z  [API  ]  HEAD https://pub.dev/api/archives/flutter-0.0.20.tar.gz
2026-08-28T14:04:44.240Z  [API  ]  200 OK (2754ms)
2026-08-28T14:04:44.241Z  [API  ]  200 OK (904ms)
2026-08-28T14:04:44.242Z  [API  ]  200 OK (133ms)
2026-08-28T14:04:44.265Z  [API  ]  HEAD https://pub.dev/api/archives/pub_semver-2.2.0.tar.gz
2026-08-28T14:04:44.281Z  [API  ]  200 OK (2887ms)
2026-08-28T14:04:44.294Z  [API  ]  200 OK (774ms)
2026-08-28T14:04:44.295Z  [API  ]  200 OK (2787ms)
2026-08-28T14:04:44.307Z  [API  ]  200 OK (2870ms)
2026-08-28T14:04:44.307Z  [API  ]  200 OK (1207ms)
2026-08-28T14:04:44.309Z  [API  ]  HEAD https://pub.dev/api/archives/shelf_static-1.1.3.tar.gz
2026-08-28T14:04:44.348Z  [API  ]  200 OK (242ms)
2026-08-28T14:04:44.361Z  [API  ]  HEAD https://pub.dev/api/archives/shelf-1.4.2.tar.gz
2026-08-28T14:04:44.438Z  [API  ]  HEAD https://pub.dev/api/archives/source_span-1.10.2.tar.gz
2026-08-28T14:04:44.458Z  [API  ]  200 OK (630ms)
2026-08-28T14:04:44.490Z  [API  ]  HEAD https://pub.dev/api/archives/posix-6.5.2.tar.gz
2026-08-28T14:04:44.514Z  [API  ]  200 OK (3034ms)
2026-08-28T14:04:44.515Z  [API  ]  200 OK (655ms)
2026-08-28T14:04:44.516Z  [API  ]  200 OK (350ms)
2026-08-28T14:04:44.516Z  [API  ]  200 OK (1489ms)
2026-08-28T14:04:44.527Z  [API  ]  200 OK (3114ms)
2026-08-28T14:04:44.528Z  [API  ]  200 OK (3018ms)
2026-08-28T14:04:44.528Z  [API  ]  200 OK (3046ms)
2026-08-28T14:04:44.531Z  [API  ]  HEAD https://pub.dev/api/archives/analyzer-14.1.0.tar.gz
2026-08-28T14:04:44.547Z  [API  ]  200 OK (109ms)
2026-08-28T14:04:44.566Z  [API  ]  HEAD https://pub.dev/api/archives/glob-2.1.3.tar.gz
2026-08-28T14:04:44.582Z  [API  ]  HEAD https://pub.dev/api/archives/shelf_web_socket-3.0.0.tar.gz
2026-08-28T14:04:44.646Z  [API  ]  200 OK (3112ms)
2026-08-28T14:04:44.648Z  [API  ]  200 OK (604ms)
2026-08-28T14:04:44.648Z  [API  ]  200 OK (383ms)
2026-08-28T14:04:44.663Z  [API  ]  200 OK (741ms)
2026-08-28T14:04:44.678Z  [API  ]  HEAD https://pub.dev/api/archives/crypto-3.0.7.tar.gz
2026-08-28T14:04:44.704Z  [API  ]  HEAD https://pub.dev/api/archives/file-7.0.1.tar.gz
2026-08-28T14:04:44.722Z  [API  ]  200 OK (609ms)
2026-08-28T14:04:44.748Z  [API  ]  200 OK (3236ms)
2026-08-28T14:04:44.750Z  [API  ]  200 OK (546ms)
2026-08-28T14:04:44.770Z  [API  ]  200 OK (970ms)
2026-08-28T14:04:44.781Z  [API  ]  HEAD https://pub.dev/api/archives/logging-1.3.0.tar.gz
2026-08-28T14:04:44.796Z  [API  ]  HEAD https://pub.dev/api/archives/web_socket_channel-3.0.3.tar.gz
2026-08-28T14:04:44.821Z  [API  ]  HEAD https://pub.dev/api/archives/dart_style-3.1.13.tar.gz
2026-08-28T14:04:44.838Z  [API  ]  200 OK (1627ms)
2026-08-28T14:04:44.839Z  [API  ]  200 OK (1766ms)
2026-08-28T14:04:44.865Z  [API  ]  200 OK (3429ms)
2026-08-28T14:04:44.872Z  [API  ]  200 OK (802ms)
2026-08-28T14:04:44.894Z  [API  ]  200 OK (404ms)
2026-08-28T14:04:44.953Z  [API  ]  200 OK (1365ms)
2026-08-28T14:04:44.965Z  [API  ]  200 OK (434ms)
2026-08-28T14:04:44.965Z  [API  ]  404 Not Found (3439ms)
2026-08-28T14:04:44.976Z  [API  ]  HEAD https://pub.dev/api/archives/json_annotation-4.12.0.tar.gz
2026-08-28T14:04:45.002Z  [API  ]  200 OK (3551ms)
2026-08-28T14:04:45.004Z  [API  ]  HEAD https://pub.dev/api/archives/material_color_utilities-0.13.1.tar.gz
2026-08-28T14:04:45.033Z  [API  ]  HEAD https://pub.dev/api/archives/matcher-0.12.20.tar.gz
2026-08-28T14:04:45.075Z  [API  ]  200 OK (493ms)
2026-08-28T14:04:45.120Z  [API  ]  200 OK (442ms)
2026-08-28T14:04:45.131Z  [API  ]  200 OK (3726ms)
2026-08-28T14:04:45.132Z  [API  ]  200 OK (823ms)
2026-08-28T14:04:45.133Z  [API  ]  200 OK (3679ms)
2026-08-28T14:04:45.143Z  [API  ]  HEAD https://pub.dev/api/archives/dio_web_adapter-2.2.1.tar.gz
2026-08-28T14:04:45.166Z  [API  ]  HEAD https://pub.dev/api/archives/fake_async-1.3.3.tar.gz
2026-08-28T14:04:45.181Z  [API  ]  200 OK (360ms)
2026-08-28T14:04:45.203Z  [API  ]  200 OK (3787ms)
2026-08-28T14:04:45.209Z  [API  ]  200 OK (413ms)
2026-08-28T14:04:45.259Z  [API  ]  200 OK (3724ms)
2026-08-28T14:04:45.261Z  [API  ]  HEAD https://pub.dev/api/archives/yaml_edit-2.2.4.tar.gz
2026-08-28T14:04:45.308Z  [API  ]  HEAD https://pub.dev/api/archives/yaml-3.1.3.tar.gz
2026-08-28T14:04:45.319Z  [API  ]  200 OK (1438ms)
2026-08-28T14:04:45.333Z  [API  ]  200 OK (1583ms)
2026-08-28T14:04:45.395Z  [API  ]  200 OK (419ms)
2026-08-28T14:04:45.418Z  [API  ]  200 OK (3921ms)
2026-08-28T14:04:45.423Z  [API  ]  200 OK (115ms)
2026-08-28T14:04:45.482Z  [API  ]  200 OK (701ms)
2026-08-28T14:04:45.528Z  [API  ]  200 OK (962ms)
2026-08-28T14:04:45.574Z  [API  ]  200 OK (4129ms)
2026-08-28T14:04:45.575Z  [API  ]  HEAD https://pub.dev/api/archives/boolean_selector-2.1.2.tar.gz
2026-08-28T14:04:45.591Z  [API  ]  200 OK (4157ms)
2026-08-28T14:04:45.613Z  [API  ]  HEAD https://pub.dev/api/archives/characters-1.4.1.tar.gz
2026-08-28T14:04:45.653Z  [API  ]  200 OK (392ms)
2026-08-28T14:04:45.664Z  [API  ]  200 OK (660ms)
2026-08-28T14:04:45.750Z  [API  ]  200 OK (2040ms)
2026-08-28T14:04:45.847Z  [API  ]  200 OK (681ms)
2026-08-28T14:04:45.905Z  [API  ]  HEAD https://pub.dev/api/archives/http_multi_server-3.2.2.tar.gz
2026-08-28T14:04:45.920Z  [API  ]  200 OK (1216ms)
2026-08-28T14:04:45.996Z  [API  ]  200 OK (421ms)
2026-08-28T14:04:46.079Z  [API  ]  200 OK (4547ms)
2026-08-28T14:04:46.085Z  [API  ]  200 OK (1724ms)
2026-08-28T14:04:46.279Z  [API  ]  200 OK (1136ms)
2026-08-28T14:04:46.418Z  [API  ]  200 OK (805ms)
2026-08-28T14:04:46.549Z  [API  ]  200 OK (5026ms)
2026-08-28T14:04:46.551Z  [API  ]  HEAD https://pub.dev/api/archives/uuid-4.6.0.tar.gz
2026-08-28T14:04:46.623Z  [API  ]  200 OK (718ms)
2026-08-28T14:04:46.761Z  [API  ]  HEAD https://pub.dev/api/archives/analyzer_plugin-0.14.14.tar.gz
2026-08-28T14:04:47.375Z  [API  ]  200 OK (2342ms)
2026-08-28T14:04:47.475Z  [API  ]  HEAD https://pub.dev/api/archives/vector_math-2.4.2.tar.gz
2026-08-28T14:04:47.855Z  [API  ]  200 OK (380ms)
2026-08-28T14:04:48.405Z  [API  ]  200 OK (1854ms)
2026-08-28T14:04:50.980Z  [API  ]  200 OK (4219ms)
2026-08-28T14:04:51.026Z  [INFO ]  Dep graph: 11 direct, 81 transitive, 0 overrides
2026-08-28T14:04:51.026Z  [CACHE]  MISS osv.vulns.cupertino_icons.1.0.9
2026-08-28T14:04:51.026Z  [CACHE]  MISS osv.vulns.dio.5.11.0
2026-08-28T14:04:51.026Z  [CACHE]  MISS osv.vulns.flutter_launcher_icons.0.14.4
2026-08-28T14:04:51.026Z  [CACHE]  MISS osv.vulns.flutter_lints.6.0.0
2026-08-28T14:04:51.026Z  [CACHE]  MISS osv.vulns.flutter_riverpod.3.4.2
2026-08-28T14:04:51.026Z  [CACHE]  MISS osv.vulns.go_router.17.5.0
2026-08-28T14:04:51.026Z  [CACHE]  MISS osv.vulns.lottie.3.5.1
2026-08-28T14:04:51.026Z  [CACHE]  MISS osv.vulns.riverpod.3.4.2
2026-08-28T14:04:51.026Z  [CACHE]  MISS osv.vulns.saropa_lints.14.0.2
2026-08-28T14:04:51.026Z  [CACHE]  MISS osv.vulns.vector_graphics.1.2.3
2026-08-28T14:04:51.026Z  [CACHE]  MISS osv.vulns.vector_graphics_compiler.1.3.0
2026-08-28T14:04:51.027Z  [API  ]  POST https://api.osv.dev/v1/querybatch
2026-08-28T14:04:51.029Z  [CACHE]  MISS ghsa.vulns.cupertino_icons.1.0.9
2026-08-28T14:04:51.029Z  [CACHE]  MISS ghsa.vulns.dio.5.11.0
2026-08-28T14:04:51.029Z  [CACHE]  MISS ghsa.vulns.flutter_launcher_icons.0.14.4
2026-08-28T14:04:51.029Z  [CACHE]  MISS ghsa.vulns.flutter_lints.6.0.0
2026-08-28T14:04:51.029Z  [CACHE]  MISS ghsa.vulns.flutter_riverpod.3.4.2
2026-08-28T14:04:51.029Z  [CACHE]  MISS ghsa.vulns.go_router.17.5.0
2026-08-28T14:04:51.029Z  [CACHE]  MISS ghsa.vulns.lottie.3.5.1
2026-08-28T14:04:51.029Z  [CACHE]  MISS ghsa.vulns.riverpod.3.4.2
2026-08-28T14:04:51.029Z  [CACHE]  MISS ghsa.vulns.saropa_lints.14.0.2
2026-08-28T14:04:51.029Z  [CACHE]  MISS ghsa.vulns.vector_graphics.1.2.3
2026-08-28T14:04:51.029Z  [CACHE]  MISS ghsa.vulns.vector_graphics_compiler.1.3.0
2026-08-28T14:04:51.030Z  [API  ]  GET https://api.github.com/advisories?ecosystem=pub&package=cupertino_icons&affects=1.0.9&per_page=100
2026-08-28T14:04:51.031Z  [API  ]  GET https://api.github.com/advisories?ecosystem=pub&package=dio&affects=5.11.0&per_page=100
2026-08-28T14:04:51.033Z  [API  ]  GET https://api.github.com/advisories?ecosystem=pub&package=flutter_launcher_icons&affects=0.14.4&per_page=100
2026-08-28T14:04:51.035Z  [API  ]  GET https://api.github.com/advisories?ecosystem=pub&package=flutter_lints&affects=6.0.0&per_page=100
2026-08-28T14:04:51.037Z  [API  ]  GET https://api.github.com/advisories?ecosystem=pub&package=flutter_riverpod&affects=3.4.2&per_page=100
2026-08-28T14:04:51.643Z  [API  ]  200 OK (610ms)
2026-08-28T14:04:51.654Z  [API  ]  200 OK (619ms)
2026-08-28T14:04:51.654Z  [API  ]  200 OK (624ms)
2026-08-28T14:04:52.093Z  [API  ]  200 OK (1062ms)
2026-08-28T14:04:52.104Z  [API  ]  200 OK (1067ms)
2026-08-28T14:04:52.105Z  [API  ]  GET https://api.github.com/advisories?ecosystem=pub&package=go_router&affects=17.5.0&per_page=100
2026-08-28T14:04:52.107Z  [API  ]  GET https://api.github.com/advisories?ecosystem=pub&package=lottie&affects=3.5.1&per_page=100
2026-08-28T14:04:52.109Z  [API  ]  GET https://api.github.com/advisories?ecosystem=pub&package=riverpod&affects=3.4.2&per_page=100
2026-08-28T14:04:52.111Z  [API  ]  GET https://api.github.com/advisories?ecosystem=pub&package=saropa_lints&affects=14.0.2&per_page=100
2026-08-28T14:04:52.112Z  [API  ]  GET https://api.github.com/advisories?ecosystem=pub&package=vector_graphics&affects=1.2.3&per_page=100
2026-08-28T14:04:52.455Z  [API  ]  200 OK (1428ms)
2026-08-28T14:04:52.502Z  [API  ]  200 OK (393ms)
2026-08-28T14:04:52.503Z  [API  ]  200 OK (392ms)
2026-08-28T14:04:52.503Z  [API  ]  200 OK (396ms)
2026-08-28T14:04:52.795Z  [API  ]  200 OK (690ms)
2026-08-28T14:04:52.810Z  [API  ]  200 OK (698ms)
2026-08-28T14:04:52.810Z  [API  ]  GET https://api.github.com/advisories?ecosystem=pub&package=vector_graphics_compiler&affects=1.3.0&per_page=100
2026-08-28T14:04:53.171Z  [API  ]  200 OK (361ms)
2026-08-28T14:04:53.912Z  [INFO ]  Scan complete — 1053604ms — vibrant:0 stable:2 outdated:0 abandoned:9 eol:0
