2026-08-26T12:58:58.428Z  [CACHE]  MISS flutter.releases
2026-08-26T12:58:58.428Z  [API  ]  GET https://storage.googleapis.com/flutter_infra_release/releases/releases_linux.json
2026-08-26T12:58:59.698Z  [API  ]  200 OK (1270ms)
2026-08-26T12:59:00.976Z  [INFO ]  Scan started — 11 packages
2026-08-26T12:59:00.976Z  [INFO ]  [1/11] cupertino_icons
2026-08-26T12:59:00.977Z  [INFO ]  Known issue: active
2026-08-26T12:59:00.977Z  [CACHE]  MISS pub.info.cupertino_icons
2026-08-26T12:59:00.977Z  [API  ]  GET https://pub.dev/api/packages/cupertino_icons
2026-08-26T12:59:00.980Z  [CACHE]  MISS pub.metrics.cupertino_icons
2026-08-26T12:59:00.980Z  [API  ]  GET https://pub.dev/api/packages/cupertino_icons/metrics
2026-08-26T12:59:00.982Z  [API  ]  GET https://pub.dev/api/packages/cupertino_icons/score
2026-08-26T12:59:00.985Z  [CACHE]  HIT  pub.publisher.cupertino_icons
2026-08-26T12:59:00.985Z  [CACHE]  MISS pub.reverseDeps.cupertino_icons
2026-08-26T12:59:00.985Z  [API  ]  GET https://pub.dev/packages?q=dependency%3Acupertino_icons
2026-08-26T12:59:00.987Z  [INFO ]  [2/11] dio
2026-08-26T12:59:00.987Z  [INFO ]  Known issue: active
2026-08-26T12:59:00.987Z  [CACHE]  MISS pub.info.dio
2026-08-26T12:59:00.987Z  [API  ]  GET https://pub.dev/api/packages/dio
2026-08-26T12:59:00.990Z  [CACHE]  MISS pub.metrics.dio
2026-08-26T12:59:00.990Z  [API  ]  GET https://pub.dev/api/packages/dio/metrics
2026-08-26T12:59:00.992Z  [API  ]  GET https://pub.dev/api/packages/dio/score
2026-08-26T12:59:00.995Z  [CACHE]  HIT  pub.publisher.dio
2026-08-26T12:59:00.995Z  [CACHE]  MISS pub.reverseDeps.dio
2026-08-26T12:59:00.995Z  [API  ]  GET https://pub.dev/packages?q=dependency%3Adio
2026-08-26T12:59:00.997Z  [INFO ]  [3/11] flutter_launcher_icons
2026-08-26T12:59:00.997Z  [INFO ]  Known issue: active
2026-08-26T12:59:00.997Z  [CACHE]  MISS pub.info.flutter_launcher_icons
2026-08-26T12:59:00.997Z  [API  ]  GET https://pub.dev/api/packages/flutter_launcher_icons
2026-08-26T12:59:00.999Z  [CACHE]  MISS pub.metrics.flutter_launcher_icons
2026-08-26T12:59:00.999Z  [API  ]  GET https://pub.dev/api/packages/flutter_launcher_icons/metrics
2026-08-26T12:59:01.002Z  [API  ]  GET https://pub.dev/api/packages/flutter_launcher_icons/score
2026-08-26T12:59:01.004Z  [CACHE]  HIT  pub.publisher.flutter_launcher_icons
2026-08-26T12:59:01.004Z  [CACHE]  MISS pub.reverseDeps.flutter_launcher_icons
2026-08-26T12:59:01.004Z  [API  ]  GET https://pub.dev/packages?q=dependency%3Aflutter_launcher_icons
2026-08-26T12:59:01.006Z  [INFO ]  [4/11] flutter_lints
2026-08-26T12:59:01.006Z  [INFO ]  Known issue: active
2026-08-26T12:59:01.006Z  [CACHE]  MISS pub.info.flutter_lints
2026-08-26T12:59:01.006Z  [API  ]  GET https://pub.dev/api/packages/flutter_lints
2026-08-26T12:59:01.009Z  [CACHE]  MISS pub.metrics.flutter_lints
2026-08-26T12:59:01.009Z  [API  ]  GET https://pub.dev/api/packages/flutter_lints/metrics
2026-08-26T12:59:01.012Z  [API  ]  GET https://pub.dev/api/packages/flutter_lints/score
2026-08-26T12:59:01.015Z  [CACHE]  HIT  pub.publisher.flutter_lints
2026-08-26T12:59:01.015Z  [CACHE]  MISS pub.reverseDeps.flutter_lints
2026-08-26T12:59:01.015Z  [API  ]  GET https://pub.dev/packages?q=dependency%3Aflutter_lints
2026-08-26T12:59:01.019Z  [INFO ]  [5/11] flutter_riverpod
2026-08-26T12:59:01.019Z  [INFO ]  Known issue: active
2026-08-26T12:59:01.019Z  [CACHE]  MISS pub.info.flutter_riverpod
2026-08-26T12:59:01.019Z  [API  ]  GET https://pub.dev/api/packages/flutter_riverpod
2026-08-26T12:59:01.022Z  [CACHE]  MISS pub.metrics.flutter_riverpod
2026-08-26T12:59:01.022Z  [API  ]  GET https://pub.dev/api/packages/flutter_riverpod/metrics
2026-08-26T12:59:01.024Z  [API  ]  GET https://pub.dev/api/packages/flutter_riverpod/score
2026-08-26T12:59:01.026Z  [CACHE]  HIT  pub.publisher.flutter_riverpod
2026-08-26T12:59:01.026Z  [CACHE]  MISS pub.reverseDeps.flutter_riverpod
2026-08-26T12:59:01.026Z  [API  ]  GET https://pub.dev/packages?q=dependency%3Aflutter_riverpod
2026-08-26T12:59:01.028Z  [INFO ]  [6/11] go_router
2026-08-26T12:59:01.028Z  [INFO ]  Known issue: active
2026-08-26T12:59:01.028Z  [CACHE]  MISS pub.info.go_router
2026-08-26T12:59:01.028Z  [API  ]  GET https://pub.dev/api/packages/go_router
2026-08-26T12:59:01.030Z  [CACHE]  MISS pub.metrics.go_router
2026-08-26T12:59:01.030Z  [API  ]  GET https://pub.dev/api/packages/go_router/metrics
2026-08-26T12:59:01.032Z  [API  ]  GET https://pub.dev/api/packages/go_router/score
2026-08-26T12:59:01.034Z  [CACHE]  HIT  pub.publisher.go_router
2026-08-26T12:59:01.034Z  [CACHE]  MISS pub.reverseDeps.go_router
2026-08-26T12:59:01.034Z  [API  ]  GET https://pub.dev/packages?q=dependency%3Ago_router
2026-08-26T12:59:01.434Z  [API  ]  200 OK (457ms)
2026-08-26T12:59:02.107Z  [API  ]  200 OK (1120ms)
2026-08-26T12:59:02.108Z  [API  ]  200 OK (1102ms)
2026-08-26T12:59:02.111Z  [API  ]  200 OK (1119ms)
2026-08-26T12:59:02.112Z  [API  ]  200 OK (1100ms)
2026-08-26T12:59:02.114Z  [API  ]  200 OK (1105ms)
2026-08-26T12:59:02.116Z  [API  ]  200 OK (1101ms)
2026-08-26T12:59:02.937Z  [API  ]  200 OK (1940ms)
2026-08-26T12:59:02.939Z  [API  ]  200 OK (1937ms)
2026-08-26T12:59:03.450Z  [API  ]  200 OK (2460ms)
2026-08-26T12:59:03.597Z  [CACHE]  MISS gh.flutter.packages
2026-08-26T12:59:03.597Z  [API  ]  GET https://api.github.com/repos/flutter/packages
2026-08-26T12:59:03.597Z  [API  ]  GET https://api.github.com/repos/flutter/packages/issues?state=closed&since=2026-05-28T12:59:03.597Z&per_page=100
2026-08-26T12:59:03.597Z  [API  ]  GET https://api.github.com/repos/flutter/packages/pulls?state=closed&per_page=100
2026-08-26T12:59:03.597Z  [API  ]  GET https://api.github.com/repos/flutter/packages/issues?state=open&sort=comments&direction=desc&per_page=50
2026-08-26T12:59:03.597Z  [API  ]  GET https://api.github.com/repos/flutter/packages/pulls?state=open&per_page=100
2026-08-26T12:59:03.624Z  [API  ]  200 OK (2625ms)
2026-08-26T12:59:03.627Z  [API  ]  200 OK (2593ms)
2026-08-26T12:59:03.929Z  [API  ]  200 OK (2910ms)
2026-08-26T12:59:04.264Z  [API  ]  200 OK (3236ms)
2026-08-26T12:59:04.279Z  [API  ]  200 OK (3297ms)
2026-08-26T12:59:04.281Z  [API  ]  200 OK (3257ms)
2026-08-26T12:59:04.310Z  [API  ]  200 OK (3330ms)
2026-08-26T12:59:04.312Z  [API  ]  200 OK (3286ms)
2026-08-26T12:59:04.314Z  [API  ]  200 OK (3284ms)
2026-08-26T12:59:04.697Z  [API  ]  200 OK (3712ms)
2026-08-26T12:59:04.720Z  [CACHE]  MISS gh.flutter.packages
2026-08-26T12:59:04.720Z  [API  ]  GET https://api.github.com/repos/flutter/packages
2026-08-26T12:59:04.720Z  [API  ]  GET https://api.github.com/repos/flutter/packages/issues?state=closed&since=2026-05-28T12:59:04.720Z&per_page=100
2026-08-26T12:59:04.720Z  [API  ]  GET https://api.github.com/repos/flutter/packages/pulls?state=closed&per_page=100
2026-08-26T12:59:04.720Z  [API  ]  GET https://api.github.com/repos/flutter/packages/issues?state=open&sort=comments&direction=desc&per_page=50
2026-08-26T12:59:04.720Z  [API  ]  GET https://api.github.com/repos/flutter/packages/pulls?state=open&per_page=100
2026-08-26T12:59:04.994Z  [API  ]  200 OK (3990ms)
2026-08-26T12:59:05.584Z  [API  ]  200 OK (1987ms)
2026-08-26T12:59:05.584Z  [API  ]  200 OK (1987ms)
2026-08-26T12:59:05.584Z  [API  ]  200 OK (1987ms)
2026-08-26T12:59:05.584Z  [API  ]  200 OK (1987ms)
2026-08-26T12:59:05.584Z  [API  ]  200 OK (1987ms)
2026-08-26T12:59:05.840Z  [API  ]  200 OK (4845ms)
2026-08-26T12:59:05.843Z  [CACHE]  MISS gh.fluttercommunity.flutter_launcher_icons
2026-08-26T12:59:05.843Z  [API  ]  GET https://api.github.com/repos/fluttercommunity/flutter_launcher_icons
2026-08-26T12:59:05.843Z  [API  ]  GET https://api.github.com/repos/fluttercommunity/flutter_launcher_icons/issues?state=closed&since=2026-05-28T12:59:05.843Z&per_page=100
2026-08-26T12:59:05.843Z  [API  ]  GET https://api.github.com/repos/fluttercommunity/flutter_launcher_icons/pulls?state=closed&per_page=100
2026-08-26T12:59:05.843Z  [API  ]  GET https://api.github.com/repos/fluttercommunity/flutter_launcher_icons/issues?state=open&sort=comments&direction=desc&per_page=50
2026-08-26T12:59:05.843Z  [API  ]  GET https://api.github.com/repos/fluttercommunity/flutter_launcher_icons/pulls?state=open&per_page=100
2026-08-26T12:59:05.931Z  [API  ]  200 OK (1211ms)
2026-08-26T12:59:05.931Z  [API  ]  200 OK (1211ms)
2026-08-26T12:59:05.931Z  [API  ]  200 OK (1211ms)
2026-08-26T12:59:05.931Z  [API  ]  200 OK (1211ms)
2026-08-26T12:59:05.931Z  [API  ]  200 OK (1211ms)
2026-08-26T12:59:06.428Z  [CACHE]  MISS pub.archiveSize.cupertino_icons
2026-08-26T12:59:06.431Z  [API  ]  HEAD https://pub.dev/api/archives/cupertino_icons-1.0.9.tar.gz
2026-08-26T12:59:06.433Z  [CACHE]  MISS pub.tarball.oijvck
2026-08-26T12:59:06.433Z  [API  ]  GET https://pub.dev/api/archives/cupertino_icons-1.0.9.tar.gz
2026-08-26T12:59:06.477Z  [API  ]  200 OK (5455ms)
2026-08-26T12:59:06.479Z  [API  ]  200 OK (5447ms)
2026-08-26T12:59:06.524Z  [CACHE]  HIT  gh.flutter.packages
2026-08-26T12:59:06.527Z  [CACHE]  MISS pub.archiveSize.go_router
2026-08-26T12:59:06.530Z  [API  ]  HEAD https://pub.dev/api/archives/go_router-18.0.0.tar.gz
2026-08-26T12:59:06.531Z  [CACHE]  MISS pub.tarball.bb8ykd
2026-08-26T12:59:06.531Z  [API  ]  GET https://pub.dev/api/archives/go_router-18.0.0.tar.gz
2026-08-26T12:59:06.543Z  [CACHE]  MISS gh.rrousselGit.riverpod
2026-08-26T12:59:06.543Z  [API  ]  GET https://api.github.com/repos/rrousselGit/riverpod
2026-08-26T12:59:06.543Z  [API  ]  GET https://api.github.com/repos/rrousselGit/riverpod/issues?state=closed&since=2026-05-28T12:59:06.543Z&per_page=100
2026-08-26T12:59:06.543Z  [API  ]  GET https://api.github.com/repos/rrousselGit/riverpod/pulls?state=closed&per_page=100
2026-08-26T12:59:06.543Z  [API  ]  GET https://api.github.com/repos/rrousselGit/riverpod/issues?state=open&sort=comments&direction=desc&per_page=50
2026-08-26T12:59:06.543Z  [API  ]  GET https://api.github.com/repos/rrousselGit/riverpod/pulls?state=open&per_page=100
2026-08-26T12:59:06.704Z  [API  ]  200 OK (273ms)
2026-08-26T12:59:06.762Z  [API  ]  200 OK (329ms)
2026-08-26T12:59:06.824Z  [API  ]  200 OK (293ms)
2026-08-26T12:59:06.974Z  [API  ]  200 OK (444ms)
2026-08-26T12:59:07.006Z  [API  ]  200 OK (1163ms)
2026-08-26T12:59:07.006Z  [API  ]  200 OK (1163ms)
2026-08-26T12:59:07.006Z  [API  ]  200 OK (1163ms)
2026-08-26T12:59:07.006Z  [API  ]  200 OK (1163ms)
2026-08-26T12:59:07.006Z  [API  ]  200 OK (1163ms)
2026-08-26T12:59:07.401Z  [CACHE]  MISS gh.cfug.dio
2026-08-26T12:59:07.401Z  [API  ]  GET https://api.github.com/repos/cfug/dio
2026-08-26T12:59:07.401Z  [API  ]  GET https://api.github.com/repos/cfug/dio/issues?state=closed&since=2026-05-28T12:59:07.401Z&per_page=100
2026-08-26T12:59:07.401Z  [API  ]  GET https://api.github.com/repos/cfug/dio/pulls?state=closed&per_page=100
2026-08-26T12:59:07.401Z  [API  ]  GET https://api.github.com/repos/cfug/dio/issues?state=open&sort=comments&direction=desc&per_page=50
2026-08-26T12:59:07.401Z  [API  ]  GET https://api.github.com/repos/cfug/dio/pulls?state=open&per_page=100
2026-08-26T12:59:07.515Z  [CACHE]  MISS pub.archiveSize.flutter_launcher_icons
2026-08-26T12:59:07.518Z  [API  ]  HEAD https://pub.dev/api/archives/flutter_launcher_icons-0.14.4.tar.gz
2026-08-26T12:59:07.522Z  [CACHE]  MISS pub.tarball.mbw4oz
2026-08-26T12:59:07.522Z  [API  ]  GET https://pub.dev/api/archives/flutter_launcher_icons-0.14.4.tar.gz
2026-08-26T12:59:07.597Z  [API  ]  200 OK (1054ms)
2026-08-26T12:59:07.597Z  [API  ]  200 OK (1054ms)
2026-08-26T12:59:07.597Z  [API  ]  200 OK (1054ms)
2026-08-26T12:59:07.597Z  [API  ]  200 OK (1054ms)
2026-08-26T12:59:07.597Z  [API  ]  200 OK (1054ms)
2026-08-26T12:59:07.640Z  [CACHE]  MISS pub.archiveSize.flutter_lints
2026-08-26T12:59:07.642Z  [API  ]  HEAD https://pub.dev/api/archives/flutter_lints-6.0.0.tar.gz
2026-08-26T12:59:07.644Z  [CACHE]  MISS pub.tarball.z7ll8h
2026-08-26T12:59:07.644Z  [API  ]  GET https://pub.dev/api/archives/flutter_lints-6.0.0.tar.gz
2026-08-26T12:59:07.907Z  [API  ]  200 OK (263ms)
2026-08-26T12:59:07.912Z  [API  ]  200 OK (270ms)
2026-08-26T12:59:08.036Z  [API  ]  200 OK (514ms)
2026-08-26T12:59:08.066Z  [SCORE]  flutter_lints → 59.5 (stable) [rv=44 eg=50 pop=100 pt=-5 pq=10]
2026-08-26T12:59:08.067Z  [INFO ]  [7/11] lottie
2026-08-26T12:59:08.067Z  [INFO ]  Known issue: active
2026-08-26T12:59:08.067Z  [CACHE]  MISS pub.info.lottie
2026-08-26T12:59:08.067Z  [API  ]  GET https://pub.dev/api/packages/lottie
2026-08-26T12:59:08.070Z  [CACHE]  MISS pub.metrics.lottie
2026-08-26T12:59:08.070Z  [API  ]  GET https://pub.dev/api/packages/lottie/metrics
2026-08-26T12:59:08.074Z  [API  ]  GET https://pub.dev/api/packages/lottie/score
2026-08-26T12:59:08.077Z  [CACHE]  HIT  pub.publisher.lottie
2026-08-26T12:59:08.077Z  [CACHE]  MISS pub.reverseDeps.lottie
2026-08-26T12:59:08.077Z  [API  ]  GET https://pub.dev/packages?q=dependency%3Alottie
2026-08-26T12:59:08.343Z  [API  ]  200 OK (942ms)
2026-08-26T12:59:08.343Z  [API  ]  200 OK (942ms)
2026-08-26T12:59:08.343Z  [API  ]  200 OK (942ms)
2026-08-26T12:59:08.343Z  [API  ]  200 OK (942ms)
2026-08-26T12:59:08.343Z  [API  ]  200 OK (942ms)
2026-08-26T12:59:08.476Z  [API  ]  200 OK (399ms)
2026-08-26T12:59:08.496Z  [CACHE]  MISS pub.archiveSize.flutter_riverpod
2026-08-26T12:59:08.498Z  [API  ]  HEAD https://pub.dev/api/archives/flutter_riverpod-3.4.2.tar.gz
2026-08-26T12:59:08.499Z  [CACHE]  MISS pub.tarball.vc4vn3
2026-08-26T12:59:08.499Z  [API  ]  GET https://pub.dev/api/archives/flutter_riverpod-3.4.2.tar.gz
2026-08-26T12:59:08.501Z  [SCORE]  go_router → 66.1 (stable) [rv=44 eg=50 pop=96.875 pt=-5 pq=9.375]
2026-08-26T12:59:08.502Z  [INFO ]  [8/11] riverpod
2026-08-26T12:59:08.502Z  [CACHE]  MISS pub.info.riverpod
2026-08-26T12:59:08.502Z  [API  ]  GET https://pub.dev/api/packages/riverpod
2026-08-26T12:59:08.504Z  [CACHE]  MISS pub.metrics.riverpod
2026-08-26T12:59:08.504Z  [API  ]  GET https://pub.dev/api/packages/riverpod/metrics
2026-08-26T12:59:08.505Z  [API  ]  GET https://pub.dev/api/packages/riverpod/score
2026-08-26T12:59:08.507Z  [CACHE]  HIT  pub.publisher.riverpod
2026-08-26T12:59:08.507Z  [CACHE]  MISS pub.reverseDeps.riverpod
2026-08-26T12:59:08.507Z  [API  ]  GET https://pub.dev/packages?q=dependency%3Ariverpod
2026-08-26T12:59:08.624Z  [API  ]  200 OK (554ms)
2026-08-26T12:59:08.643Z  [API  ]  200 OK (569ms)
2026-08-26T12:59:08.851Z  [API  ]  200 OK (1333ms)
2026-08-26T12:59:08.868Z  [API  ]  200 OK (363ms)
2026-08-26T12:59:08.912Z  [API  ]  200 OK (845ms)
2026-08-26T12:59:08.977Z  [API  ]  200 OK (473ms)
2026-08-26T12:59:09.088Z  [API  ]  200 OK (589ms)
2026-08-26T12:59:09.089Z  [CACHE]  MISS gh.xvrh.lottie-flutter
2026-08-26T12:59:09.089Z  [API  ]  GET https://api.github.com/repos/xvrh/lottie-flutter
2026-08-26T12:59:09.089Z  [API  ]  GET https://api.github.com/repos/xvrh/lottie-flutter/issues?state=closed&since=2026-05-28T12:59:09.089Z&per_page=100
2026-08-26T12:59:09.089Z  [API  ]  GET https://api.github.com/repos/xvrh/lottie-flutter/pulls?state=closed&per_page=100
2026-08-26T12:59:09.089Z  [API  ]  GET https://api.github.com/repos/xvrh/lottie-flutter/issues?state=open&sort=comments&direction=desc&per_page=50
2026-08-26T12:59:09.089Z  [API  ]  GET https://api.github.com/repos/xvrh/lottie-flutter/pulls?state=open&per_page=100
2026-08-26T12:59:09.114Z  [API  ]  200 OK (607ms)
2026-08-26T12:59:09.443Z  [API  ]  200 OK (941ms)
2026-08-26T12:59:09.476Z  [API  ]  200 OK (978ms)
2026-08-26T12:59:09.477Z  [CACHE]  MISS pub.archiveSize.dio
2026-08-26T12:59:09.477Z  [API  ]  GET https://pub.dev/api/packages/dio
2026-08-26T12:59:09.479Z  [API  ]  GET https://pub.dev/api/packages/dio
2026-08-26T12:59:09.671Z  [SCORE]  flutter_riverpod → 85.4 (vibrant) [rv=98.5 eg=67.44444444444444 pop=93.75 pt=-5 pq=8.75]
2026-08-26T12:59:09.671Z  [INFO ]  [9/11] saropa_lints
2026-08-26T12:59:09.671Z  [CACHE]  MISS pub.info.saropa_lints
2026-08-26T12:59:09.671Z  [API  ]  GET https://pub.dev/api/packages/saropa_lints
2026-08-26T12:59:09.674Z  [CACHE]  MISS pub.metrics.saropa_lints
2026-08-26T12:59:09.674Z  [API  ]  GET https://pub.dev/api/packages/saropa_lints/metrics
2026-08-26T12:59:09.676Z  [API  ]  GET https://pub.dev/api/packages/saropa_lints/score
2026-08-26T12:59:09.678Z  [CACHE]  HIT  pub.publisher.saropa_lints
2026-08-26T12:59:09.678Z  [CACHE]  MISS pub.reverseDeps.saropa_lints
2026-08-26T12:59:09.678Z  [API  ]  GET https://pub.dev/packages?q=dependency%3Asaropa_lints
2026-08-26T12:59:09.784Z  [API  ]  200 OK (113ms)
2026-08-26T12:59:09.866Z  [API  ]  200 OK (389ms)
2026-08-26T12:59:09.877Z  [API  ]  HEAD https://pub.dev/api/archives/dio-5.11.0.tar.gz
2026-08-26T12:59:09.976Z  [API  ]  200 OK (887ms)
2026-08-26T12:59:09.976Z  [API  ]  200 OK (887ms)
2026-08-26T12:59:09.976Z  [API  ]  200 OK (887ms)
2026-08-26T12:59:09.976Z  [API  ]  200 OK (887ms)
2026-08-26T12:59:09.976Z  [API  ]  200 OK (887ms)
2026-08-26T12:59:09.995Z  [API  ]  200 OK (118ms)
2026-08-26T12:59:10.015Z  [API  ]  200 OK (341ms)
2026-08-26T12:59:10.037Z  [CACHE]  HIT  gh.rrousselGit.riverpod
2026-08-26T12:59:10.037Z  [CACHE]  MISS pub.archiveSize.riverpod
2026-08-26T12:59:10.039Z  [API  ]  HEAD https://pub.dev/api/archives/riverpod-3.4.2.tar.gz
2026-08-26T12:59:10.040Z  [CACHE]  MISS pub.tarball.4u7372
2026-08-26T12:59:10.040Z  [API  ]  GET https://pub.dev/api/archives/riverpod-3.4.2.tar.gz
2026-08-26T12:59:10.117Z  [API  ]  200 OK (439ms)
2026-08-26T12:59:10.132Z  [API  ]  200 OK (456ms)
2026-08-26T12:59:10.201Z  [API  ]  200 OK (161ms)
2026-08-26T12:59:10.263Z  [CACHE]  MISS gh.saropa.saropa_lints
2026-08-26T12:59:10.263Z  [API  ]  GET https://api.github.com/repos/saropa/saropa_lints
2026-08-26T12:59:10.263Z  [API  ]  GET https://api.github.com/repos/saropa/saropa_lints/issues?state=closed&since=2026-05-28T12:59:10.263Z&per_page=100
2026-08-26T12:59:10.263Z  [API  ]  GET https://api.github.com/repos/saropa/saropa_lints/pulls?state=closed&per_page=100
2026-08-26T12:59:10.263Z  [API  ]  GET https://api.github.com/repos/saropa/saropa_lints/issues?state=open&sort=comments&direction=desc&per_page=50
2026-08-26T12:59:10.263Z  [API  ]  GET https://api.github.com/repos/saropa/saropa_lints/pulls?state=open&per_page=100
2026-08-26T12:59:10.517Z  [CACHE]  MISS pub.archiveSize.lottie
2026-08-26T12:59:10.521Z  [API  ]  HEAD https://pub.dev/api/archives/lottie-3.5.1.tar.gz
2026-08-26T12:59:10.524Z  [CACHE]  MISS pub.tarball.4owc4s
2026-08-26T12:59:10.524Z  [API  ]  GET https://pub.dev/api/archives/lottie-3.5.1.tar.gz
2026-08-26T12:59:10.621Z  [API  ]  200 OK (582ms)
2026-08-26T12:59:10.675Z  [API  ]  200 OK (154ms)
2026-08-26T12:59:10.683Z  [API  ]  200 OK (159ms)
2026-08-26T12:59:10.903Z  [API  ]  200 OK (640ms)
2026-08-26T12:59:10.903Z  [API  ]  200 OK (640ms)
2026-08-26T12:59:10.903Z  [API  ]  200 OK (640ms)
2026-08-26T12:59:10.903Z  [API  ]  200 OK (640ms)
2026-08-26T12:59:10.903Z  [API  ]  200 OK (640ms)
2026-08-26T12:59:11.009Z  [API  ]  200 OK (1530ms)
2026-08-26T12:59:11.132Z  [CACHE]  MISS pub.archiveSize.saropa_lints
2026-08-26T12:59:11.134Z  [API  ]  HEAD https://pub.dev/api/archives/saropa_lints-15.2.2.tar.gz
2026-08-26T12:59:11.135Z  [CACHE]  MISS pub.tarball.npgr1p
2026-08-26T12:59:11.135Z  [API  ]  GET https://pub.dev/api/archives/saropa_lints-15.2.2.tar.gz
2026-08-26T12:59:11.404Z  [CACHE]  MISS pub.tarball.v4zqir
2026-08-26T12:59:11.404Z  [API  ]  GET https://pub.dev/api/archives/dio-5.11.0.tar.gz
2026-08-26T12:59:11.766Z  [API  ]  200 OK (362ms)
2026-08-26T12:59:11.988Z  [SCORE]  lottie → 65.9 (stable) [rv=58 eg=62.77777777777778 pop=62.95 pt=-5 pq=10]
2026-08-26T12:59:11.988Z  [INFO ]  [10/11] vector_graphics
2026-08-26T12:59:11.988Z  [CACHE]  MISS pub.info.vector_graphics
2026-08-26T12:59:11.988Z  [API  ]  GET https://pub.dev/api/packages/vector_graphics
2026-08-26T12:59:11.990Z  [CACHE]  MISS pub.metrics.vector_graphics
2026-08-26T12:59:11.990Z  [API  ]  GET https://pub.dev/api/packages/vector_graphics/metrics
2026-08-26T12:59:11.992Z  [API  ]  GET https://pub.dev/api/packages/vector_graphics/score
2026-08-26T12:59:11.993Z  [CACHE]  HIT  pub.publisher.vector_graphics
2026-08-26T12:59:11.993Z  [CACHE]  MISS pub.reverseDeps.vector_graphics
2026-08-26T12:59:11.993Z  [API  ]  GET https://pub.dev/packages?q=dependency%3Avector_graphics
2026-08-26T12:59:12.351Z  [API  ]  200 OK (363ms)
2026-08-26T12:59:12.352Z  [API  ]  200 OK (362ms)
2026-08-26T12:59:12.403Z  [API  ]  200 OK (410ms)
2026-08-26T12:59:12.784Z  [API  ]  200 OK (792ms)
2026-08-26T12:59:12.839Z  [CACHE]  HIT  gh.flutter.packages
2026-08-26T12:59:12.839Z  [CACHE]  MISS pub.archiveSize.vector_graphics
2026-08-26T12:59:12.841Z  [API  ]  HEAD https://pub.dev/api/archives/vector_graphics-1.2.3.tar.gz
2026-08-26T12:59:12.843Z  [CACHE]  MISS pub.tarball.4gehet
2026-08-26T12:59:12.843Z  [API  ]  GET https://pub.dev/api/archives/vector_graphics-1.2.3.tar.gz
2026-08-26T12:59:12.971Z  [SCORE]  flutter_launcher_icons → 6.2 (outdated) [rv=0 eg=0 pop=68.095 pt=-5 pq=9.375]
2026-08-26T12:59:12.971Z  [INFO ]  [11/11] vector_graphics_compiler
2026-08-26T12:59:12.971Z  [CACHE]  MISS pub.info.vector_graphics_compiler
2026-08-26T12:59:12.971Z  [API  ]  GET https://pub.dev/api/packages/vector_graphics_compiler
2026-08-26T12:59:12.974Z  [CACHE]  MISS pub.metrics.vector_graphics_compiler
2026-08-26T12:59:12.974Z  [API  ]  GET https://pub.dev/api/packages/vector_graphics_compiler/metrics
2026-08-26T12:59:12.975Z  [API  ]  GET https://pub.dev/api/packages/vector_graphics_compiler/score
2026-08-26T12:59:12.978Z  [CACHE]  HIT  pub.publisher.vector_graphics_compiler
2026-08-26T12:59:12.978Z  [CACHE]  MISS pub.reverseDeps.vector_graphics_compiler
2026-08-26T12:59:12.978Z  [API  ]  GET https://pub.dev/packages?q=dependency%3Avector_graphics_compiler
2026-08-26T12:59:13.104Z  [API  ]  200 OK (261ms)
2026-08-26T12:59:13.105Z  [API  ]  200 OK (264ms)
2026-08-26T12:59:13.106Z  [API  ]  200 OK (1971ms)
2026-08-26T12:59:13.167Z  [SCORE]  dio → 94.6 (vibrant) [rv=97 eg=58.888888888888886 pop=100 pt=-5 pq=10]
2026-08-26T12:59:13.742Z  [API  ]  200 OK (771ms)
2026-08-26T12:59:13.743Z  [API  ]  200 OK (769ms)
2026-08-26T12:59:13.744Z  [API  ]  200 OK (769ms)
2026-08-26T12:59:13.744Z  [API  ]  200 OK (766ms)
2026-08-26T12:59:13.863Z  [SCORE]  vector_graphics → 61.1 (stable) [rv=44 eg=50 pop=96.875 pt=-5 pq=9.375]
2026-08-26T12:59:13.929Z  [CACHE]  HIT  gh.flutter.packages
2026-08-26T12:59:13.929Z  [CACHE]  MISS pub.archiveSize.vector_graphics_compiler
2026-08-26T12:59:13.931Z  [API  ]  HEAD https://pub.dev/api/archives/vector_graphics_compiler-1.3.0.tar.gz
2026-08-26T12:59:13.933Z  [CACHE]  MISS pub.tarball.wvjh21
2026-08-26T12:59:13.933Z  [API  ]  GET https://pub.dev/api/archives/vector_graphics_compiler-1.3.0.tar.gz
2026-08-26T12:59:13.990Z  [API  ]  200 OK (2856ms)
2026-08-26T12:59:14.101Z  [API  ]  200 OK (168ms)
2026-08-26T12:59:14.450Z  [API  ]  200 OK (519ms)
2026-08-26T12:59:16.335Z  [SCORE]  vector_graphics_compiler → 58.6 (stable) [rv=44 eg=50 pop=96.875 pt=-5 pq=9.375]
2026-08-26T13:00:01.491Z  [SCORE]  cupertino_icons → 59.5 (stable) [rv=44 eg=50 pop=100 pt=-5 pq=10]
2026-08-26T13:05:28.159Z  [SCORE]  saropa_lints → 60.6 (stable) [rv=41.5 eg=64.45205479452055 pop=46.955 pt=-5 pq=9.375]
2026-08-26T13:07:07.240Z  [SCORE]  riverpod → 87.2 (vibrant) [rv=98.5 eg=67.44444444444444 pop=100 pt=-5 pq=10]
2026-08-26T13:07:09.377Z  [ERROR]  Blocker analysis skipped — CLI commands failed — pub outdated: Command failed: dart pub outdated --json --transitive
Cannot specify both `--json` and `--transitive`
The json report always includes transitive dependencies.

Usage: dart pub outdated [options]
-h, --help                         Print this usage information.
    --[no-]dependency-overrides    Show resolutions with `dependency_overrides`.
                                   (defaults to on)
    --[no-]dev-dependencies        Take dev dependencies into account.
                                   (defaults to on)
    --json                         Output the results using a json format.
    --[no-]prereleases             Include prereleases in latest version.
    --[no-]show-all                Include dependencies that are already
                                   fulfilling --mode.
    --[no-]transitive              Show transitive dependencies.
                                   (defaults to on)
-C, --directory=<dir>              Run this in the directory <dir>.

Run "dart help" to see global options.
See https://dart.dev/tools/pub/cmd/pub-outdated for detailed documentation.

2026-08-26T13:07:09.948Z  [CACHE]  MISS pub.archiveSize.async
2026-08-26T13:07:09.948Z  [API  ]  GET https://pub.dev/api/packages/async
2026-08-26T13:07:09.951Z  [CACHE]  MISS pub.archiveSize.collection
2026-08-26T13:07:09.951Z  [API  ]  GET https://pub.dev/api/packages/collection
2026-08-26T13:07:09.954Z  [CACHE]  MISS pub.archiveSize.meta
2026-08-26T13:07:09.954Z  [API  ]  GET https://pub.dev/api/packages/meta
2026-08-26T13:07:09.957Z  [CACHE]  MISS pub.archiveSize.http_parser
2026-08-26T13:07:09.957Z  [API  ]  GET https://pub.dev/api/packages/http_parser
2026-08-26T13:07:09.959Z  [CACHE]  MISS pub.archiveSize.source_span
2026-08-26T13:07:09.959Z  [API  ]  GET https://pub.dev/api/packages/source_span
2026-08-26T13:07:09.961Z  [CACHE]  MISS pub.archiveSize.path
2026-08-26T13:07:09.961Z  [API  ]  GET https://pub.dev/api/packages/path
2026-08-26T13:07:09.966Z  [CACHE]  MISS pub.archiveSize.term_glyph
2026-08-26T13:07:09.966Z  [API  ]  GET https://pub.dev/api/packages/term_glyph
2026-08-26T13:07:09.968Z  [CACHE]  MISS pub.archiveSize.string_scanner
2026-08-26T13:07:09.968Z  [API  ]  GET https://pub.dev/api/packages/string_scanner
2026-08-26T13:07:09.970Z  [CACHE]  MISS pub.archiveSize.typed_data
2026-08-26T13:07:09.970Z  [API  ]  GET https://pub.dev/api/packages/typed_data
2026-08-26T13:07:09.972Z  [CACHE]  MISS pub.archiveSize.mime
2026-08-26T13:07:09.972Z  [API  ]  GET https://pub.dev/api/packages/mime
2026-08-26T13:07:09.974Z  [CACHE]  MISS pub.archiveSize.dio_web_adapter
2026-08-26T13:07:09.974Z  [API  ]  GET https://pub.dev/api/packages/dio_web_adapter
2026-08-26T13:07:09.975Z  [CACHE]  MISS pub.archiveSize.web
2026-08-26T13:07:09.975Z  [API  ]  GET https://pub.dev/api/packages/web
2026-08-26T13:07:09.977Z  [CACHE]  MISS pub.archiveSize.args
2026-08-26T13:07:09.977Z  [API  ]  GET https://pub.dev/api/packages/args
2026-08-26T13:07:09.979Z  [CACHE]  MISS pub.archiveSize.checked_yaml
2026-08-26T13:07:09.979Z  [API  ]  GET https://pub.dev/api/packages/checked_yaml
2026-08-26T13:07:09.981Z  [CACHE]  MISS pub.archiveSize.json_annotation
2026-08-26T13:07:09.981Z  [API  ]  GET https://pub.dev/api/packages/json_annotation
2026-08-26T13:07:09.983Z  [CACHE]  MISS pub.archiveSize.yaml
2026-08-26T13:07:09.983Z  [API  ]  GET https://pub.dev/api/packages/yaml
2026-08-26T13:07:09.985Z  [CACHE]  MISS pub.archiveSize.cli_util
2026-08-26T13:07:09.985Z  [API  ]  GET https://pub.dev/api/packages/cli_util
2026-08-26T13:07:09.987Z  [CACHE]  MISS pub.archiveSize.image
2026-08-26T13:07:09.987Z  [API  ]  GET https://pub.dev/api/packages/image
2026-08-26T13:07:09.989Z  [CACHE]  MISS pub.archiveSize.archive
2026-08-26T13:07:09.989Z  [API  ]  GET https://pub.dev/api/packages/archive
2026-08-26T13:07:09.990Z  [CACHE]  MISS pub.archiveSize.posix
2026-08-26T13:07:09.990Z  [API  ]  GET https://pub.dev/api/packages/posix
2026-08-26T13:07:09.992Z  [CACHE]  MISS pub.archiveSize.ffi
2026-08-26T13:07:09.992Z  [API  ]  GET https://pub.dev/api/packages/ffi
2026-08-26T13:07:09.994Z  [CACHE]  MISS pub.archiveSize.lints
2026-08-26T13:07:09.994Z  [API  ]  GET https://pub.dev/api/packages/lints
2026-08-26T13:07:09.996Z  [CACHE]  MISS pub.archiveSize.flutter
2026-08-26T13:07:09.996Z  [API  ]  GET https://pub.dev/api/packages/flutter
2026-08-26T13:07:09.998Z  [CACHE]  MISS pub.archiveSize.characters
2026-08-26T13:07:09.998Z  [API  ]  GET https://pub.dev/api/packages/characters
2026-08-26T13:07:10.000Z  [CACHE]  MISS pub.archiveSize.material_color_utilities
2026-08-26T13:07:10.000Z  [API  ]  GET https://pub.dev/api/packages/material_color_utilities
2026-08-26T13:07:10.002Z  [CACHE]  MISS pub.archiveSize.vector_math
2026-08-26T13:07:10.002Z  [API  ]  GET https://pub.dev/api/packages/vector_math
2026-08-26T13:07:10.003Z  [CACHE]  MISS pub.archiveSize.sky_engine
2026-08-26T13:07:10.003Z  [API  ]  GET https://pub.dev/api/packages/sky_engine
2026-08-26T13:07:10.007Z  [CACHE]  MISS pub.archiveSize.flutter_test
2026-08-26T13:07:10.007Z  [API  ]  GET https://pub.dev/api/packages/flutter_test
2026-08-26T13:07:10.009Z  [CACHE]  MISS pub.archiveSize.test_api
2026-08-26T13:07:10.009Z  [API  ]  GET https://pub.dev/api/packages/test_api
2026-08-26T13:07:10.011Z  [CACHE]  MISS pub.archiveSize.boolean_selector
2026-08-26T13:07:10.011Z  [API  ]  GET https://pub.dev/api/packages/boolean_selector
2026-08-26T13:07:10.013Z  [CACHE]  MISS pub.archiveSize.stack_trace
2026-08-26T13:07:10.013Z  [API  ]  GET https://pub.dev/api/packages/stack_trace
2026-08-26T13:07:10.014Z  [CACHE]  MISS pub.archiveSize.stream_channel
2026-08-26T13:07:10.014Z  [API  ]  GET https://pub.dev/api/packages/stream_channel
2026-08-26T13:07:10.016Z  [CACHE]  MISS pub.archiveSize.matcher
2026-08-26T13:07:10.016Z  [API  ]  GET https://pub.dev/api/packages/matcher
2026-08-26T13:07:10.018Z  [CACHE]  MISS pub.archiveSize.fake_async
2026-08-26T13:07:10.018Z  [API  ]  GET https://pub.dev/api/packages/fake_async
2026-08-26T13:07:10.020Z  [CACHE]  MISS pub.archiveSize.clock
2026-08-26T13:07:10.020Z  [API  ]  GET https://pub.dev/api/packages/clock
2026-08-26T13:07:10.022Z  [CACHE]  MISS pub.archiveSize.leak_tracker_flutter_testing
2026-08-26T13:07:10.022Z  [API  ]  GET https://pub.dev/api/packages/leak_tracker_flutter_testing
2026-08-26T13:07:10.024Z  [CACHE]  MISS pub.archiveSize.leak_tracker
2026-08-26T13:07:10.024Z  [API  ]  GET https://pub.dev/api/packages/leak_tracker
2026-08-26T13:07:10.026Z  [CACHE]  MISS pub.archiveSize.vm_service
2026-08-26T13:07:10.026Z  [API  ]  GET https://pub.dev/api/packages/vm_service
2026-08-26T13:07:10.028Z  [CACHE]  MISS pub.archiveSize.leak_tracker_testing
2026-08-26T13:07:10.028Z  [API  ]  GET https://pub.dev/api/packages/leak_tracker_testing
2026-08-26T13:07:10.030Z  [CACHE]  MISS pub.archiveSize.listen
2026-08-26T13:07:10.030Z  [API  ]  GET https://pub.dev/api/packages/listen
2026-08-26T13:07:10.032Z  [CACHE]  MISS pub.archiveSize.state_notifier
2026-08-26T13:07:10.032Z  [API  ]  GET https://pub.dev/api/packages/state_notifier
2026-08-26T13:07:10.033Z  [CACHE]  MISS pub.archiveSize.test
2026-08-26T13:07:10.033Z  [API  ]  GET https://pub.dev/api/packages/test
2026-08-26T13:07:10.035Z  [CACHE]  MISS pub.archiveSize.analyzer
2026-08-26T13:07:10.035Z  [API  ]  GET https://pub.dev/api/packages/analyzer
2026-08-26T13:07:10.037Z  [CACHE]  MISS pub.archiveSize._fe_analyzer_shared
2026-08-26T13:07:10.037Z  [API  ]  GET https://pub.dev/api/packages/_fe_analyzer_shared
2026-08-26T13:07:10.039Z  [CACHE]  MISS pub.archiveSize.convert
2026-08-26T13:07:10.039Z  [API  ]  GET https://pub.dev/api/packages/convert
2026-08-26T13:07:10.041Z  [CACHE]  MISS pub.archiveSize.crypto
2026-08-26T13:07:10.041Z  [API  ]  GET https://pub.dev/api/packages/crypto
2026-08-26T13:07:10.043Z  [CACHE]  MISS pub.archiveSize.glob
2026-08-26T13:07:10.043Z  [API  ]  GET https://pub.dev/api/packages/glob
2026-08-26T13:07:10.045Z  [CACHE]  MISS pub.archiveSize.file
2026-08-26T13:07:10.045Z  [API  ]  GET https://pub.dev/api/packages/file
2026-08-26T13:07:10.048Z  [CACHE]  MISS pub.archiveSize.package_config
2026-08-26T13:07:10.048Z  [API  ]  GET https://pub.dev/api/packages/package_config
2026-08-26T13:07:10.050Z  [CACHE]  MISS pub.archiveSize.pub_semver
2026-08-26T13:07:10.050Z  [API  ]  GET https://pub.dev/api/packages/pub_semver
2026-08-26T13:07:10.052Z  [CACHE]  MISS pub.archiveSize.watcher
2026-08-26T13:07:10.052Z  [API  ]  GET https://pub.dev/api/packages/watcher
2026-08-26T13:07:10.054Z  [CACHE]  MISS pub.archiveSize.coverage
2026-08-26T13:07:10.054Z  [API  ]  GET https://pub.dev/api/packages/coverage
2026-08-26T13:07:10.056Z  [CACHE]  MISS pub.archiveSize.cli_config
2026-08-26T13:07:10.056Z  [API  ]  GET https://pub.dev/api/packages/cli_config
2026-08-26T13:07:10.057Z  [CACHE]  MISS pub.archiveSize.logging
2026-08-26T13:07:10.057Z  [API  ]  GET https://pub.dev/api/packages/logging
2026-08-26T13:07:10.059Z  [CACHE]  MISS pub.archiveSize.source_maps
2026-08-26T13:07:10.059Z  [API  ]  GET https://pub.dev/api/packages/source_maps
2026-08-26T13:07:10.061Z  [CACHE]  MISS pub.archiveSize.http_multi_server
2026-08-26T13:07:10.061Z  [API  ]  GET https://pub.dev/api/packages/http_multi_server
2026-08-26T13:07:10.063Z  [CACHE]  MISS pub.archiveSize.io
2026-08-26T13:07:10.063Z  [API  ]  GET https://pub.dev/api/packages/io
2026-08-26T13:07:10.065Z  [CACHE]  MISS pub.archiveSize.node_preamble
2026-08-26T13:07:10.065Z  [API  ]  GET https://pub.dev/api/packages/node_preamble
2026-08-26T13:07:10.067Z  [CACHE]  MISS pub.archiveSize.pool
2026-08-26T13:07:10.067Z  [API  ]  GET https://pub.dev/api/packages/pool
2026-08-26T13:07:10.068Z  [CACHE]  MISS pub.archiveSize.shelf
2026-08-26T13:07:10.068Z  [API  ]  GET https://pub.dev/api/packages/shelf
2026-08-26T13:07:10.070Z  [CACHE]  MISS pub.archiveSize.shelf_packages_handler
2026-08-26T13:07:10.070Z  [API  ]  GET https://pub.dev/api/packages/shelf_packages_handler
2026-08-26T13:07:10.072Z  [CACHE]  MISS pub.archiveSize.shelf_static
2026-08-26T13:07:10.072Z  [API  ]  GET https://pub.dev/api/packages/shelf_static
2026-08-26T13:07:10.074Z  [CACHE]  MISS pub.archiveSize.shelf_web_socket
2026-08-26T13:07:10.074Z  [API  ]  GET https://pub.dev/api/packages/shelf_web_socket
2026-08-26T13:07:10.075Z  [CACHE]  MISS pub.archiveSize.web_socket_channel
2026-08-26T13:07:10.075Z  [API  ]  GET https://pub.dev/api/packages/web_socket_channel
2026-08-26T13:07:10.077Z  [CACHE]  MISS pub.archiveSize.web_socket
2026-08-26T13:07:10.077Z  [API  ]  GET https://pub.dev/api/packages/web_socket
2026-08-26T13:07:10.079Z  [CACHE]  MISS pub.archiveSize.test_core
2026-08-26T13:07:10.079Z  [API  ]  GET https://pub.dev/api/packages/test_core
2026-08-26T13:07:10.081Z  [CACHE]  MISS pub.archiveSize.frontend_server_client
2026-08-26T13:07:10.081Z  [API  ]  GET https://pub.dev/api/packages/frontend_server_client
2026-08-26T13:07:10.083Z  [CACHE]  MISS pub.archiveSize.source_map_stack_trace
2026-08-26T13:07:10.083Z  [API  ]  GET https://pub.dev/api/packages/source_map_stack_trace
2026-08-26T13:07:10.085Z  [CACHE]  MISS pub.archiveSize.webkit_inspection_protocol
2026-08-26T13:07:10.085Z  [API  ]  GET https://pub.dev/api/packages/webkit_inspection_protocol
2026-08-26T13:07:10.087Z  [CACHE]  MISS pub.archiveSize.uuid
2026-08-26T13:07:10.087Z  [API  ]  GET https://pub.dev/api/packages/uuid
2026-08-26T13:07:10.090Z  [CACHE]  MISS pub.archiveSize.fixnum
2026-08-26T13:07:10.090Z  [API  ]  GET https://pub.dev/api/packages/fixnum
2026-08-26T13:07:10.092Z  [CACHE]  MISS pub.archiveSize.flutter_web_plugins
2026-08-26T13:07:10.092Z  [API  ]  GET https://pub.dev/api/packages/flutter_web_plugins
2026-08-26T13:07:10.094Z  [CACHE]  MISS pub.archiveSize.http
2026-08-26T13:07:10.094Z  [API  ]  GET https://pub.dev/api/packages/http
2026-08-26T13:07:10.096Z  [CACHE]  MISS pub.archiveSize.analysis_server_plugin
2026-08-26T13:07:10.096Z  [API  ]  GET https://pub.dev/api/packages/analysis_server_plugin
2026-08-26T13:07:10.098Z  [CACHE]  MISS pub.archiveSize.analyzer_plugin
2026-08-26T13:07:10.098Z  [API  ]  GET https://pub.dev/api/packages/analyzer_plugin
2026-08-26T13:07:10.099Z  [CACHE]  MISS pub.archiveSize.dart_style
2026-08-26T13:07:10.100Z  [API  ]  GET https://pub.dev/api/packages/dart_style
2026-08-26T13:07:10.101Z  [CACHE]  MISS pub.archiveSize.yaml_edit
2026-08-26T13:07:10.101Z  [API  ]  GET https://pub.dev/api/packages/yaml_edit
2026-08-26T13:07:10.103Z  [CACHE]  MISS pub.archiveSize.vector_graphics_codec
2026-08-26T13:07:10.103Z  [API  ]  GET https://pub.dev/api/packages/vector_graphics_codec
2026-08-26T13:07:10.105Z  [CACHE]  MISS pub.archiveSize.path_parsing
2026-08-26T13:07:10.105Z  [API  ]  GET https://pub.dev/api/packages/path_parsing
2026-08-26T13:07:10.107Z  [CACHE]  MISS pub.archiveSize.xml
2026-08-26T13:07:10.107Z  [API  ]  GET https://pub.dev/api/packages/xml
2026-08-26T13:07:10.108Z  [CACHE]  MISS pub.archiveSize.petitparser
2026-08-26T13:07:10.108Z  [API  ]  GET https://pub.dev/api/packages/petitparser
2026-08-26T13:07:11.053Z  [API  ]  200 OK (1094ms)
2026-08-26T13:07:11.055Z  [API  ]  HEAD https://pub.dev/api/archives/source_span-1.10.2.tar.gz
2026-08-26T13:07:11.151Z  [API  ]  200 OK (96ms)
2026-08-26T13:07:11.416Z  [API  ]  200 OK (1465ms)
2026-08-26T13:07:11.418Z  [API  ]  HEAD https://pub.dev/api/archives/collection-1.19.1.tar.gz
2026-08-26T13:07:11.434Z  [API  ]  200 OK (1434ms)
2026-08-26T13:07:11.435Z  [API  ]  200 OK (1363ms)
2026-08-26T13:07:11.437Z  [API  ]  HEAD https://pub.dev/api/archives/material_color_utilities-0.13.1.tar.gz
2026-08-26T13:07:11.452Z  [API  ]  HEAD https://pub.dev/api/archives/shelf_static-1.1.3.tar.gz
2026-08-26T13:07:11.468Z  [API  ]  200 OK (1416ms)
2026-08-26T13:07:11.468Z  [API  ]  200 OK (1498ms)
2026-08-26T13:07:11.471Z  [API  ]  200 OK (1462ms)
2026-08-26T13:07:11.471Z  [API  ]  200 OK (1441ms)
2026-08-26T13:07:11.474Z  [API  ]  200 OK (1374ms)
2026-08-26T13:07:11.475Z  [API  ]  200 OK (1472ms)
2026-08-26T13:07:11.475Z  [API  ]  200 OK (1518ms)
2026-08-26T13:07:11.477Z  [API  ]  HEAD https://pub.dev/api/archives/typed_data-1.4.0.tar.gz
2026-08-26T13:07:11.492Z  [API  ]  HEAD https://pub.dev/api/archives/listen-1.0.1.tar.gz
2026-08-26T13:07:11.508Z  [API  ]  200 OK (1443ms)
2026-08-26T13:07:11.509Z  [API  ]  200 OK (1446ms)
2026-08-26T13:07:11.510Z  [API  ]  200 OK (1542ms)
2026-08-26T13:07:11.510Z  [API  ]  200 OK (1402ms)
2026-08-26T13:07:11.514Z  [API  ]  HEAD https://pub.dev/api/archives/http_parser-4.1.2.tar.gz
2026-08-26T13:07:11.531Z  [API  ]  200 OK (1554ms)
2026-08-26T13:07:11.532Z  [API  ]  HEAD https://pub.dev/api/archives/node_preamble-2.0.2.tar.gz
2026-08-26T13:07:11.546Z  [API  ]  HEAD https://pub.dev/api/archives/io-1.0.5.tar.gz
2026-08-26T13:07:11.562Z  [API  ]  200 OK (1501ms)
2026-08-26T13:07:11.563Z  [API  ]  HEAD https://pub.dev/api/archives/watcher-1.2.1.tar.gz
2026-08-26T13:07:11.580Z  [API  ]  200 OK (1490ms)
2026-08-26T13:07:11.580Z  [API  ]  200 OK (1535ms)
2026-08-26T13:07:11.581Z  [API  ]  200 OK (1483ms)
2026-08-26T13:07:11.582Z  [API  ]  200 OK (1599ms)
2026-08-26T13:07:11.583Z  [API  ]  200 OK (1487ms)
2026-08-26T13:07:11.587Z  [API  ]  200 OK (1595ms)
2026-08-26T13:07:11.591Z  [API  ]  200 OK (1577ms)
2026-08-26T13:07:11.593Z  [API  ]  200 OK (1621ms)
2026-08-26T13:07:11.594Z  [API  ]  404 Not Found (1502ms)
2026-08-26T13:07:11.597Z  [API  ]  HEAD https://pub.dev/api/archives/sky_engine-0.0.99.tar.gz
2026-08-26T13:07:11.613Z  [API  ]  200 OK (1519ms)
2026-08-26T13:07:11.614Z  [API  ]  200 OK (1533ms)
2026-08-26T13:07:11.615Z  [API  ]  200 OK (1540ms)
2026-08-26T13:07:11.615Z  [API  ]  200 OK (1649ms)
2026-08-26T13:07:11.622Z  [API  ]  HEAD https://pub.dev/api/archives/test_api-0.7.13.tar.gz
2026-08-26T13:07:11.637Z  [API  ]  HEAD https://pub.dev/api/archives/http_multi_server-3.2.2.tar.gz
2026-08-26T13:07:11.652Z  [API  ]  200 OK (1662ms)
2026-08-26T13:07:11.653Z  [API  ]  200 OK (1594ms)
2026-08-26T13:07:11.654Z  [API  ]  200 OK (1669ms)
2026-08-26T13:07:11.655Z  [API  ]  200 OK (1587ms)
2026-08-26T13:07:11.655Z  [API  ]  200 OK (1666ms)
2026-08-26T13:07:11.658Z  [API  ]  404 Not Found (1651ms)
2026-08-26T13:07:11.658Z  [API  ]  200 OK (1671ms)
2026-08-26T13:07:11.664Z  [API  ]  HEAD https://pub.dev/api/archives/ffi-2.2.0.tar.gz
2026-08-26T13:07:11.679Z  [API  ]  HEAD https://pub.dev/api/archives/frontend_server_client-4.0.0.tar.gz
2026-08-26T13:07:11.693Z  [API  ]  HEAD https://pub.dev/api/archives/term_glyph-1.2.2.tar.gz
2026-08-26T13:07:11.708Z  [API  ]  HEAD https://pub.dev/api/archives/fixnum-1.1.1.tar.gz
2026-08-26T13:07:11.722Z  [API  ]  HEAD https://pub.dev/api/archives/file-7.0.1.tar.gz
2026-08-26T13:07:11.738Z  [API  ]  200 OK (1784ms)
2026-08-26T13:07:11.740Z  [API  ]  200 OK (1718ms)
2026-08-26T13:07:11.744Z  [API  ]  HEAD https://pub.dev/api/archives/cli_util-0.6.0.tar.gz
2026-08-26T13:07:11.760Z  [API  ]  200 OK (1786ms)
2026-08-26T13:07:11.760Z  [API  ]  200 OK (342ms)
2026-08-26T13:07:11.771Z  [API  ]  HEAD https://pub.dev/api/archives/dart_style-3.1.12.tar.gz
2026-08-26T13:07:11.786Z  [API  ]  HEAD https://pub.dev/api/archives/analyzer_plugin-0.14.14.tar.gz
2026-08-26T13:07:11.800Z  [API  ]  HEAD https://pub.dev/api/archives/mime-2.0.0.tar.gz
2026-08-26T13:07:11.815Z  [API  ]  HEAD https://pub.dev/api/archives/web_socket_channel-3.0.3.tar.gz
2026-08-26T13:07:11.829Z  [API  ]  HEAD https://pub.dev/api/archives/posix-6.5.2.tar.gz
2026-08-26T13:07:11.847Z  [API  ]  200 OK (1808ms)
2026-08-26T13:07:11.848Z  [API  ]  200 OK (1805ms)
2026-08-26T13:07:11.858Z  [API  ]  200 OK (1823ms)
2026-08-26T13:07:11.861Z  [API  ]  200 OK (1900ms)
2026-08-26T13:07:11.864Z  [API  ]  200 OK (1816ms)
2026-08-26T13:07:11.867Z  [API  ]  200 OK (415ms)
2026-08-26T13:07:11.868Z  [API  ]  200 OK (1781ms)
2026-08-26T13:07:11.869Z  [API  ]  200 OK (1795ms)
2026-08-26T13:07:11.879Z  [API  ]  HEAD https://pub.dev/api/archives/dio_web_adapter-2.2.1.tar.gz
2026-08-26T13:07:11.895Z  [API  ]  HEAD https://pub.dev/api/archives/yaml-3.1.3.tar.gz
2026-08-26T13:07:11.910Z  [API  ]  HEAD https://pub.dev/api/archives/leak_tracker_flutter_testing-3.0.10.tar.gz
2026-08-26T13:07:11.929Z  [API  ]  200 OK (1927ms)
2026-08-26T13:07:11.931Z  [API  ]  HEAD https://pub.dev/api/archives/string_scanner-1.4.1.tar.gz
2026-08-26T13:07:11.947Z  [API  ]  200 OK (1868ms)
2026-08-26T13:07:11.947Z  [API  ]  200 OK (1906ms)
2026-08-26T13:07:11.948Z  [API  ]  200 OK (1967ms)
2026-08-26T13:07:11.952Z  [API  ]  HEAD https://pub.dev/api/archives/shelf-1.4.2.tar.gz
2026-08-26T13:07:11.973Z  [API  ]  HEAD https://pub.dev/api/archives/args-2.7.0.tar.gz
2026-08-26T13:07:11.988Z  [API  ]  200 OK (1918ms)
2026-08-26T13:07:11.989Z  [API  ]  200 OK (1939ms)
2026-08-26T13:07:11.989Z  [API  ]  200 OK (426ms)
2026-08-26T13:07:11.990Z  [API  ]  200 OK (1936ms)
2026-08-26T13:07:12.015Z  [API  ]  HEAD https://pub.dev/api/archives/source_maps-0.10.14.tar.gz
2026-08-26T13:07:12.033Z  [API  ]  HEAD https://pub.dev/api/archives/package_config-3.0.0.tar.gz
2026-08-26T13:07:12.048Z  [API  ]  HEAD https://pub.dev/api/archives/shelf_web_socket-3.0.0.tar.gz
2026-08-26T13:07:12.070Z  [API  ]  200 OK (593ms)
2026-08-26T13:07:12.071Z  [API  ]  200 OK (1966ms)
2026-08-26T13:07:12.071Z  [API  ]  200 OK (2051ms)
2026-08-26T13:07:12.072Z  [API  ]  200 OK (2074ms)
2026-08-26T13:07:12.074Z  [API  ]  200 OK (2099ms)
2026-08-26T13:07:12.077Z  [API  ]  200 OK (1974ms)
2026-08-26T13:07:12.078Z  [API  ]  200 OK (2060ms)
2026-08-26T13:07:12.079Z  [API  ]  200 OK (2083ms)
2026-08-26T13:07:12.079Z  [API  ]  200 OK (2066ms)
2026-08-26T13:07:12.099Z  [API  ]  HEAD https://pub.dev/api/archives/archive-4.2.0.tar.gz
2026-08-26T13:07:12.115Z  [API  ]  HEAD https://pub.dev/api/archives/analysis_server_plugin-0.3.20.tar.gz
2026-08-26T13:07:12.136Z  [API  ]  200 OK (2110ms)
2026-08-26T13:07:12.137Z  [API  ]  200 OK (458ms)
2026-08-26T13:07:12.138Z  [API  ]  200 OK (416ms)
2026-08-26T13:07:12.138Z  [API  ]  200 OK (2053ms)
2026-08-26T13:07:12.139Z  [API  ]  200 OK (2106ms)
2026-08-26T13:07:12.142Z  [API  ]  200 OK (2110ms)
2026-08-26T13:07:12.154Z  [API  ]  HEAD https://pub.dev/api/archives/http-1.6.0.tar.gz
2026-08-26T13:07:12.170Z  [API  ]  HEAD https://pub.dev/api/archives/shelf_packages_handler-3.0.2.tar.gz
2026-08-26T13:07:12.187Z  [API  ]  200 OK (695ms)
2026-08-26T13:07:12.214Z  [API  ]  200 OK (2235ms)
2026-08-26T13:07:12.216Z  [API  ]  200 OK (508ms)
2026-08-26T13:07:12.218Z  [API  ]  200 OK (596ms)
2026-08-26T13:07:12.219Z  [API  ]  HEAD https://pub.dev/api/archives/path-1.9.1.tar.gz
2026-08-26T13:07:12.233Z  [API  ]  HEAD https://pub.dev/api/archives/uuid-4.6.0.tar.gz
2026-08-26T13:07:12.247Z  [API  ]  HEAD https://pub.dev/api/archives/vector_math-2.4.2.tar.gz
2026-08-26T13:07:12.263Z  [API  ]  HEAD https://pub.dev/api/archives/path_parsing-1.1.0.tar.gz
2026-08-26T13:07:12.277Z  [API  ]  HEAD https://pub.dev/api/archives/clock-1.1.2.tar.gz
2026-08-26T13:07:12.292Z  [API  ]  HEAD https://pub.dev/api/archives/stream_channel-2.1.4.tar.gz
2026-08-26T13:07:12.310Z  [API  ]  200 OK (2203ms)
2026-08-26T13:07:12.331Z  [API  ]  200 OK (799ms)
2026-08-26T13:07:12.332Z  [API  ]  200 OK (2384ms)
2026-08-26T13:07:12.334Z  [API  ]  HEAD https://pub.dev/api/archives/pub_semver-2.2.0.tar.gz
2026-08-26T13:07:12.349Z  [API  ]  HEAD https://pub.dev/api/archives/characters-1.4.1.tar.gz
2026-08-26T13:07:12.363Z  [API  ]  HEAD https://pub.dev/api/archives/web-1.1.1.tar.gz
2026-08-26T13:07:12.379Z  [API  ]  HEAD https://pub.dev/api/archives/flutter-0.0.20.tar.gz
2026-08-26T13:07:12.393Z  [API  ]  HEAD https://pub.dev/api/archives/fake_async-1.3.3.tar.gz
2026-08-26T13:07:12.409Z  [API  ]  HEAD https://pub.dev/api/archives/state_notifier-1.0.0.tar.gz
2026-08-26T13:07:12.426Z  [API  ]  HEAD https://pub.dev/api/archives/petitparser-7.0.2.tar.gz
2026-08-26T13:07:12.441Z  [API  ]  HEAD https://pub.dev/api/archives/glob-2.1.3.tar.gz
2026-08-26T13:07:12.457Z  [API  ]  HEAD https://pub.dev/api/archives/convert-3.1.2.tar.gz
2026-08-26T13:07:12.473Z  [API  ]  200 OK (644ms)
2026-08-26T13:07:12.474Z  [API  ]  200 OK (837ms)
2026-08-26T13:07:12.474Z  [API  ]  200 OK (2397ms)
2026-08-26T13:07:12.475Z  [API  ]  200 OK (2447ms)
2026-08-26T13:07:12.484Z  [API  ]  200 OK (791ms)
2026-08-26T13:07:12.505Z  [API  ]  HEAD https://pub.dev/api/archives/meta-1.19.0.tar.gz
2026-08-26T13:07:12.521Z  [API  ]  HEAD https://pub.dev/api/archives/vector_graphics_codec-1.1.13.tar.gz
2026-08-26T13:07:12.538Z  [API  ]  HEAD https://pub.dev/api/archives/checked_yaml-2.0.4.tar.gz
2026-08-26T13:07:12.559Z  [API  ]  200 OK (1045ms)
2026-08-26T13:07:12.562Z  [API  ]  200 OK (652ms)
2026-08-26T13:07:12.562Z  [API  ]  200 OK (2525ms)
2026-08-26T13:07:12.564Z  [API  ]  200 OK (967ms)
2026-08-26T13:07:12.591Z  [API  ]  200 OK (2567ms)
2026-08-26T13:07:12.594Z  [API  ]  200 OK (642ms)
2026-08-26T13:07:12.596Z  [API  ]  200 OK (623ms)
2026-08-26T13:07:12.620Z  [API  ]  HEAD https://pub.dev/api/archives/crypto-3.0.7.tar.gz
2026-08-26T13:07:12.635Z  [API  ]  HEAD https://pub.dev/api/archives/webkit_inspection_protocol-1.2.1.tar.gz
2026-08-26T13:07:12.649Z  [API  ]  HEAD https://pub.dev/api/archives/web_socket-1.0.1.tar.gz
2026-08-26T13:07:12.664Z  [API  ]  HEAD https://pub.dev/api/archives/leak_tracker_testing-3.0.2.tar.gz
2026-08-26T13:07:12.690Z  [API  ]  HEAD https://pub.dev/api/archives/image-4.9.2.tar.gz
2026-08-26T13:07:12.709Z  [API  ]  200 OK (661ms)
2026-08-26T13:07:12.710Z  [API  ]  200 OK (677ms)
2026-08-26T13:07:12.710Z  [API  ]  200 OK (1046ms)
2026-08-26T13:07:12.711Z  [API  ]  200 OK (696ms)
2026-08-26T13:07:12.716Z  [API  ]  200 OK (901ms)
2026-08-26T13:07:12.720Z  [API  ]  200 OK (621ms)
2026-08-26T13:07:12.740Z  [API  ]  HEAD https://pub.dev/api/archives/json_annotation-4.12.0.tar.gz
2026-08-26T13:07:12.758Z  [API  ]  200 OK (1014ms)
2026-08-26T13:07:12.759Z  [API  ]  200 OK (959ms)
2026-08-26T13:07:12.777Z  [API  ]  HEAD https://pub.dev/api/archives/coverage-1.15.1.tar.gz
2026-08-26T13:07:12.792Z  [API  ]  HEAD https://pub.dev/api/archives/async-2.13.1.tar.gz
2026-08-26T13:07:12.859Z  [API  ]  HEAD https://pub.dev/api/archives/stack_trace-1.12.1.tar.gz
2026-08-26T13:07:12.875Z  [API  ]  HEAD https://pub.dev/api/archives/vm_service-15.3.0.tar.gz
2026-08-26T13:07:12.891Z  [API  ]  HEAD https://pub.dev/api/archives/xml-7.0.1.tar.gz
2026-08-26T13:07:12.908Z  [API  ]  200 OK (2852ms)
2026-08-26T13:07:12.914Z  [API  ]  200 OK (1128ms)
2026-08-26T13:07:12.916Z  [API  ]  200 OK (801ms)
2026-08-26T13:07:12.917Z  [API  ]  200 OK (2901ms)
2026-08-26T13:07:12.918Z  [API  ]  200 OK (2835ms)
2026-08-26T13:07:12.919Z  [API  ]  200 OK (2925ms)
2026-08-26T13:07:12.921Z  [API  ]  200 OK (2910ms)
2026-08-26T13:07:12.934Z  [API  ]  HEAD https://pub.dev/api/archives/test_core-0.6.19.tar.gz
2026-08-26T13:07:12.949Z  [API  ]  HEAD https://pub.dev/api/archives/_fe_analyzer_shared-105.0.0.tar.gz
2026-08-26T13:07:12.965Z  [API  ]  HEAD https://pub.dev/api/archives/cli_config-0.2.0.tar.gz
2026-08-26T13:07:12.981Z  [API  ]  HEAD https://pub.dev/api/archives/lints-6.1.0.tar.gz
2026-08-26T13:07:13.006Z  [API  ]  HEAD https://pub.dev/api/archives/source_map_stack_trace-2.1.2.tar.gz
2026-08-26T13:07:13.027Z  [API  ]  200 OK (634ms)
2026-08-26T13:07:13.028Z  [API  ]  200 OK (602ms)
2026-08-26T13:07:13.028Z  [API  ]  200 OK (765ms)
2026-08-26T13:07:13.029Z  [API  ]  200 OK (588ms)
2026-08-26T13:07:13.043Z  [API  ]  HEAD https://pub.dev/api/archives/boolean_selector-2.1.2.tar.gz
2026-08-26T13:07:13.058Z  [API  ]  HEAD https://pub.dev/api/archives/matcher-0.12.20.tar.gz
2026-08-26T13:07:13.078Z  [API  ]  200 OK (1183ms)
2026-08-26T13:07:13.079Z  [API  ]  200 OK (787ms)
2026-08-26T13:07:13.080Z  [API  ]  200 OK (731ms)
2026-08-26T13:07:13.082Z  [API  ]  200 OK (3015ms)
2026-08-26T13:07:13.082Z  [API  ]  200 OK (3025ms)
2026-08-26T13:07:13.084Z  [API  ]  200 OK (837ms)
2026-08-26T13:07:13.100Z  [API  ]  200 OK (930ms)
2026-08-26T13:07:13.108Z  [API  ]  200 OK (954ms)
2026-08-26T13:07:13.121Z  [API  ]  200 OK (1190ms)
2026-08-26T13:07:13.135Z  [API  ]  HEAD https://pub.dev/api/archives/leak_tracker-11.0.2.tar.gz
2026-08-26T13:07:13.150Z  [API  ]  HEAD https://pub.dev/api/archives/pool-1.5.2.tar.gz
2026-08-26T13:07:13.166Z  [API  ]  200 OK (947ms)
2026-08-26T13:07:13.177Z  [API  ]  200 OK (944ms)
2026-08-26T13:07:13.178Z  [API  ]  200 OK (901ms)
2026-08-26T13:07:13.179Z  [API  ]  200 OK (544ms)
2026-08-26T13:07:13.199Z  [API  ]  200 OK (742ms)
2026-08-26T13:07:13.200Z  [API  ]  200 OK (662ms)
2026-08-26T13:07:13.202Z  [API  ]  200 OK (793ms)
2026-08-26T13:07:13.203Z  [API  ]  200 OK (426ms)
2026-08-26T13:07:13.221Z  [API  ]  200 OK (716ms)
2026-08-26T13:07:13.241Z  [API  ]  200 OK (307ms)
2026-08-26T13:07:13.242Z  [API  ]  200 OK (578ms)
2026-08-26T13:07:13.260Z  [API  ]  200 OK (640ms)
2026-08-26T13:07:13.270Z  [API  ]  HEAD https://pub.dev/api/archives/logging-1.3.0.tar.gz
2026-08-26T13:07:13.297Z  [API  ]  200 OK (505ms)
2026-08-26T13:07:13.298Z  [API  ]  200 OK (777ms)
2026-08-26T13:07:13.298Z  [API  ]  200 OK (935ms)
2026-08-26T13:07:13.325Z  [API  ]  HEAD https://pub.dev/api/archives/analyzer-14.1.0.tar.gz
2026-08-26T13:07:13.351Z  [API  ]  200 OK (370ms)
2026-08-26T13:07:13.352Z  [API  ]  200 OK (294ms)
2026-08-26T13:07:13.354Z  [API  ]  200 OK (389ms)
2026-08-26T13:07:13.378Z  [API  ]  HEAD https://pub.dev/api/archives/test-1.31.2.tar.gz
2026-08-26T13:07:13.634Z  [API  ]  200 OK (743ms)
2026-08-26T13:07:13.636Z  [API  ]  200 OK (761ms)
2026-08-26T13:07:13.637Z  [API  ]  200 OK (594ms)
2026-08-26T13:07:13.637Z  [API  ]  200 OK (502ms)
2026-08-26T13:07:13.638Z  [API  ]  200 OK (1867ms)
2026-08-26T13:07:13.639Z  [API  ]  200 OK (780ms)
2026-08-26T13:07:13.643Z  [API  ]  200 OK (2206ms)
2026-08-26T13:07:13.711Z  [API  ]  200 OK (441ms)
2026-08-26T13:07:13.723Z  [API  ]  200 OK (774ms)
2026-08-26T13:07:13.734Z  [API  ]  200 OK (1400ms)
2026-08-26T13:07:13.841Z  [API  ]  200 OK (463ms)
2026-08-26T13:07:13.852Z  [API  ]  200 OK (702ms)
2026-08-26T13:07:13.865Z  [API  ]  200 OK (1125ms)
2026-08-26T13:07:13.885Z  [API  ]  200 OK (560ms)
2026-08-26T13:07:13.902Z  [API  ]  200 OK (3801ms)
2026-08-26T13:07:13.905Z  [API  ]  HEAD https://pub.dev/api/archives/yaml_edit-2.2.4.tar.gz
2026-08-26T13:07:13.925Z  [API  ]  200 OK (1546ms)
2026-08-26T13:07:14.001Z  [API  ]  200 OK (995ms)
2026-08-26T13:07:14.015Z  [API  ]  200 OK (1366ms)
2026-08-26T13:07:14.283Z  [API  ]  200 OK (2404ms)
2026-08-26T13:07:14.294Z  [API  ]  200 OK (389ms)
2026-08-26T13:07:14.341Z  [API  ]  200 OK (1651ms)
2026-08-26T13:07:16.060Z  [API  ]  200 OK (4514ms)
2026-08-26T13:07:16.136Z  [INFO ]  Dep graph: 11 direct, 81 transitive, 0 overrides
2026-08-26T13:07:16.136Z  [CACHE]  MISS osv.vulns.cupertino_icons.1.0.9
2026-08-26T13:07:16.136Z  [CACHE]  MISS osv.vulns.dio.5.11.0
2026-08-26T13:07:16.136Z  [CACHE]  MISS osv.vulns.flutter_launcher_icons.0.14.4
2026-08-26T13:07:16.136Z  [CACHE]  MISS osv.vulns.flutter_lints.6.0.0
2026-08-26T13:07:16.136Z  [CACHE]  MISS osv.vulns.flutter_riverpod.3.4.2
2026-08-26T13:07:16.136Z  [CACHE]  MISS osv.vulns.go_router.17.5.0
2026-08-26T13:07:16.136Z  [CACHE]  MISS osv.vulns.lottie.3.5.1
2026-08-26T13:07:16.136Z  [CACHE]  MISS osv.vulns.riverpod.3.4.2
2026-08-26T13:07:16.136Z  [CACHE]  MISS osv.vulns.saropa_lints.14.0.2
2026-08-26T13:07:16.136Z  [CACHE]  MISS osv.vulns.vector_graphics.1.2.3
2026-08-26T13:07:16.136Z  [CACHE]  MISS osv.vulns.vector_graphics_compiler.1.3.0
2026-08-26T13:07:16.137Z  [API  ]  POST https://api.osv.dev/v1/querybatch
2026-08-26T13:07:16.139Z  [CACHE]  MISS ghsa.vulns.cupertino_icons.1.0.9
2026-08-26T13:07:16.139Z  [CACHE]  MISS ghsa.vulns.dio.5.11.0
2026-08-26T13:07:16.139Z  [CACHE]  MISS ghsa.vulns.flutter_launcher_icons.0.14.4
2026-08-26T13:07:16.139Z  [CACHE]  MISS ghsa.vulns.flutter_lints.6.0.0
2026-08-26T13:07:16.139Z  [CACHE]  MISS ghsa.vulns.flutter_riverpod.3.4.2
2026-08-26T13:07:16.139Z  [CACHE]  MISS ghsa.vulns.go_router.17.5.0
2026-08-26T13:07:16.139Z  [CACHE]  MISS ghsa.vulns.lottie.3.5.1
2026-08-26T13:07:16.139Z  [CACHE]  MISS ghsa.vulns.riverpod.3.4.2
2026-08-26T13:07:16.139Z  [CACHE]  MISS ghsa.vulns.saropa_lints.14.0.2
2026-08-26T13:07:16.139Z  [CACHE]  MISS ghsa.vulns.vector_graphics.1.2.3
2026-08-26T13:07:16.139Z  [CACHE]  MISS ghsa.vulns.vector_graphics_compiler.1.3.0
2026-08-26T13:07:16.140Z  [API  ]  GET https://api.github.com/advisories?ecosystem=pub&package=cupertino_icons&affects=1.0.9&per_page=100
2026-08-26T13:07:16.142Z  [API  ]  GET https://api.github.com/advisories?ecosystem=pub&package=dio&affects=5.11.0&per_page=100
2026-08-26T13:07:16.143Z  [API  ]  GET https://api.github.com/advisories?ecosystem=pub&package=flutter_launcher_icons&affects=0.14.4&per_page=100
2026-08-26T13:07:16.145Z  [API  ]  GET https://api.github.com/advisories?ecosystem=pub&package=flutter_lints&affects=6.0.0&per_page=100
2026-08-26T13:07:16.147Z  [API  ]  GET https://api.github.com/advisories?ecosystem=pub&package=flutter_riverpod&affects=3.4.2&per_page=100
2026-08-26T13:07:16.749Z  [API  ]  200 OK (604ms)
2026-08-26T13:07:16.759Z  [API  ]  200 OK (619ms)
2026-08-26T13:07:16.760Z  [API  ]  200 OK (618ms)
2026-08-26T13:07:16.781Z  [API  ]  200 OK (638ms)
2026-08-26T13:07:16.797Z  [API  ]  200 OK (650ms)
2026-08-26T13:07:16.798Z  [API  ]  GET https://api.github.com/advisories?ecosystem=pub&package=go_router&affects=17.5.0&per_page=100
2026-08-26T13:07:16.800Z  [API  ]  GET https://api.github.com/advisories?ecosystem=pub&package=lottie&affects=3.5.1&per_page=100
2026-08-26T13:07:16.802Z  [API  ]  GET https://api.github.com/advisories?ecosystem=pub&package=riverpod&affects=3.4.2&per_page=100
2026-08-26T13:07:16.804Z  [API  ]  GET https://api.github.com/advisories?ecosystem=pub&package=saropa_lints&affects=14.0.2&per_page=100
2026-08-26T13:07:16.806Z  [API  ]  GET https://api.github.com/advisories?ecosystem=pub&package=vector_graphics&affects=1.2.3&per_page=100
2026-08-26T13:07:17.175Z  [API  ]  200 OK (375ms)
2026-08-26T13:07:17.186Z  [API  ]  200 OK (382ms)
2026-08-26T13:07:17.197Z  [API  ]  200 OK (395ms)
2026-08-26T13:07:17.227Z  [API  ]  200 OK (429ms)
2026-08-26T13:07:17.385Z  [API  ]  200 OK (579ms)
2026-08-26T13:07:17.386Z  [API  ]  GET https://api.github.com/advisories?ecosystem=pub&package=vector_graphics_compiler&affects=1.3.0&per_page=100
2026-08-26T13:07:17.745Z  [API  ]  200 OK (359ms)
2026-08-26T13:07:18.409Z  [API  ]  200 OK (2272ms)
2026-08-26T13:07:19.231Z  [INFO ]  Scan complete — 500804ms — vibrant:3 stable:7 outdated:1 abandoned:0 eol:0
