2026-09-10T03:19:47.134Z  [CACHE]  MISS flutter.releases
2026-09-10T03:19:47.134Z  [API  ]  GET https://storage.googleapis.com/flutter_infra_release/releases/releases_linux.json
2026-09-10T03:19:47.431Z  [API  ]  200 OK (297ms)
2026-09-10T03:19:47.771Z  [INFO ]  Scan started — 14 packages
2026-09-10T03:19:47.772Z  [INFO ]  [1/14] cupertino_icons
2026-09-10T03:19:47.773Z  [INFO ]  Known issue: active
2026-09-10T03:19:47.773Z  [CACHE]  MISS pub.info.cupertino_icons
2026-09-10T03:19:47.773Z  [API  ]  GET https://pub.dev/api/packages/cupertino_icons
2026-09-10T03:19:47.777Z  [CACHE]  MISS pub.metrics.cupertino_icons
2026-09-10T03:19:47.777Z  [API  ]  GET https://pub.dev/api/packages/cupertino_icons/metrics
2026-09-10T03:19:47.781Z  [API  ]  GET https://pub.dev/api/packages/cupertino_icons/score
2026-09-10T03:19:47.784Z  [CACHE]  HIT  pub.publisher.cupertino_icons
2026-09-10T03:19:47.784Z  [CACHE]  MISS pub.reverseDeps.cupertino_icons
2026-09-10T03:19:47.784Z  [API  ]  GET https://pub.dev/packages?q=dependency%3Acupertino_icons
2026-09-10T03:19:47.787Z  [INFO ]  [2/14] dio
2026-09-10T03:19:47.787Z  [INFO ]  Known issue: active
2026-09-10T03:19:47.787Z  [CACHE]  MISS pub.info.dio
2026-09-10T03:19:47.787Z  [API  ]  GET https://pub.dev/api/packages/dio
2026-09-10T03:19:47.791Z  [CACHE]  MISS pub.metrics.dio
2026-09-10T03:19:47.791Z  [API  ]  GET https://pub.dev/api/packages/dio/metrics
2026-09-10T03:19:47.795Z  [API  ]  GET https://pub.dev/api/packages/dio/score
2026-09-10T03:19:47.799Z  [CACHE]  HIT  pub.publisher.dio
2026-09-10T03:19:47.799Z  [CACHE]  MISS pub.reverseDeps.dio
2026-09-10T03:19:47.799Z  [API  ]  GET https://pub.dev/packages?q=dependency%3Adio
2026-09-10T03:19:47.802Z  [INFO ]  [3/14] dotlottie_flutter
2026-09-10T03:19:47.802Z  [CACHE]  MISS pub.info.dotlottie_flutter
2026-09-10T03:19:47.802Z  [API  ]  GET https://pub.dev/api/packages/dotlottie_flutter
2026-09-10T03:19:47.806Z  [CACHE]  MISS pub.metrics.dotlottie_flutter
2026-09-10T03:19:47.806Z  [API  ]  GET https://pub.dev/api/packages/dotlottie_flutter/metrics
2026-09-10T03:19:47.809Z  [API  ]  GET https://pub.dev/api/packages/dotlottie_flutter/score
2026-09-10T03:19:47.812Z  [CACHE]  HIT  pub.publisher.dotlottie_flutter
2026-09-10T03:19:47.812Z  [CACHE]  MISS pub.reverseDeps.dotlottie_flutter
2026-09-10T03:19:47.812Z  [API  ]  GET https://pub.dev/packages?q=dependency%3Adotlottie_flutter
2026-09-10T03:19:47.814Z  [INFO ]  [4/14] easy_refresh
2026-09-10T03:19:47.814Z  [CACHE]  MISS pub.info.easy_refresh
2026-09-10T03:19:47.814Z  [API  ]  GET https://pub.dev/api/packages/easy_refresh
2026-09-10T03:19:47.817Z  [CACHE]  MISS pub.metrics.easy_refresh
2026-09-10T03:19:47.817Z  [API  ]  GET https://pub.dev/api/packages/easy_refresh/metrics
2026-09-10T03:19:47.821Z  [API  ]  GET https://pub.dev/api/packages/easy_refresh/score
2026-09-10T03:19:47.826Z  [CACHE]  HIT  pub.publisher.easy_refresh
2026-09-10T03:19:47.826Z  [CACHE]  MISS pub.reverseDeps.easy_refresh
2026-09-10T03:19:47.826Z  [API  ]  GET https://pub.dev/packages?q=dependency%3Aeasy_refresh
2026-09-10T03:19:47.829Z  [INFO ]  [5/14] flutter_launcher_icons
2026-09-10T03:19:47.829Z  [INFO ]  Known issue: active
2026-09-10T03:19:47.829Z  [CACHE]  MISS pub.info.flutter_launcher_icons
2026-09-10T03:19:47.829Z  [API  ]  GET https://pub.dev/api/packages/flutter_launcher_icons
2026-09-10T03:19:47.833Z  [CACHE]  MISS pub.metrics.flutter_launcher_icons
2026-09-10T03:19:47.833Z  [API  ]  GET https://pub.dev/api/packages/flutter_launcher_icons/metrics
2026-09-10T03:19:47.836Z  [API  ]  GET https://pub.dev/api/packages/flutter_launcher_icons/score
2026-09-10T03:19:47.838Z  [CACHE]  HIT  pub.publisher.flutter_launcher_icons
2026-09-10T03:19:47.838Z  [CACHE]  MISS pub.reverseDeps.flutter_launcher_icons
2026-09-10T03:19:47.838Z  [API  ]  GET https://pub.dev/packages?q=dependency%3Aflutter_launcher_icons
2026-09-10T03:19:47.840Z  [INFO ]  [6/14] flutter_lints
2026-09-10T03:19:47.840Z  [INFO ]  Known issue: active
2026-09-10T03:19:47.840Z  [CACHE]  MISS pub.info.flutter_lints
2026-09-10T03:19:47.840Z  [API  ]  GET https://pub.dev/api/packages/flutter_lints
2026-09-10T03:19:47.842Z  [CACHE]  MISS pub.metrics.flutter_lints
2026-09-10T03:19:47.842Z  [API  ]  GET https://pub.dev/api/packages/flutter_lints/metrics
2026-09-10T03:19:47.846Z  [API  ]  GET https://pub.dev/api/packages/flutter_lints/score
2026-09-10T03:19:47.849Z  [CACHE]  HIT  pub.publisher.flutter_lints
2026-09-10T03:19:47.849Z  [CACHE]  MISS pub.reverseDeps.flutter_lints
2026-09-10T03:19:47.849Z  [API  ]  GET https://pub.dev/packages?q=dependency%3Aflutter_lints
2026-09-10T03:19:48.151Z  [API  ]  200 OK (378ms)
2026-09-10T03:19:48.608Z  [API  ]  200 OK (768ms)
2026-09-10T03:19:48.613Z  [API  ]  200 OK (799ms)
2026-09-10T03:19:48.616Z  [API  ]  200 OK (829ms)
2026-09-10T03:19:48.631Z  [API  ]  200 OK (789ms)
2026-09-10T03:19:48.638Z  [API  ]  200 OK (821ms)
2026-09-10T03:19:48.656Z  [API  ]  200 OK (875ms)
2026-09-10T03:19:48.657Z  [API  ]  200 OK (824ms)
2026-09-10T03:19:48.658Z  [API  ]  200 OK (852ms)
2026-09-10T03:19:48.659Z  [API  ]  200 OK (864ms)
2026-09-10T03:19:48.660Z  [API  ]  200 OK (851ms)
2026-09-10T03:19:48.695Z  [API  ]  200 OK (904ms)
2026-09-10T03:19:48.697Z  [API  ]  200 OK (895ms)
2026-09-10T03:19:48.698Z  [API  ]  200 OK (869ms)
2026-09-10T03:19:48.699Z  [API  ]  200 OK (900ms)
2026-09-10T03:19:48.736Z  [API  ]  200 OK (915ms)
2026-09-10T03:19:48.756Z  [API  ]  200 OK (907ms)
2026-09-10T03:19:48.808Z  [API  ]  200 OK (970ms)
2026-09-10T03:19:48.809Z  [API  ]  200 OK (973ms)
2026-09-10T03:19:48.811Z  [API  ]  200 OK (985ms)
2026-09-10T03:19:48.907Z  [API  ]  200 OK (1123ms)
2026-09-10T03:19:49.290Z  [API  ]  200 OK (1444ms)
2026-09-10T03:19:49.306Z  [API  ]  200 OK (1529ms)
2026-09-10T03:19:49.400Z  [API  ]  200 OK (1588ms)
2026-09-10T03:19:49.451Z  [CACHE]  MISS gh.xuelongqy.flutter_easy_refresh
2026-09-10T03:19:49.451Z  [API  ]  GET https://api.github.com/repos/xuelongqy/flutter_easy_refresh
2026-09-10T03:19:49.451Z  [API  ]  GET https://api.github.com/repos/xuelongqy/flutter_easy_refresh/issues?state=closed&since=2026-06-12T03:19:49.451Z&per_page=100
2026-09-10T03:19:49.451Z  [API  ]  GET https://api.github.com/repos/xuelongqy/flutter_easy_refresh/pulls?state=closed&per_page=100
2026-09-10T03:19:49.451Z  [API  ]  GET https://api.github.com/repos/xuelongqy/flutter_easy_refresh/issues?state=open&sort=comments&direction=desc&per_page=50
2026-09-10T03:19:49.451Z  [API  ]  GET https://api.github.com/repos/xuelongqy/flutter_easy_refresh/pulls?state=open&per_page=100
2026-09-10T03:19:49.466Z  [CACHE]  MISS gh.flutter.packages
2026-09-10T03:19:49.466Z  [API  ]  GET https://api.github.com/repos/flutter/packages
2026-09-10T03:19:49.466Z  [API  ]  GET https://api.github.com/repos/flutter/packages/issues?state=closed&since=2026-06-12T03:19:49.466Z&per_page=100
2026-09-10T03:19:49.466Z  [API  ]  GET https://api.github.com/repos/flutter/packages/pulls?state=closed&per_page=100
2026-09-10T03:19:49.466Z  [API  ]  GET https://api.github.com/repos/flutter/packages/issues?state=open&sort=comments&direction=desc&per_page=50
2026-09-10T03:19:49.466Z  [API  ]  GET https://api.github.com/repos/flutter/packages/pulls?state=open&per_page=100
2026-09-10T03:19:49.493Z  [CACHE]  MISS gh.flutter.packages
2026-09-10T03:19:49.493Z  [API  ]  GET https://api.github.com/repos/flutter/packages
2026-09-10T03:19:49.493Z  [API  ]  GET https://api.github.com/repos/flutter/packages/issues?state=closed&since=2026-06-12T03:19:49.493Z&per_page=100
2026-09-10T03:19:49.493Z  [API  ]  GET https://api.github.com/repos/flutter/packages/pulls?state=closed&per_page=100
2026-09-10T03:19:49.493Z  [API  ]  GET https://api.github.com/repos/flutter/packages/issues?state=open&sort=comments&direction=desc&per_page=50
2026-09-10T03:19:49.493Z  [API  ]  GET https://api.github.com/repos/flutter/packages/pulls?state=open&per_page=100
2026-09-10T03:19:49.549Z  [CACHE]  MISS gh.cfug.dio
2026-09-10T03:19:49.549Z  [API  ]  GET https://api.github.com/repos/cfug/dio
2026-09-10T03:19:49.549Z  [API  ]  GET https://api.github.com/repos/cfug/dio/issues?state=closed&since=2026-06-12T03:19:49.549Z&per_page=100
2026-09-10T03:19:49.549Z  [API  ]  GET https://api.github.com/repos/cfug/dio/pulls?state=closed&per_page=100
2026-09-10T03:19:49.549Z  [API  ]  GET https://api.github.com/repos/cfug/dio/issues?state=open&sort=comments&direction=desc&per_page=50
2026-09-10T03:19:49.549Z  [API  ]  GET https://api.github.com/repos/cfug/dio/pulls?state=open&per_page=100
2026-09-10T03:19:49.560Z  [CACHE]  MISS gh.lottiefiles.dotlottie-flutter
2026-09-10T03:19:49.560Z  [API  ]  GET https://api.github.com/repos/lottiefiles/dotlottie-flutter
2026-09-10T03:19:49.560Z  [API  ]  GET https://api.github.com/repos/lottiefiles/dotlottie-flutter/issues?state=closed&since=2026-06-12T03:19:49.560Z&per_page=100
2026-09-10T03:19:49.560Z  [API  ]  GET https://api.github.com/repos/lottiefiles/dotlottie-flutter/pulls?state=closed&per_page=100
2026-09-10T03:19:49.560Z  [API  ]  GET https://api.github.com/repos/lottiefiles/dotlottie-flutter/issues?state=open&sort=comments&direction=desc&per_page=50
2026-09-10T03:19:49.560Z  [API  ]  GET https://api.github.com/repos/lottiefiles/dotlottie-flutter/pulls?state=open&per_page=100
2026-09-10T03:19:49.584Z  [CACHE]  MISS gh.fluttercommunity.flutter_launcher_icons
2026-09-10T03:19:49.584Z  [API  ]  GET https://api.github.com/repos/fluttercommunity/flutter_launcher_icons
2026-09-10T03:19:49.584Z  [API  ]  GET https://api.github.com/repos/fluttercommunity/flutter_launcher_icons/issues?state=closed&since=2026-06-12T03:19:49.584Z&per_page=100
2026-09-10T03:19:49.584Z  [API  ]  GET https://api.github.com/repos/fluttercommunity/flutter_launcher_icons/pulls?state=closed&per_page=100
2026-09-10T03:19:49.584Z  [API  ]  GET https://api.github.com/repos/fluttercommunity/flutter_launcher_icons/issues?state=open&sort=comments&direction=desc&per_page=50
2026-09-10T03:19:49.584Z  [API  ]  GET https://api.github.com/repos/fluttercommunity/flutter_launcher_icons/pulls?state=open&per_page=100
2026-09-10T03:19:50.977Z  [API  ]  200 OK (1416ms)
2026-09-10T03:19:50.977Z  [API  ]  200 OK (1416ms)
2026-09-10T03:19:50.977Z  [API  ]  200 OK (1416ms)
2026-09-10T03:19:50.977Z  [API  ]  200 OK (1416ms)
2026-09-10T03:19:50.977Z  [API  ]  200 OK (1416ms)
2026-09-10T03:19:51.087Z  [API  ]  200 OK (1538ms)
2026-09-10T03:19:51.087Z  [API  ]  200 OK (1538ms)
2026-09-10T03:19:51.087Z  [API  ]  200 OK (1538ms)
2026-09-10T03:19:51.087Z  [API  ]  200 OK (1538ms)
2026-09-10T03:19:51.087Z  [API  ]  200 OK (1538ms)
2026-09-10T03:19:51.230Z  [CACHE]  MISS pub.archiveSize.dotlottie_flutter
2026-09-10T03:19:51.230Z  [API  ]  GET https://pub.dev/api/packages/dotlottie_flutter
2026-09-10T03:19:51.233Z  [API  ]  GET https://pub.dev/api/packages/dotlottie_flutter
2026-09-10T03:19:51.239Z  [API  ]  200 OK (1746ms)
2026-09-10T03:19:51.239Z  [API  ]  200 OK (1746ms)
2026-09-10T03:19:51.239Z  [API  ]  200 OK (1746ms)
2026-09-10T03:19:51.239Z  [API  ]  200 OK (1746ms)
2026-09-10T03:19:51.239Z  [API  ]  200 OK (1746ms)
2026-09-10T03:19:51.241Z  [API  ]  200 OK (1775ms)
2026-09-10T03:19:51.241Z  [API  ]  200 OK (1775ms)
2026-09-10T03:19:51.241Z  [API  ]  200 OK (1775ms)
2026-09-10T03:19:51.241Z  [API  ]  200 OK (1775ms)
2026-09-10T03:19:51.241Z  [API  ]  200 OK (1775ms)
2026-09-10T03:19:51.274Z  [API  ]  200 OK (44ms)
2026-09-10T03:19:51.275Z  [API  ]  200 OK (42ms)
2026-09-10T03:19:51.277Z  [API  ]  HEAD https://pub.dev/api/archives/dotlottie_flutter-0.1.7.tar.gz
2026-09-10T03:19:51.281Z  [CACHE]  MISS pub.tarball.a0rknv
2026-09-10T03:19:51.281Z  [API  ]  GET https://pub.dev/api/archives/dotlottie_flutter-0.1.7.tar.gz
2026-09-10T03:19:51.290Z  [API  ]  200 OK (1839ms)
2026-09-10T03:19:51.290Z  [API  ]  200 OK (1839ms)
2026-09-10T03:19:51.290Z  [API  ]  200 OK (1839ms)
2026-09-10T03:19:51.290Z  [API  ]  200 OK (1839ms)
2026-09-10T03:19:51.290Z  [API  ]  200 OK (1839ms)
2026-09-10T03:19:51.297Z  [API  ]  200 OK (1713ms)
2026-09-10T03:19:51.297Z  [API  ]  200 OK (1713ms)
2026-09-10T03:19:51.297Z  [API  ]  200 OK (1713ms)
2026-09-10T03:19:51.297Z  [API  ]  200 OK (1713ms)
2026-09-10T03:19:51.297Z  [API  ]  200 OK (1713ms)
2026-09-10T03:19:51.531Z  [API  ]  200 OK (254ms)
2026-09-10T03:19:51.572Z  [CACHE]  MISS pub.archiveSize.easy_refresh
2026-09-10T03:19:51.573Z  [API  ]  GET https://pub.dev/api/packages/easy_refresh
2026-09-10T03:19:51.575Z  [API  ]  GET https://pub.dev/api/packages/easy_refresh
2026-09-10T03:19:51.638Z  [API  ]  200 OK (63ms)
2026-09-10T03:19:51.643Z  [CACHE]  MISS pub.tarball.64u0ab
2026-09-10T03:19:51.643Z  [API  ]  GET https://pub.dev/api/archives/easy_refresh-3.5.1.tar.gz
2026-09-10T03:19:51.677Z  [API  ]  200 OK (34ms)
2026-09-10T03:19:51.757Z  [API  ]  200 OK (184ms)
2026-09-10T03:19:51.780Z  [CACHE]  MISS pub.archiveSize.dio
2026-09-10T03:19:51.780Z  [API  ]  GET https://pub.dev/api/packages/dio
2026-09-10T03:19:51.782Z  [API  ]  GET https://pub.dev/api/packages/dio
2026-09-10T03:19:51.789Z  [API  ]  HEAD https://pub.dev/api/archives/easy_refresh-3.5.1.tar.gz
2026-09-10T03:19:51.810Z  [CACHE]  MISS pub.archiveSize.cupertino_icons
2026-09-10T03:19:51.813Z  [API  ]  HEAD https://pub.dev/api/archives/cupertino_icons-1.0.9.tar.gz
2026-09-10T03:19:51.817Z  [CACHE]  MISS pub.tarball.oijvck
2026-09-10T03:19:51.817Z  [API  ]  GET https://pub.dev/api/archives/cupertino_icons-1.0.9.tar.gz
2026-09-10T03:19:51.823Z  [API  ]  200 OK (43ms)
2026-09-10T03:19:51.824Z  [API  ]  200 OK (42ms)
2026-09-10T03:19:51.836Z  [API  ]  200 OK (47ms)
2026-09-10T03:19:51.890Z  [API  ]  200 OK (73ms)
2026-09-10T03:19:51.903Z  [API  ]  HEAD https://pub.dev/api/archives/dio-5.11.1.tar.gz
2026-09-10T03:19:51.929Z  [API  ]  200 OK (116ms)
2026-09-10T03:19:51.941Z  [CACHE]  MISS pub.tarball.2bd9gk
2026-09-10T03:19:51.941Z  [API  ]  GET https://pub.dev/api/archives/dio-5.11.1.tar.gz
2026-09-10T03:19:51.947Z  [API  ]  200 OK (44ms)
2026-09-10T03:19:51.971Z  [CACHE]  MISS pub.archiveSize.flutter_launcher_icons
2026-09-10T03:19:51.974Z  [API  ]  HEAD https://pub.dev/api/archives/flutter_launcher_icons-0.14.4.tar.gz
2026-09-10T03:19:51.976Z  [CACHE]  MISS pub.tarball.mbw4oz
2026-09-10T03:19:51.976Z  [API  ]  GET https://pub.dev/api/archives/flutter_launcher_icons-0.14.4.tar.gz
2026-09-10T03:19:52.005Z  [API  ]  200 OK (64ms)
2026-09-10T03:19:52.070Z  [SCORE]  easy_refresh → 36.6 (outdated) [rv=7.5 eg=43.082191780821915 pop=87.555 pt=-5 pq=9.375]
2026-09-10T03:19:52.070Z  [INFO ]  [7/14] flutter_native_splash
2026-09-10T03:19:52.070Z  [INFO ]  Known issue: active
2026-09-10T03:19:52.070Z  [CACHE]  MISS pub.info.flutter_native_splash
2026-09-10T03:19:52.070Z  [API  ]  GET https://pub.dev/api/packages/flutter_native_splash
2026-09-10T03:19:52.072Z  [CACHE]  MISS pub.metrics.flutter_native_splash
2026-09-10T03:19:52.072Z  [API  ]  GET https://pub.dev/api/packages/flutter_native_splash/metrics
2026-09-10T03:19:52.075Z  [API  ]  GET https://pub.dev/api/packages/flutter_native_splash/score
2026-09-10T03:19:52.077Z  [CACHE]  HIT  pub.publisher.flutter_native_splash
2026-09-10T03:19:52.077Z  [CACHE]  MISS pub.reverseDeps.flutter_native_splash
2026-09-10T03:19:52.077Z  [API  ]  GET https://pub.dev/packages?q=dependency%3Aflutter_native_splash
2026-09-10T03:19:52.154Z  [API  ]  200 OK (873ms)
2026-09-10T03:19:52.156Z  [API  ]  200 OK (181ms)
2026-09-10T03:19:52.195Z  [CACHE]  MISS pub.archiveSize.flutter_lints
2026-09-10T03:19:52.199Z  [API  ]  HEAD https://pub.dev/api/archives/flutter_lints-6.0.0.tar.gz
2026-09-10T03:19:52.202Z  [CACHE]  MISS pub.tarball.z7ll8h
2026-09-10T03:19:52.202Z  [API  ]  GET https://pub.dev/api/archives/flutter_lints-6.0.0.tar.gz
2026-09-10T03:19:52.256Z  [API  ]  200 OK (54ms)
2026-09-10T03:19:52.340Z  [API  ]  200 OK (364ms)
2026-09-10T03:19:52.362Z  [API  ]  200 OK (292ms)
2026-09-10T03:19:52.382Z  [API  ]  200 OK (183ms)
2026-09-10T03:19:52.418Z  [API  ]  200 OK (343ms)
2026-09-10T03:19:52.467Z  [API  ]  200 OK (390ms)
2026-09-10T03:19:52.557Z  [SCORE]  dio → 86.6 (vibrant) [rv=90 eg=60.178082191780824 pop=100 pt=-5 pq=10]
2026-09-10T03:19:52.557Z  [INFO ]  [8/14] flutter_riverpod
2026-09-10T03:19:52.557Z  [INFO ]  Known issue: active
2026-09-10T03:19:52.557Z  [CACHE]  MISS pub.info.flutter_riverpod
2026-09-10T03:19:52.557Z  [API  ]  GET https://pub.dev/api/packages/flutter_riverpod
2026-09-10T03:19:52.559Z  [CACHE]  MISS pub.metrics.flutter_riverpod
2026-09-10T03:19:52.559Z  [API  ]  GET https://pub.dev/api/packages/flutter_riverpod/metrics
2026-09-10T03:19:52.561Z  [API  ]  GET https://pub.dev/api/packages/flutter_riverpod/score
2026-09-10T03:19:52.563Z  [CACHE]  HIT  pub.publisher.flutter_riverpod
2026-09-10T03:19:52.563Z  [CACHE]  MISS pub.reverseDeps.flutter_riverpod
2026-09-10T03:19:52.563Z  [API  ]  GET https://pub.dev/packages?q=dependency%3Aflutter_riverpod
2026-09-10T03:19:52.612Z  [SCORE]  cupertino_icons → 62.5 (stable) [rv=50 eg=50 pop=100 pt=-5 pq=10]
2026-09-10T03:19:52.612Z  [INFO ]  [9/14] go_router
2026-09-10T03:19:52.612Z  [INFO ]  Known issue: active
2026-09-10T03:19:52.612Z  [CACHE]  MISS pub.info.go_router
2026-09-10T03:19:52.612Z  [API  ]  GET https://pub.dev/api/packages/go_router
2026-09-10T03:19:52.614Z  [CACHE]  MISS pub.metrics.go_router
2026-09-10T03:19:52.614Z  [API  ]  GET https://pub.dev/api/packages/go_router/metrics
2026-09-10T03:19:52.616Z  [API  ]  GET https://pub.dev/api/packages/go_router/score
2026-09-10T03:19:52.618Z  [CACHE]  HIT  pub.publisher.go_router
2026-09-10T03:19:52.618Z  [CACHE]  MISS pub.reverseDeps.go_router
2026-09-10T03:19:52.618Z  [API  ]  GET https://pub.dev/packages?q=dependency%3Ago_router
2026-09-10T03:19:52.642Z  [SCORE]  flutter_lints → 62.5 (stable) [rv=50 eg=50 pop=100 pt=-5 pq=10]
2026-09-10T03:19:52.642Z  [INFO ]  [10/14] lottie
2026-09-10T03:19:52.642Z  [INFO ]  Known issue: active
2026-09-10T03:19:52.642Z  [CACHE]  MISS pub.info.lottie
2026-09-10T03:19:52.642Z  [API  ]  GET https://pub.dev/api/packages/lottie
2026-09-10T03:19:52.645Z  [CACHE]  MISS pub.metrics.lottie
2026-09-10T03:19:52.645Z  [API  ]  GET https://pub.dev/api/packages/lottie/metrics
2026-09-10T03:19:52.648Z  [API  ]  GET https://pub.dev/api/packages/lottie/score
2026-09-10T03:19:52.651Z  [CACHE]  HIT  pub.publisher.lottie
2026-09-10T03:19:52.651Z  [CACHE]  MISS pub.reverseDeps.lottie
2026-09-10T03:19:52.651Z  [API  ]  GET https://pub.dev/packages?q=dependency%3Alottie
2026-09-10T03:19:52.855Z  [API  ]  200 OK (783ms)
2026-09-10T03:19:52.895Z  [API  ]  200 OK (253ms)
2026-09-10T03:19:52.900Z  [API  ]  200 OK (341ms)
2026-09-10T03:19:52.901Z  [API  ]  200 OK (340ms)
2026-09-10T03:19:52.931Z  [API  ]  200 OK (374ms)
2026-09-10T03:19:52.932Z  [API  ]  200 OK (320ms)
2026-09-10T03:19:52.933Z  [API  ]  200 OK (319ms)
2026-09-10T03:19:52.933Z  [CACHE]  MISS gh.jonbhanson.flutter_native_splash
2026-09-10T03:19:52.933Z  [API  ]  GET https://api.github.com/repos/jonbhanson/flutter_native_splash
2026-09-10T03:19:52.933Z  [API  ]  GET https://api.github.com/repos/jonbhanson/flutter_native_splash/issues?state=closed&since=2026-06-12T03:19:52.933Z&per_page=100
2026-09-10T03:19:52.933Z  [API  ]  GET https://api.github.com/repos/jonbhanson/flutter_native_splash/pulls?state=closed&per_page=100
2026-09-10T03:19:52.933Z  [API  ]  GET https://api.github.com/repos/jonbhanson/flutter_native_splash/issues?state=open&sort=comments&direction=desc&per_page=50
2026-09-10T03:19:52.933Z  [API  ]  GET https://api.github.com/repos/jonbhanson/flutter_native_splash/pulls?state=open&per_page=100
2026-09-10T03:19:52.960Z  [API  ]  200 OK (397ms)
2026-09-10T03:19:53.020Z  [API  ]  200 OK (369ms)
2026-09-10T03:19:53.070Z  [API  ]  200 OK (452ms)
2026-09-10T03:19:53.195Z  [SCORE]  flutter_launcher_icons → 6.2 (outdated) [rv=0 eg=0 pop=68.075 pt=-5 pq=9.375]
2026-09-10T03:19:53.195Z  [INFO ]  [11/14] riverpod
2026-09-10T03:19:53.195Z  [CACHE]  MISS pub.info.riverpod
2026-09-10T03:19:53.195Z  [API  ]  GET https://pub.dev/api/packages/riverpod
2026-09-10T03:19:53.198Z  [CACHE]  MISS pub.metrics.riverpod
2026-09-10T03:19:53.198Z  [API  ]  GET https://pub.dev/api/packages/riverpod/metrics
2026-09-10T03:19:53.200Z  [API  ]  GET https://pub.dev/api/packages/riverpod/score
2026-09-10T03:19:53.202Z  [CACHE]  HIT  pub.publisher.riverpod
2026-09-10T03:19:53.202Z  [CACHE]  MISS pub.reverseDeps.riverpod
2026-09-10T03:19:53.202Z  [API  ]  GET https://pub.dev/packages?q=dependency%3Ariverpod
2026-09-10T03:19:53.221Z  [API  ]  200 OK (573ms)
2026-09-10T03:19:53.244Z  [API  ]  200 OK (599ms)
2026-09-10T03:19:53.284Z  [CACHE]  MISS gh.rrousselGit.riverpod
2026-09-10T03:19:53.284Z  [API  ]  GET https://api.github.com/repos/rrousselGit/riverpod
2026-09-10T03:19:53.284Z  [API  ]  GET https://api.github.com/repos/rrousselGit/riverpod/issues?state=closed&since=2026-06-12T03:19:53.284Z&per_page=100
2026-09-10T03:19:53.284Z  [API  ]  GET https://api.github.com/repos/rrousselGit/riverpod/pulls?state=closed&per_page=100
2026-09-10T03:19:53.284Z  [API  ]  GET https://api.github.com/repos/rrousselGit/riverpod/issues?state=open&sort=comments&direction=desc&per_page=50
2026-09-10T03:19:53.284Z  [API  ]  GET https://api.github.com/repos/rrousselGit/riverpod/pulls?state=open&per_page=100
2026-09-10T03:19:53.381Z  [CACHE]  MISS gh.xvrh.lottie-flutter
2026-09-10T03:19:53.381Z  [API  ]  GET https://api.github.com/repos/xvrh/lottie-flutter
2026-09-10T03:19:53.381Z  [API  ]  GET https://api.github.com/repos/xvrh/lottie-flutter/issues?state=closed&since=2026-06-12T03:19:53.381Z&per_page=100
2026-09-10T03:19:53.381Z  [API  ]  GET https://api.github.com/repos/xvrh/lottie-flutter/pulls?state=closed&per_page=100
2026-09-10T03:19:53.381Z  [API  ]  GET https://api.github.com/repos/xvrh/lottie-flutter/issues?state=open&sort=comments&direction=desc&per_page=50
2026-09-10T03:19:53.381Z  [API  ]  GET https://api.github.com/repos/xvrh/lottie-flutter/pulls?state=open&per_page=100
2026-09-10T03:19:53.492Z  [API  ]  200 OK (876ms)
2026-09-10T03:19:53.492Z  [API  ]  200 OK (297ms)
2026-09-10T03:19:53.493Z  [API  ]  200 OK (295ms)
2026-09-10T03:19:53.545Z  [API  ]  200 OK (343ms)
2026-09-10T03:19:53.545Z  [SCORE]  dotlottie_flutter → 69.4 (stable) [rv=55 eg=71.84931506849315 pop=44.02 pt=-5 pq=8.75]
2026-09-10T03:19:53.545Z  [INFO ]  [12/14] saropa_lints
2026-09-10T03:19:53.545Z  [CACHE]  MISS pub.info.saropa_lints
2026-09-10T03:19:53.545Z  [API  ]  GET https://pub.dev/api/packages/saropa_lints
2026-09-10T03:19:53.548Z  [CACHE]  MISS pub.metrics.saropa_lints
2026-09-10T03:19:53.548Z  [API  ]  GET https://pub.dev/api/packages/saropa_lints/metrics
2026-09-10T03:19:53.551Z  [API  ]  GET https://pub.dev/api/packages/saropa_lints/score
2026-09-10T03:19:53.554Z  [CACHE]  HIT  pub.publisher.saropa_lints
2026-09-10T03:19:53.554Z  [CACHE]  MISS pub.reverseDeps.saropa_lints
2026-09-10T03:19:53.554Z  [API  ]  GET https://pub.dev/packages?q=dependency%3Asaropa_lints
2026-09-10T03:19:53.574Z  [CACHE]  HIT  gh.flutter.packages
2026-09-10T03:19:53.574Z  [CACHE]  MISS pub.archiveSize.go_router
2026-09-10T03:19:53.574Z  [API  ]  GET https://pub.dev/api/packages/go_router
2026-09-10T03:19:53.578Z  [API  ]  GET https://pub.dev/api/packages/go_router
2026-09-10T03:19:53.590Z  [API  ]  200 OK (45ms)
2026-09-10T03:19:53.608Z  [API  ]  200 OK (408ms)
2026-09-10T03:19:53.622Z  [API  ]  200 OK (44ms)
2026-09-10T03:19:53.709Z  [API  ]  200 OK (135ms)
2026-09-10T03:19:53.737Z  [API  ]  HEAD https://pub.dev/api/archives/go_router-18.0.1.tar.gz
2026-09-10T03:19:53.743Z  [CACHE]  MISS pub.tarball.hidihu
2026-09-10T03:19:53.743Z  [API  ]  GET https://pub.dev/api/archives/go_router-18.0.1.tar.gz
2026-09-10T03:19:53.772Z  [API  ]  200 OK (35ms)
2026-09-10T03:19:53.796Z  [API  ]  200 OK (245ms)
2026-09-10T03:19:53.796Z  [CACHE]  MISS gh.rrousselGit.riverpod
2026-09-10T03:19:53.796Z  [API  ]  GET https://api.github.com/repos/rrousselGit/riverpod
2026-09-10T03:19:53.796Z  [API  ]  GET https://api.github.com/repos/rrousselGit/riverpod/issues?state=closed&since=2026-06-12T03:19:53.796Z&per_page=100
2026-09-10T03:19:53.796Z  [API  ]  GET https://api.github.com/repos/rrousselGit/riverpod/pulls?state=closed&per_page=100
2026-09-10T03:19:53.796Z  [API  ]  GET https://api.github.com/repos/rrousselGit/riverpod/issues?state=open&sort=comments&direction=desc&per_page=50
2026-09-10T03:19:53.796Z  [API  ]  GET https://api.github.com/repos/rrousselGit/riverpod/pulls?state=open&per_page=100
2026-09-10T03:19:53.813Z  [API  ]  200 OK (880ms)
2026-09-10T03:19:53.813Z  [API  ]  200 OK (880ms)
2026-09-10T03:19:53.813Z  [API  ]  200 OK (880ms)
2026-09-10T03:19:53.813Z  [API  ]  200 OK (880ms)
2026-09-10T03:19:53.813Z  [API  ]  200 OK (880ms)
2026-09-10T03:19:53.828Z  [API  ]  200 OK (85ms)
2026-09-10T03:19:53.857Z  [API  ]  200 OK (309ms)
2026-09-10T03:19:53.888Z  [API  ]  200 OK (334ms)
2026-09-10T03:19:53.992Z  [CACHE]  MISS gh.saropa.saropa_lints
2026-09-10T03:19:53.992Z  [API  ]  GET https://api.github.com/repos/saropa/saropa_lints
2026-09-10T03:19:53.992Z  [API  ]  GET https://api.github.com/repos/saropa/saropa_lints/issues?state=closed&since=2026-06-12T03:19:53.992Z&per_page=100
2026-09-10T03:19:53.992Z  [API  ]  GET https://api.github.com/repos/saropa/saropa_lints/pulls?state=closed&per_page=100
2026-09-10T03:19:53.992Z  [API  ]  GET https://api.github.com/repos/saropa/saropa_lints/issues?state=open&sort=comments&direction=desc&per_page=50
2026-09-10T03:19:53.992Z  [API  ]  GET https://api.github.com/repos/saropa/saropa_lints/pulls?state=open&per_page=100
2026-09-10T03:19:54.034Z  [CACHE]  MISS pub.archiveSize.flutter_native_splash
2026-09-10T03:19:54.034Z  [API  ]  GET https://pub.dev/api/packages/flutter_native_splash
2026-09-10T03:19:54.036Z  [API  ]  GET https://pub.dev/api/packages/flutter_native_splash
2026-09-10T03:19:54.089Z  [API  ]  200 OK (53ms)
2026-09-10T03:19:54.093Z  [CACHE]  MISS pub.tarball.rd9yvs
2026-09-10T03:19:54.093Z  [API  ]  GET https://pub.dev/api/archives/flutter_native_splash-2.4.8.tar.gz
2026-09-10T03:19:54.113Z  [SCORE]  go_router → 69.1 (stable) [rv=50 eg=50 pop=96.875 pt=-5 pq=9.375]
2026-09-10T03:19:54.113Z  [INFO ]  [13/14] vector_graphics
2026-09-10T03:19:54.113Z  [CACHE]  MISS pub.info.vector_graphics
2026-09-10T03:19:54.113Z  [API  ]  GET https://pub.dev/api/packages/vector_graphics
2026-09-10T03:19:54.115Z  [CACHE]  MISS pub.metrics.vector_graphics
2026-09-10T03:19:54.115Z  [API  ]  GET https://pub.dev/api/packages/vector_graphics/metrics
2026-09-10T03:19:54.117Z  [API  ]  GET https://pub.dev/api/packages/vector_graphics/score
2026-09-10T03:19:54.119Z  [CACHE]  HIT  pub.publisher.vector_graphics
2026-09-10T03:19:54.119Z  [CACHE]  MISS pub.reverseDeps.vector_graphics
2026-09-10T03:19:54.119Z  [API  ]  GET https://pub.dev/packages?q=dependency%3Avector_graphics
2026-09-10T03:19:54.144Z  [API  ]  200 OK (51ms)
2026-09-10T03:19:54.253Z  [API  ]  200 OK (219ms)
2026-09-10T03:19:54.256Z  [API  ]  HEAD https://pub.dev/api/archives/flutter_native_splash-2.4.8.tar.gz
2026-09-10T03:19:54.291Z  [API  ]  200 OK (35ms)
2026-09-10T03:19:54.367Z  [API  ]  200 OK (254ms)
2026-09-10T03:19:54.448Z  [API  ]  200 OK (333ms)
2026-09-10T03:19:54.469Z  [API  ]  200 OK (351ms)
2026-09-10T03:19:54.529Z  [API  ]  200 OK (410ms)
2026-09-10T03:19:54.572Z  [CACHE]  HIT  gh.flutter.packages
2026-09-10T03:19:54.572Z  [CACHE]  MISS pub.archiveSize.vector_graphics
2026-09-10T03:19:54.574Z  [API  ]  HEAD https://pub.dev/api/archives/vector_graphics-1.2.3.tar.gz
2026-09-10T03:19:54.575Z  [CACHE]  MISS pub.tarball.4gehet
2026-09-10T03:19:54.575Z  [API  ]  GET https://pub.dev/api/archives/vector_graphics-1.2.3.tar.gz
2026-09-10T03:19:54.633Z  [API  ]  200 OK (58ms)
2026-09-10T03:19:54.666Z  [SCORE]  flutter_native_splash → 65.8 (stable) [rv=71.78082191780823 eg=35.89041095890411 pop=61.585 pt=-5 pq=9.375]
2026-09-10T03:19:54.667Z  [INFO ]  [14/14] vector_graphics_compiler
2026-09-10T03:19:54.667Z  [CACHE]  MISS pub.info.vector_graphics_compiler
2026-09-10T03:19:54.667Z  [API  ]  GET https://pub.dev/api/packages/vector_graphics_compiler
2026-09-10T03:19:54.668Z  [CACHE]  MISS pub.metrics.vector_graphics_compiler
2026-09-10T03:19:54.668Z  [API  ]  GET https://pub.dev/api/packages/vector_graphics_compiler/metrics
2026-09-10T03:19:54.670Z  [API  ]  GET https://pub.dev/api/packages/vector_graphics_compiler/score
2026-09-10T03:19:54.672Z  [CACHE]  HIT  pub.publisher.vector_graphics_compiler
2026-09-10T03:19:54.672Z  [CACHE]  MISS pub.reverseDeps.vector_graphics_compiler
2026-09-10T03:19:54.672Z  [API  ]  GET https://pub.dev/packages?q=dependency%3Avector_graphics_compiler
2026-09-10T03:19:54.677Z  [API  ]  200 OK (1393ms)
2026-09-10T03:19:54.677Z  [API  ]  200 OK (1393ms)
2026-09-10T03:19:54.677Z  [API  ]  200 OK (1393ms)
2026-09-10T03:19:54.677Z  [API  ]  200 OK (1393ms)
2026-09-10T03:19:54.677Z  [API  ]  200 OK (1393ms)
2026-09-10T03:19:54.713Z  [API  ]  200 OK (139ms)
2026-09-10T03:19:54.821Z  [API  ]  200 OK (1025ms)
2026-09-10T03:19:54.821Z  [API  ]  200 OK (1025ms)
2026-09-10T03:19:54.821Z  [API  ]  200 OK (1025ms)
2026-09-10T03:19:54.821Z  [API  ]  200 OK (1025ms)
2026-09-10T03:19:54.821Z  [API  ]  200 OK (1025ms)
2026-09-10T03:19:54.862Z  [API  ]  200 OK (1481ms)
2026-09-10T03:19:54.862Z  [API  ]  200 OK (1481ms)
2026-09-10T03:19:54.862Z  [API  ]  200 OK (1481ms)
2026-09-10T03:19:54.862Z  [API  ]  200 OK (1481ms)
2026-09-10T03:19:54.862Z  [API  ]  200 OK (1481ms)
2026-09-10T03:19:54.864Z  [CACHE]  MISS pub.archiveSize.flutter_riverpod
2026-09-10T03:19:54.866Z  [API  ]  HEAD https://pub.dev/api/archives/flutter_riverpod-3.4.3.tar.gz
2026-09-10T03:19:54.868Z  [CACHE]  MISS pub.tarball.avcp9u
2026-09-10T03:19:54.868Z  [API  ]  GET https://pub.dev/api/archives/flutter_riverpod-3.4.3.tar.gz
2026-09-10T03:19:54.914Z  [API  ]  200 OK (46ms)
2026-09-10T03:19:54.942Z  [API  ]  200 OK (76ms)
2026-09-10T03:19:54.975Z  [API  ]  200 OK (308ms)
2026-09-10T03:19:55.025Z  [API  ]  200 OK (355ms)
2026-09-10T03:19:55.140Z  [API  ]  200 OK (468ms)
2026-09-10T03:19:55.358Z  [CACHE]  MISS pub.archiveSize.lottie
2026-09-10T03:19:55.360Z  [API  ]  HEAD https://pub.dev/api/archives/lottie-3.5.1.tar.gz
2026-09-10T03:19:55.361Z  [CACHE]  MISS pub.tarball.4owc4s
2026-09-10T03:19:55.361Z  [API  ]  GET https://pub.dev/api/archives/lottie-3.5.1.tar.gz
2026-09-10T03:19:55.419Z  [SCORE]  vector_graphics → 64.1 (stable) [rv=50 eg=50 pop=96.875 pt=-5 pq=9.375]
2026-09-10T03:19:55.447Z  [API  ]  200 OK (86ms)
2026-09-10T03:19:55.448Z  [API  ]  200 OK (88ms)
2026-09-10T03:19:55.492Z  [CACHE]  MISS pub.archiveSize.riverpod
2026-09-10T03:19:55.494Z  [API  ]  HEAD https://pub.dev/api/archives/riverpod-3.4.3.tar.gz
2026-09-10T03:19:55.495Z  [CACHE]  MISS pub.tarball.nzfdv5
2026-09-10T03:19:55.495Z  [API  ]  GET https://pub.dev/api/archives/riverpod-3.4.3.tar.gz
2026-09-10T03:19:55.522Z  [SCORE]  flutter_riverpod → 85.4 (vibrant) [rv=98.5 eg=67.5 pop=93.75 pt=-5 pq=8.75]
2026-09-10T03:19:55.540Z  [API  ]  200 OK (46ms)
2026-09-10T03:19:55.573Z  [API  ]  200 OK (78ms)
2026-09-10T03:19:55.579Z  [API  ]  200 OK (911ms)
2026-09-10T03:19:55.659Z  [CACHE]  HIT  gh.flutter.packages
2026-09-10T03:19:55.659Z  [CACHE]  MISS pub.archiveSize.vector_graphics_compiler
2026-09-10T03:19:55.659Z  [API  ]  GET https://pub.dev/api/packages/vector_graphics_compiler
2026-09-10T03:19:55.661Z  [API  ]  GET https://pub.dev/api/packages/vector_graphics_compiler
2026-09-10T03:19:55.697Z  [API  ]  200 OK (38ms)
2026-09-10T03:19:55.699Z  [API  ]  HEAD https://pub.dev/api/archives/vector_graphics_compiler-1.3.0.tar.gz
2026-09-10T03:19:55.706Z  [API  ]  200 OK (45ms)
2026-09-10T03:19:55.708Z  [CACHE]  MISS pub.tarball.wvjh21
2026-09-10T03:19:55.708Z  [API  ]  GET https://pub.dev/api/archives/vector_graphics_compiler-1.3.0.tar.gz
2026-09-10T03:19:55.735Z  [API  ]  200 OK (36ms)
2026-09-10T03:19:55.750Z  [API  ]  200 OK (42ms)
2026-09-10T03:19:56.012Z  [API  ]  403 rate limit exceeded (2019ms)
2026-09-10T03:19:56.012Z  [API  ]  200 OK (2019ms)
2026-09-10T03:19:56.012Z  [API  ]  403 rate limit exceeded (2019ms)
2026-09-10T03:19:56.012Z  [API  ]  200 OK (2019ms)
2026-09-10T03:19:56.012Z  [API  ]  200 OK (2019ms)
2026-09-10T03:19:56.015Z  [CACHE]  MISS pub.archiveSize.saropa_lints
2026-09-10T03:19:56.019Z  [API  ]  HEAD https://pub.dev/api/archives/saropa_lints-16.2.1.tar.gz
2026-09-10T03:19:56.022Z  [CACHE]  MISS pub.tarball.2zb15f
2026-09-10T03:19:56.022Z  [API  ]  GET https://pub.dev/api/archives/saropa_lints-16.2.1.tar.gz
2026-09-10T03:19:56.028Z  [SCORE]  lottie → 64.1 (stable) [rv=49.5 eg=63.888888888888886 pop=62.95 pt=-5 pq=10]
2026-09-10T03:19:56.264Z  [API  ]  200 OK (245ms)
2026-09-10T03:19:56.287Z  [API  ]  200 OK (265ms)
2026-09-10T03:19:56.346Z  [SCORE]  vector_graphics_compiler → 61.6 (stable) [rv=50 eg=50 pop=96.875 pt=-5 pq=9.375]
2026-09-10T03:19:57.520Z  [SCORE]  saropa_lints → 83.9 (vibrant) [rv=99.72602739726027 eg=49.863013698630134 pop=46.875 pt=-5 pq=9.375]
2026-09-10T03:19:59.760Z  [SCORE]  riverpod → 87.3 (vibrant) [rv=98.5 eg=67.5 pop=100 pt=-5 pq=10]
2026-09-10T03:20:00.956Z  [ERROR]  Blocker analysis skipped — CLI commands failed — pub outdated: Command failed: dart pub outdated --json --transitive
Cannot specify both `--json` and `--transitive`
The json report always includes transitive dependencies.

Usage: dart pub outdated [options]
-h, --help                         Print this usage information.
    --[no-]dependency-overrides    Show resolutions with `dependency_overrides`.
                                   (defaults to on)
    --[no-]dev-dependencies        Take dev dependencies into account.
                                   (defaults to on)
    --json                         Output the results using a json format.
    --[no-]prereleases             Include prereleases in latest version.
    --[no-]show-all                Include dependencies that are already
                                   fulfilling --mode.
    --[no-]transitive              Show transitive dependencies.
                                   (defaults to on)
-C, --directory=<dir>              Run this in the directory <dir>.

Run "dart help" to see global options.
See https://dart.dev/tools/pub/cmd/pub-outdated for detailed documentation.

2026-09-10T03:20:01.420Z  [CACHE]  MISS pub.archiveSize.async
2026-09-10T03:20:01.420Z  [API  ]  GET https://pub.dev/api/packages/async
2026-09-10T03:20:01.422Z  [CACHE]  MISS pub.archiveSize.collection
2026-09-10T03:20:01.422Z  [API  ]  GET https://pub.dev/api/packages/collection
2026-09-10T03:20:01.424Z  [CACHE]  MISS pub.archiveSize.meta
2026-09-10T03:20:01.424Z  [API  ]  GET https://pub.dev/api/packages/meta
2026-09-10T03:20:01.426Z  [CACHE]  MISS pub.archiveSize.http_parser
2026-09-10T03:20:01.426Z  [API  ]  GET https://pub.dev/api/packages/http_parser
2026-09-10T03:20:01.428Z  [CACHE]  MISS pub.archiveSize.source_span
2026-09-10T03:20:01.428Z  [API  ]  GET https://pub.dev/api/packages/source_span
2026-09-10T03:20:01.430Z  [CACHE]  MISS pub.archiveSize.path
2026-09-10T03:20:01.430Z  [API  ]  GET https://pub.dev/api/packages/path
2026-09-10T03:20:01.432Z  [CACHE]  MISS pub.archiveSize.term_glyph
2026-09-10T03:20:01.432Z  [API  ]  GET https://pub.dev/api/packages/term_glyph
2026-09-10T03:20:01.434Z  [CACHE]  MISS pub.archiveSize.string_scanner
2026-09-10T03:20:01.434Z  [API  ]  GET https://pub.dev/api/packages/string_scanner
2026-09-10T03:20:01.436Z  [CACHE]  MISS pub.archiveSize.typed_data
2026-09-10T03:20:01.436Z  [API  ]  GET https://pub.dev/api/packages/typed_data
2026-09-10T03:20:01.438Z  [CACHE]  MISS pub.archiveSize.mime
2026-09-10T03:20:01.438Z  [API  ]  GET https://pub.dev/api/packages/mime
2026-09-10T03:20:01.439Z  [CACHE]  MISS pub.archiveSize.dio_web_adapter
2026-09-10T03:20:01.439Z  [API  ]  GET https://pub.dev/api/packages/dio_web_adapter
2026-09-10T03:20:01.442Z  [CACHE]  MISS pub.archiveSize.web
2026-09-10T03:20:01.442Z  [API  ]  GET https://pub.dev/api/packages/web
2026-09-10T03:20:01.443Z  [CACHE]  MISS pub.archiveSize.flutter
2026-09-10T03:20:01.443Z  [API  ]  GET https://pub.dev/api/packages/flutter
2026-09-10T03:20:01.445Z  [CACHE]  MISS pub.archiveSize.characters
2026-09-10T03:20:01.445Z  [API  ]  GET https://pub.dev/api/packages/characters
2026-09-10T03:20:01.448Z  [CACHE]  MISS pub.archiveSize.material_color_utilities
2026-09-10T03:20:01.448Z  [API  ]  GET https://pub.dev/api/packages/material_color_utilities
2026-09-10T03:20:01.450Z  [CACHE]  MISS pub.archiveSize.vector_math
2026-09-10T03:20:01.450Z  [API  ]  GET https://pub.dev/api/packages/vector_math
2026-09-10T03:20:01.452Z  [CACHE]  MISS pub.archiveSize.sky_engine
2026-09-10T03:20:01.452Z  [API  ]  GET https://pub.dev/api/packages/sky_engine
2026-09-10T03:20:01.455Z  [CACHE]  MISS pub.archiveSize.flutter_web_plugins
2026-09-10T03:20:01.455Z  [API  ]  GET https://pub.dev/api/packages/flutter_web_plugins
2026-09-10T03:20:01.457Z  [CACHE]  MISS pub.archiveSize.plugin_platform_interface
2026-09-10T03:20:01.457Z  [API  ]  GET https://pub.dev/api/packages/plugin_platform_interface
2026-09-10T03:20:01.459Z  [CACHE]  MISS pub.archiveSize.ffi
2026-09-10T03:20:01.459Z  [API  ]  GET https://pub.dev/api/packages/ffi
2026-09-10T03:20:01.461Z  [CACHE]  MISS pub.archiveSize.path_drawing
2026-09-10T03:20:01.461Z  [API  ]  GET https://pub.dev/api/packages/path_drawing
2026-09-10T03:20:01.463Z  [CACHE]  MISS pub.archiveSize.path_parsing
2026-09-10T03:20:01.463Z  [API  ]  GET https://pub.dev/api/packages/path_parsing
2026-09-10T03:20:01.465Z  [CACHE]  MISS pub.archiveSize.args
2026-09-10T03:20:01.465Z  [API  ]  GET https://pub.dev/api/packages/args
2026-09-10T03:20:01.467Z  [CACHE]  MISS pub.archiveSize.checked_yaml
2026-09-10T03:20:01.467Z  [API  ]  GET https://pub.dev/api/packages/checked_yaml
2026-09-10T03:20:01.469Z  [CACHE]  MISS pub.archiveSize.json_annotation
2026-09-10T03:20:01.469Z  [API  ]  GET https://pub.dev/api/packages/json_annotation
2026-09-10T03:20:01.471Z  [CACHE]  MISS pub.archiveSize.yaml
2026-09-10T03:20:01.471Z  [API  ]  GET https://pub.dev/api/packages/yaml
2026-09-10T03:20:01.472Z  [CACHE]  MISS pub.archiveSize.cli_util
2026-09-10T03:20:01.472Z  [API  ]  GET https://pub.dev/api/packages/cli_util
2026-09-10T03:20:01.474Z  [CACHE]  MISS pub.archiveSize.image
2026-09-10T03:20:01.474Z  [API  ]  GET https://pub.dev/api/packages/image
2026-09-10T03:20:01.476Z  [CACHE]  MISS pub.archiveSize.archive
2026-09-10T03:20:01.476Z  [API  ]  GET https://pub.dev/api/packages/archive
2026-09-10T03:20:01.478Z  [CACHE]  MISS pub.archiveSize.posix
2026-09-10T03:20:01.478Z  [API  ]  GET https://pub.dev/api/packages/posix
2026-09-10T03:20:01.480Z  [CACHE]  MISS pub.archiveSize.lints
2026-09-10T03:20:01.480Z  [API  ]  GET https://pub.dev/api/packages/lints
2026-09-10T03:20:01.482Z  [CACHE]  MISS pub.archiveSize.html
2026-09-10T03:20:01.482Z  [API  ]  GET https://pub.dev/api/packages/html
2026-09-10T03:20:01.483Z  [CACHE]  MISS pub.archiveSize.csslib
2026-09-10T03:20:01.483Z  [API  ]  GET https://pub.dev/api/packages/csslib
2026-09-10T03:20:01.485Z  [CACHE]  MISS pub.archiveSize.universal_io
2026-09-10T03:20:01.485Z  [API  ]  GET https://pub.dev/api/packages/universal_io
2026-09-10T03:20:01.487Z  [CACHE]  MISS pub.archiveSize.xml
2026-09-10T03:20:01.487Z  [API  ]  GET https://pub.dev/api/packages/xml
2026-09-10T03:20:01.489Z  [CACHE]  MISS pub.archiveSize.petitparser
2026-09-10T03:20:01.489Z  [API  ]  GET https://pub.dev/api/packages/petitparser
2026-09-10T03:20:01.491Z  [CACHE]  MISS pub.archiveSize.ansicolor
2026-09-10T03:20:01.491Z  [API  ]  GET https://pub.dev/api/packages/ansicolor
2026-09-10T03:20:01.492Z  [CACHE]  MISS pub.archiveSize.flutter_test
2026-09-10T03:20:01.492Z  [API  ]  GET https://pub.dev/api/packages/flutter_test
2026-09-10T03:20:01.494Z  [CACHE]  MISS pub.archiveSize.test_api
2026-09-10T03:20:01.494Z  [API  ]  GET https://pub.dev/api/packages/test_api
2026-09-10T03:20:01.496Z  [CACHE]  MISS pub.archiveSize.boolean_selector
2026-09-10T03:20:01.496Z  [API  ]  GET https://pub.dev/api/packages/boolean_selector
2026-09-10T03:20:01.498Z  [CACHE]  MISS pub.archiveSize.stack_trace
2026-09-10T03:20:01.498Z  [API  ]  GET https://pub.dev/api/packages/stack_trace
2026-09-10T03:20:01.499Z  [CACHE]  MISS pub.archiveSize.stream_channel
2026-09-10T03:20:01.499Z  [API  ]  GET https://pub.dev/api/packages/stream_channel
2026-09-10T03:20:01.501Z  [CACHE]  MISS pub.archiveSize.matcher
2026-09-10T03:20:01.501Z  [API  ]  GET https://pub.dev/api/packages/matcher
2026-09-10T03:20:01.503Z  [CACHE]  MISS pub.archiveSize.fake_async
2026-09-10T03:20:01.503Z  [API  ]  GET https://pub.dev/api/packages/fake_async
2026-09-10T03:20:01.505Z  [CACHE]  MISS pub.archiveSize.clock
2026-09-10T03:20:01.505Z  [API  ]  GET https://pub.dev/api/packages/clock
2026-09-10T03:20:01.507Z  [CACHE]  MISS pub.archiveSize.leak_tracker_flutter_testing
2026-09-10T03:20:01.507Z  [API  ]  GET https://pub.dev/api/packages/leak_tracker_flutter_testing
2026-09-10T03:20:01.508Z  [CACHE]  MISS pub.archiveSize.leak_tracker
2026-09-10T03:20:01.508Z  [API  ]  GET https://pub.dev/api/packages/leak_tracker
2026-09-10T03:20:01.510Z  [CACHE]  MISS pub.archiveSize.vm_service
2026-09-10T03:20:01.510Z  [API  ]  GET https://pub.dev/api/packages/vm_service
2026-09-10T03:20:01.512Z  [CACHE]  MISS pub.archiveSize.leak_tracker_testing
2026-09-10T03:20:01.512Z  [API  ]  GET https://pub.dev/api/packages/leak_tracker_testing
2026-09-10T03:20:01.514Z  [CACHE]  MISS pub.archiveSize.listen
2026-09-10T03:20:01.514Z  [API  ]  GET https://pub.dev/api/packages/listen
2026-09-10T03:20:01.515Z  [CACHE]  MISS pub.archiveSize.state_notifier
2026-09-10T03:20:01.515Z  [API  ]  GET https://pub.dev/api/packages/state_notifier
2026-09-10T03:20:01.517Z  [CACHE]  MISS pub.archiveSize.test
2026-09-10T03:20:01.517Z  [API  ]  GET https://pub.dev/api/packages/test
2026-09-10T03:20:01.519Z  [CACHE]  MISS pub.archiveSize.analyzer
2026-09-10T03:20:01.519Z  [API  ]  GET https://pub.dev/api/packages/analyzer
2026-09-10T03:20:01.521Z  [CACHE]  MISS pub.archiveSize._fe_analyzer_shared
2026-09-10T03:20:01.521Z  [API  ]  GET https://pub.dev/api/packages/_fe_analyzer_shared
2026-09-10T03:20:01.523Z  [CACHE]  MISS pub.archiveSize.convert
2026-09-10T03:20:01.523Z  [API  ]  GET https://pub.dev/api/packages/convert
2026-09-10T03:20:01.524Z  [CACHE]  MISS pub.archiveSize.crypto
2026-09-10T03:20:01.524Z  [API  ]  GET https://pub.dev/api/packages/crypto
2026-09-10T03:20:01.526Z  [CACHE]  MISS pub.archiveSize.glob
2026-09-10T03:20:01.526Z  [API  ]  GET https://pub.dev/api/packages/glob
2026-09-10T03:20:01.528Z  [CACHE]  MISS pub.archiveSize.file
2026-09-10T03:20:01.528Z  [API  ]  GET https://pub.dev/api/packages/file
2026-09-10T03:20:01.530Z  [CACHE]  MISS pub.archiveSize.package_config
2026-09-10T03:20:01.530Z  [API  ]  GET https://pub.dev/api/packages/package_config
2026-09-10T03:20:01.536Z  [CACHE]  MISS pub.archiveSize.pub_semver
2026-09-10T03:20:01.536Z  [API  ]  GET https://pub.dev/api/packages/pub_semver
2026-09-10T03:20:01.537Z  [CACHE]  MISS pub.archiveSize.watcher
2026-09-10T03:20:01.538Z  [API  ]  GET https://pub.dev/api/packages/watcher
2026-09-10T03:20:01.539Z  [CACHE]  MISS pub.archiveSize.coverage
2026-09-10T03:20:01.539Z  [API  ]  GET https://pub.dev/api/packages/coverage
2026-09-10T03:20:01.541Z  [CACHE]  MISS pub.archiveSize.cli_config
2026-09-10T03:20:01.541Z  [API  ]  GET https://pub.dev/api/packages/cli_config
2026-09-10T03:20:01.543Z  [CACHE]  MISS pub.archiveSize.logging
2026-09-10T03:20:01.543Z  [API  ]  GET https://pub.dev/api/packages/logging
2026-09-10T03:20:01.545Z  [CACHE]  MISS pub.archiveSize.source_maps
2026-09-10T03:20:01.545Z  [API  ]  GET https://pub.dev/api/packages/source_maps
2026-09-10T03:20:01.546Z  [CACHE]  MISS pub.archiveSize.http_multi_server
2026-09-10T03:20:01.546Z  [API  ]  GET https://pub.dev/api/packages/http_multi_server
2026-09-10T03:20:01.548Z  [CACHE]  MISS pub.archiveSize.io
2026-09-10T03:20:01.548Z  [API  ]  GET https://pub.dev/api/packages/io
2026-09-10T03:20:01.550Z  [CACHE]  MISS pub.archiveSize.node_preamble
2026-09-10T03:20:01.550Z  [API  ]  GET https://pub.dev/api/packages/node_preamble
2026-09-10T03:20:01.551Z  [CACHE]  MISS pub.archiveSize.pool
2026-09-10T03:20:01.551Z  [API  ]  GET https://pub.dev/api/packages/pool
2026-09-10T03:20:01.553Z  [CACHE]  MISS pub.archiveSize.shelf
2026-09-10T03:20:01.553Z  [API  ]  GET https://pub.dev/api/packages/shelf
2026-09-10T03:20:01.555Z  [CACHE]  MISS pub.archiveSize.shelf_packages_handler
2026-09-10T03:20:01.555Z  [API  ]  GET https://pub.dev/api/packages/shelf_packages_handler
2026-09-10T03:20:01.557Z  [CACHE]  MISS pub.archiveSize.shelf_static
2026-09-10T03:20:01.557Z  [API  ]  GET https://pub.dev/api/packages/shelf_static
2026-09-10T03:20:01.558Z  [CACHE]  MISS pub.archiveSize.shelf_web_socket
2026-09-10T03:20:01.558Z  [API  ]  GET https://pub.dev/api/packages/shelf_web_socket
2026-09-10T03:20:01.560Z  [CACHE]  MISS pub.archiveSize.web_socket_channel
2026-09-10T03:20:01.560Z  [API  ]  GET https://pub.dev/api/packages/web_socket_channel
2026-09-10T03:20:01.562Z  [CACHE]  MISS pub.archiveSize.web_socket
2026-09-10T03:20:01.562Z  [API  ]  GET https://pub.dev/api/packages/web_socket
2026-09-10T03:20:01.563Z  [CACHE]  MISS pub.archiveSize.test_core
2026-09-10T03:20:01.563Z  [API  ]  GET https://pub.dev/api/packages/test_core
2026-09-10T03:20:01.565Z  [CACHE]  MISS pub.archiveSize.frontend_server_client
2026-09-10T03:20:01.565Z  [API  ]  GET https://pub.dev/api/packages/frontend_server_client
2026-09-10T03:20:01.567Z  [CACHE]  MISS pub.archiveSize.source_map_stack_trace
2026-09-10T03:20:01.567Z  [API  ]  GET https://pub.dev/api/packages/source_map_stack_trace
2026-09-10T03:20:01.569Z  [CACHE]  MISS pub.archiveSize.webkit_inspection_protocol
2026-09-10T03:20:01.569Z  [API  ]  GET https://pub.dev/api/packages/webkit_inspection_protocol
2026-09-10T03:20:01.571Z  [CACHE]  MISS pub.archiveSize.uuid
2026-09-10T03:20:01.571Z  [API  ]  GET https://pub.dev/api/packages/uuid
2026-09-10T03:20:01.572Z  [CACHE]  MISS pub.archiveSize.fixnum
2026-09-10T03:20:01.572Z  [API  ]  GET https://pub.dev/api/packages/fixnum
2026-09-10T03:20:01.574Z  [CACHE]  MISS pub.archiveSize.cupertino_ui
2026-09-10T03:20:01.574Z  [API  ]  GET https://pub.dev/api/packages/cupertino_ui
2026-09-10T03:20:01.576Z  [CACHE]  MISS pub.archiveSize.flutter_localizations
2026-09-10T03:20:01.576Z  [API  ]  GET https://pub.dev/api/packages/flutter_localizations
2026-09-10T03:20:01.578Z  [CACHE]  MISS pub.archiveSize.intl
2026-09-10T03:20:01.578Z  [API  ]  GET https://pub.dev/api/packages/intl
2026-09-10T03:20:01.579Z  [CACHE]  MISS pub.archiveSize.material_ui
2026-09-10T03:20:01.579Z  [API  ]  GET https://pub.dev/api/packages/material_ui
2026-09-10T03:20:01.581Z  [CACHE]  MISS pub.archiveSize.http
2026-09-10T03:20:01.581Z  [API  ]  GET https://pub.dev/api/packages/http
2026-09-10T03:20:01.583Z  [CACHE]  MISS pub.archiveSize.analysis_server_plugin
2026-09-10T03:20:01.583Z  [API  ]  GET https://pub.dev/api/packages/analysis_server_plugin
2026-09-10T03:20:01.585Z  [CACHE]  MISS pub.archiveSize.analyzer_plugin
2026-09-10T03:20:01.585Z  [API  ]  GET https://pub.dev/api/packages/analyzer_plugin
2026-09-10T03:20:01.586Z  [CACHE]  MISS pub.archiveSize.dart_style
2026-09-10T03:20:01.586Z  [API  ]  GET https://pub.dev/api/packages/dart_style
2026-09-10T03:20:01.588Z  [CACHE]  MISS pub.archiveSize.yaml_edit
2026-09-10T03:20:01.588Z  [API  ]  GET https://pub.dev/api/packages/yaml_edit
2026-09-10T03:20:01.590Z  [CACHE]  MISS pub.archiveSize.vector_graphics_codec
2026-09-10T03:20:01.590Z  [API  ]  GET https://pub.dev/api/packages/vector_graphics_codec
2026-09-10T03:20:02.593Z  [API  ]  200 OK (1165ms)
2026-09-10T03:20:02.594Z  [API  ]  200 OK (1164ms)
2026-09-10T03:20:02.594Z  [API  ]  200 OK (1168ms)
2026-09-10T03:20:02.598Z  [API  ]  HEAD https://pub.dev/api/archives/http_parser-4.1.2.tar.gz
2026-09-10T03:20:02.601Z  [API  ]  HEAD https://pub.dev/api/archives/source_span-1.10.2.tar.gz
2026-09-10T03:20:02.605Z  [API  ]  HEAD https://pub.dev/api/archives/path-1.9.1.tar.gz
2026-09-10T03:20:02.639Z  [API  ]  200 OK (38ms)
2026-09-10T03:20:02.651Z  [API  ]  200 OK (46ms)
2026-09-10T03:20:02.678Z  [API  ]  200 OK (80ms)
2026-09-10T03:20:02.873Z  [API  ]  200 OK (1435ms)
2026-09-10T03:20:02.874Z  [API  ]  HEAD https://pub.dev/api/archives/mime-2.1.0.tar.gz
2026-09-10T03:20:02.889Z  [API  ]  200 OK (1453ms)
2026-09-10T03:20:02.889Z  [API  ]  200 OK (1391ms)
2026-09-10T03:20:02.891Z  [API  ]  HEAD https://pub.dev/api/archives/typed_data-1.4.0.tar.gz
2026-09-10T03:20:02.905Z  [API  ]  200 OK (1400ms)
2026-09-10T03:20:02.906Z  [API  ]  200 OK (1392ms)
2026-09-10T03:20:02.907Z  [API  ]  HEAD https://pub.dev/api/archives/clock-1.1.3.tar.gz
2026-09-10T03:20:02.921Z  [API  ]  HEAD https://pub.dev/api/archives/listen-1.0.1.tar.gz
2026-09-10T03:20:02.925Z  [API  ]  200 OK (1449ms)
2026-09-10T03:20:02.925Z  [API  ]  200 OK (1501ms)
2026-09-10T03:20:02.926Z  [API  ]  200 OK (1474ms)
2026-09-10T03:20:02.927Z  [API  ]  200 OK (1479ms)
2026-09-10T03:20:02.928Z  [API  ]  HEAD https://pub.dev/api/archives/stack_trace-1.12.2.tar.gz
2026-09-10T03:20:02.931Z  [API  ]  200 OK (1410ms)
2026-09-10T03:20:02.932Z  [API  ]  HEAD https://pub.dev/api/archives/material_color_utilities-0.13.1.tar.gz
2026-09-10T03:20:02.935Z  [API  ]  200 OK (1434ms)
2026-09-10T03:20:02.936Z  [API  ]  404 Not Found (1444ms)
2026-09-10T03:20:02.937Z  [API  ]  HEAD https://pub.dev/api/archives/sky_engine-0.0.99.tar.gz
2026-09-10T03:20:02.940Z  [API  ]  200 OK (1371ms)
2026-09-10T03:20:02.941Z  [API  ]  200 OK (1434ms)
2026-09-10T03:20:02.941Z  [API  ]  HEAD https://pub.dev/api/archives/archive-4.2.0.tar.gz
2026-09-10T03:20:02.944Z  [API  ]  200 OK (1363ms)
2026-09-10T03:20:02.945Z  [API  ]  HEAD https://pub.dev/api/archives/meta-1.19.0.tar.gz
2026-09-10T03:20:02.949Z  [API  ]  HEAD https://pub.dev/api/archives/matcher-0.12.20.tar.gz
2026-09-10T03:20:02.952Z  [API  ]  200 OK (1461ms)
2026-09-10T03:20:02.953Z  [API  ]  HEAD https://pub.dev/api/archives/leak_tracker_flutter_testing-3.0.10.tar.gz
2026-09-10T03:20:02.956Z  [API  ]  200 OK (1489ms)
2026-09-10T03:20:02.957Z  [API  ]  HEAD https://pub.dev/api/archives/_fe_analyzer_shared-107.0.0.tar.gz
2026-09-10T03:20:02.959Z  [API  ]  HEAD https://pub.dev/api/archives/webkit_inspection_protocol-1.2.1.tar.gz
2026-09-10T03:20:02.963Z  [API  ]  200 OK (1460ms)
2026-09-10T03:20:02.963Z  [API  ]  200 OK (1448ms)
2026-09-10T03:20:02.964Z  [API  ]  200 OK (1503ms)
2026-09-10T03:20:02.964Z  [API  ]  200 OK (1521ms)
2026-09-10T03:20:02.965Z  [API  ]  200 OK (1496ms)
2026-09-10T03:20:02.966Z  [API  ]  200 OK (38ms)
2026-09-10T03:20:02.966Z  [API  ]  HEAD https://pub.dev/api/archives/ansicolor-2.0.3.tar.gz
2026-09-10T03:20:02.981Z  [API  ]  HEAD https://pub.dev/api/archives/checked_yaml-2.0.4.tar.gz
2026-09-10T03:20:02.997Z  [API  ]  HEAD https://pub.dev/api/archives/state_notifier-1.0.0.tar.gz
2026-09-10T03:20:03.001Z  [API  ]  200 OK (1507ms)
2026-09-10T03:20:03.002Z  [API  ]  200 OK (1435ms)
2026-09-10T03:20:03.003Z  [API  ]  200 OK (1544ms)
2026-09-10T03:20:03.004Z  [API  ]  200 OK (1433ms)
2026-09-10T03:20:03.005Z  [API  ]  200 OK (1522ms)
2026-09-10T03:20:03.005Z  [API  ]  200 OK (1420ms)
2026-09-10T03:20:03.006Z  [API  ]  200 OK (61ms)
2026-09-10T03:20:03.007Z  [API  ]  200 OK (66ms)
2026-09-10T03:20:03.008Z  [API  ]  200 OK (1496ms)
2026-09-10T03:20:03.008Z  [API  ]  200 OK (1462ms)
2026-09-10T03:20:03.009Z  [API  ]  200 OK (56ms)
2026-09-10T03:20:03.009Z  [API  ]  200 OK (60ms)
2026-09-10T03:20:03.010Z  [API  ]  200 OK (1511ms)
2026-09-10T03:20:03.011Z  [API  ]  200 OK (1554ms)
2026-09-10T03:20:03.011Z  [API  ]  200 OK (52ms)
2026-09-10T03:20:03.012Z  [API  ]  200 OK (1471ms)
2026-09-10T03:20:03.013Z  [API  ]  200 OK (1568ms)
2026-09-10T03:20:03.025Z  [API  ]  HEAD https://pub.dev/api/archives/fake_async-1.3.3.tar.gz
2026-09-10T03:20:03.029Z  [API  ]  HEAD https://pub.dev/api/archives/path_drawing-1.0.1.tar.gz
2026-09-10T03:20:03.046Z  [API  ]  HEAD https://pub.dev/api/archives/flutter-0.0.20.tar.gz
2026-09-10T03:20:03.051Z  [API  ]  200 OK (1631ms)
2026-09-10T03:20:03.051Z  [API  ]  200 OK (94ms)
2026-09-10T03:20:03.052Z  [API  ]  200 OK (1509ms)
2026-09-10T03:20:03.053Z  [API  ]  200 OK (1536ms)
2026-09-10T03:20:03.054Z  [API  ]  200 OK (1530ms)
2026-09-10T03:20:03.055Z  [API  ]  200 OK (1532ms)
2026-09-10T03:20:03.055Z  [API  ]  200 OK (1469ms)
2026-09-10T03:20:03.056Z  [API  ]  200 OK (1578ms)
2026-09-10T03:20:03.056Z  [API  ]  200 OK (1546ms)
2026-09-10T03:20:03.057Z  [API  ]  200 OK (1519ms)
2026-09-10T03:20:03.058Z  [API  ]  200 OK (1576ms)
2026-09-10T03:20:03.058Z  [API  ]  200 OK (1584ms)
2026-09-10T03:20:03.059Z  [API  ]  200 OK (78ms)
2026-09-10T03:20:03.115Z  [API  ]  200 OK (1567ms)
2026-09-10T03:20:03.116Z  [API  ]  200 OK (119ms)
2026-09-10T03:20:03.116Z  [API  ]  200 OK (1631ms)
2026-09-10T03:20:03.117Z  [API  ]  200 OK (1646ms)
2026-09-10T03:20:03.118Z  [API  ]  200 OK (1696ms)
2026-09-10T03:20:03.118Z  [API  ]  200 OK (1528ms)
2026-09-10T03:20:03.119Z  [API  ]  200 OK (245ms)
2026-09-10T03:20:03.119Z  [API  ]  200 OK (1556ms)
2026-09-10T03:20:03.120Z  [API  ]  200 OK (1590ms)
2026-09-10T03:20:03.120Z  [API  ]  200 OK (1532ms)
2026-09-10T03:20:03.121Z  [API  ]  200 OK (1564ms)
2026-09-10T03:20:03.121Z  [API  ]  200 OK (1563ms)
2026-09-10T03:20:03.122Z  [API  ]  200 OK (1583ms)
2026-09-10T03:20:03.122Z  [API  ]  404 Not Found (1546ms)
2026-09-10T03:20:03.122Z  [API  ]  200 OK (1550ms)
2026-09-10T03:20:03.123Z  [API  ]  200 OK (1563ms)
2026-09-10T03:20:03.124Z  [API  ]  200 OK (99ms)
2026-09-10T03:20:03.125Z  [API  ]  200 OK (1546ms)
2026-09-10T03:20:03.125Z  [API  ]  200 OK (1662ms)
2026-09-10T03:20:03.126Z  [API  ]  200 OK (1600ms)
2026-09-10T03:20:03.150Z  [API  ]  HEAD https://pub.dev/api/archives/leak_tracker_testing-3.0.2.tar.gz
2026-09-10T03:20:03.153Z  [API  ]  HEAD https://pub.dev/api/archives/cli_config-0.2.0.tar.gz
2026-09-10T03:20:03.158Z  [API  ]  200 OK (267ms)
2026-09-10T03:20:03.159Z  [API  ]  200 OK (1725ms)
2026-09-10T03:20:03.159Z  [API  ]  200 OK (1614ms)
2026-09-10T03:20:03.160Z  [API  ]  200 OK (1641ms)
2026-09-10T03:20:03.161Z  [API  ]  200 OK (1633ms)
2026-09-10T03:20:03.161Z  [API  ]  200 OK (1625ms)
2026-09-10T03:20:03.162Z  [API  ]  200 OK (1607ms)
2026-09-10T03:20:03.162Z  [API  ]  200 OK (1588ms)
2026-09-10T03:20:03.163Z  [API  ]  200 OK (1580ms)
2026-09-10T03:20:03.163Z  [API  ]  200 OK (1585ms)
2026-09-10T03:20:03.164Z  [API  ]  200 OK (1602ms)
2026-09-10T03:20:03.164Z  [API  ]  200 OK (1599ms)
2026-09-10T03:20:03.165Z  [API  ]  200 OK (244ms)
2026-09-10T03:20:03.166Z  [API  ]  200 OK (1670ms)
2026-09-10T03:20:03.166Z  [API  ]  200 OK (229ms)
2026-09-10T03:20:03.167Z  [API  ]  200 OK (1680ms)
2026-09-10T03:20:03.167Z  [API  ]  200 OK (1659ms)
2026-09-10T03:20:03.168Z  [API  ]  404 Not Found (1713ms)
2026-09-10T03:20:03.190Z  [API  ]  HEAD https://pub.dev/api/archives/json_annotation-4.12.0.tar.gz
2026-09-10T03:20:03.204Z  [API  ]  HEAD https://pub.dev/api/archives/source_map_stack_trace-2.1.2.tar.gz
2026-09-10T03:20:03.217Z  [API  ]  HEAD https://pub.dev/api/archives/http_multi_server-3.2.2.tar.gz
2026-09-10T03:20:03.220Z  [API  ]  HEAD https://pub.dev/api/archives/plugin_platform_interface-2.1.8.tar.gz
2026-09-10T03:20:03.233Z  [API  ]  HEAD https://pub.dev/api/archives/characters-1.4.1.tar.gz
2026-09-10T03:20:03.248Z  [API  ]  HEAD https://pub.dev/api/archives/convert-3.1.2.tar.gz
2026-09-10T03:20:03.263Z  [API  ]  200 OK (113ms)
2026-09-10T03:20:03.275Z  [API  ]  HEAD https://pub.dev/api/archives/ffi-2.2.0.tar.gz
2026-09-10T03:20:03.289Z  [API  ]  HEAD https://pub.dev/api/archives/stream_channel-2.1.4.tar.gz
2026-09-10T03:20:03.304Z  [API  ]  HEAD https://pub.dev/api/archives/yaml_edit-2.2.4.tar.gz
2026-09-10T03:20:03.307Z  [API  ]  HEAD https://pub.dev/api/archives/material_ui-1.2.0.tar.gz
2026-09-10T03:20:03.310Z  [API  ]  HEAD https://pub.dev/api/archives/path_parsing-1.1.0.tar.gz
2026-09-10T03:20:03.325Z  [API  ]  200 OK (393ms)
2026-09-10T03:20:03.326Z  [API  ]  200 OK (173ms)
2026-09-10T03:20:03.326Z  [API  ]  200 OK (419ms)
2026-09-10T03:20:03.327Z  [API  ]  200 OK (281ms)
2026-09-10T03:20:03.349Z  [API  ]  HEAD https://pub.dev/api/archives/http-1.6.0.tar.gz
2026-09-10T03:20:03.364Z  [API  ]  HEAD https://pub.dev/api/archives/posix-6.5.2.tar.gz
2026-09-10T03:20:03.378Z  [API  ]  HEAD https://pub.dev/api/archives/html-0.15.7.tar.gz
2026-09-10T03:20:03.392Z  [API  ]  HEAD https://pub.dev/api/archives/io-1.1.0.tar.gz
2026-09-10T03:20:03.407Z  [API  ]  HEAD https://pub.dev/api/archives/glob-2.2.0.tar.gz
2026-09-10T03:20:03.410Z  [API  ]  HEAD https://pub.dev/api/archives/shelf_packages_handler-3.0.2.tar.gz
2026-09-10T03:20:03.423Z  [API  ]  HEAD https://pub.dev/api/archives/cupertino_ui-1.0.2.tar.gz
2026-09-10T03:20:03.426Z  [API  ]  HEAD https://pub.dev/api/archives/web_socket-1.0.1.tar.gz
2026-09-10T03:20:03.428Z  [API  ]  HEAD https://pub.dev/api/archives/frontend_server_client-4.0.0.tar.gz
2026-09-10T03:20:03.431Z  [API  ]  HEAD https://pub.dev/api/archives/boolean_selector-2.1.2.tar.gz
2026-09-10T03:20:03.446Z  [API  ]  200 OK (229ms)
2026-09-10T03:20:03.468Z  [API  ]  200 OK (161ms)
2026-09-10T03:20:03.469Z  [API  ]  200 OK (2004ms)
2026-09-10T03:20:03.471Z  [API  ]  HEAD https://pub.dev/api/archives/vector_graphics_codec-1.1.13.tar.gz
2026-09-10T03:20:03.485Z  [API  ]  HEAD https://pub.dev/api/archives/package_config-3.0.0.tar.gz
2026-09-10T03:20:03.488Z  [API  ]  HEAD https://pub.dev/api/archives/shelf_static-1.1.3.tar.gz
2026-09-10T03:20:03.491Z  [API  ]  HEAD https://pub.dev/api/archives/shelf_web_socket-3.0.0.tar.gz
2026-09-10T03:20:03.495Z  [API  ]  200 OK (466ms)
2026-09-10T03:20:03.496Z  [API  ]  200 OK (192ms)
2026-09-10T03:20:03.496Z  [API  ]  200 OK (530ms)
2026-09-10T03:20:03.497Z  [API  ]  200 OK (2065ms)
2026-09-10T03:20:03.520Z  [API  ]  HEAD https://pub.dev/api/archives/uuid-4.6.0.tar.gz
2026-09-10T03:20:03.534Z  [API  ]  HEAD https://pub.dev/api/archives/analyzer_plugin-0.14.16.tar.gz
2026-09-10T03:20:03.537Z  [API  ]  HEAD https://pub.dev/api/archives/universal_io-2.3.1.tar.gz
2026-09-10T03:20:03.551Z  [API  ]  HEAD https://pub.dev/api/archives/collection-1.19.1.tar.gz
2026-09-10T03:20:03.565Z  [API  ]  HEAD https://pub.dev/api/archives/fixnum-1.1.1.tar.gz
2026-09-10T03:20:03.579Z  [API  ]  HEAD https://pub.dev/api/archives/web_socket_channel-3.0.3.tar.gz
2026-09-10T03:20:03.581Z  [API  ]  HEAD https://pub.dev/api/archives/string_scanner-1.4.1.tar.gz
2026-09-10T03:20:03.584Z  [API  ]  HEAD https://pub.dev/api/archives/pub_semver-2.2.1.tar.gz
2026-09-10T03:20:03.587Z  [API  ]  HEAD https://pub.dev/api/archives/analysis_server_plugin-0.3.22.tar.gz
2026-09-10T03:20:03.608Z  [API  ]  200 OK (2166ms)
2026-09-10T03:20:03.608Z  [API  ]  200 OK (185ms)
2026-09-10T03:20:03.609Z  [API  ]  200 OK (181ms)
2026-09-10T03:20:03.609Z  [API  ]  200 OK (202ms)
2026-09-10T03:20:03.611Z  [API  ]  200 OK (185ms)
2026-09-10T03:20:03.612Z  [API  ]  200 OK (2140ms)
2026-09-10T03:20:03.635Z  [API  ]  HEAD https://pub.dev/api/archives/async-2.13.1.tar.gz
2026-09-10T03:20:03.639Z  [API  ]  HEAD https://pub.dev/api/archives/file-7.0.1.tar.gz
2026-09-10T03:20:03.654Z  [API  ]  200 OK (163ms)
2026-09-10T03:20:03.654Z  [API  ]  200 OK (166ms)
2026-09-10T03:20:03.655Z  [API  ]  200 OK (2175ms)
2026-09-10T03:20:03.655Z  [API  ]  200 OK (2102ms)
2026-09-10T03:20:03.656Z  [API  ]  200 OK (171ms)
2026-09-10T03:20:03.656Z  [API  ]  200 OK (2217ms)
2026-09-10T03:20:03.659Z  [API  ]  200 OK (2109ms)
2026-09-10T03:20:03.659Z  [API  ]  200 OK (80ms)
2026-09-10T03:20:03.682Z  [API  ]  HEAD https://pub.dev/api/archives/crypto-3.0.7.tar.gz
2026-09-10T03:20:03.685Z  [API  ]  HEAD https://pub.dev/api/archives/watcher-1.2.1.tar.gz
2026-09-10T03:20:03.701Z  [API  ]  HEAD https://pub.dev/api/archives/term_glyph-1.2.2.tar.gz
2026-09-10T03:20:03.717Z  [API  ]  200 OK (513ms)
2026-09-10T03:20:03.718Z  [API  ]  200 OK (2268ms)
2026-09-10T03:20:03.718Z  [API  ]  200 OK (528ms)
2026-09-10T03:20:03.719Z  [API  ]  200 OK (138ms)
2026-09-10T03:20:03.719Z  [API  ]  200 OK (135ms)
2026-09-10T03:20:03.720Z  [API  ]  200 OK (500ms)
2026-09-10T03:20:03.720Z  [API  ]  200 OK (85ms)
2026-09-10T03:20:03.721Z  [API  ]  200 OK (2232ms)
2026-09-10T03:20:03.744Z  [API  ]  HEAD https://pub.dev/api/archives/test_api-0.7.14.tar.gz
2026-09-10T03:20:03.760Z  [API  ]  HEAD https://pub.dev/api/archives/leak_tracker-11.0.2.tar.gz
2026-09-10T03:20:03.777Z  [API  ]  200 OK (502ms)
2026-09-10T03:20:03.778Z  [API  ]  200 OK (2227ms)
2026-09-10T03:20:03.779Z  [API  ]  200 OK (546ms)
2026-09-10T03:20:03.780Z  [API  ]  200 OK (98ms)
2026-09-10T03:20:03.780Z  [API  ]  200 OK (532ms)
2026-09-10T03:20:03.804Z  [API  ]  HEAD https://pub.dev/api/archives/web-1.1.1.tar.gz
2026-09-10T03:20:03.819Z  [API  ]  HEAD https://pub.dev/api/archives/cli_util-0.6.0.tar.gz
2026-09-10T03:20:03.834Z  [API  ]  HEAD https://pub.dev/api/archives/lints-6.1.0.tar.gz
2026-09-10T03:20:03.848Z  [API  ]  HEAD https://pub.dev/api/archives/dio_web_adapter-2.2.2.tar.gz
2026-09-10T03:20:03.862Z  [API  ]  HEAD https://pub.dev/api/archives/node_preamble-2.0.2.tar.gz
2026-09-10T03:20:03.877Z  [API  ]  200 OK (513ms)
2026-09-10T03:20:03.878Z  [API  ]  200 OK (568ms)
2026-09-10T03:20:03.878Z  [API  ]  200 OK (344ms)
2026-09-10T03:20:03.901Z  [API  ]  200 OK (509ms)
2026-09-10T03:20:03.902Z  [API  ]  HEAD https://pub.dev/api/archives/csslib-1.0.2.tar.gz
2026-09-10T03:20:03.916Z  [API  ]  HEAD https://pub.dev/api/archives/logging-1.3.0.tar.gz
2026-09-10T03:20:03.931Z  [API  ]  HEAD https://pub.dev/api/archives/vm_service-15.3.0.tar.gz
2026-09-10T03:20:03.945Z  [API  ]  HEAD https://pub.dev/api/archives/yaml-3.1.4.tar.gz
2026-09-10T03:20:03.950Z  [API  ]  200 OK (540ms)
2026-09-10T03:20:03.951Z  [API  ]  200 OK (480ms)
2026-09-10T03:20:03.951Z  [API  ]  200 OK (520ms)
2026-09-10T03:20:03.952Z  [API  ]  200 OK (663ms)
2026-09-10T03:20:03.953Z  [API  ]  200 OK (575ms)
2026-09-10T03:20:03.953Z  [API  ]  200 OK (604ms)
2026-09-10T03:20:03.980Z  [API  ]  HEAD https://pub.dev/api/archives/coverage-1.15.1.tar.gz
2026-09-10T03:20:03.997Z  [API  ]  HEAD https://pub.dev/api/archives/source_maps-0.10.14.tar.gz
2026-09-10T03:20:04.015Z  [API  ]  HEAD https://pub.dev/api/archives/xml-7.0.1.tar.gz
2026-09-10T03:20:04.035Z  [API  ]  200 OK (484ms)
2026-09-10T03:20:04.036Z  [API  ]  200 OK (516ms)
2026-09-10T03:20:04.072Z  [API  ]  HEAD https://pub.dev/api/archives/image-4.9.2.tar.gz
2026-09-10T03:20:04.086Z  [API  ]  HEAD https://pub.dev/api/archives/pool-1.5.3.tar.gz
2026-09-10T03:20:04.103Z  [API  ]  200 OK (464ms)
2026-09-10T03:20:04.103Z  [API  ]  200 OK (538ms)
2026-09-10T03:20:04.104Z  [API  ]  200 OK (159ms)
2026-09-10T03:20:04.105Z  [API  ]  200 OK (568ms)
2026-09-10T03:20:04.129Z  [API  ]  HEAD https://pub.dev/api/archives/dart_style-3.1.13.tar.gz
2026-09-10T03:20:04.144Z  [API  ]  HEAD https://pub.dev/api/archives/vector_math-2.4.2.tar.gz
2026-09-10T03:20:04.171Z  [API  ]  200 OK (486ms)
2026-09-10T03:20:04.195Z  [API  ]  200 OK (494ms)
2026-09-10T03:20:04.196Z  [API  ]  200 OK (609ms)
2026-09-10T03:20:04.197Z  [API  ]  200 OK (335ms)
2026-09-10T03:20:04.209Z  [API  ]  HEAD https://pub.dev/api/archives/shelf-1.4.2.tar.gz
2026-09-10T03:20:04.224Z  [API  ]  200 OK (390ms)
2026-09-10T03:20:04.236Z  [API  ]  HEAD https://pub.dev/api/archives/test_core-0.6.20.tar.gz
2026-09-10T03:20:04.251Z  [API  ]  200 OK (403ms)
2026-09-10T03:20:04.252Z  [API  ]  200 OK (433ms)
2026-09-10T03:20:04.252Z  [API  ]  200 OK (448ms)
2026-09-10T03:20:04.253Z  [API  ]  200 OK (337ms)
2026-09-10T03:20:04.253Z  [API  ]  200 OK (351ms)
2026-09-10T03:20:04.267Z  [API  ]  HEAD https://pub.dev/api/archives/intl-0.20.3.tar.gz
2026-09-10T03:20:04.281Z  [API  ]  HEAD https://pub.dev/api/archives/args-2.7.0.tar.gz
2026-09-10T03:20:04.295Z  [API  ]  HEAD https://pub.dev/api/archives/petitparser-7.0.2.tar.gz
2026-09-10T03:20:04.322Z  [API  ]  200 OK (391ms)
2026-09-10T03:20:04.323Z  [API  ]  200 OK (343ms)
2026-09-10T03:20:04.324Z  [API  ]  200 OK (309ms)
2026-09-10T03:20:04.324Z  [API  ]  200 OK (564ms)
2026-09-10T03:20:04.355Z  [API  ]  200 OK (283ms)
2026-09-10T03:20:04.378Z  [API  ]  200 OK (234ms)
2026-09-10T03:20:04.390Z  [API  ]  200 OK (646ms)
2026-09-10T03:20:04.413Z  [API  ]  200 OK (416ms)
2026-09-10T03:20:04.425Z  [API  ]  200 OK (296ms)
2026-09-10T03:20:04.426Z  [API  ]  200 OK (340ms)
2026-09-10T03:20:04.450Z  [API  ]  200 OK (214ms)
2026-09-10T03:20:04.476Z  [API  ]  HEAD https://pub.dev/api/archives/test-1.32.0.tar.gz
2026-09-10T03:20:04.501Z  [API  ]  200 OK (234ms)
2026-09-10T03:20:04.502Z  [API  ]  200 OK (221ms)
2026-09-10T03:20:04.531Z  [API  ]  HEAD https://pub.dev/api/archives/analyzer-14.3.0.tar.gz
2026-09-10T03:20:04.546Z  [API  ]  200 OK (337ms)
2026-09-10T03:20:04.619Z  [API  ]  200 OK (324ms)
2026-09-10T03:20:04.650Z  [API  ]  200 OK (174ms)
2026-09-10T03:20:04.687Z  [API  ]  200 OK (156ms)
2026-09-10T03:20:04.769Z  [INFO ]  Dep graph: 14 direct, 91 transitive, 0 overrides
2026-09-10T03:20:04.770Z  [CACHE]  MISS osv.vulns.cupertino_icons.1.0.9
2026-09-10T03:20:04.770Z  [CACHE]  MISS osv.vulns.dio.5.11.0
2026-09-10T03:20:04.770Z  [CACHE]  MISS osv.vulns.dotlottie_flutter.0.1.7
2026-09-10T03:20:04.770Z  [CACHE]  MISS osv.vulns.easy_refresh.3.5.1
2026-09-10T03:20:04.770Z  [CACHE]  MISS osv.vulns.flutter_launcher_icons.0.14.4
2026-09-10T03:20:04.770Z  [CACHE]  MISS osv.vulns.flutter_lints.6.0.0
2026-09-10T03:20:04.770Z  [CACHE]  MISS osv.vulns.flutter_native_splash.2.4.8
2026-09-10T03:20:04.770Z  [CACHE]  MISS osv.vulns.flutter_riverpod.3.4.2
2026-09-10T03:20:04.770Z  [CACHE]  MISS osv.vulns.go_router.18.0.0
2026-09-10T03:20:04.770Z  [CACHE]  MISS osv.vulns.lottie.3.5.1
2026-09-10T03:20:04.770Z  [CACHE]  MISS osv.vulns.riverpod.3.4.2
2026-09-10T03:20:04.770Z  [CACHE]  MISS osv.vulns.saropa_lints.14.0.2
2026-09-10T03:20:04.770Z  [CACHE]  MISS osv.vulns.vector_graphics.1.2.3
2026-09-10T03:20:04.770Z  [CACHE]  MISS osv.vulns.vector_graphics_compiler.1.3.0
2026-09-10T03:20:04.770Z  [API  ]  POST https://api.osv.dev/v1/querybatch
2026-09-10T03:20:04.773Z  [CACHE]  MISS ghsa.vulns.cupertino_icons.1.0.9
2026-09-10T03:20:04.773Z  [CACHE]  MISS ghsa.vulns.dio.5.11.0
2026-09-10T03:20:04.773Z  [CACHE]  MISS ghsa.vulns.dotlottie_flutter.0.1.7
2026-09-10T03:20:04.773Z  [CACHE]  MISS ghsa.vulns.easy_refresh.3.5.1
2026-09-10T03:20:04.773Z  [CACHE]  MISS ghsa.vulns.flutter_launcher_icons.0.14.4
2026-09-10T03:20:04.773Z  [CACHE]  MISS ghsa.vulns.flutter_lints.6.0.0
2026-09-10T03:20:04.773Z  [CACHE]  MISS ghsa.vulns.flutter_native_splash.2.4.8
2026-09-10T03:20:04.773Z  [CACHE]  MISS ghsa.vulns.flutter_riverpod.3.4.2
2026-09-10T03:20:04.773Z  [CACHE]  MISS ghsa.vulns.go_router.18.0.0
2026-09-10T03:20:04.773Z  [CACHE]  MISS ghsa.vulns.lottie.3.5.1
2026-09-10T03:20:04.773Z  [CACHE]  MISS ghsa.vulns.riverpod.3.4.2
2026-09-10T03:20:04.773Z  [CACHE]  MISS ghsa.vulns.saropa_lints.14.0.2
2026-09-10T03:20:04.773Z  [CACHE]  MISS ghsa.vulns.vector_graphics.1.2.3
2026-09-10T03:20:04.773Z  [CACHE]  MISS ghsa.vulns.vector_graphics_compiler.1.3.0
2026-09-10T03:20:04.773Z  [API  ]  GET https://api.github.com/advisories?ecosystem=pub&package=cupertino_icons&affects=1.0.9&per_page=100
2026-09-10T03:20:04.775Z  [API  ]  GET https://api.github.com/advisories?ecosystem=pub&package=dio&affects=5.11.0&per_page=100
2026-09-10T03:20:04.777Z  [API  ]  GET https://api.github.com/advisories?ecosystem=pub&package=dotlottie_flutter&affects=0.1.7&per_page=100
2026-09-10T03:20:04.779Z  [API  ]  GET https://api.github.com/advisories?ecosystem=pub&package=easy_refresh&affects=3.5.1&per_page=100
2026-09-10T03:20:04.781Z  [API  ]  GET https://api.github.com/advisories?ecosystem=pub&package=flutter_launcher_icons&affects=0.14.4&per_page=100
2026-09-10T03:20:05.131Z  [API  ]  403 rate limit exceeded (352ms)
2026-09-10T03:20:05.131Z  [ERROR]  GitHub Advisory query failed for easy_refresh: 403
2026-09-10T03:20:05.143Z  [API  ]  403 rate limit exceeded (368ms)
2026-09-10T03:20:05.143Z  [ERROR]  GitHub Advisory query failed for dio: 403
2026-09-10T03:20:05.143Z  [API  ]  403 rate limit exceeded (366ms)
2026-09-10T03:20:05.143Z  [ERROR]  GitHub Advisory query failed for dotlottie_flutter: 403
2026-09-10T03:20:05.156Z  [API  ]  403 rate limit exceeded (383ms)
2026-09-10T03:20:05.156Z  [ERROR]  GitHub Advisory query failed for cupertino_icons: 403
2026-09-10T03:20:05.156Z  [API  ]  403 rate limit exceeded (375ms)
2026-09-10T03:20:05.156Z  [ERROR]  GitHub Advisory query failed for flutter_launcher_icons: 403
2026-09-10T03:20:05.156Z  [API  ]  GET https://api.github.com/advisories?ecosystem=pub&package=flutter_lints&affects=6.0.0&per_page=100
2026-09-10T03:20:05.158Z  [API  ]  GET https://api.github.com/advisories?ecosystem=pub&package=flutter_native_splash&affects=2.4.8&per_page=100
2026-09-10T03:20:05.160Z  [API  ]  GET https://api.github.com/advisories?ecosystem=pub&package=flutter_riverpod&affects=3.4.2&per_page=100
2026-09-10T03:20:05.162Z  [API  ]  GET https://api.github.com/advisories?ecosystem=pub&package=go_router&affects=18.0.0&per_page=100
2026-09-10T03:20:05.164Z  [API  ]  GET https://api.github.com/advisories?ecosystem=pub&package=lottie&affects=3.5.1&per_page=100
2026-09-10T03:20:05.264Z  [API  ]  403 rate limit exceeded (104ms)
2026-09-10T03:20:05.264Z  [ERROR]  GitHub Advisory query failed for flutter_riverpod: 403
2026-09-10T03:20:05.264Z  [API  ]  403 rate limit exceeded (108ms)
2026-09-10T03:20:05.264Z  [ERROR]  GitHub Advisory query failed for flutter_lints: 403
2026-09-10T03:20:05.266Z  [API  ]  403 rate limit exceeded (108ms)
2026-09-10T03:20:05.266Z  [ERROR]  GitHub Advisory query failed for flutter_native_splash: 403
2026-09-10T03:20:05.343Z  [API  ]  200 OK (573ms)
2026-09-10T03:20:05.501Z  [API  ]  403 rate limit exceeded (339ms)
2026-09-10T03:20:05.501Z  [ERROR]  GitHub Advisory query failed for go_router: 403
2026-09-10T03:20:05.530Z  [API  ]  403 rate limit exceeded (366ms)
2026-09-10T03:20:05.530Z  [ERROR]  GitHub Advisory query failed for lottie: 403
2026-09-10T03:20:05.530Z  [API  ]  GET https://api.github.com/advisories?ecosystem=pub&package=riverpod&affects=3.4.2&per_page=100
2026-09-10T03:20:05.532Z  [API  ]  GET https://api.github.com/advisories?ecosystem=pub&package=saropa_lints&affects=14.0.2&per_page=100
2026-09-10T03:20:05.534Z  [API  ]  GET https://api.github.com/advisories?ecosystem=pub&package=vector_graphics&affects=1.2.3&per_page=100
2026-09-10T03:20:05.536Z  [API  ]  GET https://api.github.com/advisories?ecosystem=pub&package=vector_graphics_compiler&affects=1.3.0&per_page=100
2026-09-10T03:20:05.636Z  [API  ]  403 rate limit exceeded (102ms)
2026-09-10T03:20:05.636Z  [ERROR]  GitHub Advisory query failed for vector_graphics: 403
2026-09-10T03:20:05.637Z  [API  ]  403 rate limit exceeded (101ms)
2026-09-10T03:20:05.637Z  [ERROR]  GitHub Advisory query failed for vector_graphics_compiler: 403
2026-09-10T03:20:05.637Z  [API  ]  403 rate limit exceeded (105ms)
2026-09-10T03:20:05.637Z  [ERROR]  GitHub Advisory query failed for saropa_lints: 403
2026-09-10T03:20:05.649Z  [API  ]  403 rate limit exceeded (119ms)
2026-09-10T03:20:05.649Z  [ERROR]  GitHub Advisory query failed for riverpod: 403
2026-09-10T03:20:06.430Z  [INFO ]  Scan complete — 19296ms — vibrant:4 stable:8 outdated:2 abandoned:0 eol:0
