2026-08-08T11:54:32.687Z  [CACHE]  MISS flutter.releases
2026-08-08T11:54:32.687Z  [API  ]  GET https://storage.googleapis.com/flutter_infra_release/releases/releases_linux.json
2026-08-08T11:54:32.962Z  [API  ]  200 OK (275ms)
2026-08-08T11:54:33.108Z  [INFO ]  Scan started — 2 packages
2026-08-08T11:54:33.109Z  [INFO ]  [1/2] cupertino_icons
2026-08-08T11:54:33.109Z  [INFO ]  Known issue: active
2026-08-08T11:54:33.110Z  [CACHE]  MISS pub.info.cupertino_icons
2026-08-08T11:54:33.110Z  [API  ]  GET https://pub.dev/api/packages/cupertino_icons
2026-08-08T11:54:33.113Z  [CACHE]  MISS pub.metrics.cupertino_icons
2026-08-08T11:54:33.114Z  [API  ]  GET https://pub.dev/api/packages/cupertino_icons/metrics
2026-08-08T11:54:33.117Z  [API  ]  GET https://pub.dev/api/packages/cupertino_icons/score
2026-08-08T11:54:33.121Z  [CACHE]  HIT  pub.publisher.cupertino_icons
2026-08-08T11:54:33.121Z  [CACHE]  MISS pub.reverseDeps.cupertino_icons
2026-08-08T11:54:33.121Z  [API  ]  GET https://pub.dev/packages?q=dependency%3Acupertino_icons
2026-08-08T11:54:33.124Z  [INFO ]  [2/2] flutter_lints
2026-08-08T11:54:33.124Z  [INFO ]  Known issue: active
2026-08-08T11:54:33.125Z  [CACHE]  MISS pub.info.flutter_lints
2026-08-08T11:54:33.125Z  [API  ]  GET https://pub.dev/api/packages/flutter_lints
2026-08-08T11:54:33.128Z  [CACHE]  MISS pub.metrics.flutter_lints
2026-08-08T11:54:33.128Z  [API  ]  GET https://pub.dev/api/packages/flutter_lints/metrics
2026-08-08T11:54:33.131Z  [API  ]  GET https://pub.dev/api/packages/flutter_lints/score
2026-08-08T11:54:33.133Z  [CACHE]  HIT  pub.publisher.flutter_lints
2026-08-08T11:54:33.133Z  [CACHE]  MISS pub.reverseDeps.flutter_lints
2026-08-08T11:54:33.133Z  [API  ]  GET https://pub.dev/packages?q=dependency%3Aflutter_lints
2026-08-08T11:54:33.614Z  [API  ]  200 OK (486ms)
2026-08-08T11:54:33.635Z  [API  ]  200 OK (504ms)
2026-08-08T11:54:33.669Z  [API  ]  200 OK (536ms)
2026-08-08T11:54:33.670Z  [API  ]  200 OK (556ms)
2026-08-08T11:54:33.673Z  [API  ]  200 OK (548ms)
2026-08-08T11:54:33.692Z  [API  ]  200 OK (575ms)
2026-08-08T11:54:33.728Z  [CACHE]  MISS gh.flutter.packages
2026-08-08T11:54:33.728Z  [API  ]  GET https://api.github.com/repos/flutter/packages
2026-08-08T11:54:33.728Z  [API  ]  GET https://api.github.com/repos/flutter/packages/issues?state=closed&since=2026-05-10T11:54:33.728Z&per_page=100
2026-08-08T11:54:33.728Z  [API  ]  GET https://api.github.com/repos/flutter/packages/pulls?state=closed&per_page=100
2026-08-08T11:54:33.728Z  [API  ]  GET https://api.github.com/repos/flutter/packages/issues?state=open&sort=comments&direction=desc&per_page=50
2026-08-08T11:54:33.728Z  [API  ]  GET https://api.github.com/repos/flutter/packages/pulls?state=open&per_page=100
2026-08-08T11:54:33.821Z  [API  ]  200 OK (700ms)
2026-08-08T11:54:34.093Z  [API  ]  403 rate limit exceeded (365ms)
2026-08-08T11:54:34.093Z  [API  ]  403 rate limit exceeded (365ms)
2026-08-08T11:54:34.093Z  [API  ]  403 rate limit exceeded (365ms)
2026-08-08T11:54:34.093Z  [API  ]  403 rate limit exceeded (365ms)
2026-08-08T11:54:34.093Z  [API  ]  403 rate limit exceeded (365ms)
2026-08-08T11:54:34.093Z  [CACHE]  MISS pub.archiveSize.flutter_lints
2026-08-08T11:54:34.096Z  [API  ]  HEAD https://pub.dev/api/archives/flutter_lints-6.0.0.tar.gz
2026-08-08T11:54:34.098Z  [CACHE]  MISS pub.tarball.z7ll8h
2026-08-08T11:54:34.098Z  [API  ]  GET https://pub.dev/api/archives/flutter_lints-6.0.0.tar.gz
2026-08-08T11:54:34.134Z  [API  ]  200 OK (36ms)
2026-08-08T11:54:34.136Z  [API  ]  200 OK (40ms)
2026-08-08T11:54:34.163Z  [API  ]  200 OK (1053ms)
2026-08-08T11:54:34.264Z  [CACHE]  MISS gh.flutter.packages
2026-08-08T11:54:34.264Z  [API  ]  GET https://api.github.com/repos/flutter/packages
2026-08-08T11:54:34.264Z  [API  ]  GET https://api.github.com/repos/flutter/packages/issues?state=closed&since=2026-05-10T11:54:34.264Z&per_page=100
2026-08-08T11:54:34.264Z  [API  ]  GET https://api.github.com/repos/flutter/packages/pulls?state=closed&per_page=100
2026-08-08T11:54:34.264Z  [API  ]  GET https://api.github.com/repos/flutter/packages/issues?state=open&sort=comments&direction=desc&per_page=50
2026-08-08T11:54:34.264Z  [API  ]  GET https://api.github.com/repos/flutter/packages/pulls?state=open&per_page=100
2026-08-08T11:54:34.345Z  [API  ]  403 rate limit exceeded (81ms)
2026-08-08T11:54:34.345Z  [API  ]  403 rate limit exceeded (81ms)
2026-08-08T11:54:34.345Z  [API  ]  403 rate limit exceeded (81ms)
2026-08-08T11:54:34.345Z  [API  ]  403 rate limit exceeded (81ms)
2026-08-08T11:54:34.345Z  [API  ]  403 rate limit exceeded (81ms)
2026-08-08T11:54:34.346Z  [CACHE]  MISS pub.archiveSize.cupertino_icons
2026-08-08T11:54:34.348Z  [API  ]  HEAD https://pub.dev/api/archives/cupertino_icons-1.0.9.tar.gz
2026-08-08T11:54:34.350Z  [CACHE]  MISS pub.tarball.oijvck
2026-08-08T11:54:34.350Z  [API  ]  GET https://pub.dev/api/archives/cupertino_icons-1.0.9.tar.gz
2026-08-08T11:54:34.401Z  [API  ]  200 OK (51ms)
2026-08-08T11:54:34.506Z  [API  ]  200 OK (158ms)
2026-08-08T11:54:34.568Z  [SCORE]  flutter_lints → 12.5 (outdated) [rv=0 eg=0 pop=50 pt=-5 pq=10]
2026-08-08T11:54:34.568Z  [CACHE]  MISS pub.search.lints
2026-08-08T11:54:34.568Z  [API  ]  GET https://pub.dev/api/search?q=topic%3Alints&sort=popularity
2026-08-08T11:54:34.855Z  [API  ]  200 OK (287ms)
2026-08-08T11:54:34.956Z  [SCORE]  cupertino_icons → 56.6 (stable) [rv=63.013698630136986 eg=31.506849315068493 pop=50 pt=-5 pq=10]
2026-08-08T11:54:37.481Z  [ERROR]  Blocker analysis skipped — CLI commands failed — pub outdated: Command failed: dart pub outdated --json --transitive
Cannot specify both `--json` and `--transitive`
The json report always includes transitive dependencies.

Usage: dart pub outdated [options]
-h, --help                         Print this usage information.
    --[no-]dependency-overrides    Show resolutions with `dependency_overrides`.
                                   (defaults to on)
    --[no-]dev-dependencies        Take dev dependencies into account.
                                   (defaults to on)
    --json                         Output the results using a json format.
    --[no-]prereleases             Include prereleases in latest version.
    --[no-]show-all                Include dependencies that are already
                                   fulfilling --mode.
    --[no-]transitive              Show transitive dependencies.
                                   (defaults to on)
-C, --directory=<dir>              Run this in the directory <dir>.

Run "dart help" to see global options.
See https://dart.dev/tools/pub/cmd/pub-outdated for detailed documentation.

2026-08-08T11:54:37.788Z  [CACHE]  MISS pub.archiveSize.lints
2026-08-08T11:54:37.788Z  [API  ]  GET https://pub.dev/api/packages/lints
2026-08-08T11:54:38.039Z  [API  ]  200 OK (250ms)
2026-08-08T11:54:38.069Z  [API  ]  HEAD https://pub.dev/api/archives/lints-6.1.0.tar.gz
2026-08-08T11:54:38.113Z  [API  ]  200 OK (44ms)
2026-08-08T11:54:38.134Z  [INFO ]  Dep graph: 2 direct, 1 transitive, 0 overrides
2026-08-08T11:54:38.134Z  [CACHE]  MISS osv.vulns.cupertino_icons.1.0.9
2026-08-08T11:54:38.134Z  [CACHE]  MISS osv.vulns.flutter_lints.6.0.0
2026-08-08T11:54:38.135Z  [API  ]  POST https://api.osv.dev/v1/querybatch
2026-08-08T11:54:38.138Z  [CACHE]  MISS ghsa.vulns.cupertino_icons.1.0.9
2026-08-08T11:54:38.139Z  [CACHE]  MISS ghsa.vulns.flutter_lints.6.0.0
2026-08-08T11:54:38.139Z  [API  ]  GET https://api.github.com/advisories?ecosystem=pub&package=cupertino_icons&affects=1.0.9&per_page=100
2026-08-08T11:54:38.142Z  [API  ]  GET https://api.github.com/advisories?ecosystem=pub&package=flutter_lints&affects=6.0.0&per_page=100
2026-08-08T11:54:38.247Z  [API  ]  403 rate limit exceeded (108ms)
2026-08-08T11:54:38.247Z  [ERROR]  GitHub Advisory query failed for cupertino_icons: 403
2026-08-08T11:54:38.248Z  [API  ]  403 rate limit exceeded (106ms)
2026-08-08T11:54:38.248Z  [ERROR]  GitHub Advisory query failed for flutter_lints: 403
2026-08-08T11:54:38.737Z  [API  ]  200 OK (602ms)
2026-08-08T11:54:39.749Z  [INFO ]  Scan complete — 7062ms — vibrant:0 stable:1 outdated:1 abandoned:0 eol:0

────────────────────────────────────────────────────────────

2026-08-08T13:07:54.221Z  [CACHE]  HIT  flutter.releases
2026-08-08T13:07:54.222Z  [INFO ]  Scan started — 4 packages
2026-08-08T13:07:54.222Z  [INFO ]  [1/4] cupertino_icons
2026-08-08T13:07:54.222Z  [INFO ]  Known issue: active
2026-08-08T13:07:54.222Z  [CACHE]  HIT  pub.info.cupertino_icons
2026-08-08T13:07:54.222Z  [CACHE]  MISS pub.metrics.cupertino_icons
2026-08-08T13:07:54.222Z  [API  ]  GET https://pub.dev/api/packages/cupertino_icons/metrics
2026-08-08T13:07:54.225Z  [API  ]  GET https://pub.dev/api/packages/cupertino_icons/score
2026-08-08T13:07:54.228Z  [CACHE]  HIT  pub.publisher.cupertino_icons
2026-08-08T13:07:54.228Z  [CACHE]  MISS pub.reverseDeps.cupertino_icons
2026-08-08T13:07:54.228Z  [API  ]  GET https://pub.dev/packages?q=dependency%3Acupertino_icons
2026-08-08T13:07:54.230Z  [INFO ]  [2/4] flutter_lints
2026-08-08T13:07:54.230Z  [INFO ]  Known issue: active
2026-08-08T13:07:54.230Z  [CACHE]  HIT  pub.info.flutter_lints
2026-08-08T13:07:54.230Z  [CACHE]  HIT  pub.metrics.flutter_lints
2026-08-08T13:07:54.230Z  [CACHE]  HIT  pub.publisher.flutter_lints
2026-08-08T13:07:54.230Z  [CACHE]  MISS pub.reverseDeps.flutter_lints
2026-08-08T13:07:54.230Z  [API  ]  GET https://pub.dev/packages?q=dependency%3Aflutter_lints
2026-08-08T13:07:54.233Z  [INFO ]  [3/4] flutter_skill
2026-08-08T13:07:54.233Z  [CACHE]  MISS pub.info.flutter_skill
2026-08-08T13:07:54.233Z  [API  ]  GET https://pub.dev/api/packages/flutter_skill
2026-08-08T13:07:54.236Z  [CACHE]  MISS pub.metrics.flutter_skill
2026-08-08T13:07:54.236Z  [API  ]  GET https://pub.dev/api/packages/flutter_skill/metrics
2026-08-08T13:07:54.239Z  [API  ]  GET https://pub.dev/api/packages/flutter_skill/score
2026-08-08T13:07:54.241Z  [CACHE]  HIT  pub.publisher.flutter_skill
2026-08-08T13:07:54.241Z  [CACHE]  MISS pub.reverseDeps.flutter_skill
2026-08-08T13:07:54.241Z  [API  ]  GET https://pub.dev/packages?q=dependency%3Aflutter_skill
2026-08-08T13:07:54.244Z  [INFO ]  [4/4] saropa_lints
2026-08-08T13:07:54.244Z  [CACHE]  MISS pub.info.saropa_lints
2026-08-08T13:07:54.244Z  [API  ]  GET https://pub.dev/api/packages/saropa_lints
2026-08-08T13:07:54.246Z  [CACHE]  MISS pub.metrics.saropa_lints
2026-08-08T13:07:54.246Z  [API  ]  GET https://pub.dev/api/packages/saropa_lints/metrics
2026-08-08T13:07:54.248Z  [API  ]  GET https://pub.dev/api/packages/saropa_lints/score
2026-08-08T13:07:54.250Z  [CACHE]  HIT  pub.publisher.saropa_lints
2026-08-08T13:07:54.250Z  [CACHE]  MISS pub.reverseDeps.saropa_lints
2026-08-08T13:07:54.250Z  [API  ]  GET https://pub.dev/packages?q=dependency%3Asaropa_lints
2026-08-08T13:07:55.244Z  [API  ]  200 OK (1022ms)
2026-08-08T13:07:55.244Z  [API  ]  200 OK (1000ms)
2026-08-08T13:07:55.453Z  [API  ]  200 OK (1223ms)
2026-08-08T13:07:55.464Z  [API  ]  200 OK (1231ms)
2026-08-08T13:07:55.502Z  [API  ]  200 OK (1256ms)
2026-08-08T13:07:55.537Z  [API  ]  200 OK (1309ms)
2026-08-08T13:07:55.662Z  [API  ]  200 OK (1437ms)
2026-08-08T13:07:55.671Z  [CACHE]  MISS gh.flutter.packages
2026-08-08T13:07:55.671Z  [API  ]  GET https://api.github.com/repos/flutter/packages
2026-08-08T13:07:55.671Z  [API  ]  GET https://api.github.com/repos/flutter/packages/issues?state=closed&since=2026-05-10T13:07:55.671Z&per_page=100
2026-08-08T13:07:55.671Z  [API  ]  GET https://api.github.com/repos/flutter/packages/pulls?state=closed&per_page=100
2026-08-08T13:07:55.671Z  [API  ]  GET https://api.github.com/repos/flutter/packages/issues?state=open&sort=comments&direction=desc&per_page=50
2026-08-08T13:07:55.671Z  [API  ]  GET https://api.github.com/repos/flutter/packages/pulls?state=open&per_page=100
2026-08-08T13:07:55.739Z  [CACHE]  MISS gh.flutter.packages
2026-08-08T13:07:55.739Z  [API  ]  GET https://api.github.com/repos/flutter/packages
2026-08-08T13:07:55.739Z  [API  ]  GET https://api.github.com/repos/flutter/packages/issues?state=closed&since=2026-05-10T13:07:55.739Z&per_page=100
2026-08-08T13:07:55.739Z  [API  ]  GET https://api.github.com/repos/flutter/packages/pulls?state=closed&per_page=100
2026-08-08T13:07:55.739Z  [API  ]  GET https://api.github.com/repos/flutter/packages/issues?state=open&sort=comments&direction=desc&per_page=50
2026-08-08T13:07:55.739Z  [API  ]  GET https://api.github.com/repos/flutter/packages/pulls?state=open&per_page=100
2026-08-08T13:07:55.831Z  [API  ]  200 OK (1581ms)
2026-08-08T13:07:56.434Z  [API  ]  200 OK (2193ms)
2026-08-08T13:07:56.453Z  [API  ]  200 OK (2214ms)
2026-08-08T13:07:56.677Z  [API  ]  200 OK (2441ms)
2026-08-08T13:07:56.874Z  [API  ]  200 OK (2626ms)
2026-08-08T13:07:56.888Z  [CACHE]  MISS gh.saropa.saropa_lints
2026-08-08T13:07:56.888Z  [API  ]  GET https://api.github.com/repos/saropa/saropa_lints
2026-08-08T13:07:56.888Z  [API  ]  GET https://api.github.com/repos/saropa/saropa_lints/issues?state=closed&since=2026-05-10T13:07:56.888Z&per_page=100
2026-08-08T13:07:56.888Z  [API  ]  GET https://api.github.com/repos/saropa/saropa_lints/pulls?state=closed&per_page=100
2026-08-08T13:07:56.888Z  [API  ]  GET https://api.github.com/repos/saropa/saropa_lints/issues?state=open&sort=comments&direction=desc&per_page=50
2026-08-08T13:07:56.888Z  [API  ]  GET https://api.github.com/repos/saropa/saropa_lints/pulls?state=open&per_page=100
2026-08-08T13:07:57.020Z  [CACHE]  MISS gh.ai-dashboad.flutter-skill
2026-08-08T13:07:57.020Z  [API  ]  GET https://api.github.com/repos/ai-dashboad/flutter-skill
2026-08-08T13:07:57.020Z  [API  ]  GET https://api.github.com/repos/ai-dashboad/flutter-skill/issues?state=closed&since=2026-05-10T13:07:57.020Z&per_page=100
2026-08-08T13:07:57.020Z  [API  ]  GET https://api.github.com/repos/ai-dashboad/flutter-skill/pulls?state=closed&per_page=100
2026-08-08T13:07:57.020Z  [API  ]  GET https://api.github.com/repos/ai-dashboad/flutter-skill/issues?state=open&sort=comments&direction=desc&per_page=50
2026-08-08T13:07:57.020Z  [API  ]  GET https://api.github.com/repos/ai-dashboad/flutter-skill/pulls?state=open&per_page=100
2026-08-08T13:07:58.243Z  [API  ]  200 OK (1355ms)
2026-08-08T13:07:58.243Z  [API  ]  200 OK (1355ms)
2026-08-08T13:07:58.243Z  [API  ]  200 OK (1355ms)
2026-08-08T13:07:58.243Z  [API  ]  200 OK (1355ms)
2026-08-08T13:07:58.243Z  [API  ]  200 OK (1355ms)
2026-08-08T13:07:58.501Z  [API  ]  200 OK (1481ms)
2026-08-08T13:07:58.501Z  [API  ]  200 OK (1481ms)
2026-08-08T13:07:58.501Z  [API  ]  200 OK (1481ms)
2026-08-08T13:07:58.501Z  [API  ]  200 OK (1481ms)
2026-08-08T13:07:58.501Z  [API  ]  200 OK (1481ms)
2026-08-08T13:07:58.553Z  [CACHE]  MISS pub.archiveSize.saropa_lints
2026-08-08T13:07:58.555Z  [API  ]  HEAD https://pub.dev/api/archives/saropa_lints-14.5.1.tar.gz
2026-08-08T13:07:58.556Z  [CACHE]  MISS pub.tarball.h00b90
2026-08-08T13:07:58.556Z  [API  ]  GET https://pub.dev/api/archives/saropa_lints-14.5.1.tar.gz
2026-08-08T13:07:58.585Z  [API  ]  200 OK (2846ms)
2026-08-08T13:07:58.585Z  [API  ]  200 OK (2846ms)
2026-08-08T13:07:58.585Z  [API  ]  200 OK (2846ms)
2026-08-08T13:07:58.585Z  [API  ]  200 OK (2846ms)
2026-08-08T13:07:58.585Z  [API  ]  200 OK (2846ms)
2026-08-08T13:07:58.586Z  [API  ]  200 OK (2915ms)
2026-08-08T13:07:58.586Z  [API  ]  200 OK (2915ms)
2026-08-08T13:07:58.586Z  [API  ]  200 OK (2915ms)
2026-08-08T13:07:58.586Z  [API  ]  200 OK (2915ms)
2026-08-08T13:07:58.586Z  [API  ]  200 OK (2915ms)
2026-08-08T13:07:58.778Z  [CACHE]  MISS pub.archiveSize.flutter_skill
2026-08-08T13:07:58.780Z  [API  ]  HEAD https://pub.dev/api/archives/flutter_skill-0.9.36.tar.gz
2026-08-08T13:07:58.782Z  [CACHE]  MISS pub.tarball.65am2
2026-08-08T13:07:58.782Z  [API  ]  GET https://pub.dev/api/archives/flutter_skill-0.9.36.tar.gz
2026-08-08T13:07:58.919Z  [API  ]  200 OK (364ms)
2026-08-08T13:07:59.139Z  [API  ]  200 OK (359ms)
2026-08-08T13:07:59.415Z  [API  ]  200 OK (633ms)
2026-08-08T13:07:59.441Z  [API  ]  200 OK (885ms)
2026-08-08T13:07:59.591Z  [CACHE]  HIT  pub.archiveSize.cupertino_icons
2026-08-08T13:07:59.593Z  [CACHE]  HIT  pub.tarball.oijvck
2026-08-08T13:07:59.628Z  [CACHE]  HIT  pub.archiveSize.flutter_lints
2026-08-08T13:07:59.630Z  [CACHE]  HIT  pub.tarball.z7ll8h
2026-08-08T13:08:00.069Z  [SCORE]  cupertino_icons → 57.5 (stable) [rv=40 eg=50 pop=100 pt=-5 pq=10]
2026-08-08T13:08:00.074Z  [SCORE]  flutter_lints → 57.5 (stable) [rv=40 eg=50 pop=100 pt=-5 pq=10]
2026-08-08T13:08:00.473Z  [SCORE]  flutter_skill → 42.9 (stable) [rv=24.5 eg=61.666666666666664 pop=47.19 pt=-5 pq=8.75]
2026-08-08T13:08:16.442Z  [SCORE]  saropa_lints → 67.5 (stable) [rv=52.5 eg=68 pop=46.955 pt=-5 pq=9.375]
2026-08-08T13:08:17.265Z  [ERROR]  Blocker analysis skipped — CLI commands failed — pub outdated: Command failed: dart pub outdated --json --transitive
Cannot specify both `--json` and `--transitive`
The json report always includes transitive dependencies.

Usage: dart pub outdated [options]
-h, --help                         Print this usage information.
    --[no-]dependency-overrides    Show resolutions with `dependency_overrides`.
                                   (defaults to on)
    --[no-]dev-dependencies        Take dev dependencies into account.
                                   (defaults to on)
    --json                         Output the results using a json format.
    --[no-]prereleases             Include prereleases in latest version.
    --[no-]show-all                Include dependencies that are already
                                   fulfilling --mode.
    --[no-]transitive              Show transitive dependencies.
                                   (defaults to on)
-C, --directory=<dir>              Run this in the directory <dir>.

Run "dart help" to see global options.
See https://dart.dev/tools/pub/cmd/pub-outdated for detailed documentation.

2026-08-08T13:08:17.567Z  [CACHE]  HIT  pub.archiveSize.lints
2026-08-08T13:08:17.567Z  [CACHE]  MISS pub.archiveSize.flutter
2026-08-08T13:08:17.567Z  [API  ]  GET https://pub.dev/api/packages/flutter
2026-08-08T13:08:17.569Z  [CACHE]  MISS pub.archiveSize.characters
2026-08-08T13:08:17.569Z  [API  ]  GET https://pub.dev/api/packages/characters
2026-08-08T13:08:17.571Z  [CACHE]  MISS pub.archiveSize.collection
2026-08-08T13:08:17.571Z  [API  ]  GET https://pub.dev/api/packages/collection
2026-08-08T13:08:17.573Z  [CACHE]  MISS pub.archiveSize.material_color_utilities
2026-08-08T13:08:17.573Z  [API  ]  GET https://pub.dev/api/packages/material_color_utilities
2026-08-08T13:08:17.575Z  [CACHE]  MISS pub.archiveSize.meta
2026-08-08T13:08:17.575Z  [API  ]  GET https://pub.dev/api/packages/meta
2026-08-08T13:08:17.578Z  [CACHE]  MISS pub.archiveSize.vector_math
2026-08-08T13:08:17.578Z  [API  ]  GET https://pub.dev/api/packages/vector_math
2026-08-08T13:08:17.580Z  [CACHE]  MISS pub.archiveSize.sky_engine
2026-08-08T13:08:17.580Z  [API  ]  GET https://pub.dev/api/packages/sky_engine
2026-08-08T13:08:17.583Z  [CACHE]  MISS pub.archiveSize.vm_service
2026-08-08T13:08:17.583Z  [API  ]  GET https://pub.dev/api/packages/vm_service
2026-08-08T13:08:17.585Z  [CACHE]  MISS pub.archiveSize.http
2026-08-08T13:08:17.585Z  [API  ]  GET https://pub.dev/api/packages/http
2026-08-08T13:08:17.586Z  [CACHE]  MISS pub.archiveSize.async
2026-08-08T13:08:17.586Z  [API  ]  GET https://pub.dev/api/packages/async
2026-08-08T13:08:17.588Z  [CACHE]  MISS pub.archiveSize.http_parser
2026-08-08T13:08:17.588Z  [API  ]  GET https://pub.dev/api/packages/http_parser
2026-08-08T13:08:17.590Z  [CACHE]  MISS pub.archiveSize.source_span
2026-08-08T13:08:17.590Z  [API  ]  GET https://pub.dev/api/packages/source_span
2026-08-08T13:08:17.592Z  [CACHE]  MISS pub.archiveSize.path
2026-08-08T13:08:17.592Z  [API  ]  GET https://pub.dev/api/packages/path
2026-08-08T13:08:17.594Z  [CACHE]  MISS pub.archiveSize.term_glyph
2026-08-08T13:08:17.594Z  [API  ]  GET https://pub.dev/api/packages/term_glyph
2026-08-08T13:08:17.596Z  [CACHE]  MISS pub.archiveSize.string_scanner
2026-08-08T13:08:17.596Z  [API  ]  GET https://pub.dev/api/packages/string_scanner
2026-08-08T13:08:17.597Z  [CACHE]  MISS pub.archiveSize.typed_data
2026-08-08T13:08:17.597Z  [API  ]  GET https://pub.dev/api/packages/typed_data
2026-08-08T13:08:17.600Z  [CACHE]  MISS pub.archiveSize.web
2026-08-08T13:08:17.600Z  [API  ]  GET https://pub.dev/api/packages/web
2026-08-08T13:08:17.601Z  [CACHE]  MISS pub.archiveSize.logging
2026-08-08T13:08:17.601Z  [API  ]  GET https://pub.dev/api/packages/logging
2026-08-08T13:08:17.603Z  [CACHE]  MISS pub.archiveSize.analysis_server_plugin
2026-08-08T13:08:17.603Z  [API  ]  GET https://pub.dev/api/packages/analysis_server_plugin
2026-08-08T13:08:17.605Z  [CACHE]  MISS pub.archiveSize.analyzer
2026-08-08T13:08:17.605Z  [API  ]  GET https://pub.dev/api/packages/analyzer
2026-08-08T13:08:17.607Z  [CACHE]  MISS pub.archiveSize._fe_analyzer_shared
2026-08-08T13:08:17.607Z  [API  ]  GET https://pub.dev/api/packages/_fe_analyzer_shared
2026-08-08T13:08:17.610Z  [CACHE]  MISS pub.archiveSize.convert
2026-08-08T13:08:17.610Z  [API  ]  GET https://pub.dev/api/packages/convert
2026-08-08T13:08:17.611Z  [CACHE]  MISS pub.archiveSize.crypto
2026-08-08T13:08:17.611Z  [API  ]  GET https://pub.dev/api/packages/crypto
2026-08-08T13:08:17.613Z  [CACHE]  MISS pub.archiveSize.glob
2026-08-08T13:08:17.613Z  [API  ]  GET https://pub.dev/api/packages/glob
2026-08-08T13:08:17.615Z  [CACHE]  MISS pub.archiveSize.file
2026-08-08T13:08:17.615Z  [API  ]  GET https://pub.dev/api/packages/file
2026-08-08T13:08:17.617Z  [CACHE]  MISS pub.archiveSize.package_config
2026-08-08T13:08:17.617Z  [API  ]  GET https://pub.dev/api/packages/package_config
2026-08-08T13:08:17.619Z  [CACHE]  MISS pub.archiveSize.pub_semver
2026-08-08T13:08:17.619Z  [API  ]  GET https://pub.dev/api/packages/pub_semver
2026-08-08T13:08:17.621Z  [CACHE]  MISS pub.archiveSize.watcher
2026-08-08T13:08:17.621Z  [API  ]  GET https://pub.dev/api/packages/watcher
2026-08-08T13:08:17.623Z  [CACHE]  MISS pub.archiveSize.yaml
2026-08-08T13:08:17.623Z  [API  ]  GET https://pub.dev/api/packages/yaml
2026-08-08T13:08:17.625Z  [CACHE]  MISS pub.archiveSize.analyzer_plugin
2026-08-08T13:08:17.625Z  [API  ]  GET https://pub.dev/api/packages/analyzer_plugin
2026-08-08T13:08:17.627Z  [CACHE]  MISS pub.archiveSize.dart_style
2026-08-08T13:08:17.627Z  [API  ]  GET https://pub.dev/api/packages/dart_style
2026-08-08T13:08:17.628Z  [CACHE]  MISS pub.archiveSize.args
2026-08-08T13:08:17.628Z  [API  ]  GET https://pub.dev/api/packages/args
2026-08-08T13:08:17.631Z  [CACHE]  MISS pub.archiveSize.yaml_edit
2026-08-08T13:08:17.631Z  [API  ]  GET https://pub.dev/api/packages/yaml_edit
2026-08-08T13:08:18.001Z  [API  ]  200 OK (432ms)
2026-08-08T13:08:18.002Z  [API  ]  HEAD https://pub.dev/api/archives/characters-1.4.1.tar.gz
2026-08-08T13:08:18.235Z  [API  ]  200 OK (233ms)
2026-08-08T13:08:19.061Z  [API  ]  200 OK (1486ms)
2026-08-08T13:08:19.064Z  [API  ]  200 OK (1486ms)
2026-08-08T13:08:19.065Z  [API  ]  200 OK (1492ms)
2026-08-08T13:08:19.066Z  [API  ]  HEAD https://pub.dev/api/archives/material_color_utilities-0.13.0.tar.gz
2026-08-08T13:08:19.284Z  [API  ]  HEAD https://pub.dev/api/archives/meta-1.19.0.tar.gz
2026-08-08T13:08:19.298Z  [API  ]  HEAD https://pub.dev/api/archives/vector_math-2.4.2.tar.gz
2026-08-08T13:08:19.338Z  [API  ]  200 OK (1767ms)
2026-08-08T13:08:19.352Z  [API  ]  200 OK (1785ms)
2026-08-08T13:08:19.561Z  [API  ]  HEAD https://pub.dev/api/archives/collection-1.19.1.tar.gz
2026-08-08T13:08:19.577Z  [API  ]  HEAD https://pub.dev/api/archives/flutter-0.0.20.tar.gz
2026-08-08T13:08:19.911Z  [API  ]  200 OK (2317ms)
2026-08-08T13:08:19.995Z  [API  ]  200 OK (929ms)
2026-08-08T13:08:20.083Z  [API  ]  200 OK (2503ms)
2026-08-08T13:08:20.087Z  [API  ]  200 OK (2491ms)
2026-08-08T13:08:20.088Z  [API  ]  200 OK (2503ms)
2026-08-08T13:08:20.100Z  [API  ]  200 OK (2517ms)
2026-08-08T13:08:20.110Z  [API  ]  200 OK (812ms)
2026-08-08T13:08:20.121Z  [API  ]  HEAD https://pub.dev/api/archives/http-1.6.0.tar.gz
2026-08-08T13:08:20.143Z  [API  ]  HEAD https://pub.dev/api/archives/term_glyph-1.2.2.tar.gz
2026-08-08T13:08:20.220Z  [API  ]  200 OK (936ms)
2026-08-08T13:08:20.261Z  [API  ]  200 OK (700ms)
2026-08-08T13:08:20.310Z  [API  ]  HEAD https://pub.dev/api/archives/string_scanner-1.4.1.tar.gz
2026-08-08T13:08:20.324Z  [API  ]  HEAD https://pub.dev/api/archives/sky_engine-0.0.99.tar.gz
2026-08-08T13:08:20.339Z  [API  ]  HEAD https://pub.dev/api/archives/vm_service-15.2.0.tar.gz
2026-08-08T13:08:20.630Z  [API  ]  200 OK (1053ms)
2026-08-08T13:08:21.046Z  [API  ]  200 OK (3439ms)
2026-08-08T13:08:21.052Z  [API  ]  200 OK (3466ms)
2026-08-08T13:08:21.054Z  [API  ]  200 OK (3462ms)
2026-08-08T13:08:21.054Z  [API  ]  200 OK (3466ms)
2026-08-08T13:08:21.067Z  [API  ]  200 OK (3477ms)
2026-08-08T13:08:21.126Z  [API  ]  200 OK (1005ms)
2026-08-08T13:08:21.134Z  [API  ]  200 OK (991ms)
2026-08-08T13:08:21.135Z  [API  ]  200 OK (796ms)
2026-08-08T13:08:21.310Z  [API  ]  200 OK (986ms)
2026-08-08T13:08:21.321Z  [API  ]  HEAD https://pub.dev/api/archives/path-1.9.1.tar.gz
2026-08-08T13:08:21.334Z  [API  ]  HEAD https://pub.dev/api/archives/http_parser-4.1.2.tar.gz
2026-08-08T13:08:21.352Z  [API  ]  HEAD https://pub.dev/api/archives/_fe_analyzer_shared-105.0.0.tar.gz
2026-08-08T13:08:21.366Z  [API  ]  HEAD https://pub.dev/api/archives/async-2.13.1.tar.gz
2026-08-08T13:08:21.380Z  [API  ]  HEAD https://pub.dev/api/archives/source_span-1.10.2.tar.gz
2026-08-08T13:08:21.395Z  [API  ]  200 OK (1085ms)
2026-08-08T13:08:21.885Z  [API  ]  200 OK (4280ms)
2026-08-08T13:08:21.892Z  [API  ]  200 OK (4295ms)
2026-08-08T13:08:21.894Z  [API  ]  HEAD https://pub.dev/api/archives/typed_data-1.4.0.tar.gz
2026-08-08T13:08:22.072Z  [API  ]  200 OK (738ms)
2026-08-08T13:08:22.073Z  [API  ]  200 OK (752ms)
2026-08-08T13:08:22.080Z  [API  ]  200 OK (714ms)
2026-08-08T13:08:22.105Z  [API  ]  200 OK (4502ms)
2026-08-08T13:08:22.107Z  [API  ]  200 OK (4507ms)
2026-08-08T13:08:22.117Z  [API  ]  200 OK (4516ms)
2026-08-08T13:08:22.213Z  [API  ]  HEAD https://pub.dev/api/archives/analyzer-14.1.0.tar.gz
2026-08-08T13:08:22.311Z  [API  ]  200 OK (931ms)
2026-08-08T13:08:22.327Z  [API  ]  HEAD https://pub.dev/api/archives/analysis_server_plugin-0.3.20.tar.gz
2026-08-08T13:08:22.344Z  [API  ]  HEAD https://pub.dev/api/archives/web-1.1.1.tar.gz
2026-08-08T13:08:22.364Z  [API  ]  HEAD https://pub.dev/api/archives/logging-1.3.0.tar.gz
2026-08-08T13:08:22.433Z  [API  ]  200 OK (1081ms)
2026-08-08T13:08:22.596Z  [API  ]  200 OK (702ms)
2026-08-08T13:08:22.806Z  [API  ]  200 OK (5185ms)
2026-08-08T13:08:22.811Z  [API  ]  200 OK (5194ms)
2026-08-08T13:08:22.812Z  [API  ]  HEAD https://pub.dev/api/archives/package_config-3.0.0.tar.gz
2026-08-08T13:08:23.031Z  [API  ]  200 OK (5416ms)
2026-08-08T13:08:23.043Z  [API  ]  HEAD https://pub.dev/api/archives/watcher-1.2.1.tar.gz
2026-08-08T13:08:23.058Z  [API  ]  200 OK (845ms)
2026-08-08T13:08:23.059Z  [API  ]  200 OK (5446ms)
2026-08-08T13:08:23.064Z  [API  ]  200 OK (5445ms)
2026-08-08T13:08:23.066Z  [API  ]  HEAD https://pub.dev/api/archives/pub_semver-2.2.0.tar.gz
2026-08-08T13:08:23.082Z  [API  ]  200 OK (738ms)
2026-08-08T13:08:23.255Z  [API  ]  HEAD https://pub.dev/api/archives/file-7.0.1.tar.gz
2026-08-08T13:08:23.270Z  [API  ]  HEAD https://pub.dev/api/archives/glob-2.1.3.tar.gz
2026-08-08T13:08:23.307Z  [API  ]  200 OK (943ms)
2026-08-08T13:08:23.406Z  [API  ]  200 OK (1079ms)
2026-08-08T13:08:23.760Z  [API  ]  200 OK (948ms)
2026-08-08T13:08:23.983Z  [API  ]  200 OK (940ms)
2026-08-08T13:08:23.989Z  [API  ]  200 OK (923ms)
2026-08-08T13:08:24.035Z  [API  ]  200 OK (6424ms)
2026-08-08T13:08:24.052Z  [API  ]  200 OK (6424ms)
2026-08-08T13:08:24.062Z  [API  ]  200 OK (6435ms)
2026-08-08T13:08:24.070Z  [API  ]  200 OK (6460ms)
2026-08-08T13:08:24.082Z  [API  ]  200 OK (6451ms)
2026-08-08T13:08:24.084Z  [API  ]  HEAD https://pub.dev/api/archives/yaml_edit-2.2.4.tar.gz
2026-08-08T13:08:24.187Z  [API  ]  200 OK (932ms)
2026-08-08T13:08:24.188Z  [API  ]  200 OK (918ms)
2026-08-08T13:08:24.256Z  [API  ]  HEAD https://pub.dev/api/archives/crypto-3.0.7.tar.gz
2026-08-08T13:08:24.276Z  [API  ]  HEAD https://pub.dev/api/archives/args-2.7.0.tar.gz
2026-08-08T13:08:24.291Z  [API  ]  HEAD https://pub.dev/api/archives/convert-3.1.2.tar.gz
2026-08-08T13:08:24.306Z  [API  ]  HEAD https://pub.dev/api/archives/dart_style-3.1.12.tar.gz
2026-08-08T13:08:25.006Z  [API  ]  200 OK (922ms)
2026-08-08T13:08:25.010Z  [API  ]  200 OK (704ms)
2026-08-08T13:08:25.178Z  [API  ]  200 OK (922ms)
2026-08-08T13:08:25.216Z  [API  ]  200 OK (940ms)
2026-08-08T13:08:25.228Z  [API  ]  200 OK (937ms)
2026-08-08T13:08:26.066Z  [API  ]  200 OK (8441ms)
2026-08-08T13:08:26.110Z  [API  ]  200 OK (8487ms)
2026-08-08T13:08:26.288Z  [API  ]  HEAD https://pub.dev/api/archives/analyzer_plugin-0.14.14.tar.gz
2026-08-08T13:08:26.337Z  [API  ]  HEAD https://pub.dev/api/archives/yaml-3.1.3.tar.gz
2026-08-08T13:08:27.251Z  [API  ]  200 OK (914ms)
2026-08-08T13:08:27.674Z  [API  ]  200 OK (1386ms)
2026-08-08T13:08:27.693Z  [INFO ]  Dep graph: 4 direct, 34 transitive, 0 overrides
2026-08-08T13:08:27.693Z  [CACHE]  HIT  osv.vulns.cupertino_icons.1.0.9
2026-08-08T13:08:27.693Z  [CACHE]  HIT  osv.vulns.flutter_lints.6.0.0
2026-08-08T13:08:27.693Z  [CACHE]  MISS osv.vulns.flutter_skill.0.2.26
2026-08-08T13:08:27.693Z  [CACHE]  MISS osv.vulns.saropa_lints.9.10.0
2026-08-08T13:08:27.693Z  [API  ]  POST https://api.osv.dev/v1/querybatch
2026-08-08T13:08:27.695Z  [CACHE]  HIT  ghsa.vulns.cupertino_icons.1.0.9
2026-08-08T13:08:27.695Z  [CACHE]  HIT  ghsa.vulns.flutter_lints.6.0.0
2026-08-08T13:08:27.695Z  [CACHE]  MISS ghsa.vulns.flutter_skill.0.2.26
2026-08-08T13:08:27.695Z  [CACHE]  MISS ghsa.vulns.saropa_lints.9.10.0
2026-08-08T13:08:27.696Z  [API  ]  GET https://api.github.com/advisories?ecosystem=pub&package=flutter_skill&affects=0.2.26&per_page=100
2026-08-08T13:08:27.697Z  [API  ]  GET https://api.github.com/advisories?ecosystem=pub&package=saropa_lints&affects=9.10.0&per_page=100
2026-08-08T13:08:28.674Z  [API  ]  200 OK (978ms)
2026-08-08T13:08:28.941Z  [API  ]  200 OK (1243ms)
2026-08-08T13:08:29.137Z  [API  ]  200 OK (1444ms)
2026-08-08T13:08:29.983Z  [INFO ]  Scan complete — 35762ms — vibrant:0 stable:4 outdated:0 abandoned:0 eol:0
