2026-08-10T11:54:31.579Z  [CACHE]  MISS flutter.releases
2026-08-10T11:54:31.579Z  [API  ]  GET https://storage.googleapis.com/flutter_infra_release/releases/releases_linux.json
2026-08-10T11:54:32.319Z  [API  ]  200 OK (740ms)
2026-08-10T11:54:32.567Z  [INFO ]  Scan started — 4 packages
2026-08-10T11:54:32.567Z  [INFO ]  [1/4] cupertino_icons
2026-08-10T11:54:32.568Z  [INFO ]  Known issue: active
2026-08-10T11:54:32.568Z  [CACHE]  MISS pub.info.cupertino_icons
2026-08-10T11:54:32.568Z  [API  ]  GET https://pub.dev/api/packages/cupertino_icons
2026-08-10T11:54:32.570Z  [CACHE]  MISS pub.metrics.cupertino_icons
2026-08-10T11:54:32.570Z  [API  ]  GET https://pub.dev/api/packages/cupertino_icons/metrics
2026-08-10T11:54:32.573Z  [API  ]  GET https://pub.dev/api/packages/cupertino_icons/score
2026-08-10T11:54:32.575Z  [CACHE]  HIT  pub.publisher.cupertino_icons
2026-08-10T11:54:32.575Z  [CACHE]  MISS pub.reverseDeps.cupertino_icons
2026-08-10T11:54:32.575Z  [API  ]  GET https://pub.dev/packages?q=dependency%3Acupertino_icons
2026-08-10T11:54:32.577Z  [INFO ]  [2/4] flutter_lints
2026-08-10T11:54:32.577Z  [INFO ]  Known issue: active
2026-08-10T11:54:32.577Z  [CACHE]  MISS pub.info.flutter_lints
2026-08-10T11:54:32.577Z  [API  ]  GET https://pub.dev/api/packages/flutter_lints
2026-08-10T11:54:32.579Z  [CACHE]  MISS pub.metrics.flutter_lints
2026-08-10T11:54:32.579Z  [API  ]  GET https://pub.dev/api/packages/flutter_lints/metrics
2026-08-10T11:54:32.580Z  [API  ]  GET https://pub.dev/api/packages/flutter_lints/score
2026-08-10T11:54:32.582Z  [CACHE]  HIT  pub.publisher.flutter_lints
2026-08-10T11:54:32.582Z  [CACHE]  MISS pub.reverseDeps.flutter_lints
2026-08-10T11:54:32.582Z  [API  ]  GET https://pub.dev/packages?q=dependency%3Aflutter_lints
2026-08-10T11:54:32.584Z  [INFO ]  [3/4] flutter_skill
2026-08-10T11:54:32.584Z  [CACHE]  MISS pub.info.flutter_skill
2026-08-10T11:54:32.584Z  [API  ]  GET https://pub.dev/api/packages/flutter_skill
2026-08-10T11:54:32.586Z  [CACHE]  MISS pub.metrics.flutter_skill
2026-08-10T11:54:32.586Z  [API  ]  GET https://pub.dev/api/packages/flutter_skill/metrics
2026-08-10T11:54:32.588Z  [API  ]  GET https://pub.dev/api/packages/flutter_skill/score
2026-08-10T11:54:32.590Z  [CACHE]  HIT  pub.publisher.flutter_skill
2026-08-10T11:54:32.590Z  [CACHE]  MISS pub.reverseDeps.flutter_skill
2026-08-10T11:54:32.590Z  [API  ]  GET https://pub.dev/packages?q=dependency%3Aflutter_skill
2026-08-10T11:54:32.592Z  [INFO ]  [4/4] saropa_lints
2026-08-10T11:54:32.592Z  [CACHE]  MISS pub.info.saropa_lints
2026-08-10T11:54:32.592Z  [API  ]  GET https://pub.dev/api/packages/saropa_lints
2026-08-10T11:54:32.594Z  [CACHE]  MISS pub.metrics.saropa_lints
2026-08-10T11:54:32.594Z  [API  ]  GET https://pub.dev/api/packages/saropa_lints/metrics
2026-08-10T11:54:32.596Z  [API  ]  GET https://pub.dev/api/packages/saropa_lints/score
2026-08-10T11:54:32.598Z  [CACHE]  HIT  pub.publisher.saropa_lints
2026-08-10T11:54:32.598Z  [CACHE]  MISS pub.reverseDeps.saropa_lints
2026-08-10T11:54:32.598Z  [API  ]  GET https://pub.dev/packages?q=dependency%3Asaropa_lints
2026-08-10T11:54:32.854Z  [API  ]  200 OK (286ms)
2026-08-10T11:54:33.190Z  [API  ]  200 OK (598ms)
2026-08-10T11:54:33.314Z  [API  ]  200 OK (737ms)
2026-08-10T11:54:33.355Z  [API  ]  200 OK (775ms)
2026-08-10T11:54:33.370Z  [API  ]  200 OK (800ms)
2026-08-10T11:54:33.379Z  [API  ]  200 OK (797ms)
2026-08-10T11:54:33.386Z  [API  ]  200 OK (807ms)
2026-08-10T11:54:33.387Z  [API  ]  200 OK (789ms)
2026-08-10T11:54:33.403Z  [API  ]  200 OK (809ms)
2026-08-10T11:54:33.409Z  [API  ]  200 OK (813ms)
2026-08-10T11:54:33.428Z  [API  ]  200 OK (838ms)
2026-08-10T11:54:33.434Z  [API  ]  200 OK (846ms)
2026-08-10T11:54:33.452Z  [API  ]  200 OK (868ms)
2026-08-10T11:54:33.477Z  [API  ]  200 OK (902ms)
2026-08-10T11:54:33.507Z  [CACHE]  MISS gh.saropa.saropa_lints
2026-08-10T11:54:33.507Z  [API  ]  GET https://api.github.com/repos/saropa/saropa_lints
2026-08-10T11:54:33.507Z  [API  ]  GET https://api.github.com/repos/saropa/saropa_lints/issues?state=closed&since=2026-05-12T11:54:33.507Z&per_page=100
2026-08-10T11:54:33.507Z  [API  ]  GET https://api.github.com/repos/saropa/saropa_lints/pulls?state=closed&per_page=100
2026-08-10T11:54:33.507Z  [API  ]  GET https://api.github.com/repos/saropa/saropa_lints/issues?state=open&sort=comments&direction=desc&per_page=50
2026-08-10T11:54:33.507Z  [API  ]  GET https://api.github.com/repos/saropa/saropa_lints/pulls?state=open&per_page=100
2026-08-10T11:54:33.629Z  [CACHE]  MISS gh.flutter.packages
2026-08-10T11:54:33.629Z  [API  ]  GET https://api.github.com/repos/flutter/packages
2026-08-10T11:54:33.629Z  [API  ]  GET https://api.github.com/repos/flutter/packages/issues?state=closed&since=2026-05-12T11:54:33.629Z&per_page=100
2026-08-10T11:54:33.629Z  [API  ]  GET https://api.github.com/repos/flutter/packages/pulls?state=closed&per_page=100
2026-08-10T11:54:33.629Z  [API  ]  GET https://api.github.com/repos/flutter/packages/issues?state=open&sort=comments&direction=desc&per_page=50
2026-08-10T11:54:33.629Z  [API  ]  GET https://api.github.com/repos/flutter/packages/pulls?state=open&per_page=100
2026-08-10T11:54:33.832Z  [API  ]  200 OK (1246ms)
2026-08-10T11:54:33.840Z  [API  ]  200 OK (1267ms)
2026-08-10T11:54:33.888Z  [CACHE]  MISS gh.flutter.packages
2026-08-10T11:54:33.888Z  [API  ]  GET https://api.github.com/repos/flutter/packages
2026-08-10T11:54:33.888Z  [API  ]  GET https://api.github.com/repos/flutter/packages/issues?state=closed&since=2026-05-12T11:54:33.888Z&per_page=100
2026-08-10T11:54:33.888Z  [API  ]  GET https://api.github.com/repos/flutter/packages/pulls?state=closed&per_page=100
2026-08-10T11:54:33.888Z  [API  ]  GET https://api.github.com/repos/flutter/packages/issues?state=open&sort=comments&direction=desc&per_page=50
2026-08-10T11:54:33.888Z  [API  ]  GET https://api.github.com/repos/flutter/packages/pulls?state=open&per_page=100
2026-08-10T11:54:33.968Z  [CACHE]  MISS gh.ai-dashboad.flutter-skill
2026-08-10T11:54:33.968Z  [API  ]  GET https://api.github.com/repos/ai-dashboad/flutter-skill
2026-08-10T11:54:33.968Z  [API  ]  GET https://api.github.com/repos/ai-dashboad/flutter-skill/issues?state=closed&since=2026-05-12T11:54:33.968Z&per_page=100
2026-08-10T11:54:33.968Z  [API  ]  GET https://api.github.com/repos/ai-dashboad/flutter-skill/pulls?state=closed&per_page=100
2026-08-10T11:54:33.968Z  [API  ]  GET https://api.github.com/repos/ai-dashboad/flutter-skill/issues?state=open&sort=comments&direction=desc&per_page=50
2026-08-10T11:54:33.968Z  [API  ]  GET https://api.github.com/repos/ai-dashboad/flutter-skill/pulls?state=open&per_page=100
2026-08-10T11:54:34.404Z  [API  ]  200 OK (897ms)
2026-08-10T11:54:34.404Z  [API  ]  200 OK (897ms)
2026-08-10T11:54:34.404Z  [API  ]  200 OK (897ms)
2026-08-10T11:54:34.404Z  [API  ]  200 OK (897ms)
2026-08-10T11:54:34.404Z  [API  ]  200 OK (897ms)
2026-08-10T11:54:34.737Z  [CACHE]  MISS pub.archiveSize.saropa_lints
2026-08-10T11:54:34.739Z  [API  ]  HEAD https://pub.dev/api/archives/saropa_lints-14.5.6.tar.gz
2026-08-10T11:54:34.741Z  [CACHE]  MISS pub.tarball.ey41w9
2026-08-10T11:54:34.741Z  [API  ]  GET https://pub.dev/api/archives/saropa_lints-14.5.6.tar.gz
2026-08-10T11:54:34.818Z  [API  ]  200 OK (850ms)
2026-08-10T11:54:34.818Z  [API  ]  200 OK (850ms)
2026-08-10T11:54:34.818Z  [API  ]  200 OK (850ms)
2026-08-10T11:54:34.818Z  [API  ]  200 OK (850ms)
2026-08-10T11:54:34.818Z  [API  ]  200 OK (850ms)
2026-08-10T11:54:34.901Z  [CACHE]  MISS pub.archiveSize.flutter_skill
2026-08-10T11:54:34.904Z  [API  ]  HEAD https://pub.dev/api/archives/flutter_skill-0.9.36.tar.gz
2026-08-10T11:54:34.906Z  [CACHE]  MISS pub.tarball.65am2
2026-08-10T11:54:34.906Z  [API  ]  GET https://pub.dev/api/archives/flutter_skill-0.9.36.tar.gz
2026-08-10T11:54:34.963Z  [API  ]  200 OK (59ms)
2026-08-10T11:54:34.967Z  [API  ]  200 OK (61ms)
2026-08-10T11:54:34.972Z  [API  ]  200 OK (233ms)
2026-08-10T11:54:35.008Z  [API  ]  200 OK (267ms)
2026-08-10T11:54:35.171Z  [API  ]  200 OK (1542ms)
2026-08-10T11:54:35.171Z  [API  ]  200 OK (1542ms)
2026-08-10T11:54:35.171Z  [API  ]  200 OK (1542ms)
2026-08-10T11:54:35.171Z  [API  ]  200 OK (1542ms)
2026-08-10T11:54:35.172Z  [API  ]  200 OK (1542ms)
2026-08-10T11:54:35.172Z  [API  ]  200 OK (1284ms)
2026-08-10T11:54:35.172Z  [API  ]  200 OK (1284ms)
2026-08-10T11:54:35.172Z  [API  ]  200 OK (1284ms)
2026-08-10T11:54:35.172Z  [API  ]  200 OK (1284ms)
2026-08-10T11:54:35.172Z  [API  ]  200 OK (1284ms)
2026-08-10T11:54:35.402Z  [SCORE]  flutter_skill → 41.9 (stable) [rv=23.5 eg=60.55555555555556 pop=47.2 pt=-5 pq=8.75]
2026-08-10T11:54:35.500Z  [CACHE]  MISS pub.archiveSize.cupertino_icons
2026-08-10T11:54:35.502Z  [API  ]  HEAD https://pub.dev/api/archives/cupertino_icons-1.0.9.tar.gz
2026-08-10T11:54:35.504Z  [CACHE]  MISS pub.tarball.oijvck
2026-08-10T11:54:35.504Z  [API  ]  GET https://pub.dev/api/archives/cupertino_icons-1.0.9.tar.gz
2026-08-10T11:54:35.545Z  [CACHE]  MISS pub.archiveSize.flutter_lints
2026-08-10T11:54:35.549Z  [API  ]  HEAD https://pub.dev/api/archives/flutter_lints-6.0.0.tar.gz
2026-08-10T11:54:35.552Z  [CACHE]  MISS pub.tarball.z7ll8h
2026-08-10T11:54:35.552Z  [API  ]  GET https://pub.dev/api/archives/flutter_lints-6.0.0.tar.gz
2026-08-10T11:54:35.709Z  [API  ]  200 OK (157ms)
2026-08-10T11:54:35.719Z  [API  ]  200 OK (170ms)
2026-08-10T11:54:35.980Z  [API  ]  200 OK (476ms)
2026-08-10T11:54:35.999Z  [API  ]  200 OK (497ms)
2026-08-10T11:54:36.008Z  [SCORE]  flutter_lints → 55.5 (stable) [rv=36 eg=50 pop=100 pt=-5 pq=10]
2026-08-10T11:54:36.695Z  [SCORE]  saropa_lints → 66.3 (stable) [rv=50.5 eg=67.5 pop=46.955 pt=-5 pq=9.375]
2026-08-10T11:54:37.141Z  [SCORE]  cupertino_icons → 55.5 (stable) [rv=36 eg=50 pop=100 pt=-5 pq=10]
2026-08-10T11:54:38.102Z  [ERROR]  Blocker analysis skipped — CLI commands failed — pub outdated: Command failed: dart pub outdated --json --transitive
Cannot specify both `--json` and `--transitive`
The json report always includes transitive dependencies.

Usage: dart pub outdated [options]
-h, --help                         Print this usage information.
    --[no-]dependency-overrides    Show resolutions with `dependency_overrides`.
                                   (defaults to on)
    --[no-]dev-dependencies        Take dev dependencies into account.
                                   (defaults to on)
    --json                         Output the results using a json format.
    --[no-]prereleases             Include prereleases in latest version.
    --[no-]show-all                Include dependencies that are already
                                   fulfilling --mode.
    --[no-]transitive              Show transitive dependencies.
                                   (defaults to on)
-C, --directory=<dir>              Run this in the directory <dir>.

Run "dart help" to see global options.
See https://dart.dev/tools/pub/cmd/pub-outdated for detailed documentation.

2026-08-10T11:54:38.444Z  [CACHE]  MISS pub.archiveSize.lints
2026-08-10T11:54:38.444Z  [API  ]  GET https://pub.dev/api/packages/lints
2026-08-10T11:54:38.447Z  [CACHE]  MISS pub.archiveSize.flutter
2026-08-10T11:54:38.447Z  [API  ]  GET https://pub.dev/api/packages/flutter
2026-08-10T11:54:38.449Z  [CACHE]  MISS pub.archiveSize.characters
2026-08-10T11:54:38.449Z  [API  ]  GET https://pub.dev/api/packages/characters
2026-08-10T11:54:38.452Z  [CACHE]  MISS pub.archiveSize.collection
2026-08-10T11:54:38.452Z  [API  ]  GET https://pub.dev/api/packages/collection
2026-08-10T11:54:38.454Z  [CACHE]  MISS pub.archiveSize.material_color_utilities
2026-08-10T11:54:38.454Z  [API  ]  GET https://pub.dev/api/packages/material_color_utilities
2026-08-10T11:54:38.457Z  [CACHE]  MISS pub.archiveSize.meta
2026-08-10T11:54:38.457Z  [API  ]  GET https://pub.dev/api/packages/meta
2026-08-10T11:54:38.459Z  [CACHE]  MISS pub.archiveSize.vector_math
2026-08-10T11:54:38.459Z  [API  ]  GET https://pub.dev/api/packages/vector_math
2026-08-10T11:54:38.461Z  [CACHE]  MISS pub.archiveSize.sky_engine
2026-08-10T11:54:38.461Z  [API  ]  GET https://pub.dev/api/packages/sky_engine
2026-08-10T11:54:38.463Z  [CACHE]  MISS pub.archiveSize.vm_service
2026-08-10T11:54:38.463Z  [API  ]  GET https://pub.dev/api/packages/vm_service
2026-08-10T11:54:38.465Z  [CACHE]  MISS pub.archiveSize.http
2026-08-10T11:54:38.465Z  [API  ]  GET https://pub.dev/api/packages/http
2026-08-10T11:54:38.467Z  [CACHE]  MISS pub.archiveSize.async
2026-08-10T11:54:38.467Z  [API  ]  GET https://pub.dev/api/packages/async
2026-08-10T11:54:38.468Z  [CACHE]  MISS pub.archiveSize.http_parser
2026-08-10T11:54:38.468Z  [API  ]  GET https://pub.dev/api/packages/http_parser
2026-08-10T11:54:38.470Z  [CACHE]  MISS pub.archiveSize.source_span
2026-08-10T11:54:38.470Z  [API  ]  GET https://pub.dev/api/packages/source_span
2026-08-10T11:54:38.473Z  [CACHE]  MISS pub.archiveSize.path
2026-08-10T11:54:38.473Z  [API  ]  GET https://pub.dev/api/packages/path
2026-08-10T11:54:38.476Z  [CACHE]  MISS pub.archiveSize.term_glyph
2026-08-10T11:54:38.476Z  [API  ]  GET https://pub.dev/api/packages/term_glyph
2026-08-10T11:54:38.478Z  [CACHE]  MISS pub.archiveSize.string_scanner
2026-08-10T11:54:38.478Z  [API  ]  GET https://pub.dev/api/packages/string_scanner
2026-08-10T11:54:38.479Z  [CACHE]  MISS pub.archiveSize.typed_data
2026-08-10T11:54:38.479Z  [API  ]  GET https://pub.dev/api/packages/typed_data
2026-08-10T11:54:38.481Z  [CACHE]  MISS pub.archiveSize.web
2026-08-10T11:54:38.481Z  [API  ]  GET https://pub.dev/api/packages/web
2026-08-10T11:54:38.483Z  [CACHE]  MISS pub.archiveSize.logging
2026-08-10T11:54:38.483Z  [API  ]  GET https://pub.dev/api/packages/logging
2026-08-10T11:54:38.485Z  [CACHE]  MISS pub.archiveSize.analysis_server_plugin
2026-08-10T11:54:38.485Z  [API  ]  GET https://pub.dev/api/packages/analysis_server_plugin
2026-08-10T11:54:38.487Z  [CACHE]  MISS pub.archiveSize.analyzer
2026-08-10T11:54:38.487Z  [API  ]  GET https://pub.dev/api/packages/analyzer
2026-08-10T11:54:38.489Z  [CACHE]  MISS pub.archiveSize._fe_analyzer_shared
2026-08-10T11:54:38.489Z  [API  ]  GET https://pub.dev/api/packages/_fe_analyzer_shared
2026-08-10T11:54:38.491Z  [CACHE]  MISS pub.archiveSize.convert
2026-08-10T11:54:38.491Z  [API  ]  GET https://pub.dev/api/packages/convert
2026-08-10T11:54:38.492Z  [CACHE]  MISS pub.archiveSize.crypto
2026-08-10T11:54:38.492Z  [API  ]  GET https://pub.dev/api/packages/crypto
2026-08-10T11:54:38.494Z  [CACHE]  MISS pub.archiveSize.glob
2026-08-10T11:54:38.494Z  [API  ]  GET https://pub.dev/api/packages/glob
2026-08-10T11:54:38.496Z  [CACHE]  MISS pub.archiveSize.file
2026-08-10T11:54:38.496Z  [API  ]  GET https://pub.dev/api/packages/file
2026-08-10T11:54:38.498Z  [CACHE]  MISS pub.archiveSize.package_config
2026-08-10T11:54:38.498Z  [API  ]  GET https://pub.dev/api/packages/package_config
2026-08-10T11:54:38.500Z  [CACHE]  MISS pub.archiveSize.pub_semver
2026-08-10T11:54:38.500Z  [API  ]  GET https://pub.dev/api/packages/pub_semver
2026-08-10T11:54:38.502Z  [CACHE]  MISS pub.archiveSize.watcher
2026-08-10T11:54:38.502Z  [API  ]  GET https://pub.dev/api/packages/watcher
2026-08-10T11:54:38.503Z  [CACHE]  MISS pub.archiveSize.yaml
2026-08-10T11:54:38.503Z  [API  ]  GET https://pub.dev/api/packages/yaml
2026-08-10T11:54:38.505Z  [CACHE]  MISS pub.archiveSize.analyzer_plugin
2026-08-10T11:54:38.505Z  [API  ]  GET https://pub.dev/api/packages/analyzer_plugin
2026-08-10T11:54:38.507Z  [CACHE]  MISS pub.archiveSize.dart_style
2026-08-10T11:54:38.507Z  [API  ]  GET https://pub.dev/api/packages/dart_style
2026-08-10T11:54:38.509Z  [CACHE]  MISS pub.archiveSize.args
2026-08-10T11:54:38.509Z  [API  ]  GET https://pub.dev/api/packages/args
2026-08-10T11:54:38.511Z  [CACHE]  MISS pub.archiveSize.yaml_edit
2026-08-10T11:54:38.511Z  [API  ]  GET https://pub.dev/api/packages/yaml_edit
2026-08-10T11:54:38.938Z  [API  ]  200 OK (491ms)
2026-08-10T11:54:38.939Z  [API  ]  200 OK (485ms)
2026-08-10T11:54:38.940Z  [API  ]  200 OK (491ms)
2026-08-10T11:54:38.970Z  [API  ]  HEAD https://pub.dev/api/archives/flutter-0.0.20.tar.gz
2026-08-10T11:54:38.975Z  [API  ]  HEAD https://pub.dev/api/archives/characters-1.4.1.tar.gz
2026-08-10T11:54:38.980Z  [API  ]  HEAD https://pub.dev/api/archives/material_color_utilities-0.13.0.tar.gz
2026-08-10T11:54:39.036Z  [API  ]  200 OK (61ms)
2026-08-10T11:54:39.041Z  [API  ]  200 OK (61ms)
2026-08-10T11:54:39.205Z  [API  ]  200 OK (235ms)
2026-08-10T11:54:39.299Z  [API  ]  200 OK (855ms)
2026-08-10T11:54:39.329Z  [API  ]  200 OK (829ms)
2026-08-10T11:54:39.358Z  [API  ]  200 OK (906ms)
2026-08-10T11:54:39.359Z  [API  ]  200 OK (891ms)
2026-08-10T11:54:39.359Z  [API  ]  200 OK (850ms)
2026-08-10T11:54:39.362Z  [API  ]  HEAD https://pub.dev/api/archives/lints-6.1.0.tar.gz
2026-08-10T11:54:39.365Z  [API  ]  200 OK (878ms)
2026-08-10T11:54:39.379Z  [API  ]  HEAD https://pub.dev/api/archives/pub_semver-2.2.0.tar.gz
2026-08-10T11:54:39.394Z  [API  ]  200 OK (913ms)
2026-08-10T11:54:39.395Z  [API  ]  200 OK (893ms)
2026-08-10T11:54:39.395Z  [API  ]  200 OK (884ms)
2026-08-10T11:54:39.396Z  [API  ]  200 OK (900ms)
2026-08-10T11:54:39.398Z  [API  ]  HEAD https://pub.dev/api/archives/file-7.0.1.tar.gz
2026-08-10T11:54:39.413Z  [API  ]  200 OK (908ms)
2026-08-10T11:54:39.413Z  [API  ]  200 OK (928ms)
2026-08-10T11:54:39.414Z  [API  ]  200 OK (944ms)
2026-08-10T11:54:39.415Z  [API  ]  200 OK (926ms)
2026-08-10T11:54:39.415Z  [API  ]  200 OK (942ms)
2026-08-10T11:54:39.416Z  [API  ]  200 OK (922ms)
2026-08-10T11:54:39.416Z  [API  ]  200 OK (940ms)
2026-08-10T11:54:39.418Z  [API  ]  200 OK (953ms)
2026-08-10T11:54:39.419Z  [API  ]  200 OK (936ms)
2026-08-10T11:54:39.419Z  [API  ]  200 OK (57ms)
2026-08-10T11:54:39.420Z  [API  ]  HEAD https://pub.dev/api/archives/collection-1.19.1.tar.gz
2026-08-10T11:54:39.436Z  [API  ]  200 OK (957ms)
2026-08-10T11:54:39.441Z  [API  ]  HEAD https://pub.dev/api/archives/http_parser-4.1.2.tar.gz
2026-08-10T11:54:39.444Z  [API  ]  HEAD https://pub.dev/api/archives/args-2.7.0.tar.gz
2026-08-10T11:54:39.460Z  [API  ]  200 OK (1001ms)
2026-08-10T11:54:39.460Z  [API  ]  200 OK (993ms)
2026-08-10T11:54:39.462Z  [API  ]  200 OK (970ms)
2026-08-10T11:54:39.463Z  [API  ]  200 OK (1002ms)
2026-08-10T11:54:39.464Z  [API  ]  200 OK (986ms)
2026-08-10T11:54:39.466Z  [API  ]  HEAD https://pub.dev/api/archives/web-1.1.1.tar.gz
2026-08-10T11:54:39.469Z  [API  ]  HEAD https://pub.dev/api/archives/yaml_edit-2.2.4.tar.gz
2026-08-10T11:54:39.472Z  [API  ]  HEAD https://pub.dev/api/archives/watcher-1.2.1.tar.gz
2026-08-10T11:54:39.480Z  [API  ]  HEAD https://pub.dev/api/archives/glob-2.1.3.tar.gz
2026-08-10T11:54:39.483Z  [API  ]  HEAD https://pub.dev/api/archives/term_glyph-1.2.2.tar.gz
2026-08-10T11:54:39.486Z  [API  ]  200 OK (1023ms)
2026-08-10T11:54:39.492Z  [API  ]  HEAD https://pub.dev/api/archives/analyzer_plugin-0.14.14.tar.gz
2026-08-10T11:54:39.495Z  [API  ]  HEAD https://pub.dev/api/archives/analysis_server_plugin-0.3.20.tar.gz
2026-08-10T11:54:39.497Z  [API  ]  HEAD https://pub.dev/api/archives/source_span-1.10.2.tar.gz
2026-08-10T11:54:39.501Z  [API  ]  HEAD https://pub.dev/api/archives/path-1.9.1.tar.gz
2026-08-10T11:54:39.504Z  [API  ]  HEAD https://pub.dev/api/archives/vector_math-2.4.2.tar.gz
2026-08-10T11:54:39.508Z  [API  ]  200 OK (67ms)
2026-08-10T11:54:39.512Z  [API  ]  HEAD https://pub.dev/api/archives/typed_data-1.4.0.tar.gz
2026-08-10T11:54:39.527Z  [API  ]  HEAD https://pub.dev/api/archives/_fe_analyzer_shared-105.0.0.tar.gz
2026-08-10T11:54:39.530Z  [API  ]  HEAD https://pub.dev/api/archives/async-2.13.1.tar.gz
2026-08-10T11:54:39.534Z  [API  ]  200 OK (68ms)
2026-08-10T11:54:39.535Z  [API  ]  200 OK (66ms)
2026-08-10T11:54:39.535Z  [API  ]  200 OK (63ms)
2026-08-10T11:54:39.542Z  [API  ]  HEAD https://pub.dev/api/archives/logging-1.3.0.tar.gz
2026-08-10T11:54:39.545Z  [API  ]  HEAD https://pub.dev/api/archives/crypto-3.0.7.tar.gz
2026-08-10T11:54:39.559Z  [API  ]  HEAD https://pub.dev/api/archives/sky_engine-0.0.99.tar.gz
2026-08-10T11:54:39.574Z  [API  ]  HEAD https://pub.dev/api/archives/string_scanner-1.4.1.tar.gz
2026-08-10T11:54:39.589Z  [API  ]  200 OK (109ms)
2026-08-10T11:54:39.590Z  [API  ]  200 OK (107ms)
2026-08-10T11:54:39.595Z  [API  ]  200 OK (98ms)
2026-08-10T11:54:39.596Z  [API  ]  200 OK (95ms)
2026-08-10T11:54:39.596Z  [API  ]  200 OK (92ms)
2026-08-10T11:54:39.597Z  [API  ]  200 OK (67ms)
2026-08-10T11:54:39.597Z  [API  ]  200 OK (70ms)
2026-08-10T11:54:39.605Z  [API  ]  HEAD https://pub.dev/api/archives/http-1.6.0.tar.gz
2026-08-10T11:54:39.628Z  [API  ]  200 OK (86ms)
2026-08-10T11:54:39.629Z  [API  ]  HEAD https://pub.dev/api/archives/vm_service-15.2.0.tar.gz
2026-08-10T11:54:39.647Z  [API  ]  200 OK (268ms)
2026-08-10T11:54:39.651Z  [API  ]  200 OK (253ms)
2026-08-10T11:54:39.652Z  [API  ]  200 OK (232ms)
2026-08-10T11:54:39.658Z  [API  ]  HEAD https://pub.dev/api/archives/analyzer-14.1.0.tar.gz
2026-08-10T11:54:39.673Z  [API  ]  200 OK (229ms)
2026-08-10T11:54:39.715Z  [API  ]  200 OK (223ms)
2026-08-10T11:54:39.724Z  [API  ]  200 OK (212ms)
2026-08-10T11:54:39.745Z  [API  ]  200 OK (250ms)
2026-08-10T11:54:39.765Z  [API  ]  200 OK (220ms)
2026-08-10T11:54:39.780Z  [API  ]  200 OK (206ms)
2026-08-10T11:54:39.805Z  [API  ]  200 OK (200ms)
2026-08-10T11:54:39.813Z  [API  ]  200 OK (184ms)
2026-08-10T11:54:39.820Z  [API  ]  200 OK (1322ms)
2026-08-10T11:54:39.821Z  [API  ]  HEAD https://pub.dev/api/archives/package_config-3.0.0.tar.gz
2026-08-10T11:54:39.853Z  [API  ]  200 OK (195ms)
2026-08-10T11:54:39.854Z  [API  ]  200 OK (1363ms)
2026-08-10T11:54:39.858Z  [API  ]  200 OK (1351ms)
2026-08-10T11:54:39.859Z  [API  ]  HEAD https://pub.dev/api/archives/convert-3.1.2.tar.gz
2026-08-10T11:54:39.877Z  [API  ]  200 OK (1420ms)
2026-08-10T11:54:39.906Z  [API  ]  HEAD https://pub.dev/api/archives/dart_style-3.1.12.tar.gz
2026-08-10T11:54:39.925Z  [API  ]  HEAD https://pub.dev/api/archives/meta-1.19.0.tar.gz
2026-08-10T11:54:39.956Z  [API  ]  200 OK (1453ms)
2026-08-10T11:54:39.958Z  [API  ]  200 OK (399ms)
2026-08-10T11:54:40.006Z  [API  ]  HEAD https://pub.dev/api/archives/yaml-3.1.3.tar.gz
2026-08-10T11:54:40.028Z  [API  ]  200 OK (207ms)
2026-08-10T11:54:40.089Z  [API  ]  200 OK (230ms)
2026-08-10T11:54:40.149Z  [API  ]  200 OK (224ms)
2026-08-10T11:54:40.213Z  [API  ]  200 OK (207ms)
2026-08-10T11:54:40.902Z  [API  ]  200 OK (996ms)
2026-08-10T11:54:40.936Z  [INFO ]  Dep graph: 4 direct, 34 transitive, 0 overrides
2026-08-10T11:54:40.937Z  [CACHE]  MISS osv.vulns.cupertino_icons.1.0.9
2026-08-10T11:54:40.937Z  [CACHE]  MISS osv.vulns.flutter_lints.6.0.0
2026-08-10T11:54:40.937Z  [CACHE]  MISS osv.vulns.flutter_skill.0.2.26
2026-08-10T11:54:40.937Z  [CACHE]  MISS osv.vulns.saropa_lints.9.10.0
2026-08-10T11:54:40.937Z  [API  ]  POST https://api.osv.dev/v1/querybatch
2026-08-10T11:54:40.940Z  [CACHE]  MISS ghsa.vulns.cupertino_icons.1.0.9
2026-08-10T11:54:40.940Z  [CACHE]  MISS ghsa.vulns.flutter_lints.6.0.0
2026-08-10T11:54:40.940Z  [CACHE]  MISS ghsa.vulns.flutter_skill.0.2.26
2026-08-10T11:54:40.940Z  [CACHE]  MISS ghsa.vulns.saropa_lints.9.10.0
2026-08-10T11:54:40.941Z  [API  ]  GET https://api.github.com/advisories?ecosystem=pub&package=cupertino_icons&affects=1.0.9&per_page=100
2026-08-10T11:54:40.943Z  [API  ]  GET https://api.github.com/advisories?ecosystem=pub&package=flutter_lints&affects=6.0.0&per_page=100
2026-08-10T11:54:40.944Z  [API  ]  GET https://api.github.com/advisories?ecosystem=pub&package=flutter_skill&affects=0.2.26&per_page=100
2026-08-10T11:54:40.946Z  [API  ]  GET https://api.github.com/advisories?ecosystem=pub&package=saropa_lints&affects=9.10.0&per_page=100
2026-08-10T11:54:41.527Z  [API  ]  200 OK (581ms)
2026-08-10T11:54:41.536Z  [API  ]  200 OK (593ms)
2026-08-10T11:54:41.576Z  [API  ]  200 OK (635ms)
2026-08-10T11:54:41.577Z  [API  ]  200 OK (633ms)
2026-08-10T11:54:42.178Z  [API  ]  200 OK (1241ms)
2026-08-10T11:54:42.952Z  [INFO ]  Scan complete — 11373ms — vibrant:0 stable:4 outdated:0 abandoned:0 eol:0
