2026-08-18T15:50:41.070Z  [CACHE]  HIT  flutter.releases
2026-08-18T15:50:41.071Z  [INFO ]  Scan started — 9 packages
2026-08-18T15:50:41.071Z  [INFO ]  [1/9] cupertino_icons
2026-08-18T15:50:41.071Z  [INFO ]  Known issue: active
2026-08-18T15:50:41.072Z  [CACHE]  MISS pub.info.cupertino_icons
2026-08-18T15:50:41.072Z  [API  ]  GET https://pub.dev/api/packages/cupertino_icons
2026-08-18T15:50:41.074Z  [CACHE]  MISS pub.metrics.cupertino_icons
2026-08-18T15:50:41.074Z  [API  ]  GET https://pub.dev/api/packages/cupertino_icons/metrics
2026-08-18T15:50:41.077Z  [API  ]  GET https://pub.dev/api/packages/cupertino_icons/score
2026-08-18T15:50:41.079Z  [CACHE]  HIT  pub.publisher.cupertino_icons
2026-08-18T15:50:41.079Z  [CACHE]  MISS pub.reverseDeps.cupertino_icons
2026-08-18T15:50:41.079Z  [API  ]  GET https://pub.dev/packages?q=dependency%3Acupertino_icons
2026-08-18T15:50:41.081Z  [INFO ]  [2/9] dio
2026-08-18T15:50:41.081Z  [INFO ]  Known issue: active
2026-08-18T15:50:41.081Z  [CACHE]  MISS pub.info.dio
2026-08-18T15:50:41.082Z  [API  ]  GET https://pub.dev/api/packages/dio
2026-08-18T15:50:41.083Z  [CACHE]  MISS pub.metrics.dio
2026-08-18T15:50:41.083Z  [API  ]  GET https://pub.dev/api/packages/dio/metrics
2026-08-18T15:50:41.085Z  [API  ]  GET https://pub.dev/api/packages/dio/score
2026-08-18T15:50:41.088Z  [CACHE]  HIT  pub.publisher.dio
2026-08-18T15:50:41.088Z  [CACHE]  MISS pub.reverseDeps.dio
2026-08-18T15:50:41.088Z  [API  ]  GET https://pub.dev/packages?q=dependency%3Adio
2026-08-18T15:50:41.090Z  [INFO ]  [3/9] flutter_lints
2026-08-18T15:50:41.090Z  [INFO ]  Known issue: active
2026-08-18T15:50:41.090Z  [CACHE]  MISS pub.info.flutter_lints
2026-08-18T15:50:41.090Z  [API  ]  GET https://pub.dev/api/packages/flutter_lints
2026-08-18T15:50:41.092Z  [CACHE]  MISS pub.metrics.flutter_lints
2026-08-18T15:50:41.092Z  [API  ]  GET https://pub.dev/api/packages/flutter_lints/metrics
2026-08-18T15:50:41.094Z  [API  ]  GET https://pub.dev/api/packages/flutter_lints/score
2026-08-18T15:50:41.096Z  [CACHE]  HIT  pub.publisher.flutter_lints
2026-08-18T15:50:41.096Z  [CACHE]  MISS pub.reverseDeps.flutter_lints
2026-08-18T15:50:41.096Z  [API  ]  GET https://pub.dev/packages?q=dependency%3Aflutter_lints
2026-08-18T15:50:41.098Z  [INFO ]  [4/9] flutter_riverpod
2026-08-18T15:50:41.098Z  [INFO ]  Known issue: active
2026-08-18T15:50:41.098Z  [CACHE]  MISS pub.info.flutter_riverpod
2026-08-18T15:50:41.098Z  [API  ]  GET https://pub.dev/api/packages/flutter_riverpod
2026-08-18T15:50:41.100Z  [CACHE]  MISS pub.metrics.flutter_riverpod
2026-08-18T15:50:41.100Z  [API  ]  GET https://pub.dev/api/packages/flutter_riverpod/metrics
2026-08-18T15:50:41.102Z  [API  ]  GET https://pub.dev/api/packages/flutter_riverpod/score
2026-08-18T15:50:41.104Z  [CACHE]  HIT  pub.publisher.flutter_riverpod
2026-08-18T15:50:41.104Z  [CACHE]  MISS pub.reverseDeps.flutter_riverpod
2026-08-18T15:50:41.104Z  [API  ]  GET https://pub.dev/packages?q=dependency%3Aflutter_riverpod
2026-08-18T15:50:41.106Z  [INFO ]  [5/9] flutter_skill
2026-08-18T15:50:41.106Z  [CACHE]  MISS pub.info.flutter_skill
2026-08-18T15:50:41.106Z  [API  ]  GET https://pub.dev/api/packages/flutter_skill
2026-08-18T15:50:41.108Z  [CACHE]  MISS pub.metrics.flutter_skill
2026-08-18T15:50:41.108Z  [API  ]  GET https://pub.dev/api/packages/flutter_skill/metrics
2026-08-18T15:50:41.110Z  [API  ]  GET https://pub.dev/api/packages/flutter_skill/score
2026-08-18T15:50:41.112Z  [CACHE]  HIT  pub.publisher.flutter_skill
2026-08-18T15:50:41.112Z  [CACHE]  MISS pub.reverseDeps.flutter_skill
2026-08-18T15:50:41.112Z  [API  ]  GET https://pub.dev/packages?q=dependency%3Aflutter_skill
2026-08-18T15:50:41.114Z  [INFO ]  [6/9] go_router
2026-08-18T15:50:41.114Z  [INFO ]  Known issue: active
2026-08-18T15:50:41.114Z  [CACHE]  MISS pub.info.go_router
2026-08-18T15:50:41.114Z  [API  ]  GET https://pub.dev/api/packages/go_router
2026-08-18T15:50:41.117Z  [CACHE]  MISS pub.metrics.go_router
2026-08-18T15:50:41.117Z  [API  ]  GET https://pub.dev/api/packages/go_router/metrics
2026-08-18T15:50:41.119Z  [API  ]  GET https://pub.dev/api/packages/go_router/score
2026-08-18T15:50:41.121Z  [CACHE]  HIT  pub.publisher.go_router
2026-08-18T15:50:41.121Z  [CACHE]  MISS pub.reverseDeps.go_router
2026-08-18T15:50:41.121Z  [API  ]  GET https://pub.dev/packages?q=dependency%3Ago_router
2026-08-18T15:50:41.939Z  [API  ]  200 OK (867ms)
2026-08-18T15:50:41.959Z  [API  ]  200 OK (861ms)
2026-08-18T15:50:41.976Z  [API  ]  200 OK (862ms)
2026-08-18T15:50:41.977Z  [API  ]  200 OK (894ms)
2026-08-18T15:50:41.980Z  [API  ]  200 OK (888ms)
2026-08-18T15:50:41.997Z  [API  ]  200 OK (912ms)
2026-08-18T15:50:42.021Z  [API  ]  200 OK (947ms)
2026-08-18T15:50:42.022Z  [API  ]  200 OK (912ms)
2026-08-18T15:50:42.031Z  [API  ]  200 OK (922ms)
2026-08-18T15:50:42.037Z  [API  ]  200 OK (937ms)
2026-08-18T15:50:42.038Z  [API  ]  200 OK (942ms)
2026-08-18T15:50:42.056Z  [API  ]  200 OK (954ms)
2026-08-18T15:50:42.063Z  [API  ]  200 OK (975ms)
2026-08-18T15:50:42.075Z  [API  ]  200 OK (981ms)
2026-08-18T15:50:42.076Z  [API  ]  200 OK (970ms)
2026-08-18T15:50:42.098Z  [API  ]  200 OK (1021ms)
2026-08-18T15:50:42.151Z  [API  ]  200 OK (1039ms)
2026-08-18T15:50:42.161Z  [API  ]  200 OK (1040ms)
2026-08-18T15:50:42.214Z  [API  ]  200 OK (1135ms)
2026-08-18T15:50:42.234Z  [API  ]  200 OK (1130ms)
2026-08-18T15:50:42.237Z  [CACHE]  MISS gh.flutter.packages
2026-08-18T15:50:42.237Z  [API  ]  GET https://api.github.com/repos/flutter/packages
2026-08-18T15:50:42.237Z  [API  ]  GET https://api.github.com/repos/flutter/packages/issues?state=closed&since=2026-05-20T15:50:42.237Z&per_page=100
2026-08-18T15:50:42.237Z  [API  ]  GET https://api.github.com/repos/flutter/packages/pulls?state=closed&per_page=100
2026-08-18T15:50:42.237Z  [API  ]  GET https://api.github.com/repos/flutter/packages/issues?state=open&sort=comments&direction=desc&per_page=50
2026-08-18T15:50:42.237Z  [API  ]  GET https://api.github.com/repos/flutter/packages/pulls?state=open&per_page=100
2026-08-18T15:50:42.272Z  [CACHE]  MISS gh.rrousselGit.riverpod
2026-08-18T15:50:42.272Z  [API  ]  GET https://api.github.com/repos/rrousselGit/riverpod
2026-08-18T15:50:42.272Z  [API  ]  GET https://api.github.com/repos/rrousselGit/riverpod/issues?state=closed&since=2026-05-20T15:50:42.272Z&per_page=100
2026-08-18T15:50:42.272Z  [API  ]  GET https://api.github.com/repos/rrousselGit/riverpod/pulls?state=closed&per_page=100
2026-08-18T15:50:42.272Z  [API  ]  GET https://api.github.com/repos/rrousselGit/riverpod/issues?state=open&sort=comments&direction=desc&per_page=50
2026-08-18T15:50:42.272Z  [API  ]  GET https://api.github.com/repos/rrousselGit/riverpod/pulls?state=open&per_page=100
2026-08-18T15:50:42.397Z  [CACHE]  MISS gh.ai-dashboad.flutter-skill
2026-08-18T15:50:42.397Z  [API  ]  GET https://api.github.com/repos/ai-dashboad/flutter-skill
2026-08-18T15:50:42.397Z  [API  ]  GET https://api.github.com/repos/ai-dashboad/flutter-skill/issues?state=closed&since=2026-05-20T15:50:42.397Z&per_page=100
2026-08-18T15:50:42.397Z  [API  ]  GET https://api.github.com/repos/ai-dashboad/flutter-skill/pulls?state=closed&per_page=100
2026-08-18T15:50:42.397Z  [API  ]  GET https://api.github.com/repos/ai-dashboad/flutter-skill/issues?state=open&sort=comments&direction=desc&per_page=50
2026-08-18T15:50:42.397Z  [API  ]  GET https://api.github.com/repos/ai-dashboad/flutter-skill/pulls?state=open&per_page=100
2026-08-18T15:50:42.529Z  [API  ]  200 OK (1439ms)
2026-08-18T15:50:42.530Z  [API  ]  200 OK (1448ms)
2026-08-18T15:50:42.531Z  [API  ]  200 OK (1412ms)
2026-08-18T15:50:42.738Z  [CACHE]  MISS gh.flutter.packages
2026-08-18T15:50:42.738Z  [API  ]  GET https://api.github.com/repos/flutter/packages
2026-08-18T15:50:42.738Z  [API  ]  GET https://api.github.com/repos/flutter/packages/issues?state=closed&since=2026-05-20T15:50:42.738Z&per_page=100
2026-08-18T15:50:42.738Z  [API  ]  GET https://api.github.com/repos/flutter/packages/pulls?state=closed&per_page=100
2026-08-18T15:50:42.738Z  [API  ]  GET https://api.github.com/repos/flutter/packages/issues?state=open&sort=comments&direction=desc&per_page=50
2026-08-18T15:50:42.738Z  [API  ]  GET https://api.github.com/repos/flutter/packages/pulls?state=open&per_page=100
2026-08-18T15:50:42.852Z  [CACHE]  MISS gh.cfug.dio
2026-08-18T15:50:42.852Z  [API  ]  GET https://api.github.com/repos/cfug/dio
2026-08-18T15:50:42.852Z  [API  ]  GET https://api.github.com/repos/cfug/dio/issues?state=closed&since=2026-05-20T15:50:42.852Z&per_page=100
2026-08-18T15:50:42.852Z  [API  ]  GET https://api.github.com/repos/cfug/dio/pulls?state=closed&per_page=100
2026-08-18T15:50:42.852Z  [API  ]  GET https://api.github.com/repos/cfug/dio/issues?state=open&sort=comments&direction=desc&per_page=50
2026-08-18T15:50:42.852Z  [API  ]  GET https://api.github.com/repos/cfug/dio/pulls?state=open&per_page=100
2026-08-18T15:50:43.157Z  [API  ]  200 OK (2040ms)
2026-08-18T15:50:43.184Z  [CACHE]  MISS gh.flutter.packages
2026-08-18T15:50:43.184Z  [API  ]  GET https://api.github.com/repos/flutter/packages
2026-08-18T15:50:43.184Z  [API  ]  GET https://api.github.com/repos/flutter/packages/issues?state=closed&since=2026-05-20T15:50:43.184Z&per_page=100
2026-08-18T15:50:43.184Z  [API  ]  GET https://api.github.com/repos/flutter/packages/pulls?state=closed&per_page=100
2026-08-18T15:50:43.184Z  [API  ]  GET https://api.github.com/repos/flutter/packages/issues?state=open&sort=comments&direction=desc&per_page=50
2026-08-18T15:50:43.184Z  [API  ]  GET https://api.github.com/repos/flutter/packages/pulls?state=open&per_page=100
2026-08-18T15:50:43.376Z  [API  ]  200 OK (979ms)
2026-08-18T15:50:43.376Z  [API  ]  200 OK (979ms)
2026-08-18T15:50:43.376Z  [API  ]  200 OK (979ms)
2026-08-18T15:50:43.376Z  [API  ]  200 OK (979ms)
2026-08-18T15:50:43.376Z  [API  ]  200 OK (979ms)
2026-08-18T15:50:43.467Z  [CACHE]  MISS pub.archiveSize.flutter_skill
2026-08-18T15:50:43.467Z  [API  ]  GET https://pub.dev/api/packages/flutter_skill
2026-08-18T15:50:43.470Z  [API  ]  GET https://pub.dev/api/packages/flutter_skill
2026-08-18T15:50:43.519Z  [API  ]  200 OK (52ms)
2026-08-18T15:50:43.528Z  [API  ]  200 OK (58ms)
2026-08-18T15:50:43.530Z  [API  ]  HEAD https://pub.dev/api/archives/flutter_skill-0.9.36.tar.gz
2026-08-18T15:50:43.558Z  [CACHE]  MISS pub.tarball.65am2
2026-08-18T15:50:43.558Z  [API  ]  GET https://pub.dev/api/archives/flutter_skill-0.9.36.tar.gz
2026-08-18T15:50:43.765Z  [API  ]  200 OK (235ms)
2026-08-18T15:50:43.821Z  [API  ]  200 OK (1549ms)
2026-08-18T15:50:43.821Z  [API  ]  200 OK (1549ms)
2026-08-18T15:50:43.821Z  [API  ]  200 OK (1549ms)
2026-08-18T15:50:43.821Z  [API  ]  200 OK (1549ms)
2026-08-18T15:50:43.821Z  [API  ]  200 OK (1549ms)
2026-08-18T15:50:44.111Z  [API  ]  200 OK (1259ms)
2026-08-18T15:50:44.111Z  [API  ]  200 OK (1259ms)
2026-08-18T15:50:44.111Z  [API  ]  200 OK (1259ms)
2026-08-18T15:50:44.111Z  [API  ]  200 OK (1259ms)
2026-08-18T15:50:44.111Z  [API  ]  200 OK (1259ms)
2026-08-18T15:50:44.146Z  [API  ]  200 OK (1408ms)
2026-08-18T15:50:44.146Z  [API  ]  200 OK (1408ms)
2026-08-18T15:50:44.146Z  [API  ]  200 OK (1408ms)
2026-08-18T15:50:44.146Z  [API  ]  200 OK (1408ms)
2026-08-18T15:50:44.146Z  [API  ]  200 OK (1408ms)
2026-08-18T15:50:44.150Z  [API  ]  200 OK (1913ms)
2026-08-18T15:50:44.150Z  [API  ]  200 OK (1913ms)
2026-08-18T15:50:44.150Z  [API  ]  200 OK (1913ms)
2026-08-18T15:50:44.150Z  [API  ]  200 OK (1913ms)
2026-08-18T15:50:44.150Z  [API  ]  200 OK (1913ms)
2026-08-18T15:50:44.155Z  [API  ]  200 OK (971ms)
2026-08-18T15:50:44.155Z  [API  ]  200 OK (971ms)
2026-08-18T15:50:44.155Z  [API  ]  200 OK (971ms)
2026-08-18T15:50:44.155Z  [API  ]  200 OK (971ms)
2026-08-18T15:50:44.155Z  [API  ]  200 OK (971ms)
2026-08-18T15:50:44.441Z  [API  ]  200 OK (883ms)
2026-08-18T15:50:46.495Z  [CACHE]  MISS pub.archiveSize.flutter_riverpod
2026-08-18T15:50:46.495Z  [API  ]  GET https://pub.dev/api/packages/flutter_riverpod
2026-08-18T15:50:46.497Z  [API  ]  GET https://pub.dev/api/packages/flutter_riverpod
2026-08-18T15:50:48.360Z  [CACHE]  MISS pub.archiveSize.dio
2026-08-18T15:50:48.362Z  [API  ]  HEAD https://pub.dev/api/archives/dio-5.11.0.tar.gz
2026-08-18T15:50:48.363Z  [CACHE]  MISS pub.tarball.v4zqir
2026-08-18T15:50:48.363Z  [API  ]  GET https://pub.dev/api/archives/dio-5.11.0.tar.gz
2026-08-18T15:50:48.437Z  [API  ]  200 OK (1942ms)
2026-08-18T15:50:48.458Z  [API  ]  200 OK (1961ms)
2026-08-18T15:50:48.494Z  [CACHE]  MISS pub.archiveSize.go_router
2026-08-18T15:50:48.494Z  [API  ]  GET https://pub.dev/api/packages/go_router
2026-08-18T15:50:48.501Z  [API  ]  GET https://pub.dev/api/packages/go_router
2026-08-18T15:50:48.656Z  [API  ]  HEAD https://pub.dev/api/archives/flutter_riverpod-3.4.2.tar.gz
2026-08-18T15:50:48.661Z  [CACHE]  MISS pub.tarball.vc4vn3
2026-08-18T15:50:48.661Z  [API  ]  GET https://pub.dev/api/archives/flutter_riverpod-3.4.2.tar.gz
2026-08-18T15:50:48.830Z  [API  ]  200 OK (174ms)
2026-08-18T15:50:48.836Z  [API  ]  200 OK (175ms)
2026-08-18T15:50:49.423Z  [API  ]  200 OK (929ms)
2026-08-18T15:50:49.756Z  [API  ]  200 OK (1255ms)
2026-08-18T15:50:49.880Z  [API  ]  200 OK (1517ms)
2026-08-18T15:50:49.882Z  [API  ]  HEAD https://pub.dev/api/archives/go_router-17.5.0.tar.gz
2026-08-18T15:50:49.970Z  [CACHE]  MISS pub.tarball.tp3hdt
2026-08-18T15:50:49.970Z  [API  ]  GET https://pub.dev/api/archives/go_router-17.5.0.tar.gz
2026-08-18T15:50:49.974Z  [API  ]  200 OK (1612ms)
2026-08-18T15:50:50.018Z  [SCORE]  flutter_riverpod → 84.5 (vibrant) [rv=95.5 eg=69 pop=93.75 pt=-5 pq=8.75]
2026-08-18T15:50:50.019Z  [INFO ]  [7/9] mix
2026-08-18T15:50:50.019Z  [CACHE]  MISS pub.info.mix
2026-08-18T15:50:50.019Z  [API  ]  GET https://pub.dev/api/packages/mix
2026-08-18T15:50:50.021Z  [CACHE]  MISS pub.metrics.mix
2026-08-18T15:50:50.021Z  [API  ]  GET https://pub.dev/api/packages/mix/metrics
2026-08-18T15:50:50.023Z  [API  ]  GET https://pub.dev/api/packages/mix/score
2026-08-18T15:50:50.025Z  [CACHE]  HIT  pub.publisher.mix
2026-08-18T15:50:50.025Z  [CACHE]  MISS pub.reverseDeps.mix
2026-08-18T15:50:50.025Z  [API  ]  GET https://pub.dev/packages?q=dependency%3Amix
2026-08-18T15:50:50.052Z  [API  ]  200 OK (82ms)
2026-08-18T15:50:50.243Z  [CACHE]  MISS pub.archiveSize.flutter_lints
2026-08-18T15:50:50.245Z  [API  ]  HEAD https://pub.dev/api/archives/flutter_lints-6.0.0.tar.gz
2026-08-18T15:50:50.247Z  [CACHE]  MISS pub.tarball.z7ll8h
2026-08-18T15:50:50.247Z  [API  ]  GET https://pub.dev/api/archives/flutter_lints-6.0.0.tar.gz
2026-08-18T15:50:50.272Z  [API  ]  200 OK (253ms)
2026-08-18T15:50:50.379Z  [API  ]  200 OK (497ms)
2026-08-18T15:50:50.438Z  [API  ]  200 OK (413ms)
2026-08-18T15:50:50.513Z  [SCORE]  dio → 96.2 (vibrant) [rv=99.5 eg=59.94444444444444 pop=100 pt=-5 pq=10]
2026-08-18T15:50:50.514Z  [INFO ]  [8/9] riverpod
2026-08-18T15:50:50.514Z  [CACHE]  MISS pub.info.riverpod
2026-08-18T15:50:50.514Z  [API  ]  GET https://pub.dev/api/packages/riverpod
2026-08-18T15:50:50.516Z  [CACHE]  MISS pub.metrics.riverpod
2026-08-18T15:50:50.516Z  [API  ]  GET https://pub.dev/api/packages/riverpod/metrics
2026-08-18T15:50:50.517Z  [API  ]  GET https://pub.dev/api/packages/riverpod/score
2026-08-18T15:50:50.519Z  [CACHE]  HIT  pub.publisher.riverpod
2026-08-18T15:50:50.519Z  [CACHE]  MISS pub.reverseDeps.riverpod
2026-08-18T15:50:50.519Z  [API  ]  GET https://pub.dev/packages?q=dependency%3Ariverpod
2026-08-18T15:50:50.660Z  [SCORE]  flutter_skill → 38.2 (outdated) [rv=19.5 eg=56.111111111111114 pop=47.27 pt=-5 pq=8.75]
2026-08-18T15:50:50.661Z  [INFO ]  [9/9] saropa_lints
2026-08-18T15:50:50.661Z  [CACHE]  MISS pub.info.saropa_lints
2026-08-18T15:50:50.661Z  [API  ]  GET https://pub.dev/api/packages/saropa_lints
2026-08-18T15:50:50.662Z  [CACHE]  MISS pub.metrics.saropa_lints
2026-08-18T15:50:50.662Z  [API  ]  GET https://pub.dev/api/packages/saropa_lints/metrics
2026-08-18T15:50:50.664Z  [API  ]  GET https://pub.dev/api/packages/saropa_lints/score
2026-08-18T15:50:50.666Z  [CACHE]  HIT  pub.publisher.saropa_lints
2026-08-18T15:50:50.666Z  [CACHE]  MISS pub.reverseDeps.saropa_lints
2026-08-18T15:50:50.666Z  [API  ]  GET https://pub.dev/packages?q=dependency%3Asaropa_lints
2026-08-18T15:50:50.695Z  [API  ]  200 OK (450ms)
2026-08-18T15:50:50.733Z  [API  ]  200 OK (710ms)
2026-08-18T15:50:50.746Z  [API  ]  200 OK (499ms)
2026-08-18T15:50:50.778Z  [SCORE]  flutter_lints → 56.3 (stable) [rv=38 eg=49.44444444444444 pop=100 pt=-5 pq=10]
2026-08-18T15:50:50.829Z  [CACHE]  MISS pub.archiveSize.cupertino_icons
2026-08-18T15:50:50.831Z  [API  ]  HEAD https://pub.dev/api/archives/cupertino_icons-1.0.9.tar.gz
2026-08-18T15:50:50.833Z  [CACHE]  MISS pub.tarball.oijvck
2026-08-18T15:50:50.833Z  [API  ]  GET https://pub.dev/api/archives/cupertino_icons-1.0.9.tar.gz
2026-08-18T15:50:50.887Z  [API  ]  200 OK (368ms)
2026-08-18T15:50:50.888Z  [API  ]  200 OK (57ms)
2026-08-18T15:50:50.900Z  [API  ]  200 OK (384ms)
2026-08-18T15:50:50.901Z  [API  ]  200 OK (384ms)
2026-08-18T15:50:50.932Z  [API  ]  200 OK (418ms)
2026-08-18T15:50:51.016Z  [API  ]  200 OK (355ms)
2026-08-18T15:50:51.018Z  [API  ]  200 OK (356ms)
2026-08-18T15:50:51.069Z  [CACHE]  HIT  gh.rrousselGit.riverpod
2026-08-18T15:50:51.069Z  [CACHE]  MISS pub.archiveSize.riverpod
2026-08-18T15:50:51.071Z  [API  ]  HEAD https://pub.dev/api/archives/riverpod-3.4.2.tar.gz
2026-08-18T15:50:51.073Z  [CACHE]  MISS pub.tarball.4u7372
2026-08-18T15:50:51.073Z  [API  ]  GET https://pub.dev/api/archives/riverpod-3.4.2.tar.gz
2026-08-18T15:50:51.115Z  [API  ]  200 OK (1094ms)
2026-08-18T15:50:51.116Z  [API  ]  200 OK (452ms)
2026-08-18T15:50:51.172Z  [API  ]  200 OK (506ms)
2026-08-18T15:50:51.174Z  [CACHE]  MISS gh.btwld.mix
2026-08-18T15:50:51.174Z  [API  ]  GET https://api.github.com/repos/btwld/mix
2026-08-18T15:50:51.174Z  [API  ]  GET https://api.github.com/repos/btwld/mix/issues?state=closed&since=2026-05-20T15:50:51.174Z&per_page=100
2026-08-18T15:50:51.174Z  [API  ]  GET https://api.github.com/repos/btwld/mix/pulls?state=closed&per_page=100
2026-08-18T15:50:51.174Z  [API  ]  GET https://api.github.com/repos/btwld/mix/issues?state=open&sort=comments&direction=desc&per_page=50
2026-08-18T15:50:51.174Z  [API  ]  GET https://api.github.com/repos/btwld/mix/pulls?state=open&per_page=100
2026-08-18T15:50:51.223Z  [API  ]  200 OK (152ms)
2026-08-18T15:50:51.237Z  [API  ]  200 OK (164ms)
2026-08-18T15:50:51.277Z  [CACHE]  MISS gh.saropa.saropa_lints
2026-08-18T15:50:51.277Z  [API  ]  GET https://api.github.com/repos/saropa/saropa_lints
2026-08-18T15:50:51.277Z  [API  ]  GET https://api.github.com/repos/saropa/saropa_lints/issues?state=closed&since=2026-05-20T15:50:51.277Z&per_page=100
2026-08-18T15:50:51.277Z  [API  ]  GET https://api.github.com/repos/saropa/saropa_lints/pulls?state=closed&per_page=100
2026-08-18T15:50:51.277Z  [API  ]  GET https://api.github.com/repos/saropa/saropa_lints/issues?state=open&sort=comments&direction=desc&per_page=50
2026-08-18T15:50:51.277Z  [API  ]  GET https://api.github.com/repos/saropa/saropa_lints/pulls?state=open&per_page=100
2026-08-18T15:50:51.374Z  [SCORE]  go_router → 62.8 (stable) [rv=38 eg=49.44444444444444 pop=96.875 pt=-5 pq=9.375]
2026-08-18T15:50:51.403Z  [API  ]  200 OK (570ms)
2026-08-18T15:50:52.056Z  [API  ]  200 OK (779ms)
2026-08-18T15:50:52.056Z  [API  ]  200 OK (779ms)
2026-08-18T15:50:52.056Z  [API  ]  200 OK (779ms)
2026-08-18T15:50:52.056Z  [API  ]  200 OK (779ms)
2026-08-18T15:50:52.056Z  [API  ]  200 OK (779ms)
2026-08-18T15:50:53.168Z  [API  ]  200 OK (1994ms)
2026-08-18T15:50:53.168Z  [API  ]  200 OK (1994ms)
2026-08-18T15:50:53.168Z  [API  ]  200 OK (1994ms)
2026-08-18T15:50:53.168Z  [API  ]  200 OK (1994ms)
2026-08-18T15:50:53.168Z  [API  ]  200 OK (1994ms)
2026-08-18T15:50:53.225Z  [CACHE]  MISS pub.archiveSize.saropa_lints
2026-08-18T15:50:53.228Z  [API  ]  HEAD https://pub.dev/api/archives/saropa_lints-15.1.1.tar.gz
2026-08-18T15:50:53.230Z  [CACHE]  MISS pub.tarball.1v5r81
2026-08-18T15:50:53.230Z  [API  ]  GET https://pub.dev/api/archives/saropa_lints-15.1.1.tar.gz
2026-08-18T15:50:55.745Z  [API  ]  200 OK (2517ms)
2026-08-18T15:50:55.745Z  [API  ]  200 OK (2515ms)
2026-08-18T15:50:58.361Z  [SCORE]  cupertino_icons → 56.3 (stable) [rv=38 eg=49.44444444444444 pop=100 pt=-5 pq=10]
2026-08-18T15:50:58.735Z  [CACHE]  MISS pub.archiveSize.mix
2026-08-18T15:50:58.737Z  [API  ]  HEAD https://pub.dev/api/archives/mix-2.1.0.tar.gz
2026-08-18T15:50:58.739Z  [CACHE]  MISS pub.tarball.zbemwd
2026-08-18T15:50:58.739Z  [API  ]  GET https://pub.dev/api/archives/mix-2.1.0.tar.gz
2026-08-18T15:50:59.810Z  [API  ]  200 OK (1073ms)
2026-08-18T15:51:00.427Z  [API  ]  200 OK (1688ms)
2026-08-18T15:51:03.934Z  [SCORE]  mix → 85.3 (vibrant) [rv=100 eg=53.5 pop=51.73 pt=-5 pq=8.75]
2026-08-18T15:51:15.012Z  [SCORE]  riverpod → 86.4 (vibrant) [rv=95.5 eg=69 pop=100 pt=-5 pq=10]
2026-08-18T15:51:18.944Z  [SCORE]  saropa_lints → 62.8 (stable) [rv=45.5 eg=64.86301369863014 pop=46.955 pt=-5 pq=9.375]
2026-08-18T15:51:19.879Z  [ERROR]  Blocker analysis skipped — CLI commands failed — pub outdated: Command failed: dart pub outdated --json --transitive
Cannot specify both `--json` and `--transitive`
The json report always includes transitive dependencies.

Usage: dart pub outdated [options]
-h, --help                         Print this usage information.
    --[no-]dependency-overrides    Show resolutions with `dependency_overrides`.
                                   (defaults to on)
    --[no-]dev-dependencies        Take dev dependencies into account.
                                   (defaults to on)
    --json                         Output the results using a json format.
    --[no-]prereleases             Include prereleases in latest version.
    --[no-]show-all                Include dependencies that are already
                                   fulfilling --mode.
    --[no-]transitive              Show transitive dependencies.
                                   (defaults to on)
-C, --directory=<dir>              Run this in the directory <dir>.

Run "dart help" to see global options.
See https://dart.dev/tools/pub/cmd/pub-outdated for detailed documentation.

2026-08-18T15:51:20.155Z  [CACHE]  MISS pub.archiveSize.async
2026-08-18T15:51:20.155Z  [API  ]  GET https://pub.dev/api/packages/async
2026-08-18T15:51:20.157Z  [CACHE]  MISS pub.archiveSize.collection
2026-08-18T15:51:20.157Z  [API  ]  GET https://pub.dev/api/packages/collection
2026-08-18T15:51:20.159Z  [CACHE]  MISS pub.archiveSize.meta
2026-08-18T15:51:20.159Z  [API  ]  GET https://pub.dev/api/packages/meta
2026-08-18T15:51:20.161Z  [CACHE]  MISS pub.archiveSize.http_parser
2026-08-18T15:51:20.161Z  [API  ]  GET https://pub.dev/api/packages/http_parser
2026-08-18T15:51:20.163Z  [CACHE]  MISS pub.archiveSize.source_span
2026-08-18T15:51:20.163Z  [API  ]  GET https://pub.dev/api/packages/source_span
2026-08-18T15:51:20.164Z  [CACHE]  MISS pub.archiveSize.path
2026-08-18T15:51:20.164Z  [API  ]  GET https://pub.dev/api/packages/path
2026-08-18T15:51:20.166Z  [CACHE]  MISS pub.archiveSize.term_glyph
2026-08-18T15:51:20.166Z  [API  ]  GET https://pub.dev/api/packages/term_glyph
2026-08-18T15:51:20.168Z  [CACHE]  MISS pub.archiveSize.string_scanner
2026-08-18T15:51:20.168Z  [API  ]  GET https://pub.dev/api/packages/string_scanner
2026-08-18T15:51:20.170Z  [CACHE]  MISS pub.archiveSize.typed_data
2026-08-18T15:51:20.170Z  [API  ]  GET https://pub.dev/api/packages/typed_data
2026-08-18T15:51:20.172Z  [CACHE]  MISS pub.archiveSize.mime
2026-08-18T15:51:20.172Z  [API  ]  GET https://pub.dev/api/packages/mime
2026-08-18T15:51:20.174Z  [CACHE]  MISS pub.archiveSize.dio_web_adapter
2026-08-18T15:51:20.174Z  [API  ]  GET https://pub.dev/api/packages/dio_web_adapter
2026-08-18T15:51:20.177Z  [CACHE]  MISS pub.archiveSize.web
2026-08-18T15:51:20.177Z  [API  ]  GET https://pub.dev/api/packages/web
2026-08-18T15:51:20.179Z  [CACHE]  MISS pub.archiveSize.lints
2026-08-18T15:51:20.179Z  [API  ]  GET https://pub.dev/api/packages/lints
2026-08-18T15:51:20.181Z  [CACHE]  MISS pub.archiveSize.flutter
2026-08-18T15:51:20.181Z  [API  ]  GET https://pub.dev/api/packages/flutter
2026-08-18T15:51:20.184Z  [CACHE]  MISS pub.archiveSize.characters
2026-08-18T15:51:20.184Z  [API  ]  GET https://pub.dev/api/packages/characters
2026-08-18T15:51:20.186Z  [CACHE]  MISS pub.archiveSize.material_color_utilities
2026-08-18T15:51:20.186Z  [API  ]  GET https://pub.dev/api/packages/material_color_utilities
2026-08-18T15:51:20.188Z  [CACHE]  MISS pub.archiveSize.vector_math
2026-08-18T15:51:20.188Z  [API  ]  GET https://pub.dev/api/packages/vector_math
2026-08-18T15:51:20.190Z  [CACHE]  MISS pub.archiveSize.sky_engine
2026-08-18T15:51:20.190Z  [API  ]  GET https://pub.dev/api/packages/sky_engine
2026-08-18T15:51:20.195Z  [CACHE]  MISS pub.archiveSize.flutter_test
2026-08-18T15:51:20.195Z  [API  ]  GET https://pub.dev/api/packages/flutter_test
2026-08-18T15:51:20.197Z  [CACHE]  MISS pub.archiveSize.test_api
2026-08-18T15:51:20.197Z  [API  ]  GET https://pub.dev/api/packages/test_api
2026-08-18T15:51:20.198Z  [CACHE]  MISS pub.archiveSize.boolean_selector
2026-08-18T15:51:20.198Z  [API  ]  GET https://pub.dev/api/packages/boolean_selector
2026-08-18T15:51:20.200Z  [CACHE]  MISS pub.archiveSize.stack_trace
2026-08-18T15:51:20.200Z  [API  ]  GET https://pub.dev/api/packages/stack_trace
2026-08-18T15:51:20.202Z  [CACHE]  MISS pub.archiveSize.stream_channel
2026-08-18T15:51:20.202Z  [API  ]  GET https://pub.dev/api/packages/stream_channel
2026-08-18T15:51:20.204Z  [CACHE]  MISS pub.archiveSize.matcher
2026-08-18T15:51:20.204Z  [API  ]  GET https://pub.dev/api/packages/matcher
2026-08-18T15:51:20.205Z  [CACHE]  MISS pub.archiveSize.fake_async
2026-08-18T15:51:20.205Z  [API  ]  GET https://pub.dev/api/packages/fake_async
2026-08-18T15:51:20.207Z  [CACHE]  MISS pub.archiveSize.clock
2026-08-18T15:51:20.207Z  [API  ]  GET https://pub.dev/api/packages/clock
2026-08-18T15:51:20.209Z  [CACHE]  MISS pub.archiveSize.leak_tracker_flutter_testing
2026-08-18T15:51:20.209Z  [API  ]  GET https://pub.dev/api/packages/leak_tracker_flutter_testing
2026-08-18T15:51:20.210Z  [CACHE]  MISS pub.archiveSize.leak_tracker
2026-08-18T15:51:20.210Z  [API  ]  GET https://pub.dev/api/packages/leak_tracker
2026-08-18T15:51:20.212Z  [CACHE]  MISS pub.archiveSize.vm_service
2026-08-18T15:51:20.212Z  [API  ]  GET https://pub.dev/api/packages/vm_service
2026-08-18T15:51:20.214Z  [CACHE]  MISS pub.archiveSize.leak_tracker_testing
2026-08-18T15:51:20.214Z  [API  ]  GET https://pub.dev/api/packages/leak_tracker_testing
2026-08-18T15:51:20.215Z  [CACHE]  MISS pub.archiveSize.listen
2026-08-18T15:51:20.215Z  [API  ]  GET https://pub.dev/api/packages/listen
2026-08-18T15:51:20.217Z  [CACHE]  MISS pub.archiveSize.state_notifier
2026-08-18T15:51:20.217Z  [API  ]  GET https://pub.dev/api/packages/state_notifier
2026-08-18T15:51:20.219Z  [CACHE]  MISS pub.archiveSize.test
2026-08-18T15:51:20.219Z  [API  ]  GET https://pub.dev/api/packages/test
2026-08-18T15:51:20.220Z  [CACHE]  MISS pub.archiveSize.analyzer
2026-08-18T15:51:20.220Z  [API  ]  GET https://pub.dev/api/packages/analyzer
2026-08-18T15:51:20.222Z  [CACHE]  MISS pub.archiveSize._fe_analyzer_shared
2026-08-18T15:51:20.222Z  [API  ]  GET https://pub.dev/api/packages/_fe_analyzer_shared
2026-08-18T15:51:20.224Z  [CACHE]  MISS pub.archiveSize.convert
2026-08-18T15:51:20.224Z  [API  ]  GET https://pub.dev/api/packages/convert
2026-08-18T15:51:20.225Z  [CACHE]  MISS pub.archiveSize.crypto
2026-08-18T15:51:20.225Z  [API  ]  GET https://pub.dev/api/packages/crypto
2026-08-18T15:51:20.227Z  [CACHE]  MISS pub.archiveSize.glob
2026-08-18T15:51:20.227Z  [API  ]  GET https://pub.dev/api/packages/glob
2026-08-18T15:51:20.229Z  [CACHE]  MISS pub.archiveSize.file
2026-08-18T15:51:20.229Z  [API  ]  GET https://pub.dev/api/packages/file
2026-08-18T15:51:20.230Z  [CACHE]  MISS pub.archiveSize.package_config
2026-08-18T15:51:20.230Z  [API  ]  GET https://pub.dev/api/packages/package_config
2026-08-18T15:51:20.232Z  [CACHE]  MISS pub.archiveSize.pub_semver
2026-08-18T15:51:20.232Z  [API  ]  GET https://pub.dev/api/packages/pub_semver
2026-08-18T15:51:20.234Z  [CACHE]  MISS pub.archiveSize.watcher
2026-08-18T15:51:20.234Z  [API  ]  GET https://pub.dev/api/packages/watcher
2026-08-18T15:51:20.235Z  [CACHE]  MISS pub.archiveSize.yaml
2026-08-18T15:51:20.235Z  [API  ]  GET https://pub.dev/api/packages/yaml
2026-08-18T15:51:20.237Z  [CACHE]  MISS pub.archiveSize.coverage
2026-08-18T15:51:20.237Z  [API  ]  GET https://pub.dev/api/packages/coverage
2026-08-18T15:51:20.239Z  [CACHE]  MISS pub.archiveSize.args
2026-08-18T15:51:20.239Z  [API  ]  GET https://pub.dev/api/packages/args
2026-08-18T15:51:20.241Z  [CACHE]  MISS pub.archiveSize.cli_config
2026-08-18T15:51:20.241Z  [API  ]  GET https://pub.dev/api/packages/cli_config
2026-08-18T15:51:20.242Z  [CACHE]  MISS pub.archiveSize.logging
2026-08-18T15:51:20.242Z  [API  ]  GET https://pub.dev/api/packages/logging
2026-08-18T15:51:20.244Z  [CACHE]  MISS pub.archiveSize.source_maps
2026-08-18T15:51:20.244Z  [API  ]  GET https://pub.dev/api/packages/source_maps
2026-08-18T15:51:20.246Z  [CACHE]  MISS pub.archiveSize.http_multi_server
2026-08-18T15:51:20.246Z  [API  ]  GET https://pub.dev/api/packages/http_multi_server
2026-08-18T15:51:20.247Z  [CACHE]  MISS pub.archiveSize.io
2026-08-18T15:51:20.247Z  [API  ]  GET https://pub.dev/api/packages/io
2026-08-18T15:51:20.249Z  [CACHE]  MISS pub.archiveSize.node_preamble
2026-08-18T15:51:20.249Z  [API  ]  GET https://pub.dev/api/packages/node_preamble
2026-08-18T15:51:20.250Z  [CACHE]  MISS pub.archiveSize.pool
2026-08-18T15:51:20.250Z  [API  ]  GET https://pub.dev/api/packages/pool
2026-08-18T15:51:20.252Z  [CACHE]  MISS pub.archiveSize.shelf
2026-08-18T15:51:20.252Z  [API  ]  GET https://pub.dev/api/packages/shelf
2026-08-18T15:51:20.254Z  [CACHE]  MISS pub.archiveSize.shelf_packages_handler
2026-08-18T15:51:20.254Z  [API  ]  GET https://pub.dev/api/packages/shelf_packages_handler
2026-08-18T15:51:20.255Z  [CACHE]  MISS pub.archiveSize.shelf_static
2026-08-18T15:51:20.255Z  [API  ]  GET https://pub.dev/api/packages/shelf_static
2026-08-18T15:51:20.257Z  [CACHE]  MISS pub.archiveSize.shelf_web_socket
2026-08-18T15:51:20.257Z  [API  ]  GET https://pub.dev/api/packages/shelf_web_socket
2026-08-18T15:51:20.259Z  [CACHE]  MISS pub.archiveSize.web_socket_channel
2026-08-18T15:51:20.259Z  [API  ]  GET https://pub.dev/api/packages/web_socket_channel
2026-08-18T15:51:20.260Z  [CACHE]  MISS pub.archiveSize.web_socket
2026-08-18T15:51:20.260Z  [API  ]  GET https://pub.dev/api/packages/web_socket
2026-08-18T15:51:20.262Z  [CACHE]  MISS pub.archiveSize.test_core
2026-08-18T15:51:20.262Z  [API  ]  GET https://pub.dev/api/packages/test_core
2026-08-18T15:51:20.264Z  [CACHE]  MISS pub.archiveSize.frontend_server_client
2026-08-18T15:51:20.264Z  [API  ]  GET https://pub.dev/api/packages/frontend_server_client
2026-08-18T15:51:20.266Z  [CACHE]  MISS pub.archiveSize.source_map_stack_trace
2026-08-18T15:51:20.266Z  [API  ]  GET https://pub.dev/api/packages/source_map_stack_trace
2026-08-18T15:51:20.267Z  [CACHE]  MISS pub.archiveSize.webkit_inspection_protocol
2026-08-18T15:51:20.267Z  [API  ]  GET https://pub.dev/api/packages/webkit_inspection_protocol
2026-08-18T15:51:20.271Z  [CACHE]  MISS pub.archiveSize.uuid
2026-08-18T15:51:20.271Z  [API  ]  GET https://pub.dev/api/packages/uuid
2026-08-18T15:51:20.273Z  [CACHE]  MISS pub.archiveSize.fixnum
2026-08-18T15:51:20.273Z  [API  ]  GET https://pub.dev/api/packages/fixnum
2026-08-18T15:51:20.274Z  [CACHE]  MISS pub.archiveSize.http
2026-08-18T15:51:20.274Z  [API  ]  GET https://pub.dev/api/packages/http
2026-08-18T15:51:20.276Z  [CACHE]  MISS pub.archiveSize.flutter_web_plugins
2026-08-18T15:51:20.276Z  [API  ]  GET https://pub.dev/api/packages/flutter_web_plugins
2026-08-18T15:51:20.278Z  [CACHE]  MISS pub.archiveSize.mix_annotations
2026-08-18T15:51:20.278Z  [API  ]  GET https://pub.dev/api/packages/mix_annotations
2026-08-18T15:51:20.279Z  [CACHE]  MISS pub.archiveSize.analysis_server_plugin
2026-08-18T15:51:20.279Z  [API  ]  GET https://pub.dev/api/packages/analysis_server_plugin
2026-08-18T15:51:20.281Z  [CACHE]  MISS pub.archiveSize.analyzer_plugin
2026-08-18T15:51:20.281Z  [API  ]  GET https://pub.dev/api/packages/analyzer_plugin
2026-08-18T15:51:20.283Z  [CACHE]  MISS pub.archiveSize.dart_style
2026-08-18T15:51:20.283Z  [API  ]  GET https://pub.dev/api/packages/dart_style
2026-08-18T15:51:20.284Z  [CACHE]  MISS pub.archiveSize.yaml_edit
2026-08-18T15:51:20.284Z  [API  ]  GET https://pub.dev/api/packages/yaml_edit
2026-08-18T15:51:21.027Z  [API  ]  200 OK (870ms)
2026-08-18T15:51:21.033Z  [API  ]  HEAD https://pub.dev/api/archives/collection-1.19.1.tar.gz
2026-08-18T15:51:21.275Z  [API  ]  200 OK (242ms)
2026-08-18T15:51:21.498Z  [API  ]  200 OK (1274ms)
2026-08-18T15:51:21.500Z  [API  ]  200 OK (1296ms)
2026-08-18T15:51:21.501Z  [API  ]  HEAD https://pub.dev/api/archives/convert-3.1.2.tar.gz
2026-08-18T15:51:21.519Z  [API  ]  200 OK (1338ms)
2026-08-18T15:51:21.520Z  [API  ]  HEAD https://pub.dev/api/archives/matcher-0.12.20.tar.gz
2026-08-18T15:51:21.535Z  [API  ]  200 OK (1303ms)
2026-08-18T15:51:21.536Z  [API  ]  404 Not Found (1260ms)
2026-08-18T15:51:21.539Z  [API  ]  200 OK (1314ms)
2026-08-18T15:51:21.539Z  [API  ]  HEAD https://pub.dev/api/archives/flutter-0.0.20.tar.gz
2026-08-18T15:51:21.553Z  [API  ]  200 OK (1338ms)
2026-08-18T15:51:21.555Z  [API  ]  200 OK (1371ms)
2026-08-18T15:51:21.556Z  [API  ]  200 OK (1285ms)
2026-08-18T15:51:21.557Z  [API  ]  200 OK (1330ms)
2026-08-18T15:51:21.557Z  [API  ]  200 OK (1393ms)
2026-08-18T15:51:21.558Z  [API  ]  200 OK (1395ms)
2026-08-18T15:51:21.558Z  [API  ]  200 OK (1344ms)
2026-08-18T15:51:21.560Z  [API  ]  200 OK (1350ms)
2026-08-18T15:51:21.566Z  [API  ]  HEAD https://pub.dev/api/archives/pub_semver-2.2.0.tar.gz
2026-08-18T15:51:21.579Z  [API  ]  HEAD https://pub.dev/api/archives/listen-1.0.1.tar.gz
2026-08-18T15:51:21.593Z  [API  ]  HEAD https://pub.dev/api/archives/leak_tracker_testing-3.0.2.tar.gz
2026-08-18T15:51:21.606Z  [API  ]  200 OK (1451ms)
2026-08-18T15:51:21.607Z  [API  ]  200 OK (1395ms)
2026-08-18T15:51:21.610Z  [API  ]  200 OK (1449ms)
2026-08-18T15:51:21.615Z  [API  ]  200 OK (1418ms)
2026-08-18T15:51:21.615Z  [API  ]  HEAD https://pub.dev/api/archives/characters-1.4.1.tar.gz
2026-08-18T15:51:21.629Z  [API  ]  HEAD https://pub.dev/api/archives/glob-2.1.3.tar.gz
2026-08-18T15:51:21.644Z  [API  ]  200 OK (1485ms)
2026-08-18T15:51:21.648Z  [API  ]  200 OK (1476ms)
2026-08-18T15:51:21.649Z  [API  ]  200 OK (1430ms)
2026-08-18T15:51:21.649Z  [API  ]  200 OK (1408ms)
2026-08-18T15:51:21.650Z  [API  ]  200 OK (1388ms)
2026-08-18T15:51:21.651Z  [API  ]  200 OK (1397ms)
2026-08-18T15:51:21.651Z  [API  ]  200 OK (1401ms)
2026-08-18T15:51:21.654Z  [API  ]  HEAD https://pub.dev/api/archives/source_span-1.10.2.tar.gz
2026-08-18T15:51:21.668Z  [API  ]  200 OK (1438ms)
2026-08-18T15:51:21.668Z  [API  ]  200 OK (1401ms)
2026-08-18T15:51:21.672Z  [API  ]  200 OK (1450ms)
2026-08-18T15:51:21.673Z  [API  ]  HEAD https://pub.dev/api/archives/crypto-3.0.7.tar.gz
2026-08-18T15:51:21.687Z  [API  ]  HEAD https://pub.dev/api/archives/uuid-4.6.0.tar.gz
2026-08-18T15:51:21.702Z  [API  ]  HEAD https://pub.dev/api/archives/http_parser-4.1.2.tar.gz
2026-08-18T15:51:21.716Z  [API  ]  HEAD https://pub.dev/api/archives/cli_config-0.2.0.tar.gz
2026-08-18T15:51:21.729Z  [API  ]  HEAD https://pub.dev/api/archives/shelf_packages_handler-3.0.2.tar.gz
2026-08-18T15:51:21.743Z  [API  ]  200 OK (1534ms)
2026-08-18T15:51:21.743Z  [API  ]  200 OK (1573ms)
2026-08-18T15:51:21.744Z  [API  ]  200 OK (1565ms)
2026-08-18T15:51:21.744Z  [API  ]  404 Not Found (1549ms)
2026-08-18T15:51:21.746Z  [API  ]  200 OK (1494ms)
2026-08-18T15:51:21.747Z  [API  ]  200 OK (1530ms)
2026-08-18T15:51:21.750Z  [API  ]  200 OK (1545ms)
2026-08-18T15:51:21.750Z  [API  ]  200 OK (1513ms)
2026-08-18T15:51:21.751Z  [API  ]  200 OK (1583ms)
2026-08-18T15:51:21.751Z  [API  ]  200 OK (1507ms)
2026-08-18T15:51:21.752Z  [API  ]  200 OK (1523ms)
2026-08-18T15:51:21.753Z  [API  ]  200 OK (1503ms)
2026-08-18T15:51:21.753Z  [API  ]  HEAD https://pub.dev/api/archives/path-1.9.1.tar.gz
2026-08-18T15:51:21.767Z  [API  ]  HEAD https://pub.dev/api/archives/leak_tracker-11.0.2.tar.gz
2026-08-18T15:51:21.781Z  [API  ]  HEAD https://pub.dev/api/archives/pool-1.5.2.tar.gz
2026-08-18T15:51:21.796Z  [API  ]  200 OK (295ms)
2026-08-18T15:51:21.797Z  [API  ]  200 OK (1577ms)
2026-08-18T15:51:21.798Z  [API  ]  200 OK (1551ms)
2026-08-18T15:51:21.798Z  [API  ]  200 OK (1517ms)
2026-08-18T15:51:21.800Z  [API  ]  200 OK (1593ms)
2026-08-18T15:51:21.801Z  [API  ]  200 OK (1517ms)
2026-08-18T15:51:21.807Z  [API  ]  200 OK (1619ms)
2026-08-18T15:51:21.825Z  [API  ]  200 OK (305ms)
2026-08-18T15:51:21.839Z  [API  ]  HEAD https://pub.dev/api/archives/async-2.13.1.tar.gz
2026-08-18T15:51:21.853Z  [API  ]  HEAD https://pub.dev/api/archives/package_config-3.0.0.tar.gz
2026-08-18T15:51:21.866Z  [API  ]  HEAD https://pub.dev/api/archives/lints-6.1.0.tar.gz
2026-08-18T15:51:21.879Z  [API  ]  HEAD https://pub.dev/api/archives/state_notifier-1.0.0.tar.gz
2026-08-18T15:51:21.893Z  [API  ]  HEAD https://pub.dev/api/archives/node_preamble-2.0.2.tar.gz
2026-08-18T15:51:21.907Z  [API  ]  200 OK (1661ms)
2026-08-18T15:51:21.916Z  [API  ]  HEAD https://pub.dev/api/archives/mime-2.0.0.tar.gz
2026-08-18T15:51:21.930Z  [API  ]  HEAD https://pub.dev/api/archives/webkit_inspection_protocol-1.2.1.tar.gz
2026-08-18T15:51:21.943Z  [API  ]  HEAD https://pub.dev/api/archives/typed_data-1.4.0.tar.gz
2026-08-18T15:51:21.957Z  [API  ]  HEAD https://pub.dev/api/archives/fake_async-1.3.3.tar.gz
2026-08-18T15:51:21.971Z  [API  ]  HEAD https://pub.dev/api/archives/clock-1.1.2.tar.gz
2026-08-18T15:51:21.985Z  [API  ]  HEAD https://pub.dev/api/archives/yaml_edit-2.2.4.tar.gz
2026-08-18T15:51:21.999Z  [API  ]  200 OK (433ms)
2026-08-18T15:51:21.999Z  [API  ]  200 OK (1822ms)
2026-08-18T15:51:22.004Z  [API  ]  200 OK (425ms)
2026-08-18T15:51:22.029Z  [API  ]  HEAD https://pub.dev/api/archives/leak_tracker_flutter_testing-3.0.10.tar.gz
2026-08-18T15:51:22.044Z  [API  ]  HEAD https://pub.dev/api/archives/string_scanner-1.4.1.tar.gz
2026-08-18T15:51:22.065Z  [API  ]  HEAD https://pub.dev/api/archives/io-1.0.5.tar.gz
2026-08-18T15:51:22.092Z  [API  ]  200 OK (1818ms)
2026-08-18T15:51:22.093Z  [API  ]  200 OK (1893ms)
2026-08-18T15:51:22.094Z  [API  ]  200 OK (1920ms)
2026-08-18T15:51:22.099Z  [API  ]  200 OK (1901ms)
2026-08-18T15:51:22.099Z  [API  ]  200 OK (1826ms)
2026-08-18T15:51:22.104Z  [API  ]  HEAD https://pub.dev/api/archives/test_api-0.7.13.tar.gz
2026-08-18T15:51:22.118Z  [API  ]  HEAD https://pub.dev/api/archives/file-7.0.1.tar.gz
2026-08-18T15:51:22.136Z  [API  ]  200 OK (1879ms)
2026-08-18T15:51:22.136Z  [API  ]  200 OK (1870ms)
2026-08-18T15:51:22.137Z  [API  ]  200 OK (1877ms)
2026-08-18T15:51:22.137Z  [API  ]  200 OK (1902ms)
2026-08-18T15:51:22.140Z  [API  ]  200 OK (1898ms)
2026-08-18T15:51:22.140Z  [API  ]  200 OK (601ms)
2026-08-18T15:51:22.141Z  [API  ]  200 OK (425ms)
2026-08-18T15:51:22.143Z  [API  ]  200 OK (1884ms)
2026-08-18T15:51:22.143Z  [API  ]  200 OK (489ms)
2026-08-18T15:51:22.145Z  [API  ]  200 OK (530ms)
2026-08-18T15:51:22.146Z  [API  ]  200 OK (517ms)
2026-08-18T15:51:22.146Z  [API  ]  200 OK (553ms)
2026-08-18T15:51:22.168Z  [API  ]  HEAD https://pub.dev/api/archives/vm_service-15.2.0.tar.gz
2026-08-18T15:51:22.183Z  [API  ]  HEAD https://pub.dev/api/archives/vector_math-2.4.2.tar.gz
2026-08-18T15:51:22.196Z  [API  ]  HEAD https://pub.dev/api/archives/http_multi_server-3.2.2.tar.gz
2026-08-18T15:51:22.214Z  [API  ]  200 OK (2048ms)
2026-08-18T15:51:22.216Z  [API  ]  200 OK (2014ms)
2026-08-18T15:51:22.217Z  [API  ]  200 OK (1938ms)
2026-08-18T15:51:22.218Z  [API  ]  200 OK (516ms)
2026-08-18T15:51:22.218Z  [API  ]  200 OK (531ms)
2026-08-18T15:51:22.219Z  [API  ]  200 OK (546ms)
2026-08-18T15:51:22.220Z  [API  ]  200 OK (1937ms)
2026-08-18T15:51:22.234Z  [API  ]  200 OK (505ms)
2026-08-18T15:51:22.235Z  [API  ]  HEAD https://pub.dev/api/archives/web-1.1.1.tar.gz
2026-08-18T15:51:22.249Z  [API  ]  HEAD https://pub.dev/api/archives/dio_web_adapter-2.2.1.tar.gz
2026-08-18T15:51:22.262Z  [API  ]  HEAD https://pub.dev/api/archives/boolean_selector-2.1.2.tar.gz
2026-08-18T15:51:22.278Z  [API  ]  200 OK (511ms)
2026-08-18T15:51:22.279Z  [API  ]  200 OK (2001ms)
2026-08-18T15:51:22.279Z  [API  ]  200 OK (498ms)
2026-08-18T15:51:22.283Z  [API  ]  200 OK (2044ms)
2026-08-18T15:51:22.285Z  [API  ]  200 OK (2095ms)
2026-08-18T15:51:22.299Z  [API  ]  HEAD https://pub.dev/api/archives/meta-1.19.0.tar.gz
2026-08-18T15:51:22.313Z  [API  ]  HEAD https://pub.dev/api/archives/analyzer_plugin-0.14.14.tar.gz
2026-08-18T15:51:22.327Z  [API  ]  HEAD https://pub.dev/api/archives/web_socket-1.0.1.tar.gz
2026-08-18T15:51:22.342Z  [API  ]  200 OK (2078ms)
2026-08-18T15:51:22.342Z  [API  ]  200 OK (2156ms)
2026-08-18T15:51:22.343Z  [API  ]  200 OK (477ms)
2026-08-18T15:51:22.344Z  [API  ]  200 OK (2089ms)
2026-08-18T15:51:22.346Z  [API  ]  200 OK (593ms)
2026-08-18T15:51:22.348Z  [API  ]  200 OK (495ms)
2026-08-18T15:51:22.349Z  [API  ]  200 OK (470ms)
2026-08-18T15:51:22.375Z  [API  ]  200 OK (536ms)
2026-08-18T15:51:22.376Z  [API  ]  HEAD https://pub.dev/api/archives/_fe_analyzer_shared-105.0.0.tar.gz
2026-08-18T15:51:22.389Z  [API  ]  HEAD https://pub.dev/api/archives/shelf-1.4.2.tar.gz
2026-08-18T15:51:22.403Z  [API  ]  HEAD https://pub.dev/api/archives/source_map_stack_trace-2.1.2.tar.gz
2026-08-18T15:51:22.417Z  [API  ]  HEAD https://pub.dev/api/archives/term_glyph-1.2.2.tar.gz
2026-08-18T15:51:22.432Z  [API  ]  200 OK (539ms)
2026-08-18T15:51:22.433Z  [API  ]  200 OK (490ms)
2026-08-18T15:51:22.433Z  [API  ]  200 OK (517ms)
2026-08-18T15:51:22.434Z  [API  ]  200 OK (504ms)
2026-08-18T15:51:22.457Z  [API  ]  200 OK (413ms)
2026-08-18T15:51:22.457Z  [API  ]  200 OK (428ms)
2026-08-18T15:51:22.459Z  [API  ]  HEAD https://pub.dev/api/archives/source_maps-0.10.13.tar.gz
2026-08-18T15:51:22.473Z  [API  ]  HEAD https://pub.dev/api/archives/fixnum-1.1.1.tar.gz
2026-08-18T15:51:22.487Z  [API  ]  HEAD https://pub.dev/api/archives/shelf_web_socket-3.0.0.tar.gz
2026-08-18T15:51:22.500Z  [API  ]  HEAD https://pub.dev/api/archives/mix_annotations-2.1.3.tar.gz
2026-08-18T15:51:22.515Z  [API  ]  200 OK (558ms)
2026-08-18T15:51:22.518Z  [API  ]  200 OK (533ms)
2026-08-18T15:51:22.519Z  [API  ]  200 OK (548ms)
2026-08-18T15:51:22.528Z  [API  ]  HEAD https://pub.dev/api/archives/coverage-1.15.1.tar.gz
2026-08-18T15:51:22.542Z  [API  ]  HEAD https://pub.dev/api/archives/web_socket_channel-3.0.3.tar.gz
2026-08-18T15:51:22.556Z  [API  ]  HEAD https://pub.dev/api/archives/stream_channel-2.1.4.tar.gz
2026-08-18T15:51:22.569Z  [API  ]  HEAD https://pub.dev/api/archives/analysis_server_plugin-0.3.20.tar.gz
2026-08-18T15:51:22.583Z  [API  ]  HEAD https://pub.dev/api/archives/frontend_server_client-4.0.0.tar.gz
2026-08-18T15:51:22.601Z  [API  ]  200 OK (2367ms)
2026-08-18T15:51:22.602Z  [API  ]  200 OK (498ms)
2026-08-18T15:51:22.602Z  [API  ]  200 OK (537ms)
2026-08-18T15:51:22.629Z  [API  ]  HEAD https://pub.dev/api/archives/material_color_utilities-0.13.1.tar.gz
2026-08-18T15:51:22.642Z  [API  ]  HEAD https://pub.dev/api/archives/shelf_static-1.1.3.tar.gz
2026-08-18T15:51:22.656Z  [API  ]  200 OK (488ms)
2026-08-18T15:51:22.657Z  [API  ]  200 OK (539ms)
2026-08-18T15:51:22.670Z  [API  ]  HEAD https://pub.dev/api/archives/test_core-0.6.19.tar.gz
2026-08-18T15:51:22.695Z  [API  ]  HEAD https://pub.dev/api/archives/yaml-3.1.3.tar.gz
2026-08-18T15:51:22.708Z  [API  ]  HEAD https://pub.dev/api/archives/sky_engine-0.0.99.tar.gz
2026-08-18T15:51:22.723Z  [API  ]  HEAD https://pub.dev/api/archives/stack_trace-1.12.1.tar.gz
2026-08-18T15:51:22.736Z  [API  ]  HEAD https://pub.dev/api/archives/logging-1.3.0.tar.gz
2026-08-18T15:51:22.751Z  [API  ]  HEAD https://pub.dev/api/archives/http-1.6.0.tar.gz
2026-08-18T15:51:22.766Z  [API  ]  HEAD https://pub.dev/api/archives/watcher-1.2.1.tar.gz
2026-08-18T15:51:22.780Z  [API  ]  HEAD https://pub.dev/api/archives/dart_style-3.1.12.tar.gz
2026-08-18T15:51:22.795Z  [API  ]  HEAD https://pub.dev/api/archives/args-2.7.0.tar.gz
2026-08-18T15:51:22.814Z  [API  ]  HEAD https://pub.dev/api/archives/test-1.31.2.tar.gz
2026-08-18T15:51:22.831Z  [API  ]  200 OK (648ms)
2026-08-18T15:51:22.832Z  [API  ]  200 OK (636ms)
2026-08-18T15:51:22.832Z  [API  ]  200 OK (583ms)
2026-08-18T15:51:22.846Z  [API  ]  HEAD https://pub.dev/api/archives/analyzer-14.1.0.tar.gz
2026-08-18T15:51:22.869Z  [API  ]  200 OK (607ms)
2026-08-18T15:51:22.907Z  [API  ]  200 OK (580ms)
2026-08-18T15:51:22.907Z  [API  ]  200 OK (531ms)
2026-08-18T15:51:22.929Z  [API  ]  200 OK (694ms)
2026-08-18T15:51:22.932Z  [API  ]  200 OK (633ms)
2026-08-18T15:51:22.973Z  [API  ]  200 OK (556ms)
2026-08-18T15:51:22.974Z  [API  ]  200 OK (238ms)
2026-08-18T15:51:22.981Z  [API  ]  200 OK (311ms)
2026-08-18T15:51:22.989Z  [API  ]  200 OK (600ms)
2026-08-18T15:51:22.989Z  [API  ]  200 OK (586ms)
2026-08-18T15:51:22.999Z  [API  ]  200 OK (416ms)
2026-08-18T15:51:23.015Z  [API  ]  200 OK (542ms)
2026-08-18T15:51:23.017Z  [API  ]  200 OK (530ms)
2026-08-18T15:51:23.028Z  [API  ]  200 OK (569ms)
2026-08-18T15:51:23.044Z  [API  ]  200 OK (293ms)
2026-08-18T15:51:23.062Z  [API  ]  200 OK (506ms)
2026-08-18T15:51:23.062Z  [API  ]  200 OK (296ms)
2026-08-18T15:51:23.063Z  [API  ]  200 OK (268ms)
2026-08-18T15:51:23.063Z  [API  ]  200 OK (521ms)
2026-08-18T15:51:23.064Z  [API  ]  200 OK (341ms)
2026-08-18T15:51:23.065Z  [API  ]  200 OK (251ms)
2026-08-18T15:51:23.084Z  [API  ]  200 OK (389ms)
2026-08-18T15:51:23.085Z  [API  ]  200 OK (443ms)
2026-08-18T15:51:23.085Z  [API  ]  200 OK (239ms)
2026-08-18T15:51:23.098Z  [API  ]  200 OK (570ms)
2026-08-18T15:51:23.099Z  [API  ]  200 OK (786ms)
2026-08-18T15:51:23.141Z  [API  ]  200 OK (641ms)
2026-08-18T15:51:23.228Z  [API  ]  200 OK (659ms)
2026-08-18T15:51:23.266Z  [API  ]  200 OK (486ms)
2026-08-18T15:51:23.579Z  [API  ]  200 OK (950ms)
2026-08-18T15:51:23.617Z  [API  ]  200 OK (909ms)
2026-08-18T15:51:23.646Z  [INFO ]  Dep graph: 9 direct, 71 transitive, 0 overrides
2026-08-18T15:51:23.647Z  [CACHE]  MISS osv.vulns.cupertino_icons.1.0.9
2026-08-18T15:51:23.647Z  [CACHE]  MISS osv.vulns.dio.5.11.0
2026-08-18T15:51:23.647Z  [CACHE]  MISS osv.vulns.flutter_lints.6.0.0
2026-08-18T15:51:23.647Z  [CACHE]  MISS osv.vulns.flutter_riverpod.3.4.2
2026-08-18T15:51:23.647Z  [CACHE]  MISS osv.vulns.flutter_skill.0.9.36
2026-08-18T15:51:23.647Z  [CACHE]  MISS osv.vulns.go_router.17.5.0
2026-08-18T15:51:23.647Z  [CACHE]  MISS osv.vulns.mix.2.1.0
2026-08-18T15:51:23.647Z  [CACHE]  MISS osv.vulns.riverpod.3.4.2
2026-08-18T15:51:23.647Z  [CACHE]  MISS osv.vulns.saropa_lints.14.0.2
2026-08-18T15:51:23.647Z  [API  ]  POST https://api.osv.dev/v1/querybatch
2026-08-18T15:51:23.649Z  [CACHE]  MISS ghsa.vulns.cupertino_icons.1.0.9
2026-08-18T15:51:23.649Z  [CACHE]  MISS ghsa.vulns.dio.5.11.0
2026-08-18T15:51:23.649Z  [CACHE]  MISS ghsa.vulns.flutter_lints.6.0.0
2026-08-18T15:51:23.649Z  [CACHE]  MISS ghsa.vulns.flutter_riverpod.3.4.2
2026-08-18T15:51:23.649Z  [CACHE]  MISS ghsa.vulns.flutter_skill.0.9.36
2026-08-18T15:51:23.649Z  [CACHE]  MISS ghsa.vulns.go_router.17.5.0
2026-08-18T15:51:23.649Z  [CACHE]  MISS ghsa.vulns.mix.2.1.0
2026-08-18T15:51:23.649Z  [CACHE]  MISS ghsa.vulns.riverpod.3.4.2
2026-08-18T15:51:23.649Z  [CACHE]  MISS ghsa.vulns.saropa_lints.14.0.2
2026-08-18T15:51:23.650Z  [API  ]  GET https://api.github.com/advisories?ecosystem=pub&package=cupertino_icons&affects=1.0.9&per_page=100
2026-08-18T15:51:23.652Z  [API  ]  GET https://api.github.com/advisories?ecosystem=pub&package=dio&affects=5.11.0&per_page=100
2026-08-18T15:51:23.654Z  [API  ]  GET https://api.github.com/advisories?ecosystem=pub&package=flutter_lints&affects=6.0.0&per_page=100
2026-08-18T15:51:23.655Z  [API  ]  GET https://api.github.com/advisories?ecosystem=pub&package=flutter_riverpod&affects=3.4.2&per_page=100
2026-08-18T15:51:23.657Z  [API  ]  GET https://api.github.com/advisories?ecosystem=pub&package=flutter_skill&affects=0.9.36&per_page=100
2026-08-18T15:51:23.892Z  [API  ]  403 rate limit exceeded (242ms)
2026-08-18T15:51:23.892Z  [ERROR]  GitHub Advisory query failed for cupertino_icons: 403
2026-08-18T15:51:23.894Z  [API  ]  403 rate limit exceeded (240ms)
2026-08-18T15:51:23.894Z  [ERROR]  GitHub Advisory query failed for flutter_lints: 403
2026-08-18T15:51:23.900Z  [API  ]  403 rate limit exceeded (245ms)
2026-08-18T15:51:23.900Z  [ERROR]  GitHub Advisory query failed for flutter_riverpod: 403
2026-08-18T15:51:23.901Z  [API  ]  403 rate limit exceeded (249ms)
2026-08-18T15:51:23.901Z  [ERROR]  GitHub Advisory query failed for dio: 403
2026-08-18T15:51:23.929Z  [API  ]  403 rate limit exceeded (272ms)
2026-08-18T15:51:23.929Z  [ERROR]  GitHub Advisory query failed for flutter_skill: 403
2026-08-18T15:51:23.929Z  [API  ]  GET https://api.github.com/advisories?ecosystem=pub&package=go_router&affects=17.5.0&per_page=100
2026-08-18T15:51:23.931Z  [API  ]  GET https://api.github.com/advisories?ecosystem=pub&package=mix&affects=2.1.0&per_page=100
2026-08-18T15:51:23.932Z  [API  ]  GET https://api.github.com/advisories?ecosystem=pub&package=riverpod&affects=3.4.2&per_page=100
2026-08-18T15:51:23.934Z  [API  ]  GET https://api.github.com/advisories?ecosystem=pub&package=saropa_lints&affects=14.0.2&per_page=100
2026-08-18T15:51:24.002Z  [API  ]  403 rate limit exceeded (70ms)
2026-08-18T15:51:24.002Z  [ERROR]  GitHub Advisory query failed for riverpod: 403
2026-08-18T15:51:24.003Z  [API  ]  403 rate limit exceeded (74ms)
2026-08-18T15:51:24.003Z  [ERROR]  GitHub Advisory query failed for go_router: 403
2026-08-18T15:51:24.003Z  [API  ]  403 rate limit exceeded (69ms)
2026-08-18T15:51:24.003Z  [ERROR]  GitHub Advisory query failed for saropa_lints: 403
2026-08-18T15:51:24.003Z  [API  ]  403 rate limit exceeded (72ms)
2026-08-18T15:51:24.003Z  [ERROR]  GitHub Advisory query failed for mix: 403
2026-08-18T15:51:25.249Z  [API  ]  200 OK (1602ms)
2026-08-18T15:51:25.894Z  [INFO ]  Scan complete — 44824ms — vibrant:4 stable:4 outdated:1 abandoned:0 eol:0
