2026-09-04T01:38:00.696Z  [CACHE]  HIT  flutter.releases
2026-09-04T01:38:00.697Z  [INFO ]  Scan started — 13 packages
2026-09-04T01:38:00.697Z  [INFO ]  [1/13] cupertino_icons
2026-09-04T01:38:00.698Z  [INFO ]  Known issue: active
2026-09-04T01:38:00.699Z  [CACHE]  MISS pub.info.cupertino_icons
2026-09-04T01:38:00.699Z  [API  ]  GET https://pub.dev/api/packages/cupertino_icons
2026-09-04T01:38:00.704Z  [CACHE]  MISS pub.metrics.cupertino_icons
2026-09-04T01:38:00.704Z  [API  ]  GET https://pub.dev/api/packages/cupertino_icons/metrics
2026-09-04T01:38:00.707Z  [API  ]  GET https://pub.dev/api/packages/cupertino_icons/score
2026-09-04T01:38:00.713Z  [CACHE]  HIT  pub.publisher.cupertino_icons
2026-09-04T01:38:00.713Z  [CACHE]  MISS pub.reverseDeps.cupertino_icons
2026-09-04T01:38:00.713Z  [API  ]  GET https://pub.dev/packages?q=dependency%3Acupertino_icons
2026-09-04T01:38:00.717Z  [INFO ]  [2/13] dio
2026-09-04T01:38:00.718Z  [INFO ]  Known issue: active
2026-09-04T01:38:00.718Z  [CACHE]  MISS pub.info.dio
2026-09-04T01:38:00.718Z  [API  ]  GET https://pub.dev/api/packages/dio
2026-09-04T01:38:00.721Z  [CACHE]  MISS pub.metrics.dio
2026-09-04T01:38:00.721Z  [API  ]  GET https://pub.dev/api/packages/dio/metrics
2026-09-04T01:38:00.725Z  [API  ]  GET https://pub.dev/api/packages/dio/score
2026-09-04T01:38:00.730Z  [CACHE]  HIT  pub.publisher.dio
2026-09-04T01:38:00.730Z  [CACHE]  MISS pub.reverseDeps.dio
2026-09-04T01:38:00.730Z  [API  ]  GET https://pub.dev/packages?q=dependency%3Adio
2026-09-04T01:38:00.736Z  [INFO ]  [3/13] dotlottie_flutter
2026-09-04T01:38:00.737Z  [CACHE]  MISS pub.info.dotlottie_flutter
2026-09-04T01:38:00.737Z  [API  ]  GET https://pub.dev/api/packages/dotlottie_flutter
2026-09-04T01:38:00.743Z  [CACHE]  MISS pub.metrics.dotlottie_flutter
2026-09-04T01:38:00.744Z  [API  ]  GET https://pub.dev/api/packages/dotlottie_flutter/metrics
2026-09-04T01:38:00.749Z  [API  ]  GET https://pub.dev/api/packages/dotlottie_flutter/score
2026-09-04T01:38:00.753Z  [CACHE]  HIT  pub.publisher.dotlottie_flutter
2026-09-04T01:38:00.753Z  [CACHE]  MISS pub.reverseDeps.dotlottie_flutter
2026-09-04T01:38:00.753Z  [API  ]  GET https://pub.dev/packages?q=dependency%3Adotlottie_flutter
2026-09-04T01:38:00.756Z  [INFO ]  [4/13] easy_refresh
2026-09-04T01:38:00.756Z  [CACHE]  MISS pub.info.easy_refresh
2026-09-04T01:38:00.756Z  [API  ]  GET https://pub.dev/api/packages/easy_refresh
2026-09-04T01:38:00.760Z  [CACHE]  MISS pub.metrics.easy_refresh
2026-09-04T01:38:00.760Z  [API  ]  GET https://pub.dev/api/packages/easy_refresh/metrics
2026-09-04T01:38:00.765Z  [API  ]  GET https://pub.dev/api/packages/easy_refresh/score
2026-09-04T01:38:00.769Z  [CACHE]  HIT  pub.publisher.easy_refresh
2026-09-04T01:38:00.769Z  [CACHE]  MISS pub.reverseDeps.easy_refresh
2026-09-04T01:38:00.769Z  [API  ]  GET https://pub.dev/packages?q=dependency%3Aeasy_refresh
2026-09-04T01:38:00.773Z  [INFO ]  [5/13] flutter_launcher_icons
2026-09-04T01:38:00.773Z  [INFO ]  Known issue: active
2026-09-04T01:38:00.773Z  [CACHE]  MISS pub.info.flutter_launcher_icons
2026-09-04T01:38:00.773Z  [API  ]  GET https://pub.dev/api/packages/flutter_launcher_icons
2026-09-04T01:38:00.775Z  [CACHE]  MISS pub.metrics.flutter_launcher_icons
2026-09-04T01:38:00.775Z  [API  ]  GET https://pub.dev/api/packages/flutter_launcher_icons/metrics
2026-09-04T01:38:00.779Z  [API  ]  GET https://pub.dev/api/packages/flutter_launcher_icons/score
2026-09-04T01:38:00.784Z  [CACHE]  HIT  pub.publisher.flutter_launcher_icons
2026-09-04T01:38:00.784Z  [CACHE]  MISS pub.reverseDeps.flutter_launcher_icons
2026-09-04T01:38:00.784Z  [API  ]  GET https://pub.dev/packages?q=dependency%3Aflutter_launcher_icons
2026-09-04T01:38:00.787Z  [INFO ]  [6/13] flutter_lints
2026-09-04T01:38:00.787Z  [INFO ]  Known issue: active
2026-09-04T01:38:00.787Z  [CACHE]  MISS pub.info.flutter_lints
2026-09-04T01:38:00.787Z  [API  ]  GET https://pub.dev/api/packages/flutter_lints
2026-09-04T01:38:00.791Z  [CACHE]  MISS pub.metrics.flutter_lints
2026-09-04T01:38:00.791Z  [API  ]  GET https://pub.dev/api/packages/flutter_lints/metrics
2026-09-04T01:38:00.799Z  [API  ]  GET https://pub.dev/api/packages/flutter_lints/score
2026-09-04T01:38:00.812Z  [CACHE]  HIT  pub.publisher.flutter_lints
2026-09-04T01:38:00.812Z  [CACHE]  MISS pub.reverseDeps.flutter_lints
2026-09-04T01:38:00.812Z  [API  ]  GET https://pub.dev/packages?q=dependency%3Aflutter_lints
2026-09-04T01:38:01.892Z  [API  ]  200 OK (1193ms)
2026-09-04T01:38:02.417Z  [API  ]  200 OK (1661ms)
2026-09-04T01:38:02.419Z  [API  ]  200 OK (1620ms)
2026-09-04T01:38:02.420Z  [API  ]  200 OK (1702ms)
2026-09-04T01:38:02.423Z  [API  ]  200 OK (1644ms)
2026-09-04T01:38:02.424Z  [API  ]  200 OK (1651ms)
2026-09-04T01:38:02.475Z  [API  ]  200 OK (1700ms)
2026-09-04T01:38:02.477Z  [API  ]  200 OK (1690ms)
2026-09-04T01:38:02.483Z  [API  ]  200 OK (1776ms)
2026-09-04T01:38:02.501Z  [API  ]  200 OK (1710ms)
2026-09-04T01:38:02.503Z  [API  ]  200 OK (1754ms)
2026-09-04T01:38:02.504Z  [API  ]  200 OK (1692ms)
2026-09-04T01:38:02.517Z  [API  ]  200 OK (1787ms)
2026-09-04T01:38:02.519Z  [API  ]  200 OK (1815ms)
2026-09-04T01:38:02.544Z  [API  ]  200 OK (1819ms)
2026-09-04T01:38:02.545Z  [API  ]  200 OK (1785ms)
2026-09-04T01:38:02.583Z  [API  ]  200 OK (1870ms)
2026-09-04T01:38:02.585Z  [API  ]  200 OK (1841ms)
2026-09-04T01:38:02.587Z  [API  ]  200 OK (1834ms)
2026-09-04T01:38:02.589Z  [API  ]  200 OK (1805ms)
2026-09-04T01:38:02.728Z  [API  ]  200 OK (1962ms)
2026-09-04T01:38:02.758Z  [API  ]  200 OK (1989ms)
2026-09-04T01:38:02.912Z  [API  ]  200 OK (2175ms)
2026-09-04T01:38:03.012Z  [API  ]  200 OK (2291ms)
2026-09-04T01:38:03.440Z  [CACHE]  MISS gh.flutter.packages
2026-09-04T01:38:03.440Z  [API  ]  GET https://api.github.com/repos/flutter/packages
2026-09-04T01:38:03.440Z  [API  ]  GET https://api.github.com/repos/flutter/packages/issues?state=closed&since=2026-06-06T01:38:03.440Z&per_page=100
2026-09-04T01:38:03.440Z  [API  ]  GET https://api.github.com/repos/flutter/packages/pulls?state=closed&per_page=100
2026-09-04T01:38:03.440Z  [API  ]  GET https://api.github.com/repos/flutter/packages/issues?state=open&sort=comments&direction=desc&per_page=50
2026-09-04T01:38:03.440Z  [API  ]  GET https://api.github.com/repos/flutter/packages/pulls?state=open&per_page=100
2026-09-04T01:38:03.715Z  [CACHE]  MISS gh.xuelongqy.flutter_easy_refresh
2026-09-04T01:38:03.715Z  [API  ]  GET https://api.github.com/repos/xuelongqy/flutter_easy_refresh
2026-09-04T01:38:03.715Z  [API  ]  GET https://api.github.com/repos/xuelongqy/flutter_easy_refresh/issues?state=closed&since=2026-06-06T01:38:03.715Z&per_page=100
2026-09-04T01:38:03.715Z  [API  ]  GET https://api.github.com/repos/xuelongqy/flutter_easy_refresh/pulls?state=closed&per_page=100
2026-09-04T01:38:03.715Z  [API  ]  GET https://api.github.com/repos/xuelongqy/flutter_easy_refresh/issues?state=open&sort=comments&direction=desc&per_page=50
2026-09-04T01:38:03.715Z  [API  ]  GET https://api.github.com/repos/xuelongqy/flutter_easy_refresh/pulls?state=open&per_page=100
2026-09-04T01:38:03.735Z  [CACHE]  MISS gh.fluttercommunity.flutter_launcher_icons
2026-09-04T01:38:03.735Z  [API  ]  GET https://api.github.com/repos/fluttercommunity/flutter_launcher_icons
2026-09-04T01:38:03.735Z  [API  ]  GET https://api.github.com/repos/fluttercommunity/flutter_launcher_icons/issues?state=closed&since=2026-06-06T01:38:03.735Z&per_page=100
2026-09-04T01:38:03.735Z  [API  ]  GET https://api.github.com/repos/fluttercommunity/flutter_launcher_icons/pulls?state=closed&per_page=100
2026-09-04T01:38:03.735Z  [API  ]  GET https://api.github.com/repos/fluttercommunity/flutter_launcher_icons/issues?state=open&sort=comments&direction=desc&per_page=50
2026-09-04T01:38:03.735Z  [API  ]  GET https://api.github.com/repos/fluttercommunity/flutter_launcher_icons/pulls?state=open&per_page=100
2026-09-04T01:38:04.084Z  [CACHE]  MISS gh.flutter.packages
2026-09-04T01:38:04.084Z  [API  ]  GET https://api.github.com/repos/flutter/packages
2026-09-04T01:38:04.084Z  [API  ]  GET https://api.github.com/repos/flutter/packages/issues?state=closed&since=2026-06-06T01:38:04.084Z&per_page=100
2026-09-04T01:38:04.084Z  [API  ]  GET https://api.github.com/repos/flutter/packages/pulls?state=closed&per_page=100
2026-09-04T01:38:04.084Z  [API  ]  GET https://api.github.com/repos/flutter/packages/issues?state=open&sort=comments&direction=desc&per_page=50
2026-09-04T01:38:04.084Z  [API  ]  GET https://api.github.com/repos/flutter/packages/pulls?state=open&per_page=100
2026-09-04T01:38:04.101Z  [CACHE]  MISS gh.cfug.dio
2026-09-04T01:38:04.102Z  [API  ]  GET https://api.github.com/repos/cfug/dio
2026-09-04T01:38:04.102Z  [API  ]  GET https://api.github.com/repos/cfug/dio/issues?state=closed&since=2026-06-06T01:38:04.102Z&per_page=100
2026-09-04T01:38:04.102Z  [API  ]  GET https://api.github.com/repos/cfug/dio/pulls?state=closed&per_page=100
2026-09-04T01:38:04.102Z  [API  ]  GET https://api.github.com/repos/cfug/dio/issues?state=open&sort=comments&direction=desc&per_page=50
2026-09-04T01:38:04.102Z  [API  ]  GET https://api.github.com/repos/cfug/dio/pulls?state=open&per_page=100
2026-09-04T01:38:06.178Z  [CACHE]  MISS gh.lottiefiles.dotlottie-flutter
2026-09-04T01:38:06.178Z  [API  ]  GET https://api.github.com/repos/lottiefiles/dotlottie-flutter
2026-09-04T01:38:06.178Z  [API  ]  GET https://api.github.com/repos/lottiefiles/dotlottie-flutter/issues?state=closed&since=2026-06-06T01:38:06.178Z&per_page=100
2026-09-04T01:38:06.178Z  [API  ]  GET https://api.github.com/repos/lottiefiles/dotlottie-flutter/pulls?state=closed&per_page=100
2026-09-04T01:38:06.178Z  [API  ]  GET https://api.github.com/repos/lottiefiles/dotlottie-flutter/issues?state=open&sort=comments&direction=desc&per_page=50
2026-09-04T01:38:06.178Z  [API  ]  GET https://api.github.com/repos/lottiefiles/dotlottie-flutter/pulls?state=open&per_page=100
2026-09-04T01:38:07.296Z  [API  ]  200 OK (3855ms)
2026-09-04T01:38:07.296Z  [API  ]  200 OK (3855ms)
2026-09-04T01:38:07.296Z  [API  ]  200 OK (3855ms)
2026-09-04T01:38:07.296Z  [API  ]  200 OK (3855ms)
2026-09-04T01:38:07.296Z  [API  ]  200 OK (3855ms)
2026-09-04T01:38:07.321Z  [API  ]  200 OK (3606ms)
2026-09-04T01:38:07.321Z  [API  ]  200 OK (3606ms)
2026-09-04T01:38:07.321Z  [API  ]  200 OK (3606ms)
2026-09-04T01:38:07.321Z  [API  ]  200 OK (3606ms)
2026-09-04T01:38:07.321Z  [API  ]  200 OK (3606ms)
2026-09-04T01:38:07.356Z  [API  ]  200 OK (1178ms)
2026-09-04T01:38:07.356Z  [API  ]  200 OK (1178ms)
2026-09-04T01:38:07.356Z  [API  ]  200 OK (1178ms)
2026-09-04T01:38:07.356Z  [API  ]  200 OK (1178ms)
2026-09-04T01:38:07.356Z  [API  ]  200 OK (1178ms)
2026-09-04T01:38:07.507Z  [API  ]  200 OK (3772ms)
2026-09-04T01:38:07.507Z  [API  ]  200 OK (3772ms)
2026-09-04T01:38:07.507Z  [API  ]  200 OK (3772ms)
2026-09-04T01:38:07.507Z  [API  ]  200 OK (3772ms)
2026-09-04T01:38:07.507Z  [API  ]  200 OK (3772ms)
2026-09-04T01:38:08.035Z  [API  ]  200 OK (3951ms)
2026-09-04T01:38:08.035Z  [API  ]  200 OK (3951ms)
2026-09-04T01:38:08.035Z  [API  ]  200 OK (3951ms)
2026-09-04T01:38:08.035Z  [API  ]  200 OK (3951ms)
2026-09-04T01:38:08.035Z  [API  ]  200 OK (3951ms)
2026-09-04T01:38:08.200Z  [CACHE]  MISS pub.archiveSize.dotlottie_flutter
2026-09-04T01:38:08.210Z  [API  ]  HEAD https://pub.dev/api/archives/dotlottie_flutter-0.1.7.tar.gz
2026-09-04T01:38:08.218Z  [CACHE]  MISS pub.tarball.a0rknv
2026-09-04T01:38:08.218Z  [API  ]  GET https://pub.dev/api/archives/dotlottie_flutter-0.1.7.tar.gz
2026-09-04T01:38:08.286Z  [API  ]  200 OK (4184ms)
2026-09-04T01:38:08.286Z  [API  ]  200 OK (4184ms)
2026-09-04T01:38:08.286Z  [API  ]  200 OK (4184ms)
2026-09-04T01:38:08.286Z  [API  ]  200 OK (4184ms)
2026-09-04T01:38:08.286Z  [API  ]  200 OK (4184ms)
2026-09-04T01:38:08.450Z  [CACHE]  MISS pub.archiveSize.cupertino_icons
2026-09-04T01:38:08.454Z  [API  ]  HEAD https://pub.dev/api/archives/cupertino_icons-1.0.9.tar.gz
2026-09-04T01:38:08.459Z  [CACHE]  MISS pub.tarball.oijvck
2026-09-04T01:38:08.459Z  [API  ]  GET https://pub.dev/api/archives/cupertino_icons-1.0.9.tar.gz
2026-09-04T01:38:08.876Z  [API  ]  200 OK (422ms)
2026-09-04T01:38:08.904Z  [API  ]  200 OK (686ms)
2026-09-04T01:38:09.062Z  [API  ]  200 OK (603ms)
2026-09-04T01:38:09.293Z  [API  ]  200 OK (1083ms)
2026-09-04T01:38:09.480Z  [CACHE]  MISS pub.archiveSize.flutter_lints
2026-09-04T01:38:09.480Z  [API  ]  GET https://pub.dev/api/packages/flutter_lints
2026-09-04T01:38:09.484Z  [API  ]  GET https://pub.dev/api/packages/flutter_lints
2026-09-04T01:38:09.848Z  [API  ]  200 OK (368ms)
2026-09-04T01:38:09.849Z  [API  ]  HEAD https://pub.dev/api/archives/flutter_lints-6.0.0.tar.gz
2026-09-04T01:38:09.898Z  [API  ]  200 OK (49ms)
2026-09-04T01:38:10.654Z  [SCORE]  dotlottie_flutter → 71.2 (vibrant) [rv=58 eg=72.67123287671234 pop=44.01 pt=-5 pq=8.75]
2026-09-04T01:38:10.654Z  [INFO ]  [7/13] flutter_riverpod
2026-09-04T01:38:10.654Z  [INFO ]  Known issue: active
2026-09-04T01:38:10.654Z  [CACHE]  MISS pub.info.flutter_riverpod
2026-09-04T01:38:10.654Z  [API  ]  GET https://pub.dev/api/packages/flutter_riverpod
2026-09-04T01:38:10.657Z  [CACHE]  MISS pub.metrics.flutter_riverpod
2026-09-04T01:38:10.657Z  [API  ]  GET https://pub.dev/api/packages/flutter_riverpod/metrics
2026-09-04T01:38:10.660Z  [API  ]  GET https://pub.dev/api/packages/flutter_riverpod/score
2026-09-04T01:38:10.663Z  [CACHE]  HIT  pub.publisher.flutter_riverpod
2026-09-04T01:38:10.663Z  [CACHE]  MISS pub.reverseDeps.flutter_riverpod
2026-09-04T01:38:10.663Z  [API  ]  GET https://pub.dev/packages?q=dependency%3Aflutter_riverpod
2026-09-04T01:38:11.070Z  [API  ]  200 OK (413ms)
2026-09-04T01:38:11.150Z  [API  ]  200 OK (1666ms)
2026-09-04T01:38:11.173Z  [CACHE]  MISS pub.tarball.z7ll8h
2026-09-04T01:38:11.173Z  [API  ]  GET https://pub.dev/api/archives/flutter_lints-6.0.0.tar.gz
2026-09-04T01:38:11.217Z  [CACHE]  MISS pub.archiveSize.flutter_launcher_icons
2026-09-04T01:38:11.217Z  [API  ]  GET https://pub.dev/api/packages/flutter_launcher_icons
2026-09-04T01:38:11.220Z  [API  ]  GET https://pub.dev/api/packages/flutter_launcher_icons
2026-09-04T01:38:11.279Z  [CACHE]  MISS pub.archiveSize.easy_refresh
2026-09-04T01:38:11.279Z  [API  ]  GET https://pub.dev/api/packages/easy_refresh
2026-09-04T01:38:11.284Z  [API  ]  GET https://pub.dev/api/packages/easy_refresh
2026-09-04T01:38:11.327Z  [API  ]  200 OK (673ms)
2026-09-04T01:38:11.328Z  [API  ]  200 OK (155ms)
2026-09-04T01:38:11.374Z  [API  ]  200 OK (711ms)
2026-09-04T01:38:11.430Z  [SCORE]  flutter_lints → 62.5 (stable) [rv=50 eg=50 pop=100 pt=-5 pq=10]
2026-09-04T01:38:11.431Z  [INFO ]  [8/13] go_router
2026-09-04T01:38:11.431Z  [INFO ]  Known issue: active
2026-09-04T01:38:11.431Z  [CACHE]  MISS pub.info.go_router
2026-09-04T01:38:11.431Z  [API  ]  GET https://pub.dev/api/packages/go_router
2026-09-04T01:38:11.438Z  [CACHE]  MISS pub.metrics.go_router
2026-09-04T01:38:11.438Z  [API  ]  GET https://pub.dev/api/packages/go_router/metrics
2026-09-04T01:38:11.441Z  [API  ]  GET https://pub.dev/api/packages/go_router/score
2026-09-04T01:38:11.444Z  [CACHE]  HIT  pub.publisher.go_router
2026-09-04T01:38:11.444Z  [CACHE]  MISS pub.reverseDeps.go_router
2026-09-04T01:38:11.444Z  [API  ]  GET https://pub.dev/packages?q=dependency%3Ago_router
2026-09-04T01:38:11.475Z  [API  ]  200 OK (815ms)
2026-09-04T01:38:11.650Z  [API  ]  200 OK (433ms)
2026-09-04T01:38:11.661Z  [API  ]  HEAD https://pub.dev/api/archives/flutter_launcher_icons-0.14.4.tar.gz
2026-09-04T01:38:11.696Z  [API  ]  200 OK (35ms)
2026-09-04T01:38:11.921Z  [API  ]  200 OK (642ms)
2026-09-04T01:38:11.939Z  [API  ]  200 OK (501ms)
2026-09-04T01:38:11.940Z  [API  ]  200 OK (499ms)
2026-09-04T01:38:12.015Z  [API  ]  HEAD https://pub.dev/api/archives/easy_refresh-3.5.1.tar.gz
2026-09-04T01:38:12.062Z  [CACHE]  MISS gh.rrousselGit.riverpod
2026-09-04T01:38:12.062Z  [API  ]  GET https://api.github.com/repos/rrousselGit/riverpod
2026-09-04T01:38:12.062Z  [API  ]  GET https://api.github.com/repos/rrousselGit/riverpod/issues?state=closed&since=2026-06-06T01:38:12.062Z&per_page=100
2026-09-04T01:38:12.062Z  [API  ]  GET https://api.github.com/repos/rrousselGit/riverpod/pulls?state=closed&per_page=100
2026-09-04T01:38:12.062Z  [API  ]  GET https://api.github.com/repos/rrousselGit/riverpod/issues?state=open&sort=comments&direction=desc&per_page=50
2026-09-04T01:38:12.062Z  [API  ]  GET https://api.github.com/repos/rrousselGit/riverpod/pulls?state=open&per_page=100
2026-09-04T01:38:12.124Z  [API  ]  200 OK (840ms)
2026-09-04T01:38:12.126Z  [API  ]  200 OK (682ms)
2026-09-04T01:38:12.192Z  [CACHE]  MISS pub.tarball.64u0ab
2026-09-04T01:38:12.192Z  [API  ]  GET https://pub.dev/api/archives/easy_refresh-3.5.1.tar.gz
2026-09-04T01:38:12.252Z  [API  ]  200 OK (237ms)
2026-09-04T01:38:12.271Z  [API  ]  200 OK (840ms)
2026-09-04T01:38:12.391Z  [CACHE]  MISS pub.archiveSize.dio
2026-09-04T01:38:12.394Z  [API  ]  HEAD https://pub.dev/api/archives/dio-5.11.0.tar.gz
2026-09-04T01:38:12.397Z  [CACHE]  MISS pub.tarball.v4zqir
2026-09-04T01:38:12.397Z  [API  ]  GET https://pub.dev/api/archives/dio-5.11.0.tar.gz
2026-09-04T01:38:12.667Z  [API  ]  200 OK (273ms)
2026-09-04T01:38:12.696Z  [API  ]  200 OK (504ms)
2026-09-04T01:38:12.786Z  [API  ]  200 OK (389ms)
2026-09-04T01:38:13.036Z  [SCORE]  easy_refresh → 38.4 (outdated) [rv=10.5 eg=43.9041095890411 pop=87.57499999999999 pt=-5 pq=9.375]
2026-09-04T01:38:13.037Z  [INFO ]  [9/13] lottie
2026-09-04T01:38:13.037Z  [INFO ]  Known issue: active
2026-09-04T01:38:13.037Z  [CACHE]  MISS pub.info.lottie
2026-09-04T01:38:13.037Z  [API  ]  GET https://pub.dev/api/packages/lottie
2026-09-04T01:38:13.043Z  [CACHE]  MISS pub.metrics.lottie
2026-09-04T01:38:13.043Z  [API  ]  GET https://pub.dev/api/packages/lottie/metrics
2026-09-04T01:38:13.046Z  [API  ]  GET https://pub.dev/api/packages/lottie/score
2026-09-04T01:38:13.049Z  [CACHE]  HIT  pub.publisher.lottie
2026-09-04T01:38:13.049Z  [CACHE]  MISS pub.reverseDeps.lottie
2026-09-04T01:38:13.049Z  [API  ]  GET https://pub.dev/packages?q=dependency%3Alottie
2026-09-04T01:38:13.236Z  [CACHE]  HIT  gh.flutter.packages
2026-09-04T01:38:13.236Z  [CACHE]  MISS pub.archiveSize.go_router
2026-09-04T01:38:13.239Z  [API  ]  HEAD https://pub.dev/api/archives/go_router-18.0.1.tar.gz
2026-09-04T01:38:13.245Z  [CACHE]  MISS pub.tarball.hidihu
2026-09-04T01:38:13.245Z  [API  ]  GET https://pub.dev/api/archives/go_router-18.0.1.tar.gz
2026-09-04T01:38:13.292Z  [API  ]  200 OK (53ms)
2026-09-04T01:38:13.293Z  [API  ]  200 OK (48ms)
2026-09-04T01:38:13.351Z  [API  ]  200 OK (308ms)
2026-09-04T01:38:13.388Z  [API  ]  200 OK (351ms)
2026-09-04T01:38:13.426Z  [API  ]  200 OK (2206ms)
2026-09-04T01:38:13.429Z  [CACHE]  MISS pub.tarball.mbw4oz
2026-09-04T01:38:13.429Z  [API  ]  GET https://pub.dev/api/archives/flutter_launcher_icons-0.14.4.tar.gz
2026-09-04T01:38:13.436Z  [API  ]  200 OK (387ms)
2026-09-04T01:38:13.497Z  [API  ]  200 OK (68ms)
2026-09-04T01:38:13.657Z  [API  ]  200 OK (1595ms)
2026-09-04T01:38:13.657Z  [API  ]  200 OK (1595ms)
2026-09-04T01:38:13.657Z  [API  ]  200 OK (1595ms)
2026-09-04T01:38:13.657Z  [API  ]  200 OK (1595ms)
2026-09-04T01:38:13.657Z  [API  ]  200 OK (1595ms)
2026-09-04T01:38:13.682Z  [SCORE]  dio → 92.8 (vibrant) [rv=93 eg=59.44444444444444 pop=100 pt=-5 pq=10]
2026-09-04T01:38:13.682Z  [INFO ]  [10/13] riverpod
2026-09-04T01:38:13.682Z  [CACHE]  MISS pub.info.riverpod
2026-09-04T01:38:13.682Z  [API  ]  GET https://pub.dev/api/packages/riverpod
2026-09-04T01:38:13.685Z  [CACHE]  MISS pub.metrics.riverpod
2026-09-04T01:38:13.685Z  [API  ]  GET https://pub.dev/api/packages/riverpod/metrics
2026-09-04T01:38:13.689Z  [API  ]  GET https://pub.dev/api/packages/riverpod/score
2026-09-04T01:38:13.693Z  [CACHE]  HIT  pub.publisher.riverpod
2026-09-04T01:38:13.693Z  [CACHE]  MISS pub.reverseDeps.riverpod
2026-09-04T01:38:13.693Z  [API  ]  GET https://pub.dev/packages?q=dependency%3Ariverpod
2026-09-04T01:38:14.006Z  [SCORE]  go_router → 69.1 (stable) [rv=50 eg=50 pop=96.875 pt=-5 pq=9.375]
2026-09-04T01:38:14.006Z  [INFO ]  [11/13] saropa_lints
2026-09-04T01:38:14.006Z  [CACHE]  MISS pub.info.saropa_lints
2026-09-04T01:38:14.006Z  [API  ]  GET https://pub.dev/api/packages/saropa_lints
2026-09-04T01:38:14.009Z  [CACHE]  MISS pub.metrics.saropa_lints
2026-09-04T01:38:14.009Z  [API  ]  GET https://pub.dev/api/packages/saropa_lints/metrics
2026-09-04T01:38:14.013Z  [API  ]  GET https://pub.dev/api/packages/saropa_lints/score
2026-09-04T01:38:14.020Z  [CACHE]  HIT  pub.publisher.saropa_lints
2026-09-04T01:38:14.020Z  [CACHE]  MISS pub.reverseDeps.saropa_lints
2026-09-04T01:38:14.020Z  [API  ]  GET https://pub.dev/packages?q=dependency%3Asaropa_lints
2026-09-04T01:38:14.181Z  [API  ]  200 OK (1135ms)
2026-09-04T01:38:14.181Z  [API  ]  200 OK (492ms)
2026-09-04T01:38:14.182Z  [API  ]  200 OK (500ms)
2026-09-04T01:38:14.185Z  [API  ]  200 OK (500ms)
2026-09-04T01:38:14.322Z  [CACHE]  MISS gh.xvrh.lottie-flutter
2026-09-04T01:38:14.322Z  [API  ]  GET https://api.github.com/repos/xvrh/lottie-flutter
2026-09-04T01:38:14.322Z  [API  ]  GET https://api.github.com/repos/xvrh/lottie-flutter/issues?state=closed&since=2026-06-06T01:38:14.322Z&per_page=100
2026-09-04T01:38:14.322Z  [API  ]  GET https://api.github.com/repos/xvrh/lottie-flutter/pulls?state=closed&per_page=100
2026-09-04T01:38:14.322Z  [API  ]  GET https://api.github.com/repos/xvrh/lottie-flutter/issues?state=open&sort=comments&direction=desc&per_page=50
2026-09-04T01:38:14.322Z  [API  ]  GET https://api.github.com/repos/xvrh/lottie-flutter/pulls?state=open&per_page=100
2026-09-04T01:38:14.367Z  [API  ]  200 OK (674ms)
2026-09-04T01:38:14.647Z  [SCORE]  flutter_launcher_icons → 6.2 (outdated) [rv=0 eg=0 pop=68.08500000000001 pt=-5 pq=9.375]
2026-09-04T01:38:14.647Z  [INFO ]  [12/13] vector_graphics
2026-09-04T01:38:14.647Z  [CACHE]  MISS pub.info.vector_graphics
2026-09-04T01:38:14.647Z  [API  ]  GET https://pub.dev/api/packages/vector_graphics
2026-09-04T01:38:14.650Z  [CACHE]  MISS pub.metrics.vector_graphics
2026-09-04T01:38:14.650Z  [API  ]  GET https://pub.dev/api/packages/vector_graphics/metrics
2026-09-04T01:38:14.653Z  [API  ]  GET https://pub.dev/api/packages/vector_graphics/score
2026-09-04T01:38:14.656Z  [CACHE]  HIT  pub.publisher.vector_graphics
2026-09-04T01:38:14.657Z  [CACHE]  MISS pub.reverseDeps.vector_graphics
2026-09-04T01:38:14.657Z  [API  ]  GET https://pub.dev/packages?q=dependency%3Avector_graphics
2026-09-04T01:38:14.731Z  [API  ]  200 OK (725ms)
2026-09-04T01:38:14.775Z  [API  ]  200 OK (762ms)
2026-09-04T01:38:14.833Z  [CACHE]  MISS pub.archiveSize.flutter_riverpod
2026-09-04T01:38:14.837Z  [API  ]  HEAD https://pub.dev/api/archives/flutter_riverpod-3.4.3.tar.gz
2026-09-04T01:38:14.842Z  [CACHE]  MISS pub.tarball.avcp9u
2026-09-04T01:38:14.842Z  [API  ]  GET https://pub.dev/api/archives/flutter_riverpod-3.4.3.tar.gz
2026-09-04T01:38:14.902Z  [API  ]  200 OK (65ms)
2026-09-04T01:38:14.926Z  [API  ]  200 OK (276ms)
2026-09-04T01:38:14.965Z  [API  ]  200 OK (312ms)
2026-09-04T01:38:14.966Z  [API  ]  200 OK (319ms)
2026-09-04T01:38:15.174Z  [API  ]  200 OK (517ms)
2026-09-04T01:38:15.174Z  [CACHE]  MISS gh.rrousselGit.riverpod
2026-09-04T01:38:15.174Z  [API  ]  GET https://api.github.com/repos/rrousselGit/riverpod
2026-09-04T01:38:15.174Z  [API  ]  GET https://api.github.com/repos/rrousselGit/riverpod/issues?state=closed&since=2026-06-06T01:38:15.174Z&per_page=100
2026-09-04T01:38:15.174Z  [API  ]  GET https://api.github.com/repos/rrousselGit/riverpod/pulls?state=closed&per_page=100
2026-09-04T01:38:15.174Z  [API  ]  GET https://api.github.com/repos/rrousselGit/riverpod/issues?state=open&sort=comments&direction=desc&per_page=50
2026-09-04T01:38:15.174Z  [API  ]  GET https://api.github.com/repos/rrousselGit/riverpod/pulls?state=open&per_page=100
2026-09-04T01:38:15.390Z  [API  ]  200 OK (1381ms)
2026-09-04T01:38:15.660Z  [API  ]  200 OK (1640ms)
2026-09-04T01:38:15.710Z  [API  ]  200 OK (1388ms)
2026-09-04T01:38:15.710Z  [API  ]  200 OK (1388ms)
2026-09-04T01:38:15.710Z  [API  ]  200 OK (1388ms)
2026-09-04T01:38:15.710Z  [API  ]  200 OK (1388ms)
2026-09-04T01:38:15.710Z  [API  ]  200 OK (1388ms)
2026-09-04T01:38:15.986Z  [CACHE]  MISS gh.saropa.saropa_lints
2026-09-04T01:38:15.986Z  [API  ]  GET https://api.github.com/repos/saropa/saropa_lints
2026-09-04T01:38:15.986Z  [API  ]  GET https://api.github.com/repos/saropa/saropa_lints/issues?state=closed&since=2026-06-06T01:38:15.986Z&per_page=100
2026-09-04T01:38:15.986Z  [API  ]  GET https://api.github.com/repos/saropa/saropa_lints/pulls?state=closed&per_page=100
2026-09-04T01:38:15.986Z  [API  ]  GET https://api.github.com/repos/saropa/saropa_lints/issues?state=open&sort=comments&direction=desc&per_page=50
2026-09-04T01:38:15.986Z  [API  ]  GET https://api.github.com/repos/saropa/saropa_lints/pulls?state=open&per_page=100
2026-09-04T01:38:16.317Z  [CACHE]  HIT  gh.flutter.packages
2026-09-04T01:38:16.317Z  [CACHE]  MISS pub.archiveSize.vector_graphics
2026-09-04T01:38:16.321Z  [API  ]  HEAD https://pub.dev/api/archives/vector_graphics-1.2.3.tar.gz
2026-09-04T01:38:16.324Z  [CACHE]  MISS pub.tarball.4gehet
2026-09-04T01:38:16.324Z  [API  ]  GET https://pub.dev/api/archives/vector_graphics-1.2.3.tar.gz
2026-09-04T01:38:16.437Z  [API  ]  200 OK (116ms)
2026-09-04T01:38:16.438Z  [API  ]  200 OK (114ms)
2026-09-04T01:38:16.562Z  [CACHE]  MISS pub.archiveSize.lottie
2026-09-04T01:38:16.565Z  [API  ]  HEAD https://pub.dev/api/archives/lottie-3.5.1.tar.gz
2026-09-04T01:38:16.568Z  [CACHE]  MISS pub.tarball.4owc4s
2026-09-04T01:38:16.568Z  [API  ]  GET https://pub.dev/api/archives/lottie-3.5.1.tar.gz
2026-09-04T01:38:16.646Z  [API  ]  200 OK (660ms)
2026-09-04T01:38:16.646Z  [API  ]  200 OK (660ms)
2026-09-04T01:38:16.646Z  [API  ]  200 OK (660ms)
2026-09-04T01:38:16.646Z  [API  ]  200 OK (660ms)
2026-09-04T01:38:16.646Z  [API  ]  200 OK (660ms)
2026-09-04T01:38:16.658Z  [API  ]  200 OK (90ms)
2026-09-04T01:38:16.770Z  [API  ]  200 OK (1928ms)
2026-09-04T01:38:16.825Z  [API  ]  200 OK (1651ms)
2026-09-04T01:38:16.825Z  [API  ]  200 OK (1651ms)
2026-09-04T01:38:16.825Z  [API  ]  200 OK (1651ms)
2026-09-04T01:38:16.825Z  [API  ]  200 OK (1651ms)
2026-09-04T01:38:16.825Z  [API  ]  200 OK (1651ms)
2026-09-04T01:38:16.829Z  [CACHE]  MISS pub.archiveSize.saropa_lints
2026-09-04T01:38:16.832Z  [API  ]  HEAD https://pub.dev/api/archives/saropa_lints-15.2.12.tar.gz
2026-09-04T01:38:16.835Z  [CACHE]  MISS pub.tarball.3i5zpw
2026-09-04T01:38:16.835Z  [API  ]  GET https://pub.dev/api/archives/saropa_lints-15.2.12.tar.gz
2026-09-04T01:38:16.860Z  [SCORE]  vector_graphics → 64.1 (stable) [rv=50 eg=50 pop=96.875 pt=-5 pq=9.375]
2026-09-04T01:38:16.860Z  [INFO ]  [13/13] vector_graphics_compiler
2026-09-04T01:38:16.860Z  [CACHE]  MISS pub.info.vector_graphics_compiler
2026-09-04T01:38:16.860Z  [API  ]  GET https://pub.dev/api/packages/vector_graphics_compiler
2026-09-04T01:38:16.864Z  [CACHE]  MISS pub.metrics.vector_graphics_compiler
2026-09-04T01:38:16.864Z  [API  ]  GET https://pub.dev/api/packages/vector_graphics_compiler/metrics
2026-09-04T01:38:16.866Z  [API  ]  GET https://pub.dev/api/packages/vector_graphics_compiler/score
2026-09-04T01:38:16.869Z  [CACHE]  HIT  pub.publisher.vector_graphics_compiler
2026-09-04T01:38:16.869Z  [CACHE]  MISS pub.reverseDeps.vector_graphics_compiler
2026-09-04T01:38:16.869Z  [API  ]  GET https://pub.dev/packages?q=dependency%3Avector_graphics_compiler
2026-09-04T01:38:17.006Z  [API  ]  200 OK (441ms)
2026-09-04T01:38:17.112Z  [SCORE]  lottie → 63.2 (stable) [rv=52.5 eg=57.77777777777778 pop=62.95 pt=-5 pq=10]
2026-09-04T01:38:17.211Z  [API  ]  200 OK (379ms)
2026-09-04T01:38:17.243Z  [API  ]  200 OK (383ms)
2026-09-04T01:38:17.266Z  [API  ]  200 OK (400ms)
2026-09-04T01:38:17.285Z  [SCORE]  flutter_riverpod → 85.6 (vibrant) [rv=98.5 eg=68 pop=93.75 pt=-5 pq=8.75]
2026-09-04T01:38:17.398Z  [API  ]  200 OK (529ms)
2026-09-04T01:38:17.461Z  [API  ]  200 OK (597ms)
2026-09-04T01:38:17.800Z  [CACHE]  HIT  gh.flutter.packages
2026-09-04T01:38:17.800Z  [CACHE]  MISS pub.archiveSize.vector_graphics_compiler
2026-09-04T01:38:17.803Z  [API  ]  HEAD https://pub.dev/api/archives/vector_graphics_compiler-1.3.0.tar.gz
2026-09-04T01:38:17.805Z  [CACHE]  MISS pub.tarball.wvjh21
2026-09-04T01:38:17.805Z  [API  ]  GET https://pub.dev/api/archives/vector_graphics_compiler-1.3.0.tar.gz
2026-09-04T01:38:18.023Z  [API  ]  200 OK (1188ms)
2026-09-04T01:38:18.270Z  [CACHE]  MISS pub.archiveSize.riverpod
2026-09-04T01:38:18.273Z  [API  ]  HEAD https://pub.dev/api/archives/riverpod-3.4.3.tar.gz
2026-09-04T01:38:18.276Z  [CACHE]  MISS pub.tarball.nzfdv5
2026-09-04T01:38:18.276Z  [API  ]  GET https://pub.dev/api/archives/riverpod-3.4.3.tar.gz
2026-09-04T01:38:18.391Z  [API  ]  200 OK (588ms)
2026-09-04T01:38:18.391Z  [API  ]  200 OK (586ms)
2026-09-04T01:38:18.419Z  [API  ]  200 OK (143ms)
2026-09-04T01:38:18.425Z  [API  ]  200 OK (152ms)
2026-09-04T01:38:22.070Z  [SCORE]  vector_graphics_compiler → 61.6 (stable) [rv=50 eg=50 pop=96.875 pt=-5 pq=9.375]
2026-09-04T01:38:34.513Z  [SCORE]  cupertino_icons → 62.5 (stable) [rv=50 eg=50 pop=100 pt=-5 pq=10]
2026-09-04T01:38:36.524Z  [SCORE]  riverpod → 87.5 (vibrant) [rv=98.5 eg=68 pop=100 pt=-5 pq=10]
2026-09-04T01:38:37.188Z  [SCORE]  saropa_lints → 71.3 (vibrant) [rv=66 eg=60.5 pop=46.955 pt=-5 pq=9.375]
2026-09-04T01:38:39.592Z  [ERROR]  Blocker analysis skipped — CLI commands failed — pub outdated: Command failed: dart pub outdated --json --transitive
Cannot specify both `--json` and `--transitive`
The json report always includes transitive dependencies.

Usage: dart pub outdated [options]
-h, --help                         Print this usage information.
    --[no-]dependency-overrides    Show resolutions with `dependency_overrides`.
                                   (defaults to on)
    --[no-]dev-dependencies        Take dev dependencies into account.
                                   (defaults to on)
    --json                         Output the results using a json format.
    --[no-]prereleases             Include prereleases in latest version.
    --[no-]show-all                Include dependencies that are already
                                   fulfilling --mode.
    --[no-]transitive              Show transitive dependencies.
                                   (defaults to on)
-C, --directory=<dir>              Run this in the directory <dir>.

Run "dart help" to see global options.
See https://dart.dev/tools/pub/cmd/pub-outdated for detailed documentation.

2026-09-04T01:38:40.232Z  [CACHE]  MISS pub.archiveSize.async
2026-09-04T01:38:40.232Z  [API  ]  GET https://pub.dev/api/packages/async
2026-09-04T01:38:40.234Z  [CACHE]  MISS pub.archiveSize.collection
2026-09-04T01:38:40.234Z  [API  ]  GET https://pub.dev/api/packages/collection
2026-09-04T01:38:40.236Z  [CACHE]  MISS pub.archiveSize.meta
2026-09-04T01:38:40.236Z  [API  ]  GET https://pub.dev/api/packages/meta
2026-09-04T01:38:40.238Z  [CACHE]  MISS pub.archiveSize.http_parser
2026-09-04T01:38:40.238Z  [API  ]  GET https://pub.dev/api/packages/http_parser
2026-09-04T01:38:40.240Z  [CACHE]  MISS pub.archiveSize.source_span
2026-09-04T01:38:40.240Z  [API  ]  GET https://pub.dev/api/packages/source_span
2026-09-04T01:38:40.242Z  [CACHE]  MISS pub.archiveSize.path
2026-09-04T01:38:40.242Z  [API  ]  GET https://pub.dev/api/packages/path
2026-09-04T01:38:40.244Z  [CACHE]  MISS pub.archiveSize.term_glyph
2026-09-04T01:38:40.244Z  [API  ]  GET https://pub.dev/api/packages/term_glyph
2026-09-04T01:38:40.246Z  [CACHE]  MISS pub.archiveSize.string_scanner
2026-09-04T01:38:40.246Z  [API  ]  GET https://pub.dev/api/packages/string_scanner
2026-09-04T01:38:40.248Z  [CACHE]  MISS pub.archiveSize.typed_data
2026-09-04T01:38:40.248Z  [API  ]  GET https://pub.dev/api/packages/typed_data
2026-09-04T01:38:40.250Z  [CACHE]  MISS pub.archiveSize.mime
2026-09-04T01:38:40.250Z  [API  ]  GET https://pub.dev/api/packages/mime
2026-09-04T01:38:40.253Z  [CACHE]  MISS pub.archiveSize.dio_web_adapter
2026-09-04T01:38:40.253Z  [API  ]  GET https://pub.dev/api/packages/dio_web_adapter
2026-09-04T01:38:40.255Z  [CACHE]  MISS pub.archiveSize.web
2026-09-04T01:38:40.255Z  [API  ]  GET https://pub.dev/api/packages/web
2026-09-04T01:38:40.256Z  [CACHE]  MISS pub.archiveSize.flutter
2026-09-04T01:38:40.256Z  [API  ]  GET https://pub.dev/api/packages/flutter
2026-09-04T01:38:40.258Z  [CACHE]  MISS pub.archiveSize.characters
2026-09-04T01:38:40.258Z  [API  ]  GET https://pub.dev/api/packages/characters
2026-09-04T01:38:40.260Z  [CACHE]  MISS pub.archiveSize.material_color_utilities
2026-09-04T01:38:40.260Z  [API  ]  GET https://pub.dev/api/packages/material_color_utilities
2026-09-04T01:38:40.262Z  [CACHE]  MISS pub.archiveSize.vector_math
2026-09-04T01:38:40.262Z  [API  ]  GET https://pub.dev/api/packages/vector_math
2026-09-04T01:38:40.266Z  [CACHE]  MISS pub.archiveSize.sky_engine
2026-09-04T01:38:40.266Z  [API  ]  GET https://pub.dev/api/packages/sky_engine
2026-09-04T01:38:40.270Z  [CACHE]  MISS pub.archiveSize.flutter_web_plugins
2026-09-04T01:38:40.270Z  [API  ]  GET https://pub.dev/api/packages/flutter_web_plugins
2026-09-04T01:38:40.273Z  [CACHE]  MISS pub.archiveSize.plugin_platform_interface
2026-09-04T01:38:40.273Z  [API  ]  GET https://pub.dev/api/packages/plugin_platform_interface
2026-09-04T01:38:40.276Z  [CACHE]  MISS pub.archiveSize.ffi
2026-09-04T01:38:40.276Z  [API  ]  GET https://pub.dev/api/packages/ffi
2026-09-04T01:38:40.278Z  [CACHE]  MISS pub.archiveSize.path_drawing
2026-09-04T01:38:40.278Z  [API  ]  GET https://pub.dev/api/packages/path_drawing
2026-09-04T01:38:40.280Z  [CACHE]  MISS pub.archiveSize.path_parsing
2026-09-04T01:38:40.280Z  [API  ]  GET https://pub.dev/api/packages/path_parsing
2026-09-04T01:38:40.282Z  [CACHE]  MISS pub.archiveSize.args
2026-09-04T01:38:40.282Z  [API  ]  GET https://pub.dev/api/packages/args
2026-09-04T01:38:40.284Z  [CACHE]  MISS pub.archiveSize.checked_yaml
2026-09-04T01:38:40.284Z  [API  ]  GET https://pub.dev/api/packages/checked_yaml
2026-09-04T01:38:40.286Z  [CACHE]  MISS pub.archiveSize.json_annotation
2026-09-04T01:38:40.286Z  [API  ]  GET https://pub.dev/api/packages/json_annotation
2026-09-04T01:38:40.289Z  [CACHE]  MISS pub.archiveSize.yaml
2026-09-04T01:38:40.289Z  [API  ]  GET https://pub.dev/api/packages/yaml
2026-09-04T01:38:40.291Z  [CACHE]  MISS pub.archiveSize.cli_util
2026-09-04T01:38:40.291Z  [API  ]  GET https://pub.dev/api/packages/cli_util
2026-09-04T01:38:40.293Z  [CACHE]  MISS pub.archiveSize.image
2026-09-04T01:38:40.293Z  [API  ]  GET https://pub.dev/api/packages/image
2026-09-04T01:38:40.295Z  [CACHE]  MISS pub.archiveSize.archive
2026-09-04T01:38:40.295Z  [API  ]  GET https://pub.dev/api/packages/archive
2026-09-04T01:38:40.297Z  [CACHE]  MISS pub.archiveSize.posix
2026-09-04T01:38:40.297Z  [API  ]  GET https://pub.dev/api/packages/posix
2026-09-04T01:38:40.298Z  [CACHE]  MISS pub.archiveSize.lints
2026-09-04T01:38:40.298Z  [API  ]  GET https://pub.dev/api/packages/lints
2026-09-04T01:38:40.300Z  [CACHE]  MISS pub.archiveSize.flutter_test
2026-09-04T01:38:40.300Z  [API  ]  GET https://pub.dev/api/packages/flutter_test
2026-09-04T01:38:40.302Z  [CACHE]  MISS pub.archiveSize.test_api
2026-09-04T01:38:40.302Z  [API  ]  GET https://pub.dev/api/packages/test_api
2026-09-04T01:38:40.304Z  [CACHE]  MISS pub.archiveSize.boolean_selector
2026-09-04T01:38:40.304Z  [API  ]  GET https://pub.dev/api/packages/boolean_selector
2026-09-04T01:38:40.305Z  [CACHE]  MISS pub.archiveSize.stack_trace
2026-09-04T01:38:40.305Z  [API  ]  GET https://pub.dev/api/packages/stack_trace
2026-09-04T01:38:40.307Z  [CACHE]  MISS pub.archiveSize.stream_channel
2026-09-04T01:38:40.307Z  [API  ]  GET https://pub.dev/api/packages/stream_channel
2026-09-04T01:38:40.309Z  [CACHE]  MISS pub.archiveSize.matcher
2026-09-04T01:38:40.309Z  [API  ]  GET https://pub.dev/api/packages/matcher
2026-09-04T01:38:40.311Z  [CACHE]  MISS pub.archiveSize.fake_async
2026-09-04T01:38:40.311Z  [API  ]  GET https://pub.dev/api/packages/fake_async
2026-09-04T01:38:40.315Z  [CACHE]  MISS pub.archiveSize.clock
2026-09-04T01:38:40.315Z  [API  ]  GET https://pub.dev/api/packages/clock
2026-09-04T01:38:40.318Z  [CACHE]  MISS pub.archiveSize.leak_tracker_flutter_testing
2026-09-04T01:38:40.318Z  [API  ]  GET https://pub.dev/api/packages/leak_tracker_flutter_testing
2026-09-04T01:38:40.321Z  [CACHE]  MISS pub.archiveSize.leak_tracker
2026-09-04T01:38:40.321Z  [API  ]  GET https://pub.dev/api/packages/leak_tracker
2026-09-04T01:38:40.324Z  [CACHE]  MISS pub.archiveSize.vm_service
2026-09-04T01:38:40.324Z  [API  ]  GET https://pub.dev/api/packages/vm_service
2026-09-04T01:38:40.328Z  [CACHE]  MISS pub.archiveSize.leak_tracker_testing
2026-09-04T01:38:40.329Z  [API  ]  GET https://pub.dev/api/packages/leak_tracker_testing
2026-09-04T01:38:40.330Z  [CACHE]  MISS pub.archiveSize.listen
2026-09-04T01:38:40.330Z  [API  ]  GET https://pub.dev/api/packages/listen
2026-09-04T01:38:40.332Z  [CACHE]  MISS pub.archiveSize.state_notifier
2026-09-04T01:38:40.332Z  [API  ]  GET https://pub.dev/api/packages/state_notifier
2026-09-04T01:38:40.334Z  [CACHE]  MISS pub.archiveSize.test
2026-09-04T01:38:40.334Z  [API  ]  GET https://pub.dev/api/packages/test
2026-09-04T01:38:40.336Z  [CACHE]  MISS pub.archiveSize.analyzer
2026-09-04T01:38:40.336Z  [API  ]  GET https://pub.dev/api/packages/analyzer
2026-09-04T01:38:40.338Z  [CACHE]  MISS pub.archiveSize._fe_analyzer_shared
2026-09-04T01:38:40.338Z  [API  ]  GET https://pub.dev/api/packages/_fe_analyzer_shared
2026-09-04T01:38:40.339Z  [CACHE]  MISS pub.archiveSize.convert
2026-09-04T01:38:40.339Z  [API  ]  GET https://pub.dev/api/packages/convert
2026-09-04T01:38:40.341Z  [CACHE]  MISS pub.archiveSize.crypto
2026-09-04T01:38:40.341Z  [API  ]  GET https://pub.dev/api/packages/crypto
2026-09-04T01:38:40.343Z  [CACHE]  MISS pub.archiveSize.glob
2026-09-04T01:38:40.343Z  [API  ]  GET https://pub.dev/api/packages/glob
2026-09-04T01:38:40.344Z  [CACHE]  MISS pub.archiveSize.file
2026-09-04T01:38:40.345Z  [API  ]  GET https://pub.dev/api/packages/file
2026-09-04T01:38:40.346Z  [CACHE]  MISS pub.archiveSize.package_config
2026-09-04T01:38:40.346Z  [API  ]  GET https://pub.dev/api/packages/package_config
2026-09-04T01:38:40.348Z  [CACHE]  MISS pub.archiveSize.pub_semver
2026-09-04T01:38:40.348Z  [API  ]  GET https://pub.dev/api/packages/pub_semver
2026-09-04T01:38:40.349Z  [CACHE]  MISS pub.archiveSize.watcher
2026-09-04T01:38:40.349Z  [API  ]  GET https://pub.dev/api/packages/watcher
2026-09-04T01:38:40.351Z  [CACHE]  MISS pub.archiveSize.coverage
2026-09-04T01:38:40.351Z  [API  ]  GET https://pub.dev/api/packages/coverage
2026-09-04T01:38:40.352Z  [CACHE]  MISS pub.archiveSize.cli_config
2026-09-04T01:38:40.352Z  [API  ]  GET https://pub.dev/api/packages/cli_config
2026-09-04T01:38:40.354Z  [CACHE]  MISS pub.archiveSize.logging
2026-09-04T01:38:40.354Z  [API  ]  GET https://pub.dev/api/packages/logging
2026-09-04T01:38:40.356Z  [CACHE]  MISS pub.archiveSize.source_maps
2026-09-04T01:38:40.356Z  [API  ]  GET https://pub.dev/api/packages/source_maps
2026-09-04T01:38:40.358Z  [CACHE]  MISS pub.archiveSize.http_multi_server
2026-09-04T01:38:40.358Z  [API  ]  GET https://pub.dev/api/packages/http_multi_server
2026-09-04T01:38:40.359Z  [CACHE]  MISS pub.archiveSize.io
2026-09-04T01:38:40.359Z  [API  ]  GET https://pub.dev/api/packages/io
2026-09-04T01:38:40.362Z  [CACHE]  MISS pub.archiveSize.node_preamble
2026-09-04T01:38:40.362Z  [API  ]  GET https://pub.dev/api/packages/node_preamble
2026-09-04T01:38:40.365Z  [CACHE]  MISS pub.archiveSize.pool
2026-09-04T01:38:40.365Z  [API  ]  GET https://pub.dev/api/packages/pool
2026-09-04T01:38:40.368Z  [CACHE]  MISS pub.archiveSize.shelf
2026-09-04T01:38:40.368Z  [API  ]  GET https://pub.dev/api/packages/shelf
2026-09-04T01:38:40.371Z  [CACHE]  MISS pub.archiveSize.shelf_packages_handler
2026-09-04T01:38:40.371Z  [API  ]  GET https://pub.dev/api/packages/shelf_packages_handler
2026-09-04T01:38:40.375Z  [CACHE]  MISS pub.archiveSize.shelf_static
2026-09-04T01:38:40.375Z  [API  ]  GET https://pub.dev/api/packages/shelf_static
2026-09-04T01:38:40.377Z  [CACHE]  MISS pub.archiveSize.shelf_web_socket
2026-09-04T01:38:40.377Z  [API  ]  GET https://pub.dev/api/packages/shelf_web_socket
2026-09-04T01:38:40.379Z  [CACHE]  MISS pub.archiveSize.web_socket_channel
2026-09-04T01:38:40.379Z  [API  ]  GET https://pub.dev/api/packages/web_socket_channel
2026-09-04T01:38:40.380Z  [CACHE]  MISS pub.archiveSize.web_socket
2026-09-04T01:38:40.380Z  [API  ]  GET https://pub.dev/api/packages/web_socket
2026-09-04T01:38:40.382Z  [CACHE]  MISS pub.archiveSize.test_core
2026-09-04T01:38:40.382Z  [API  ]  GET https://pub.dev/api/packages/test_core
2026-09-04T01:38:40.383Z  [CACHE]  MISS pub.archiveSize.frontend_server_client
2026-09-04T01:38:40.384Z  [API  ]  GET https://pub.dev/api/packages/frontend_server_client
2026-09-04T01:38:40.385Z  [CACHE]  MISS pub.archiveSize.source_map_stack_trace
2026-09-04T01:38:40.385Z  [API  ]  GET https://pub.dev/api/packages/source_map_stack_trace
2026-09-04T01:38:40.387Z  [CACHE]  MISS pub.archiveSize.webkit_inspection_protocol
2026-09-04T01:38:40.387Z  [API  ]  GET https://pub.dev/api/packages/webkit_inspection_protocol
2026-09-04T01:38:40.389Z  [CACHE]  MISS pub.archiveSize.uuid
2026-09-04T01:38:40.389Z  [API  ]  GET https://pub.dev/api/packages/uuid
2026-09-04T01:38:40.390Z  [CACHE]  MISS pub.archiveSize.fixnum
2026-09-04T01:38:40.390Z  [API  ]  GET https://pub.dev/api/packages/fixnum
2026-09-04T01:38:40.392Z  [CACHE]  MISS pub.archiveSize.cupertino_ui
2026-09-04T01:38:40.392Z  [API  ]  GET https://pub.dev/api/packages/cupertino_ui
2026-09-04T01:38:40.394Z  [CACHE]  MISS pub.archiveSize.flutter_localizations
2026-09-04T01:38:40.394Z  [API  ]  GET https://pub.dev/api/packages/flutter_localizations
2026-09-04T01:38:40.395Z  [CACHE]  MISS pub.archiveSize.intl
2026-09-04T01:38:40.395Z  [API  ]  GET https://pub.dev/api/packages/intl
2026-09-04T01:38:40.397Z  [CACHE]  MISS pub.archiveSize.material_ui
2026-09-04T01:38:40.397Z  [API  ]  GET https://pub.dev/api/packages/material_ui
2026-09-04T01:38:40.399Z  [CACHE]  MISS pub.archiveSize.http
2026-09-04T01:38:40.399Z  [API  ]  GET https://pub.dev/api/packages/http
2026-09-04T01:38:40.400Z  [CACHE]  MISS pub.archiveSize.analysis_server_plugin
2026-09-04T01:38:40.400Z  [API  ]  GET https://pub.dev/api/packages/analysis_server_plugin
2026-09-04T01:38:40.402Z  [CACHE]  MISS pub.archiveSize.analyzer_plugin
2026-09-04T01:38:40.402Z  [API  ]  GET https://pub.dev/api/packages/analyzer_plugin
2026-09-04T01:38:40.404Z  [CACHE]  MISS pub.archiveSize.dart_style
2026-09-04T01:38:40.404Z  [API  ]  GET https://pub.dev/api/packages/dart_style
2026-09-04T01:38:40.406Z  [CACHE]  MISS pub.archiveSize.yaml_edit
2026-09-04T01:38:40.406Z  [API  ]  GET https://pub.dev/api/packages/yaml_edit
2026-09-04T01:38:40.408Z  [CACHE]  MISS pub.archiveSize.vector_graphics_codec
2026-09-04T01:38:40.408Z  [API  ]  GET https://pub.dev/api/packages/vector_graphics_codec
2026-09-04T01:38:40.409Z  [CACHE]  MISS pub.archiveSize.xml
2026-09-04T01:38:40.409Z  [API  ]  GET https://pub.dev/api/packages/xml
2026-09-04T01:38:40.415Z  [CACHE]  MISS pub.archiveSize.petitparser
2026-09-04T01:38:40.415Z  [API  ]  GET https://pub.dev/api/packages/petitparser
2026-09-04T01:38:41.651Z  [API  ]  200 OK (1415ms)
2026-09-04T01:38:41.715Z  [API  ]  HEAD https://pub.dev/api/archives/meta-1.19.0.tar.gz
2026-09-04T01:38:41.842Z  [API  ]  200 OK (127ms)
2026-09-04T01:38:41.991Z  [API  ]  200 OK (1635ms)
2026-09-04T01:38:41.993Z  [API  ]  HEAD https://pub.dev/api/archives/source_maps-0.10.14.tar.gz
2026-09-04T01:38:42.007Z  [API  ]  200 OK (1686ms)
2026-09-04T01:38:42.009Z  [API  ]  200 OK (1655ms)
2026-09-04T01:38:42.010Z  [API  ]  200 OK (1766ms)
2026-09-04T01:38:42.011Z  [API  ]  HEAD https://pub.dev/api/archives/term_glyph-1.2.2.tar.gz
2026-09-04T01:38:42.017Z  [API  ]  HEAD https://pub.dev/api/archives/leak_tracker-11.0.2.tar.gz
2026-09-04T01:38:42.021Z  [API  ]  HEAD https://pub.dev/api/archives/logging-1.3.0.tar.gz
2026-09-04T01:38:42.028Z  [API  ]  200 OK (1685ms)
2026-09-04T01:38:42.028Z  [API  ]  HEAD https://pub.dev/api/archives/glob-2.2.0.tar.gz
2026-09-04T01:38:42.032Z  [API  ]  200 OK (1667ms)
2026-09-04T01:38:42.032Z  [API  ]  HEAD https://pub.dev/api/archives/pool-1.5.3.tar.gz
2026-09-04T01:38:42.035Z  [API  ]  404 Not Found (1735ms)
2026-09-04T01:38:42.042Z  [API  ]  200 OK (1800ms)
2026-09-04T01:38:42.052Z  [API  ]  200 OK (41ms)
2026-09-04T01:38:42.052Z  [API  ]  200 OK (1790ms)
2026-09-04T01:38:42.064Z  [API  ]  200 OK (1808ms)
2026-09-04T01:38:42.065Z  [API  ]  200 OK (48ms)
2026-09-04T01:38:42.066Z  [API  ]  200 OK (45ms)
2026-09-04T01:38:42.080Z  [API  ]  200 OK (1796ms)
2026-09-04T01:38:42.080Z  [API  ]  200 OK (48ms)
2026-09-04T01:38:42.081Z  [API  ]  200 OK (53ms)
2026-09-04T01:38:42.081Z  [API  ]  200 OK (1821ms)
2026-09-04T01:38:42.101Z  [API  ]  200 OK (1752ms)
2026-09-04T01:38:42.102Z  [API  ]  200 OK (1713ms)
2026-09-04T01:38:42.103Z  [API  ]  200 OK (1827ms)
2026-09-04T01:38:42.103Z  [API  ]  200 OK (1704ms)
2026-09-04T01:38:42.104Z  [API  ]  200 OK (1789ms)
2026-09-04T01:38:42.104Z  [API  ]  200 OK (1797ms)
2026-09-04T01:38:42.105Z  [API  ]  200 OK (1832ms)
2026-09-04T01:38:42.105Z  [API  ]  200 OK (1697ms)
2026-09-04T01:38:42.106Z  [API  ]  HEAD https://pub.dev/api/archives/flutter-0.0.20.tar.gz
2026-09-04T01:38:42.128Z  [API  ]  200 OK (1787ms)
2026-09-04T01:38:42.131Z  [API  ]  200 OK (1751ms)
2026-09-04T01:38:42.131Z  [API  ]  200 OK (1744ms)
2026-09-04T01:38:42.132Z  [API  ]  200 OK (1761ms)
2026-09-04T01:38:42.132Z  [API  ]  200 OK (1793ms)
2026-09-04T01:38:42.143Z  [API  ]  200 OK (1903ms)
2026-09-04T01:38:42.144Z  [API  ]  HEAD https://pub.dev/api/archives/checked_yaml-2.0.4.tar.gz
2026-09-04T01:38:42.149Z  [API  ]  200 OK (1896ms)
2026-09-04T01:38:42.150Z  [API  ]  200 OK (1768ms)
2026-09-04T01:38:42.150Z  [API  ]  200 OK (1832ms)
2026-09-04T01:38:42.151Z  [API  ]  200 OK (1862ms)
2026-09-04T01:38:42.152Z  [API  ]  200 OK (1806ms)
2026-09-04T01:38:42.152Z  [API  ]  200 OK (1848ms)
2026-09-04T01:38:42.153Z  [API  ]  200 OK (1871ms)
2026-09-04T01:38:42.154Z  [API  ]  200 OK (1920ms)
2026-09-04T01:38:42.154Z  [API  ]  200 OK (1750ms)
2026-09-04T01:38:42.155Z  [API  ]  404 Not Found (1761ms)
2026-09-04T01:38:42.155Z  [API  ]  404 Not Found (1885ms)
2026-09-04T01:38:42.155Z  [API  ]  200 OK (1905ms)
2026-09-04T01:38:42.156Z  [API  ]  200 OK (1756ms)
2026-09-04T01:38:42.157Z  [API  ]  200 OK (1866ms)
2026-09-04T01:38:42.157Z  [API  ]  200 OK (1772ms)
2026-09-04T01:38:42.158Z  [API  ]  200 OK (1912ms)
2026-09-04T01:38:42.158Z  [API  ]  200 OK (1779ms)
2026-09-04T01:38:42.159Z  [API  ]  200 OK (1921ms)
2026-09-04T01:38:42.159Z  [API  ]  200 OK (1857ms)
2026-09-04T01:38:42.160Z  [API  ]  200 OK (1849ms)
2026-09-04T01:38:42.161Z  [API  ]  200 OK (1856ms)
2026-09-04T01:38:42.162Z  [API  ]  HEAD https://pub.dev/api/archives/vector_math-2.4.2.tar.gz
2026-09-04T01:38:42.168Z  [API  ]  HEAD https://pub.dev/api/archives/clock-1.1.3.tar.gz
2026-09-04T01:38:42.176Z  [API  ]  200 OK (1781ms)
2026-09-04T01:38:42.177Z  [API  ]  200 OK (1787ms)
2026-09-04T01:38:42.178Z  [API  ]  200 OK (1898ms)
2026-09-04T01:38:42.178Z  [API  ]  200 OK (1833ms)
2026-09-04T01:38:42.179Z  [API  ]  200 OK (1821ms)
2026-09-04T01:38:42.179Z  [API  ]  200 OK (1881ms)
2026-09-04T01:38:42.180Z  [API  ]  200 OK (1846ms)
2026-09-04T01:38:42.192Z  [API  ]  200 OK (1844ms)
2026-09-04T01:38:42.193Z  [API  ]  HEAD https://pub.dev/api/archives/material_color_utilities-0.13.1.tar.gz
2026-09-04T01:38:42.197Z  [API  ]  HEAD https://pub.dev/api/archives/plugin_platform_interface-2.1.8.tar.gz
2026-09-04T01:38:42.200Z  [API  ]  HEAD https://pub.dev/api/archives/web_socket-1.0.1.tar.gz
2026-09-04T01:38:42.204Z  [API  ]  HEAD https://pub.dev/api/archives/shelf_packages_handler-3.0.2.tar.gz
2026-09-04T01:38:42.207Z  [API  ]  HEAD https://pub.dev/api/archives/convert-3.1.2.tar.gz
2026-09-04T01:38:42.216Z  [API  ]  200 OK (1961ms)
2026-09-04T01:38:42.218Z  [API  ]  200 OK (1970ms)
2026-09-04T01:38:42.232Z  [API  ]  200 OK (1935ms)
2026-09-04T01:38:42.233Z  [API  ]  HEAD https://pub.dev/api/archives/ffi-2.2.0.tar.gz
2026-09-04T01:38:42.236Z  [API  ]  HEAD https://pub.dev/api/archives/stream_channel-2.1.4.tar.gz
2026-09-04T01:38:42.240Z  [API  ]  HEAD https://pub.dev/api/archives/vector_graphics_codec-1.1.13.tar.gz
2026-09-04T01:38:42.243Z  [API  ]  HEAD https://pub.dev/api/archives/dio_web_adapter-2.2.1.tar.gz
2026-09-04T01:38:42.251Z  [API  ]  HEAD https://pub.dev/api/archives/boolean_selector-2.1.2.tar.gz
2026-09-04T01:38:42.325Z  [API  ]  200 OK (181ms)
2026-09-04T01:38:42.325Z  [API  ]  200 OK (1933ms)
2026-09-04T01:38:42.327Z  [API  ]  200 OK (159ms)
2026-09-04T01:38:42.339Z  [API  ]  HEAD https://pub.dev/api/archives/cli_util-0.6.0.tar.gz
2026-09-04T01:38:42.352Z  [API  ]  HEAD https://pub.dev/api/archives/source_map_stack_trace-2.1.2.tar.gz
2026-09-04T01:38:42.355Z  [API  ]  HEAD https://pub.dev/api/archives/fake_async-1.3.3.tar.gz
2026-09-04T01:38:42.376Z  [API  ]  HEAD https://pub.dev/api/archives/path_parsing-1.1.0.tar.gz
2026-09-04T01:38:42.379Z  [API  ]  HEAD https://pub.dev/api/archives/lints-6.1.0.tar.gz
2026-09-04T01:38:42.383Z  [API  ]  HEAD https://pub.dev/api/archives/webkit_inspection_protocol-1.2.1.tar.gz
2026-09-04T01:38:42.386Z  [API  ]  HEAD https://pub.dev/api/archives/source_span-1.10.2.tar.gz
2026-09-04T01:38:42.388Z  [API  ]  HEAD https://pub.dev/api/archives/leak_tracker_flutter_testing-3.0.10.tar.gz
2026-09-04T01:38:42.391Z  [API  ]  HEAD https://pub.dev/api/archives/package_config-3.0.0.tar.gz
2026-09-04T01:38:42.396Z  [API  ]  HEAD https://pub.dev/api/archives/analysis_server_plugin-0.3.22.tar.gz
2026-09-04T01:38:42.401Z  [API  ]  HEAD https://pub.dev/api/archives/string_scanner-1.4.1.tar.gz
2026-09-04T01:38:42.406Z  [API  ]  HEAD https://pub.dev/api/archives/http_parser-4.1.2.tar.gz
2026-09-04T01:38:42.411Z  [API  ]  HEAD https://pub.dev/api/archives/http_multi_server-3.2.2.tar.gz
2026-09-04T01:38:42.419Z  [API  ]  HEAD https://pub.dev/api/archives/uuid-4.6.0.tar.gz
2026-09-04T01:38:42.424Z  [API  ]  HEAD https://pub.dev/api/archives/collection-1.19.1.tar.gz
2026-09-04T01:38:42.429Z  [API  ]  HEAD https://pub.dev/api/archives/web_socket_channel-3.0.3.tar.gz
2026-09-04T01:38:42.434Z  [API  ]  HEAD https://pub.dev/api/archives/pub_semver-2.2.1.tar.gz
2026-09-04T01:38:42.439Z  [API  ]  HEAD https://pub.dev/api/archives/web-1.1.1.tar.gz
2026-09-04T01:38:42.444Z  [API  ]  HEAD https://pub.dev/api/archives/typed_data-1.4.0.tar.gz
2026-09-04T01:38:42.448Z  [API  ]  HEAD https://pub.dev/api/archives/cupertino_ui-1.0.2.tar.gz
2026-09-04T01:38:42.474Z  [API  ]  HEAD https://pub.dev/api/archives/path-1.9.1.tar.gz
2026-09-04T01:38:42.479Z  [API  ]  HEAD https://pub.dev/api/archives/watcher-1.2.1.tar.gz
2026-09-04T01:38:42.484Z  [API  ]  HEAD https://pub.dev/api/archives/mime-2.1.0.tar.gz
2026-09-04T01:38:42.490Z  [API  ]  HEAD https://pub.dev/api/archives/fixnum-1.1.1.tar.gz
2026-09-04T01:38:42.514Z  [API  ]  HEAD https://pub.dev/api/archives/file-7.0.1.tar.gz
2026-09-04T01:38:42.519Z  [API  ]  HEAD https://pub.dev/api/archives/posix-6.5.2.tar.gz
2026-09-04T01:38:42.524Z  [API  ]  HEAD https://pub.dev/api/archives/crypto-3.0.7.tar.gz
2026-09-04T01:38:42.530Z  [API  ]  HEAD https://pub.dev/api/archives/yaml-3.1.4.tar.gz
2026-09-04T01:38:42.534Z  [API  ]  HEAD https://pub.dev/api/archives/test_api-0.7.14.tar.gz
2026-09-04T01:38:42.556Z  [API  ]  HEAD https://pub.dev/api/archives/http-1.6.0.tar.gz
2026-09-04T01:38:42.581Z  [API  ]  HEAD https://pub.dev/api/archives/stack_trace-1.12.2.tar.gz
2026-09-04T01:38:42.589Z  [API  ]  HEAD https://pub.dev/api/archives/args-2.7.0.tar.gz
2026-09-04T01:38:42.594Z  [API  ]  HEAD https://pub.dev/api/archives/dart_style-3.1.13.tar.gz
2026-09-04T01:38:42.602Z  [API  ]  HEAD https://pub.dev/api/archives/test_core-0.6.20.tar.gz
2026-09-04T01:38:42.607Z  [API  ]  HEAD https://pub.dev/api/archives/intl-0.20.3.tar.gz
2026-09-04T01:38:42.623Z  [API  ]  HEAD https://pub.dev/api/archives/test-1.32.0.tar.gz
2026-09-04T01:38:42.628Z  [API  ]  200 OK (2269ms)
2026-09-04T01:38:42.630Z  [API  ]  HEAD https://pub.dev/api/archives/io-1.1.0.tar.gz
2026-09-04T01:38:42.809Z  [API  ]  200 OK (2543ms)
2026-09-04T01:38:42.916Z  [API  ]  200 OK (2532ms)
2026-09-04T01:38:42.917Z  [API  ]  200 OK (2502ms)
2026-09-04T01:38:42.918Z  [API  ]  200 OK (2556ms)
2026-09-04T01:38:42.919Z  [API  ]  HEAD https://pub.dev/api/archives/frontend_server_client-4.0.0.tar.gz
2026-09-04T01:38:42.923Z  [API  ]  HEAD https://pub.dev/api/archives/node_preamble-2.0.2.tar.gz
2026-09-04T01:38:42.930Z  [API  ]  HEAD https://pub.dev/api/archives/petitparser-7.0.2.tar.gz
2026-09-04T01:38:43.143Z  [API  ]  200 OK (629ms)
2026-09-04T01:38:43.143Z  [API  ]  200 OK (946ms)
2026-09-04T01:38:43.144Z  [API  ]  200 OK (620ms)
2026-09-04T01:38:43.159Z  [API  ]  200 OK (2782ms)
2026-09-04T01:38:43.160Z  [API  ]  200 OK (953ms)
2026-09-04T01:38:43.162Z  [API  ]  200 OK (632ms)
2026-09-04T01:38:43.163Z  [API  ]  200 OK (787ms)
2026-09-04T01:38:43.164Z  [API  ]  200 OK (812ms)
2026-09-04T01:38:43.166Z  [API  ]  200 OK (2857ms)
2026-09-04T01:38:43.170Z  [API  ]  200 OK (774ms)
2026-09-04T01:38:43.172Z  [API  ]  200 OK (784ms)
2026-09-04T01:38:43.174Z  [API  ]  200 OK (655ms)
2026-09-04T01:38:43.175Z  [API  ]  200 OK (789ms)
2026-09-04T01:38:43.176Z  [API  ]  200 OK (2824ms)
2026-09-04T01:38:43.177Z  [API  ]  200 OK (2839ms)
2026-09-04T01:38:43.177Z  [API  ]  200 OK (794ms)
2026-09-04T01:38:43.178Z  [API  ]  200 OK (787ms)
2026-09-04T01:38:43.179Z  [API  ]  200 OK (2770ms)
2026-09-04T01:38:43.181Z  [API  ]  200 OK (600ms)
2026-09-04T01:38:43.182Z  [API  ]  200 OK (763ms)
2026-09-04T01:38:43.185Z  [API  ]  200 OK (779ms)
2026-09-04T01:38:43.187Z  [API  ]  200 OK (598ms)
2026-09-04T01:38:43.189Z  [API  ]  200 OK (765ms)
2026-09-04T01:38:43.190Z  [API  ]  200 OK (2897ms)
2026-09-04T01:38:43.209Z  [API  ]  200 OK (1005ms)
2026-09-04T01:38:43.210Z  [API  ]  200 OK (616ms)
2026-09-04T01:38:43.210Z  [API  ]  200 OK (831ms)
2026-09-04T01:38:43.211Z  [API  ]  200 OK (777ms)
2026-09-04T01:38:43.212Z  [API  ]  200 OK (610ms)
2026-09-04T01:38:43.214Z  [API  ]  200 OK (607ms)
2026-09-04T01:38:43.215Z  [API  ]  200 OK (786ms)
2026-09-04T01:38:43.217Z  [API  ]  200 OK (2866ms)
2026-09-04T01:38:43.221Z  [API  ]  200 OK (782ms)
2026-09-04T01:38:43.224Z  [API  ]  200 OK (2818ms)
2026-09-04T01:38:43.226Z  [API  ]  200 OK (782ms)
2026-09-04T01:38:43.227Z  [API  ]  200 OK (604ms)
2026-09-04T01:38:43.227Z  [API  ]  200 OK (1065ms)
2026-09-04T01:38:43.228Z  [API  ]  200 OK (1035ms)
2026-09-04T01:38:43.229Z  [API  ]  200 OK (818ms)
2026-09-04T01:38:43.244Z  [API  ]  200 OK (843ms)
2026-09-04T01:38:43.244Z  [API  ]  200 OK (1044ms)
2026-09-04T01:38:43.266Z  [API  ]  HEAD https://pub.dev/api/archives/cli_config-0.2.0.tar.gz
2026-09-04T01:38:43.290Z  [API  ]  HEAD https://pub.dev/api/archives/shelf_web_socket-3.0.0.tar.gz
2026-09-04T01:38:43.314Z  [API  ]  HEAD https://pub.dev/api/archives/yaml_edit-2.2.4.tar.gz
2026-09-04T01:38:43.380Z  [API  ]  HEAD https://pub.dev/api/archives/matcher-0.12.20.tar.gz
2026-09-04T01:38:43.397Z  [API  ]  200 OK (767ms)
2026-09-04T01:38:43.397Z  [API  ]  200 OK (923ms)
2026-09-04T01:38:43.431Z  [API  ]  200 OK (952ms)
2026-09-04T01:38:43.431Z  [API  ]  200 OK (1195ms)
2026-09-04T01:38:43.432Z  [API  ]  200 OK (948ms)
2026-09-04T01:38:43.529Z  [API  ]  200 OK (1296ms)
2026-09-04T01:38:43.543Z  [API  ]  HEAD https://pub.dev/api/archives/_fe_analyzer_shared-107.0.0.tar.gz
2026-09-04T01:38:43.567Z  [API  ]  200 OK (1324ms)
2026-09-04T01:38:43.568Z  [API  ]  200 OK (1328ms)
2026-09-04T01:38:43.569Z  [API  ]  200 OK (1318ms)
2026-09-04T01:38:43.599Z  [API  ]  HEAD https://pub.dev/api/archives/coverage-1.15.1.tar.gz
2026-09-04T01:38:43.989Z  [API  ]  200 OK (3592ms)
2026-09-04T01:38:43.992Z  [API  ]  200 OK (3668ms)
2026-09-04T01:38:43.992Z  [API  ]  200 OK (1073ms)
2026-09-04T01:38:43.993Z  [API  ]  200 OK (3664ms)
2026-09-04T01:38:44.000Z  [API  ]  200 OK (1077ms)
2026-09-04T01:38:44.004Z  [API  ]  200 OK (1074ms)
2026-09-04T01:38:44.004Z  [API  ]  200 OK (3674ms)
2026-09-04T01:38:44.005Z  [API  ]  200 OK (3719ms)
2026-09-04T01:38:44.036Z  [API  ]  200 OK (3741ms)
2026-09-04T01:38:44.112Z  [API  ]  HEAD https://pub.dev/api/archives/material_ui-1.1.1.tar.gz
2026-09-04T01:38:44.138Z  [API  ]  HEAD https://pub.dev/api/archives/leak_tracker_testing-3.0.2.tar.gz
2026-09-04T01:38:44.163Z  [API  ]  HEAD https://pub.dev/api/archives/listen-1.0.1.tar.gz
2026-09-04T01:38:44.190Z  [API  ]  200 OK (3858ms)
2026-09-04T01:38:44.191Z  [API  ]  200 OK (3823ms)
2026-09-04T01:38:44.193Z  [API  ]  200 OK (3857ms)
2026-09-04T01:38:44.194Z  [API  ]  HEAD https://pub.dev/api/archives/sky_engine-0.0.99.tar.gz
2026-09-04T01:38:44.223Z  [API  ]  200 OK (3848ms)
2026-09-04T01:38:44.226Z  [API  ]  HEAD https://pub.dev/api/archives/json_annotation-4.12.0.tar.gz
2026-09-04T01:38:44.232Z  [API  ]  200 OK (3830ms)
2026-09-04T01:38:44.233Z  [API  ]  200 OK (3975ms)
2026-09-04T01:38:44.235Z  [API  ]  200 OK (2242ms)
2026-09-04T01:38:44.235Z  [API  ]  HEAD https://pub.dev/api/archives/state_notifier-1.0.0.tar.gz
2026-09-04T01:38:44.280Z  [API  ]  200 OK (4048ms)
2026-09-04T01:38:44.281Z  [API  ]  200 OK (1791ms)
2026-09-04T01:38:44.283Z  [API  ]  200 OK (1835ms)
2026-09-04T01:38:44.284Z  [API  ]  200 OK (58ms)
2026-09-04T01:38:44.285Z  [API  ]  200 OK (1751ms)
2026-09-04T01:38:44.286Z  [API  ]  200 OK (1730ms)
2026-09-04T01:38:44.304Z  [API  ]  HEAD https://pub.dev/api/archives/characters-1.4.1.tar.gz
2026-09-04T01:38:44.307Z  [API  ]  HEAD https://pub.dev/api/archives/shelf_static-1.1.3.tar.gz
2026-09-04T01:38:44.335Z  [API  ]  HEAD https://pub.dev/api/archives/vm_service-15.3.0.tar.gz
2026-09-04T01:38:44.354Z  [API  ]  HEAD https://pub.dev/api/archives/image-4.9.2.tar.gz
2026-09-04T01:38:44.393Z  [API  ]  HEAD https://pub.dev/api/archives/archive-4.2.0.tar.gz
2026-09-04T01:38:44.412Z  [API  ]  200 OK (2057ms)
2026-09-04T01:38:44.413Z  [API  ]  200 OK (2074ms)
2026-09-04T01:38:44.415Z  [API  ]  200 OK (1101ms)
2026-09-04T01:38:44.417Z  [API  ]  200 OK (1151ms)
2026-09-04T01:38:44.419Z  [API  ]  200 OK (1129ms)
2026-09-04T01:38:44.423Z  [API  ]  200 OK (880ms)
2026-09-04T01:38:44.425Z  [API  ]  200 OK (826ms)
2026-09-04T01:38:44.427Z  [API  ]  200 OK (2321ms)
2026-09-04T01:38:44.427Z  [API  ]  200 OK (123ms)
2026-09-04T01:38:44.440Z  [API  ]  HEAD https://pub.dev/api/archives/xml-7.0.1.tar.gz
2026-09-04T01:38:44.457Z  [API  ]  HEAD https://pub.dev/api/archives/shelf-1.4.2.tar.gz
2026-09-04T01:38:44.480Z  [API  ]  HEAD https://pub.dev/api/archives/analyzer_plugin-0.14.16.tar.gz
2026-09-04T01:38:44.498Z  [API  ]  200 OK (335ms)
2026-09-04T01:38:44.527Z  [API  ]  200 OK (415ms)
2026-09-04T01:38:44.528Z  [API  ]  200 OK (390ms)
2026-09-04T01:38:44.539Z  [API  ]  HEAD https://pub.dev/api/archives/async-2.13.1.tar.gz
2026-09-04T01:38:44.552Z  [API  ]  200 OK (317ms)
2026-09-04T01:38:44.589Z  [API  ]  HEAD https://pub.dev/api/archives/analyzer-14.3.0.tar.gz
2026-09-04T01:38:44.616Z  [API  ]  200 OK (281ms)
2026-09-04T01:38:44.618Z  [API  ]  200 OK (424ms)
2026-09-04T01:38:44.692Z  [API  ]  200 OK (385ms)
2026-09-04T01:38:44.692Z  [API  ]  200 OK (338ms)
2026-09-04T01:38:44.704Z  [API  ]  200 OK (311ms)
2026-09-04T01:38:44.788Z  [API  ]  200 OK (331ms)
2026-09-04T01:38:44.788Z  [API  ]  200 OK (348ms)
2026-09-04T01:38:44.789Z  [API  ]  200 OK (1409ms)
2026-09-04T01:38:44.833Z  [API  ]  200 OK (294ms)
2026-09-04T01:38:44.835Z  [API  ]  200 OK (246ms)
2026-09-04T01:38:45.167Z  [API  ]  200 OK (687ms)
2026-09-04T01:38:46.758Z  [API  ]  200 OK (6480ms)
2026-09-04T01:38:46.769Z  [API  ]  HEAD https://pub.dev/api/archives/path_drawing-1.0.1.tar.gz
2026-09-04T01:38:46.924Z  [API  ]  200 OK (155ms)
2026-09-04T01:38:47.078Z  [INFO ]  Dep graph: 13 direct, 87 transitive, 0 overrides
2026-09-04T01:38:47.079Z  [CACHE]  MISS osv.vulns.cupertino_icons.1.0.9
2026-09-04T01:38:47.079Z  [CACHE]  MISS osv.vulns.dio.5.11.0
2026-09-04T01:38:47.079Z  [CACHE]  MISS osv.vulns.dotlottie_flutter.0.1.7
2026-09-04T01:38:47.079Z  [CACHE]  MISS osv.vulns.easy_refresh.3.5.1
2026-09-04T01:38:47.079Z  [CACHE]  MISS osv.vulns.flutter_launcher_icons.0.14.4
2026-09-04T01:38:47.079Z  [CACHE]  MISS osv.vulns.flutter_lints.6.0.0
2026-09-04T01:38:47.079Z  [CACHE]  MISS osv.vulns.flutter_riverpod.3.4.2
2026-09-04T01:38:47.079Z  [CACHE]  MISS osv.vulns.go_router.18.0.0
2026-09-04T01:38:47.079Z  [CACHE]  MISS osv.vulns.lottie.3.5.1
2026-09-04T01:38:47.079Z  [CACHE]  MISS osv.vulns.riverpod.3.4.2
2026-09-04T01:38:47.079Z  [CACHE]  MISS osv.vulns.saropa_lints.14.0.2
2026-09-04T01:38:47.079Z  [CACHE]  MISS osv.vulns.vector_graphics.1.2.3
2026-09-04T01:38:47.079Z  [CACHE]  MISS osv.vulns.vector_graphics_compiler.1.3.0
2026-09-04T01:38:47.080Z  [API  ]  POST https://api.osv.dev/v1/querybatch
2026-09-04T01:38:47.082Z  [CACHE]  MISS ghsa.vulns.cupertino_icons.1.0.9
2026-09-04T01:38:47.082Z  [CACHE]  MISS ghsa.vulns.dio.5.11.0
2026-09-04T01:38:47.082Z  [CACHE]  MISS ghsa.vulns.dotlottie_flutter.0.1.7
2026-09-04T01:38:47.082Z  [CACHE]  MISS ghsa.vulns.easy_refresh.3.5.1
2026-09-04T01:38:47.082Z  [CACHE]  MISS ghsa.vulns.flutter_launcher_icons.0.14.4
2026-09-04T01:38:47.082Z  [CACHE]  MISS ghsa.vulns.flutter_lints.6.0.0
2026-09-04T01:38:47.082Z  [CACHE]  MISS ghsa.vulns.flutter_riverpod.3.4.2
2026-09-04T01:38:47.082Z  [CACHE]  MISS ghsa.vulns.go_router.18.0.0
2026-09-04T01:38:47.082Z  [CACHE]  MISS ghsa.vulns.lottie.3.5.1
2026-09-04T01:38:47.082Z  [CACHE]  MISS ghsa.vulns.riverpod.3.4.2
2026-09-04T01:38:47.082Z  [CACHE]  MISS ghsa.vulns.saropa_lints.14.0.2
2026-09-04T01:38:47.082Z  [CACHE]  MISS ghsa.vulns.vector_graphics.1.2.3
2026-09-04T01:38:47.082Z  [CACHE]  MISS ghsa.vulns.vector_graphics_compiler.1.3.0
2026-09-04T01:38:47.083Z  [API  ]  GET https://api.github.com/advisories?ecosystem=pub&package=cupertino_icons&affects=1.0.9&per_page=100
2026-09-04T01:38:47.085Z  [API  ]  GET https://api.github.com/advisories?ecosystem=pub&package=dio&affects=5.11.0&per_page=100
2026-09-04T01:38:47.087Z  [API  ]  GET https://api.github.com/advisories?ecosystem=pub&package=dotlottie_flutter&affects=0.1.7&per_page=100
2026-09-04T01:38:47.089Z  [API  ]  GET https://api.github.com/advisories?ecosystem=pub&package=easy_refresh&affects=3.5.1&per_page=100
2026-09-04T01:38:47.090Z  [API  ]  GET https://api.github.com/advisories?ecosystem=pub&package=flutter_launcher_icons&affects=0.14.4&per_page=100
2026-09-04T01:38:47.733Z  [API  ]  200 OK (643ms)
2026-09-04T01:38:47.747Z  [API  ]  200 OK (662ms)
2026-09-04T01:38:47.748Z  [API  ]  200 OK (661ms)
2026-09-04T01:38:47.768Z  [API  ]  200 OK (679ms)
2026-09-04T01:38:47.839Z  [API  ]  200 OK (759ms)
2026-09-04T01:38:47.852Z  [API  ]  200 OK (769ms)
2026-09-04T01:38:47.852Z  [API  ]  GET https://api.github.com/advisories?ecosystem=pub&package=flutter_lints&affects=6.0.0&per_page=100
2026-09-04T01:38:47.854Z  [API  ]  GET https://api.github.com/advisories?ecosystem=pub&package=flutter_riverpod&affects=3.4.2&per_page=100
2026-09-04T01:38:47.857Z  [API  ]  GET https://api.github.com/advisories?ecosystem=pub&package=go_router&affects=18.0.0&per_page=100
2026-09-04T01:38:47.859Z  [API  ]  GET https://api.github.com/advisories?ecosystem=pub&package=lottie&affects=3.5.1&per_page=100
2026-09-04T01:38:47.861Z  [API  ]  GET https://api.github.com/advisories?ecosystem=pub&package=riverpod&affects=3.4.2&per_page=100
2026-09-04T01:38:48.217Z  [API  ]  200 OK (358ms)
2026-09-04T01:38:48.220Z  [API  ]  200 OK (363ms)
2026-09-04T01:38:48.236Z  [API  ]  200 OK (382ms)
2026-09-04T01:38:48.238Z  [API  ]  200 OK (386ms)
2026-09-04T01:38:48.501Z  [API  ]  200 OK (640ms)
2026-09-04T01:38:48.502Z  [API  ]  GET https://api.github.com/advisories?ecosystem=pub&package=saropa_lints&affects=14.0.2&per_page=100
2026-09-04T01:38:48.504Z  [API  ]  GET https://api.github.com/advisories?ecosystem=pub&package=vector_graphics&affects=1.2.3&per_page=100
2026-09-04T01:38:48.507Z  [API  ]  GET https://api.github.com/advisories?ecosystem=pub&package=vector_graphics_compiler&affects=1.3.0&per_page=100
2026-09-04T01:38:48.862Z  [API  ]  200 OK (360ms)
2026-09-04T01:38:48.891Z  [API  ]  200 OK (387ms)
2026-09-04T01:38:48.914Z  [API  ]  200 OK (407ms)
2026-09-04T01:38:49.906Z  [INFO ]  Scan complete — 49210ms — vibrant:5 stable:6 outdated:2 abandoned:0 eol:0
