2026-08-21T13:37:46.472Z  [CACHE]  MISS flutter.releases
2026-08-21T13:37:46.472Z  [API  ]  GET https://storage.googleapis.com/flutter_infra_release/releases/releases_linux.json
2026-08-21T13:37:47.503Z  [API  ]  200 OK (1031ms)
2026-08-21T13:37:47.816Z  [INFO ]  Scan started — 9 packages
2026-08-21T13:37:47.816Z  [INFO ]  [1/9] cupertino_icons
2026-08-21T13:37:47.817Z  [INFO ]  Known issue: active
2026-08-21T13:37:47.817Z  [CACHE]  MISS pub.info.cupertino_icons
2026-08-21T13:37:47.817Z  [API  ]  GET https://pub.dev/api/packages/cupertino_icons
2026-08-21T13:37:47.819Z  [CACHE]  MISS pub.metrics.cupertino_icons
2026-08-21T13:37:47.820Z  [API  ]  GET https://pub.dev/api/packages/cupertino_icons/metrics
2026-08-21T13:37:47.822Z  [API  ]  GET https://pub.dev/api/packages/cupertino_icons/score
2026-08-21T13:37:47.824Z  [CACHE]  HIT  pub.publisher.cupertino_icons
2026-08-21T13:37:47.824Z  [CACHE]  MISS pub.reverseDeps.cupertino_icons
2026-08-21T13:37:47.824Z  [API  ]  GET https://pub.dev/packages?q=dependency%3Acupertino_icons
2026-08-21T13:37:47.826Z  [INFO ]  [2/9] dio
2026-08-21T13:37:47.826Z  [INFO ]  Known issue: active
2026-08-21T13:37:47.826Z  [CACHE]  MISS pub.info.dio
2026-08-21T13:37:47.826Z  [API  ]  GET https://pub.dev/api/packages/dio
2026-08-21T13:37:47.829Z  [CACHE]  MISS pub.metrics.dio
2026-08-21T13:37:47.829Z  [API  ]  GET https://pub.dev/api/packages/dio/metrics
2026-08-21T13:37:47.833Z  [API  ]  GET https://pub.dev/api/packages/dio/score
2026-08-21T13:37:47.837Z  [CACHE]  HIT  pub.publisher.dio
2026-08-21T13:37:47.837Z  [CACHE]  MISS pub.reverseDeps.dio
2026-08-21T13:37:47.837Z  [API  ]  GET https://pub.dev/packages?q=dependency%3Adio
2026-08-21T13:37:47.840Z  [INFO ]  [3/9] flutter_lints
2026-08-21T13:37:47.840Z  [INFO ]  Known issue: active
2026-08-21T13:37:47.840Z  [CACHE]  MISS pub.info.flutter_lints
2026-08-21T13:37:47.840Z  [API  ]  GET https://pub.dev/api/packages/flutter_lints
2026-08-21T13:37:47.844Z  [CACHE]  MISS pub.metrics.flutter_lints
2026-08-21T13:37:47.844Z  [API  ]  GET https://pub.dev/api/packages/flutter_lints/metrics
2026-08-21T13:37:47.848Z  [API  ]  GET https://pub.dev/api/packages/flutter_lints/score
2026-08-21T13:37:47.850Z  [CACHE]  HIT  pub.publisher.flutter_lints
2026-08-21T13:37:47.850Z  [CACHE]  MISS pub.reverseDeps.flutter_lints
2026-08-21T13:37:47.850Z  [API  ]  GET https://pub.dev/packages?q=dependency%3Aflutter_lints
2026-08-21T13:37:47.852Z  [INFO ]  [4/9] flutter_riverpod
2026-08-21T13:37:47.852Z  [INFO ]  Known issue: active
2026-08-21T13:37:47.852Z  [CACHE]  MISS pub.info.flutter_riverpod
2026-08-21T13:37:47.852Z  [API  ]  GET https://pub.dev/api/packages/flutter_riverpod
2026-08-21T13:37:47.854Z  [CACHE]  MISS pub.metrics.flutter_riverpod
2026-08-21T13:37:47.854Z  [API  ]  GET https://pub.dev/api/packages/flutter_riverpod/metrics
2026-08-21T13:37:47.856Z  [API  ]  GET https://pub.dev/api/packages/flutter_riverpod/score
2026-08-21T13:37:47.858Z  [CACHE]  HIT  pub.publisher.flutter_riverpod
2026-08-21T13:37:47.858Z  [CACHE]  MISS pub.reverseDeps.flutter_riverpod
2026-08-21T13:37:47.858Z  [API  ]  GET https://pub.dev/packages?q=dependency%3Aflutter_riverpod
2026-08-21T13:37:47.860Z  [INFO ]  [5/9] flutter_skill
2026-08-21T13:37:47.860Z  [CACHE]  MISS pub.info.flutter_skill
2026-08-21T13:37:47.860Z  [API  ]  GET https://pub.dev/api/packages/flutter_skill
2026-08-21T13:37:47.863Z  [CACHE]  MISS pub.metrics.flutter_skill
2026-08-21T13:37:47.863Z  [API  ]  GET https://pub.dev/api/packages/flutter_skill/metrics
2026-08-21T13:37:47.865Z  [API  ]  GET https://pub.dev/api/packages/flutter_skill/score
2026-08-21T13:37:47.867Z  [CACHE]  HIT  pub.publisher.flutter_skill
2026-08-21T13:37:47.867Z  [CACHE]  MISS pub.reverseDeps.flutter_skill
2026-08-21T13:37:47.867Z  [API  ]  GET https://pub.dev/packages?q=dependency%3Aflutter_skill
2026-08-21T13:37:47.869Z  [INFO ]  [6/9] go_router
2026-08-21T13:37:47.869Z  [INFO ]  Known issue: active
2026-08-21T13:37:47.869Z  [CACHE]  MISS pub.info.go_router
2026-08-21T13:37:47.869Z  [API  ]  GET https://pub.dev/api/packages/go_router
2026-08-21T13:37:47.870Z  [CACHE]  MISS pub.metrics.go_router
2026-08-21T13:37:47.870Z  [API  ]  GET https://pub.dev/api/packages/go_router/metrics
2026-08-21T13:37:47.872Z  [API  ]  GET https://pub.dev/api/packages/go_router/score
2026-08-21T13:37:47.874Z  [CACHE]  HIT  pub.publisher.go_router
2026-08-21T13:37:47.874Z  [CACHE]  MISS pub.reverseDeps.go_router
2026-08-21T13:37:47.874Z  [API  ]  GET https://pub.dev/packages?q=dependency%3Ago_router
2026-08-21T13:37:48.323Z  [API  ]  200 OK (506ms)
2026-08-21T13:37:48.864Z  [API  ]  200 OK (999ms)
2026-08-21T13:37:48.878Z  [API  ]  200 OK (1026ms)
2026-08-21T13:37:48.881Z  [API  ]  200 OK (1059ms)
2026-08-21T13:37:48.883Z  [API  ]  200 OK (1023ms)
2026-08-21T13:37:48.885Z  [API  ]  200 OK (1059ms)
2026-08-21T13:37:48.887Z  [API  ]  200 OK (1047ms)
2026-08-21T13:37:48.937Z  [API  ]  200 OK (1108ms)
2026-08-21T13:37:48.938Z  [API  ]  200 OK (1069ms)
2026-08-21T13:37:48.940Z  [API  ]  200 OK (1086ms)
2026-08-21T13:37:48.941Z  [API  ]  200 OK (1093ms)
2026-08-21T13:37:48.942Z  [API  ]  200 OK (1070ms)
2026-08-21T13:37:48.943Z  [API  ]  200 OK (1123ms)
2026-08-21T13:37:48.948Z  [API  ]  200 OK (1085ms)
2026-08-21T13:37:48.950Z  [API  ]  200 OK (1092ms)
2026-08-21T13:37:48.951Z  [API  ]  200 OK (1081ms)
2026-08-21T13:37:48.968Z  [API  ]  200 OK (1118ms)
2026-08-21T13:37:49.156Z  [API  ]  200 OK (1332ms)
2026-08-21T13:37:49.230Z  [API  ]  200 OK (1386ms)
2026-08-21T13:37:49.292Z  [API  ]  200 OK (1459ms)
2026-08-21T13:37:49.297Z  [CACHE]  MISS gh.flutter.packages
2026-08-21T13:37:49.297Z  [API  ]  GET https://api.github.com/repos/flutter/packages
2026-08-21T13:37:49.297Z  [API  ]  GET https://api.github.com/repos/flutter/packages/issues?state=closed&since=2026-05-23T13:37:49.297Z&per_page=100
2026-08-21T13:37:49.297Z  [API  ]  GET https://api.github.com/repos/flutter/packages/pulls?state=closed&per_page=100
2026-08-21T13:37:49.297Z  [API  ]  GET https://api.github.com/repos/flutter/packages/issues?state=open&sort=comments&direction=desc&per_page=50
2026-08-21T13:37:49.297Z  [API  ]  GET https://api.github.com/repos/flutter/packages/pulls?state=open&per_page=100
2026-08-21T13:37:49.318Z  [API  ]  200 OK (1444ms)
2026-08-21T13:37:49.344Z  [API  ]  200 OK (1507ms)
2026-08-21T13:37:49.447Z  [API  ]  200 OK (1580ms)
2026-08-21T13:37:49.472Z  [API  ]  200 OK (1616ms)
2026-08-21T13:37:49.876Z  [CACHE]  MISS gh.flutter.packages
2026-08-21T13:37:49.876Z  [API  ]  GET https://api.github.com/repos/flutter/packages
2026-08-21T13:37:49.876Z  [API  ]  GET https://api.github.com/repos/flutter/packages/issues?state=closed&since=2026-05-23T13:37:49.876Z&per_page=100
2026-08-21T13:37:49.876Z  [API  ]  GET https://api.github.com/repos/flutter/packages/pulls?state=closed&per_page=100
2026-08-21T13:37:49.876Z  [API  ]  GET https://api.github.com/repos/flutter/packages/issues?state=open&sort=comments&direction=desc&per_page=50
2026-08-21T13:37:49.876Z  [API  ]  GET https://api.github.com/repos/flutter/packages/pulls?state=open&per_page=100
2026-08-21T13:37:50.022Z  [CACHE]  MISS gh.ai-dashboad.flutter-skill
2026-08-21T13:37:50.022Z  [API  ]  GET https://api.github.com/repos/ai-dashboad/flutter-skill
2026-08-21T13:37:50.022Z  [API  ]  GET https://api.github.com/repos/ai-dashboad/flutter-skill/issues?state=closed&since=2026-05-23T13:37:50.022Z&per_page=100
2026-08-21T13:37:50.022Z  [API  ]  GET https://api.github.com/repos/ai-dashboad/flutter-skill/pulls?state=closed&per_page=100
2026-08-21T13:37:50.022Z  [API  ]  GET https://api.github.com/repos/ai-dashboad/flutter-skill/issues?state=open&sort=comments&direction=desc&per_page=50
2026-08-21T13:37:50.022Z  [API  ]  GET https://api.github.com/repos/ai-dashboad/flutter-skill/pulls?state=open&per_page=100
2026-08-21T13:37:50.035Z  [CACHE]  MISS gh.rrousselGit.riverpod
2026-08-21T13:37:50.035Z  [API  ]  GET https://api.github.com/repos/rrousselGit/riverpod
2026-08-21T13:37:50.035Z  [API  ]  GET https://api.github.com/repos/rrousselGit/riverpod/issues?state=closed&since=2026-05-23T13:37:50.035Z&per_page=100
2026-08-21T13:37:50.035Z  [API  ]  GET https://api.github.com/repos/rrousselGit/riverpod/pulls?state=closed&per_page=100
2026-08-21T13:37:50.035Z  [API  ]  GET https://api.github.com/repos/rrousselGit/riverpod/issues?state=open&sort=comments&direction=desc&per_page=50
2026-08-21T13:37:50.035Z  [API  ]  GET https://api.github.com/repos/rrousselGit/riverpod/pulls?state=open&per_page=100
2026-08-21T13:37:50.255Z  [CACHE]  MISS gh.cfug.dio
2026-08-21T13:37:50.255Z  [API  ]  GET https://api.github.com/repos/cfug/dio
2026-08-21T13:37:50.255Z  [API  ]  GET https://api.github.com/repos/cfug/dio/issues?state=closed&since=2026-05-23T13:37:50.255Z&per_page=100
2026-08-21T13:37:50.255Z  [API  ]  GET https://api.github.com/repos/cfug/dio/pulls?state=closed&per_page=100
2026-08-21T13:37:50.255Z  [API  ]  GET https://api.github.com/repos/cfug/dio/issues?state=open&sort=comments&direction=desc&per_page=50
2026-08-21T13:37:50.255Z  [API  ]  GET https://api.github.com/repos/cfug/dio/pulls?state=open&per_page=100
2026-08-21T13:37:50.376Z  [CACHE]  MISS gh.flutter.packages
2026-08-21T13:37:50.376Z  [API  ]  GET https://api.github.com/repos/flutter/packages
2026-08-21T13:37:50.376Z  [API  ]  GET https://api.github.com/repos/flutter/packages/issues?state=closed&since=2026-05-23T13:37:50.376Z&per_page=100
2026-08-21T13:37:50.376Z  [API  ]  GET https://api.github.com/repos/flutter/packages/pulls?state=closed&per_page=100
2026-08-21T13:37:50.376Z  [API  ]  GET https://api.github.com/repos/flutter/packages/issues?state=open&sort=comments&direction=desc&per_page=50
2026-08-21T13:37:50.376Z  [API  ]  GET https://api.github.com/repos/flutter/packages/pulls?state=open&per_page=100
2026-08-21T13:37:51.022Z  [API  ]  200 OK (1000ms)
2026-08-21T13:37:51.022Z  [API  ]  200 OK (1000ms)
2026-08-21T13:37:51.022Z  [API  ]  200 OK (1000ms)
2026-08-21T13:37:51.022Z  [API  ]  200 OK (1000ms)
2026-08-21T13:37:51.022Z  [API  ]  200 OK (1000ms)
2026-08-21T13:37:51.175Z  [CACHE]  MISS pub.archiveSize.flutter_skill
2026-08-21T13:37:51.178Z  [API  ]  HEAD https://pub.dev/api/archives/flutter_skill-0.9.36.tar.gz
2026-08-21T13:37:51.181Z  [CACHE]  MISS pub.tarball.65am2
2026-08-21T13:37:51.181Z  [API  ]  GET https://pub.dev/api/archives/flutter_skill-0.9.36.tar.gz
2026-08-21T13:37:51.437Z  [API  ]  200 OK (259ms)
2026-08-21T13:37:51.488Z  [API  ]  200 OK (307ms)
2026-08-21T13:37:51.574Z  [API  ]  200 OK (1319ms)
2026-08-21T13:37:51.574Z  [API  ]  200 OK (1319ms)
2026-08-21T13:37:51.574Z  [API  ]  200 OK (1319ms)
2026-08-21T13:37:51.574Z  [API  ]  200 OK (1319ms)
2026-08-21T13:37:51.574Z  [API  ]  200 OK (1319ms)
2026-08-21T13:37:51.686Z  [API  ]  200 OK (1310ms)
2026-08-21T13:37:51.686Z  [API  ]  200 OK (1310ms)
2026-08-21T13:37:51.686Z  [API  ]  200 OK (1310ms)
2026-08-21T13:37:51.686Z  [API  ]  200 OK (1310ms)
2026-08-21T13:37:51.686Z  [API  ]  200 OK (1310ms)
2026-08-21T13:37:51.693Z  [API  ]  200 OK (1817ms)
2026-08-21T13:37:51.693Z  [API  ]  200 OK (1817ms)
2026-08-21T13:37:51.693Z  [API  ]  200 OK (1817ms)
2026-08-21T13:37:51.693Z  [API  ]  200 OK (1817ms)
2026-08-21T13:37:51.693Z  [API  ]  200 OK (1817ms)
2026-08-21T13:37:51.697Z  [API  ]  200 OK (2400ms)
2026-08-21T13:37:51.697Z  [API  ]  200 OK (2400ms)
2026-08-21T13:37:51.697Z  [API  ]  200 OK (2400ms)
2026-08-21T13:37:51.697Z  [API  ]  200 OK (2400ms)
2026-08-21T13:37:51.697Z  [API  ]  200 OK (2400ms)
2026-08-21T13:37:52.004Z  [API  ]  200 OK (1969ms)
2026-08-21T13:37:52.004Z  [API  ]  200 OK (1969ms)
2026-08-21T13:37:52.004Z  [API  ]  200 OK (1969ms)
2026-08-21T13:37:52.004Z  [API  ]  200 OK (1969ms)
2026-08-21T13:37:52.004Z  [API  ]  200 OK (1969ms)
2026-08-21T13:37:52.351Z  [CACHE]  MISS pub.archiveSize.flutter_lints
2026-08-21T13:37:52.351Z  [API  ]  GET https://pub.dev/api/packages/flutter_lints
2026-08-21T13:37:52.354Z  [API  ]  GET https://pub.dev/api/packages/flutter_lints
2026-08-21T13:37:52.401Z  [CACHE]  MISS pub.archiveSize.dio
2026-08-21T13:37:52.401Z  [API  ]  GET https://pub.dev/api/packages/dio
2026-08-21T13:37:52.404Z  [API  ]  GET https://pub.dev/api/packages/dio
2026-08-21T13:37:52.438Z  [API  ]  200 OK (84ms)
2026-08-21T13:37:52.440Z  [CACHE]  MISS pub.tarball.z7ll8h
2026-08-21T13:37:52.440Z  [API  ]  GET https://pub.dev/api/archives/flutter_lints-6.0.0.tar.gz
2026-08-21T13:37:52.448Z  [API  ]  200 OK (47ms)
2026-08-21T13:37:52.459Z  [API  ]  200 OK (55ms)
2026-08-21T13:37:52.472Z  [SCORE]  flutter_skill → 44.5 (stable) [rv=21 eg=70 pop=47.3 pt=-5 pq=8.75]
2026-08-21T13:37:52.473Z  [INFO ]  [7/9] lottie
2026-08-21T13:37:52.473Z  [INFO ]  Known issue: active
2026-08-21T13:37:52.473Z  [CACHE]  MISS pub.info.lottie
2026-08-21T13:37:52.473Z  [API  ]  GET https://pub.dev/api/packages/lottie
2026-08-21T13:37:52.476Z  [CACHE]  MISS pub.metrics.lottie
2026-08-21T13:37:52.476Z  [API  ]  GET https://pub.dev/api/packages/lottie/metrics
2026-08-21T13:37:52.480Z  [API  ]  GET https://pub.dev/api/packages/lottie/score
2026-08-21T13:37:52.483Z  [CACHE]  HIT  pub.publisher.lottie
2026-08-21T13:37:52.483Z  [CACHE]  MISS pub.reverseDeps.lottie
2026-08-21T13:37:52.483Z  [API  ]  GET https://pub.dev/packages?q=dependency%3Alottie
2026-08-21T13:37:52.493Z  [API  ]  200 OK (53ms)
2026-08-21T13:37:52.509Z  [API  ]  HEAD https://pub.dev/api/archives/dio-5.11.0.tar.gz
2026-08-21T13:37:52.515Z  [CACHE]  MISS pub.tarball.v4zqir
2026-08-21T13:37:52.515Z  [API  ]  GET https://pub.dev/api/archives/dio-5.11.0.tar.gz
2026-08-21T13:37:52.562Z  [API  ]  200 OK (211ms)
2026-08-21T13:37:52.562Z  [API  ]  200 OK (53ms)
2026-08-21T13:37:52.571Z  [API  ]  200 OK (56ms)
2026-08-21T13:37:52.647Z  [API  ]  HEAD https://pub.dev/api/archives/flutter_lints-6.0.0.tar.gz
2026-08-21T13:37:52.708Z  [API  ]  200 OK (61ms)
2026-08-21T13:37:52.708Z  [API  ]  200 OK (235ms)
2026-08-21T13:37:52.772Z  [API  ]  200 OK (296ms)
2026-08-21T13:37:52.782Z  [SCORE]  flutter_lints → 57 (stable) [rv=39 eg=50 pop=100 pt=-5 pq=10]
2026-08-21T13:37:52.782Z  [INFO ]  [8/9] riverpod
2026-08-21T13:37:52.782Z  [CACHE]  MISS pub.info.riverpod
2026-08-21T13:37:52.782Z  [API  ]  GET https://pub.dev/api/packages/riverpod
2026-08-21T13:37:52.785Z  [CACHE]  MISS pub.metrics.riverpod
2026-08-21T13:37:52.785Z  [API  ]  GET https://pub.dev/api/packages/riverpod/metrics
2026-08-21T13:37:52.788Z  [API  ]  GET https://pub.dev/api/packages/riverpod/score
2026-08-21T13:37:52.790Z  [CACHE]  HIT  pub.publisher.riverpod
2026-08-21T13:37:52.790Z  [CACHE]  MISS pub.reverseDeps.riverpod
2026-08-21T13:37:52.790Z  [API  ]  GET https://pub.dev/packages?q=dependency%3Ariverpod
2026-08-21T13:37:52.833Z  [API  ]  200 OK (349ms)
2026-08-21T13:37:53.033Z  [CACHE]  MISS pub.archiveSize.cupertino_icons
2026-08-21T13:37:53.036Z  [API  ]  HEAD https://pub.dev/api/archives/cupertino_icons-1.0.9.tar.gz
2026-08-21T13:37:53.039Z  [CACHE]  MISS pub.tarball.oijvck
2026-08-21T13:37:53.039Z  [API  ]  GET https://pub.dev/api/archives/cupertino_icons-1.0.9.tar.gz
2026-08-21T13:37:53.137Z  [API  ]  200 OK (101ms)
2026-08-21T13:37:53.137Z  [API  ]  200 OK (98ms)
2026-08-21T13:37:53.140Z  [API  ]  200 OK (355ms)
2026-08-21T13:37:53.156Z  [API  ]  200 OK (366ms)
2026-08-21T13:37:53.171Z  [API  ]  200 OK (389ms)
2026-08-21T13:37:53.252Z  [API  ]  200 OK (772ms)
2026-08-21T13:37:53.326Z  [SCORE]  dio → 96 (vibrant) [rv=99.5 eg=59.44444444444444 pop=100 pt=-5 pq=10]
2026-08-21T13:37:53.326Z  [INFO ]  [9/9] saropa_lints
2026-08-21T13:37:53.326Z  [CACHE]  MISS pub.info.saropa_lints
2026-08-21T13:37:53.326Z  [API  ]  GET https://pub.dev/api/packages/saropa_lints
2026-08-21T13:37:53.329Z  [CACHE]  MISS pub.metrics.saropa_lints
2026-08-21T13:37:53.329Z  [API  ]  GET https://pub.dev/api/packages/saropa_lints/metrics
2026-08-21T13:37:53.332Z  [API  ]  GET https://pub.dev/api/packages/saropa_lints/score
2026-08-21T13:37:53.336Z  [CACHE]  HIT  pub.publisher.saropa_lints
2026-08-21T13:37:53.336Z  [CACHE]  MISS pub.reverseDeps.saropa_lints
2026-08-21T13:37:53.336Z  [API  ]  GET https://pub.dev/packages?q=dependency%3Asaropa_lints
2026-08-21T13:37:53.351Z  [CACHE]  MISS gh.xvrh.lottie-flutter
2026-08-21T13:37:53.351Z  [API  ]  GET https://api.github.com/repos/xvrh/lottie-flutter
2026-08-21T13:37:53.351Z  [API  ]  GET https://api.github.com/repos/xvrh/lottie-flutter/issues?state=closed&since=2026-05-23T13:37:53.351Z&per_page=100
2026-08-21T13:37:53.351Z  [API  ]  GET https://api.github.com/repos/xvrh/lottie-flutter/pulls?state=closed&per_page=100
2026-08-21T13:37:53.351Z  [API  ]  GET https://api.github.com/repos/xvrh/lottie-flutter/issues?state=open&sort=comments&direction=desc&per_page=50
2026-08-21T13:37:53.351Z  [API  ]  GET https://api.github.com/repos/xvrh/lottie-flutter/pulls?state=open&per_page=100
2026-08-21T13:37:53.405Z  [API  ]  200 OK (79ms)
2026-08-21T13:37:53.644Z  [API  ]  200 OK (856ms)
2026-08-21T13:37:53.668Z  [API  ]  200 OK (332ms)
2026-08-21T13:37:53.735Z  [CACHE]  MISS gh.rrousselGit.riverpod
2026-08-21T13:37:53.735Z  [API  ]  GET https://api.github.com/repos/rrousselGit/riverpod
2026-08-21T13:37:53.735Z  [API  ]  GET https://api.github.com/repos/rrousselGit/riverpod/issues?state=closed&since=2026-05-23T13:37:53.735Z&per_page=100
2026-08-21T13:37:53.735Z  [API  ]  GET https://api.github.com/repos/rrousselGit/riverpod/pulls?state=closed&per_page=100
2026-08-21T13:37:53.735Z  [API  ]  GET https://api.github.com/repos/rrousselGit/riverpod/issues?state=open&sort=comments&direction=desc&per_page=50
2026-08-21T13:37:53.735Z  [API  ]  GET https://api.github.com/repos/rrousselGit/riverpod/pulls?state=open&per_page=100
2026-08-21T13:37:53.761Z  [SCORE]  cupertino_icons → 57 (stable) [rv=39 eg=50 pop=100 pt=-5 pq=10]
2026-08-21T13:37:53.788Z  [API  ]  200 OK (459ms)
2026-08-21T13:37:53.829Z  [API  ]  200 OK (497ms)
2026-08-21T13:37:53.997Z  [CACHE]  MISS pub.archiveSize.go_router
2026-08-21T13:37:53.997Z  [API  ]  GET https://pub.dev/api/packages/go_router
2026-08-21T13:37:53.999Z  [API  ]  GET https://pub.dev/api/packages/go_router
2026-08-21T13:37:54.017Z  [CACHE]  MISS gh.saropa.saropa_lints
2026-08-21T13:37:54.017Z  [API  ]  GET https://api.github.com/repos/saropa/saropa_lints
2026-08-21T13:37:54.017Z  [API  ]  GET https://api.github.com/repos/saropa/saropa_lints/issues?state=closed&since=2026-05-23T13:37:54.017Z&per_page=100
2026-08-21T13:37:54.017Z  [API  ]  GET https://api.github.com/repos/saropa/saropa_lints/pulls?state=closed&per_page=100
2026-08-21T13:37:54.017Z  [API  ]  GET https://api.github.com/repos/saropa/saropa_lints/issues?state=open&sort=comments&direction=desc&per_page=50
2026-08-21T13:37:54.017Z  [API  ]  GET https://api.github.com/repos/saropa/saropa_lints/pulls?state=open&per_page=100
2026-08-21T13:37:54.072Z  [API  ]  200 OK (75ms)
2026-08-21T13:37:54.079Z  [API  ]  200 OK (80ms)
2026-08-21T13:37:54.116Z  [API  ]  HEAD https://pub.dev/api/archives/go_router-17.5.0.tar.gz
2026-08-21T13:37:54.128Z  [CACHE]  MISS pub.tarball.tp3hdt
2026-08-21T13:37:54.128Z  [API  ]  GET https://pub.dev/api/archives/go_router-17.5.0.tar.gz
2026-08-21T13:37:54.201Z  [API  ]  200 OK (85ms)
2026-08-21T13:37:54.219Z  [API  ]  200 OK (91ms)
2026-08-21T13:37:54.230Z  [API  ]  200 OK (879ms)
2026-08-21T13:37:54.230Z  [API  ]  200 OK (879ms)
2026-08-21T13:37:54.230Z  [API  ]  200 OK (879ms)
2026-08-21T13:37:54.230Z  [API  ]  200 OK (879ms)
2026-08-21T13:37:54.230Z  [API  ]  200 OK (879ms)
2026-08-21T13:37:54.542Z  [API  ]  200 OK (525ms)
2026-08-21T13:37:54.542Z  [API  ]  200 OK (525ms)
2026-08-21T13:37:54.542Z  [API  ]  200 OK (525ms)
2026-08-21T13:37:54.542Z  [API  ]  200 OK (525ms)
2026-08-21T13:37:54.542Z  [API  ]  200 OK (525ms)
2026-08-21T13:37:54.551Z  [CACHE]  MISS pub.archiveSize.lottie
2026-08-21T13:37:54.553Z  [API  ]  HEAD https://pub.dev/api/archives/lottie-3.5.1.tar.gz
2026-08-21T13:37:54.555Z  [CACHE]  MISS pub.tarball.4owc4s
2026-08-21T13:37:54.555Z  [API  ]  GET https://pub.dev/api/archives/lottie-3.5.1.tar.gz
2026-08-21T13:37:54.699Z  [SCORE]  go_router → 63.6 (stable) [rv=39 eg=50 pop=96.875 pt=-5 pq=9.375]
2026-08-21T13:37:54.766Z  [API  ]  200 OK (211ms)
2026-08-21T13:37:54.897Z  [API  ]  200 OK (344ms)
2026-08-21T13:37:54.907Z  [API  ]  200 OK (1172ms)
2026-08-21T13:37:54.907Z  [API  ]  200 OK (1172ms)
2026-08-21T13:37:54.907Z  [API  ]  200 OK (1172ms)
2026-08-21T13:37:54.907Z  [API  ]  200 OK (1172ms)
2026-08-21T13:37:54.907Z  [API  ]  200 OK (1172ms)
2026-08-21T13:37:54.960Z  [SCORE]  lottie → 54.4 (stable) [rv=34 eg=63.97260273972603 pop=62.95 pt=-5 pq=10]
2026-08-21T13:37:55.602Z  [CACHE]  MISS pub.archiveSize.saropa_lints
2026-08-21T13:37:55.605Z  [API  ]  HEAD https://pub.dev/api/archives/saropa_lints-15.1.2.tar.gz
2026-08-21T13:37:55.607Z  [CACHE]  MISS pub.tarball.qygpu6
2026-08-21T13:37:55.607Z  [API  ]  GET https://pub.dev/api/archives/saropa_lints-15.1.2.tar.gz
2026-08-21T13:37:55.877Z  [API  ]  200 OK (270ms)
2026-08-21T13:37:55.939Z  [API  ]  200 OK (334ms)
2026-08-21T13:37:58.003Z  [SCORE]  saropa_lints → 62 (stable) [rv=44 eg=64.72602739726028 pop=46.955 pt=-5 pq=9.375]
2026-08-21T13:37:58.086Z  [CACHE]  MISS pub.archiveSize.flutter_riverpod
2026-08-21T13:37:58.091Z  [API  ]  HEAD https://pub.dev/api/archives/flutter_riverpod-3.4.2.tar.gz
2026-08-21T13:37:58.094Z  [CACHE]  MISS pub.tarball.vc4vn3
2026-08-21T13:37:58.094Z  [API  ]  GET https://pub.dev/api/archives/flutter_riverpod-3.4.2.tar.gz
2026-08-21T13:37:58.162Z  [API  ]  200 OK (68ms)
2026-08-21T13:37:58.242Z  [API  ]  200 OK (151ms)
2026-08-21T13:37:59.156Z  [SCORE]  flutter_riverpod → 85.6 (vibrant) [rv=99 eg=67.33333333333334 pop=93.75 pt=-5 pq=8.75]
2026-08-21T13:38:10.038Z  [CACHE]  MISS pub.archiveSize.riverpod
2026-08-21T13:38:10.040Z  [API  ]  HEAD https://pub.dev/api/archives/riverpod-3.4.2.tar.gz
2026-08-21T13:38:10.042Z  [CACHE]  MISS pub.tarball.4u7372
2026-08-21T13:38:10.042Z  [API  ]  GET https://pub.dev/api/archives/riverpod-3.4.2.tar.gz
2026-08-21T13:38:10.459Z  [API  ]  200 OK (417ms)
2026-08-21T13:38:10.468Z  [API  ]  200 OK (428ms)
2026-08-21T13:38:32.016Z  [SCORE]  riverpod → 87.4 (vibrant) [rv=99 eg=67.33333333333334 pop=100 pt=-5 pq=10]
2026-08-21T13:38:32.902Z  [ERROR]  Blocker analysis skipped — CLI commands failed — pub outdated: Command failed: dart pub outdated --json --transitive
Cannot specify both `--json` and `--transitive`
The json report always includes transitive dependencies.

Usage: dart pub outdated [options]
-h, --help                         Print this usage information.
    --[no-]dependency-overrides    Show resolutions with `dependency_overrides`.
                                   (defaults to on)
    --[no-]dev-dependencies        Take dev dependencies into account.
                                   (defaults to on)
    --json                         Output the results using a json format.
    --[no-]prereleases             Include prereleases in latest version.
    --[no-]show-all                Include dependencies that are already
                                   fulfilling --mode.
    --[no-]transitive              Show transitive dependencies.
                                   (defaults to on)
-C, --directory=<dir>              Run this in the directory <dir>.

Run "dart help" to see global options.
See https://dart.dev/tools/pub/cmd/pub-outdated for detailed documentation.

2026-08-21T13:38:33.176Z  [CACHE]  MISS pub.archiveSize.async
2026-08-21T13:38:33.176Z  [API  ]  GET https://pub.dev/api/packages/async
2026-08-21T13:38:33.178Z  [CACHE]  MISS pub.archiveSize.collection
2026-08-21T13:38:33.178Z  [API  ]  GET https://pub.dev/api/packages/collection
2026-08-21T13:38:33.179Z  [CACHE]  MISS pub.archiveSize.meta
2026-08-21T13:38:33.179Z  [API  ]  GET https://pub.dev/api/packages/meta
2026-08-21T13:38:33.181Z  [CACHE]  MISS pub.archiveSize.http_parser
2026-08-21T13:38:33.181Z  [API  ]  GET https://pub.dev/api/packages/http_parser
2026-08-21T13:38:33.183Z  [CACHE]  MISS pub.archiveSize.source_span
2026-08-21T13:38:33.183Z  [API  ]  GET https://pub.dev/api/packages/source_span
2026-08-21T13:38:33.185Z  [CACHE]  MISS pub.archiveSize.path
2026-08-21T13:38:33.185Z  [API  ]  GET https://pub.dev/api/packages/path
2026-08-21T13:38:33.187Z  [CACHE]  MISS pub.archiveSize.term_glyph
2026-08-21T13:38:33.187Z  [API  ]  GET https://pub.dev/api/packages/term_glyph
2026-08-21T13:38:33.188Z  [CACHE]  MISS pub.archiveSize.string_scanner
2026-08-21T13:38:33.188Z  [API  ]  GET https://pub.dev/api/packages/string_scanner
2026-08-21T13:38:33.190Z  [CACHE]  MISS pub.archiveSize.typed_data
2026-08-21T13:38:33.190Z  [API  ]  GET https://pub.dev/api/packages/typed_data
2026-08-21T13:38:33.192Z  [CACHE]  MISS pub.archiveSize.mime
2026-08-21T13:38:33.192Z  [API  ]  GET https://pub.dev/api/packages/mime
2026-08-21T13:38:33.197Z  [CACHE]  MISS pub.archiveSize.dio_web_adapter
2026-08-21T13:38:33.197Z  [API  ]  GET https://pub.dev/api/packages/dio_web_adapter
2026-08-21T13:38:33.199Z  [CACHE]  MISS pub.archiveSize.web
2026-08-21T13:38:33.199Z  [API  ]  GET https://pub.dev/api/packages/web
2026-08-21T13:38:33.201Z  [CACHE]  MISS pub.archiveSize.lints
2026-08-21T13:38:33.201Z  [API  ]  GET https://pub.dev/api/packages/lints
2026-08-21T13:38:33.203Z  [CACHE]  MISS pub.archiveSize.flutter
2026-08-21T13:38:33.203Z  [API  ]  GET https://pub.dev/api/packages/flutter
2026-08-21T13:38:33.204Z  [CACHE]  MISS pub.archiveSize.characters
2026-08-21T13:38:33.204Z  [API  ]  GET https://pub.dev/api/packages/characters
2026-08-21T13:38:33.206Z  [CACHE]  MISS pub.archiveSize.material_color_utilities
2026-08-21T13:38:33.206Z  [API  ]  GET https://pub.dev/api/packages/material_color_utilities
2026-08-21T13:38:33.208Z  [CACHE]  MISS pub.archiveSize.vector_math
2026-08-21T13:38:33.208Z  [API  ]  GET https://pub.dev/api/packages/vector_math
2026-08-21T13:38:33.209Z  [CACHE]  MISS pub.archiveSize.sky_engine
2026-08-21T13:38:33.209Z  [API  ]  GET https://pub.dev/api/packages/sky_engine
2026-08-21T13:38:33.211Z  [CACHE]  MISS pub.archiveSize.flutter_test
2026-08-21T13:38:33.211Z  [API  ]  GET https://pub.dev/api/packages/flutter_test
2026-08-21T13:38:33.212Z  [CACHE]  MISS pub.archiveSize.test_api
2026-08-21T13:38:33.212Z  [API  ]  GET https://pub.dev/api/packages/test_api
2026-08-21T13:38:33.214Z  [CACHE]  MISS pub.archiveSize.boolean_selector
2026-08-21T13:38:33.214Z  [API  ]  GET https://pub.dev/api/packages/boolean_selector
2026-08-21T13:38:33.216Z  [CACHE]  MISS pub.archiveSize.stack_trace
2026-08-21T13:38:33.216Z  [API  ]  GET https://pub.dev/api/packages/stack_trace
2026-08-21T13:38:33.217Z  [CACHE]  MISS pub.archiveSize.stream_channel
2026-08-21T13:38:33.217Z  [API  ]  GET https://pub.dev/api/packages/stream_channel
2026-08-21T13:38:33.219Z  [CACHE]  MISS pub.archiveSize.matcher
2026-08-21T13:38:33.219Z  [API  ]  GET https://pub.dev/api/packages/matcher
2026-08-21T13:38:33.221Z  [CACHE]  MISS pub.archiveSize.fake_async
2026-08-21T13:38:33.221Z  [API  ]  GET https://pub.dev/api/packages/fake_async
2026-08-21T13:38:33.222Z  [CACHE]  MISS pub.archiveSize.clock
2026-08-21T13:38:33.222Z  [API  ]  GET https://pub.dev/api/packages/clock
2026-08-21T13:38:33.224Z  [CACHE]  MISS pub.archiveSize.leak_tracker_flutter_testing
2026-08-21T13:38:33.224Z  [API  ]  GET https://pub.dev/api/packages/leak_tracker_flutter_testing
2026-08-21T13:38:33.226Z  [CACHE]  MISS pub.archiveSize.leak_tracker
2026-08-21T13:38:33.226Z  [API  ]  GET https://pub.dev/api/packages/leak_tracker
2026-08-21T13:38:33.227Z  [CACHE]  MISS pub.archiveSize.vm_service
2026-08-21T13:38:33.227Z  [API  ]  GET https://pub.dev/api/packages/vm_service
2026-08-21T13:38:33.229Z  [CACHE]  MISS pub.archiveSize.leak_tracker_testing
2026-08-21T13:38:33.229Z  [API  ]  GET https://pub.dev/api/packages/leak_tracker_testing
2026-08-21T13:38:33.231Z  [CACHE]  MISS pub.archiveSize.listen
2026-08-21T13:38:33.231Z  [API  ]  GET https://pub.dev/api/packages/listen
2026-08-21T13:38:33.232Z  [CACHE]  MISS pub.archiveSize.state_notifier
2026-08-21T13:38:33.232Z  [API  ]  GET https://pub.dev/api/packages/state_notifier
2026-08-21T13:38:33.234Z  [CACHE]  MISS pub.archiveSize.test
2026-08-21T13:38:33.234Z  [API  ]  GET https://pub.dev/api/packages/test
2026-08-21T13:38:33.236Z  [CACHE]  MISS pub.archiveSize.analyzer
2026-08-21T13:38:33.236Z  [API  ]  GET https://pub.dev/api/packages/analyzer
2026-08-21T13:38:33.237Z  [CACHE]  MISS pub.archiveSize._fe_analyzer_shared
2026-08-21T13:38:33.237Z  [API  ]  GET https://pub.dev/api/packages/_fe_analyzer_shared
2026-08-21T13:38:33.239Z  [CACHE]  MISS pub.archiveSize.convert
2026-08-21T13:38:33.239Z  [API  ]  GET https://pub.dev/api/packages/convert
2026-08-21T13:38:33.241Z  [CACHE]  MISS pub.archiveSize.crypto
2026-08-21T13:38:33.241Z  [API  ]  GET https://pub.dev/api/packages/crypto
2026-08-21T13:38:33.242Z  [CACHE]  MISS pub.archiveSize.glob
2026-08-21T13:38:33.242Z  [API  ]  GET https://pub.dev/api/packages/glob
2026-08-21T13:38:33.244Z  [CACHE]  MISS pub.archiveSize.file
2026-08-21T13:38:33.244Z  [API  ]  GET https://pub.dev/api/packages/file
2026-08-21T13:38:33.246Z  [CACHE]  MISS pub.archiveSize.package_config
2026-08-21T13:38:33.246Z  [API  ]  GET https://pub.dev/api/packages/package_config
2026-08-21T13:38:33.247Z  [CACHE]  MISS pub.archiveSize.pub_semver
2026-08-21T13:38:33.247Z  [API  ]  GET https://pub.dev/api/packages/pub_semver
2026-08-21T13:38:33.249Z  [CACHE]  MISS pub.archiveSize.watcher
2026-08-21T13:38:33.249Z  [API  ]  GET https://pub.dev/api/packages/watcher
2026-08-21T13:38:33.251Z  [CACHE]  MISS pub.archiveSize.yaml
2026-08-21T13:38:33.251Z  [API  ]  GET https://pub.dev/api/packages/yaml
2026-08-21T13:38:33.252Z  [CACHE]  MISS pub.archiveSize.coverage
2026-08-21T13:38:33.252Z  [API  ]  GET https://pub.dev/api/packages/coverage
2026-08-21T13:38:33.254Z  [CACHE]  MISS pub.archiveSize.args
2026-08-21T13:38:33.254Z  [API  ]  GET https://pub.dev/api/packages/args
2026-08-21T13:38:33.256Z  [CACHE]  MISS pub.archiveSize.cli_config
2026-08-21T13:38:33.256Z  [API  ]  GET https://pub.dev/api/packages/cli_config
2026-08-21T13:38:33.257Z  [CACHE]  MISS pub.archiveSize.logging
2026-08-21T13:38:33.257Z  [API  ]  GET https://pub.dev/api/packages/logging
2026-08-21T13:38:33.259Z  [CACHE]  MISS pub.archiveSize.source_maps
2026-08-21T13:38:33.259Z  [API  ]  GET https://pub.dev/api/packages/source_maps
2026-08-21T13:38:33.261Z  [CACHE]  MISS pub.archiveSize.http_multi_server
2026-08-21T13:38:33.261Z  [API  ]  GET https://pub.dev/api/packages/http_multi_server
2026-08-21T13:38:33.262Z  [CACHE]  MISS pub.archiveSize.io
2026-08-21T13:38:33.262Z  [API  ]  GET https://pub.dev/api/packages/io
2026-08-21T13:38:33.264Z  [CACHE]  MISS pub.archiveSize.node_preamble
2026-08-21T13:38:33.264Z  [API  ]  GET https://pub.dev/api/packages/node_preamble
2026-08-21T13:38:33.266Z  [CACHE]  MISS pub.archiveSize.pool
2026-08-21T13:38:33.266Z  [API  ]  GET https://pub.dev/api/packages/pool
2026-08-21T13:38:33.269Z  [CACHE]  MISS pub.archiveSize.shelf
2026-08-21T13:38:33.269Z  [API  ]  GET https://pub.dev/api/packages/shelf
2026-08-21T13:38:33.271Z  [CACHE]  MISS pub.archiveSize.shelf_packages_handler
2026-08-21T13:38:33.271Z  [API  ]  GET https://pub.dev/api/packages/shelf_packages_handler
2026-08-21T13:38:33.272Z  [CACHE]  MISS pub.archiveSize.shelf_static
2026-08-21T13:38:33.272Z  [API  ]  GET https://pub.dev/api/packages/shelf_static
2026-08-21T13:38:33.274Z  [CACHE]  MISS pub.archiveSize.shelf_web_socket
2026-08-21T13:38:33.274Z  [API  ]  GET https://pub.dev/api/packages/shelf_web_socket
2026-08-21T13:38:33.276Z  [CACHE]  MISS pub.archiveSize.web_socket_channel
2026-08-21T13:38:33.276Z  [API  ]  GET https://pub.dev/api/packages/web_socket_channel
2026-08-21T13:38:33.277Z  [CACHE]  MISS pub.archiveSize.web_socket
2026-08-21T13:38:33.277Z  [API  ]  GET https://pub.dev/api/packages/web_socket
2026-08-21T13:38:33.279Z  [CACHE]  MISS pub.archiveSize.test_core
2026-08-21T13:38:33.279Z  [API  ]  GET https://pub.dev/api/packages/test_core
2026-08-21T13:38:33.281Z  [CACHE]  MISS pub.archiveSize.frontend_server_client
2026-08-21T13:38:33.281Z  [API  ]  GET https://pub.dev/api/packages/frontend_server_client
2026-08-21T13:38:33.282Z  [CACHE]  MISS pub.archiveSize.source_map_stack_trace
2026-08-21T13:38:33.282Z  [API  ]  GET https://pub.dev/api/packages/source_map_stack_trace
2026-08-21T13:38:33.284Z  [CACHE]  MISS pub.archiveSize.webkit_inspection_protocol
2026-08-21T13:38:33.284Z  [API  ]  GET https://pub.dev/api/packages/webkit_inspection_protocol
2026-08-21T13:38:33.285Z  [CACHE]  MISS pub.archiveSize.uuid
2026-08-21T13:38:33.285Z  [API  ]  GET https://pub.dev/api/packages/uuid
2026-08-21T13:38:33.287Z  [CACHE]  MISS pub.archiveSize.fixnum
2026-08-21T13:38:33.287Z  [API  ]  GET https://pub.dev/api/packages/fixnum
2026-08-21T13:38:33.289Z  [CACHE]  MISS pub.archiveSize.http
2026-08-21T13:38:33.289Z  [API  ]  GET https://pub.dev/api/packages/http
2026-08-21T13:38:33.290Z  [CACHE]  MISS pub.archiveSize.flutter_web_plugins
2026-08-21T13:38:33.290Z  [API  ]  GET https://pub.dev/api/packages/flutter_web_plugins
2026-08-21T13:38:33.292Z  [CACHE]  MISS pub.archiveSize.archive
2026-08-21T13:38:33.292Z  [API  ]  GET https://pub.dev/api/packages/archive
2026-08-21T13:38:33.294Z  [CACHE]  MISS pub.archiveSize.posix
2026-08-21T13:38:33.294Z  [API  ]  GET https://pub.dev/api/packages/posix
2026-08-21T13:38:33.295Z  [CACHE]  MISS pub.archiveSize.ffi
2026-08-21T13:38:33.295Z  [API  ]  GET https://pub.dev/api/packages/ffi
2026-08-21T13:38:33.297Z  [CACHE]  MISS pub.archiveSize.analysis_server_plugin
2026-08-21T13:38:33.297Z  [API  ]  GET https://pub.dev/api/packages/analysis_server_plugin
2026-08-21T13:38:33.298Z  [CACHE]  MISS pub.archiveSize.analyzer_plugin
2026-08-21T13:38:33.298Z  [API  ]  GET https://pub.dev/api/packages/analyzer_plugin
2026-08-21T13:38:33.300Z  [CACHE]  MISS pub.archiveSize.dart_style
2026-08-21T13:38:33.300Z  [API  ]  GET https://pub.dev/api/packages/dart_style
2026-08-21T13:38:33.302Z  [CACHE]  MISS pub.archiveSize.yaml_edit
2026-08-21T13:38:33.302Z  [API  ]  GET https://pub.dev/api/packages/yaml_edit
2026-08-21T13:38:34.147Z  [API  ]  200 OK (969ms)
2026-08-21T13:38:34.153Z  [API  ]  HEAD https://pub.dev/api/archives/collection-1.19.1.tar.gz
2026-08-21T13:38:34.539Z  [API  ]  200 OK (386ms)
2026-08-21T13:38:34.797Z  [API  ]  200 OK (1516ms)
2026-08-21T13:38:34.798Z  [API  ]  HEAD https://pub.dev/api/archives/frontend_server_client-4.0.0.tar.gz
2026-08-21T13:38:34.818Z  [API  ]  200 OK (1552ms)
2026-08-21T13:38:34.818Z  [API  ]  200 OK (1576ms)
2026-08-21T13:38:34.819Z  [API  ]  200 OK (1555ms)
2026-08-21T13:38:34.820Z  [API  ]  200 OK (1616ms)
2026-08-21T13:38:34.821Z  [API  ]  HEAD https://pub.dev/api/archives/pool-1.5.2.tar.gz
2026-08-21T13:38:34.823Z  [API  ]  HEAD https://pub.dev/api/archives/node_preamble-2.0.2.tar.gz
2026-08-21T13:38:34.826Z  [API  ]  HEAD https://pub.dev/api/archives/glob-2.1.3.tar.gz
2026-08-21T13:38:34.828Z  [API  ]  HEAD https://pub.dev/api/archives/characters-1.4.1.tar.gz
2026-08-21T13:38:34.833Z  [API  ]  200 OK (1604ms)
2026-08-21T13:38:34.834Z  [API  ]  200 OK (1620ms)
2026-08-21T13:38:34.834Z  [API  ]  HEAD https://pub.dev/api/archives/leak_tracker_testing-3.0.2.tar.gz
2026-08-21T13:38:34.837Z  [API  ]  HEAD https://pub.dev/api/archives/boolean_selector-2.1.2.tar.gz
2026-08-21T13:38:34.840Z  [API  ]  200 OK (1609ms)
2026-08-21T13:38:34.840Z  [API  ]  HEAD https://pub.dev/api/archives/listen-1.0.1.tar.gz
2026-08-21T13:38:34.843Z  [API  ]  200 OK (1635ms)
2026-08-21T13:38:34.844Z  [API  ]  HEAD https://pub.dev/api/archives/vector_math-2.4.2.tar.gz
2026-08-21T13:38:34.930Z  [API  ]  200 OK (1708ms)
2026-08-21T13:38:34.931Z  [API  ]  200 OK (1642ms)
2026-08-21T13:38:34.931Z  [API  ]  200 OK (1697ms)
2026-08-21T13:38:34.932Z  [API  ]  200 OK (1726ms)
2026-08-21T13:38:34.932Z  [API  ]  404 Not Found (1721ms)
2026-08-21T13:38:34.932Z  [API  ]  200 OK (1735ms)
2026-08-21T13:38:34.933Z  [API  ]  200 OK (1709ms)
2026-08-21T13:38:34.934Z  [API  ]  HEAD https://pub.dev/api/archives/clock-1.1.2.tar.gz
2026-08-21T13:38:34.936Z  [API  ]  HEAD https://pub.dev/api/archives/dio_web_adapter-2.2.1.tar.gz
2026-08-21T13:38:34.940Z  [API  ]  200 OK (1718ms)
2026-08-21T13:38:34.940Z  [API  ]  HEAD https://pub.dev/api/archives/material_color_utilities-0.13.1.tar.gz
2026-08-21T13:38:34.942Z  [API  ]  HEAD https://pub.dev/api/archives/leak_tracker_flutter_testing-3.0.10.tar.gz
2026-08-21T13:38:34.946Z  [API  ]  HEAD https://pub.dev/api/archives/fake_async-1.3.3.tar.gz
2026-08-21T13:38:34.949Z  [API  ]  HEAD https://pub.dev/api/archives/http-1.6.0.tar.gz
2026-08-21T13:38:34.952Z  [API  ]  200 OK (1743ms)
2026-08-21T13:38:34.965Z  [API  ]  HEAD https://pub.dev/api/archives/sky_engine-0.0.99.tar.gz
2026-08-21T13:38:34.968Z  [API  ]  200 OK (1776ms)
2026-08-21T13:38:34.970Z  [API  ]  HEAD https://pub.dev/api/archives/mime-2.0.0.tar.gz
2026-08-21T13:38:34.985Z  [API  ]  200 OK (1749ms)
2026-08-21T13:38:35.010Z  [API  ]  200 OK (1710ms)
2026-08-21T13:38:35.011Z  [API  ]  200 OK (1821ms)
2026-08-21T13:38:35.011Z  [API  ]  200 OK (1749ms)
2026-08-21T13:38:35.012Z  [API  ]  200 OK (1765ms)
2026-08-21T13:38:35.013Z  [API  ]  HEAD https://pub.dev/api/archives/typed_data-1.4.0.tar.gz
2026-08-21T13:38:35.016Z  [API  ]  HEAD https://pub.dev/api/archives/io-1.0.5.tar.gz
2026-08-21T13:38:35.019Z  [API  ]  HEAD https://pub.dev/api/archives/pub_semver-2.2.0.tar.gz
2026-08-21T13:38:35.134Z  [API  ]  200 OK (1890ms)
2026-08-21T13:38:35.135Z  [API  ]  200 OK (1947ms)
2026-08-21T13:38:35.135Z  [API  ]  200 OK (1856ms)
2026-08-21T13:38:35.136Z  [API  ]  200 OK (1957ms)
2026-08-21T13:38:35.137Z  [API  ]  200 OK (1859ms)
2026-08-21T13:38:35.137Z  [API  ]  200 OK (1896ms)
2026-08-21T13:38:35.138Z  [API  ]  200 OK (317ms)
2026-08-21T13:38:35.138Z  [API  ]  200 OK (1921ms)
2026-08-21T13:38:35.139Z  [API  ]  200 OK (1883ms)
2026-08-21T13:38:35.140Z  [API  ]  200 OK (1853ms)
2026-08-21T13:38:35.140Z  [API  ]  200 OK (314ms)
2026-08-21T13:38:35.148Z  [API  ]  200 OK (1887ms)
2026-08-21T13:38:35.150Z  [API  ]  200 OK (327ms)
2026-08-21T13:38:35.150Z  [API  ]  200 OK (1923ms)
2026-08-21T13:38:35.151Z  [API  ]  200 OK (1859ms)
2026-08-21T13:38:35.151Z  [API  ]  200 OK (1880ms)
2026-08-21T13:38:35.152Z  [API  ]  200 OK (1915ms)
2026-08-21T13:38:35.153Z  [API  ]  200 OK (325ms)
2026-08-21T13:38:35.153Z  [API  ]  200 OK (1921ms)
2026-08-21T13:38:35.154Z  [API  ]  200 OK (320ms)
2026-08-21T13:38:35.154Z  [API  ]  200 OK (1859ms)
2026-08-21T13:38:35.161Z  [API  ]  200 OK (324ms)
2026-08-21T13:38:35.162Z  [API  ]  200 OK (322ms)
2026-08-21T13:38:35.162Z  [API  ]  200 OK (226ms)
2026-08-21T13:38:35.163Z  [API  ]  200 OK (1912ms)
2026-08-21T13:38:35.163Z  [API  ]  HEAD https://pub.dev/api/archives/web_socket-1.0.1.tar.gz
2026-08-21T13:38:35.167Z  [API  ]  200 OK (1918ms)
2026-08-21T13:38:35.167Z  [API  ]  200 OK (323ms)
2026-08-21T13:38:35.168Z  [API  ]  200 OK (219ms)
2026-08-21T13:38:35.168Z  [API  ]  200 OK (234ms)
2026-08-21T13:38:35.169Z  [API  ]  200 OK (227ms)
2026-08-21T13:38:35.169Z  [API  ]  200 OK (223ms)
2026-08-21T13:38:35.170Z  [API  ]  200 OK (200ms)
2026-08-21T13:38:35.170Z  [API  ]  200 OK (1885ms)
2026-08-21T13:38:35.184Z  [API  ]  HEAD https://pub.dev/api/archives/cli_config-0.2.0.tar.gz
2026-08-21T13:38:35.191Z  [API  ]  HEAD https://pub.dev/api/archives/string_scanner-1.4.1.tar.gz
2026-08-21T13:38:35.205Z  [API  ]  HEAD https://pub.dev/api/archives/stream_channel-2.1.4.tar.gz
2026-08-21T13:38:35.219Z  [API  ]  HEAD https://pub.dev/api/archives/http_multi_server-3.2.2.tar.gz
2026-08-21T13:38:35.232Z  [API  ]  HEAD https://pub.dev/api/archives/shelf_packages_handler-3.0.2.tar.gz
2026-08-21T13:38:35.246Z  [API  ]  HEAD https://pub.dev/api/archives/state_notifier-1.0.0.tar.gz
2026-08-21T13:38:35.266Z  [API  ]  HEAD https://pub.dev/api/archives/file-7.0.1.tar.gz
2026-08-21T13:38:35.295Z  [API  ]  HEAD https://pub.dev/api/archives/fixnum-1.1.1.tar.gz
2026-08-21T13:38:35.298Z  [API  ]  HEAD https://pub.dev/api/archives/ffi-2.2.0.tar.gz
2026-08-21T13:38:35.313Z  [API  ]  HEAD https://pub.dev/api/archives/dart_style-3.1.12.tar.gz
2026-08-21T13:38:35.326Z  [API  ]  HEAD https://pub.dev/api/archives/crypto-3.0.7.tar.gz
2026-08-21T13:38:35.341Z  [API  ]  200 OK (2057ms)
2026-08-21T13:38:35.342Z  [API  ]  200 OK (2090ms)
2026-08-21T13:38:35.342Z  [API  ]  200 OK (2044ms)
2026-08-21T13:38:35.343Z  [API  ]  200 OK (2074ms)
2026-08-21T13:38:35.343Z  [API  ]  200 OK (2097ms)
2026-08-21T13:38:35.344Z  [API  ]  200 OK (2062ms)
2026-08-21T13:38:35.345Z  [API  ]  200 OK (2071ms)
2026-08-21T13:38:35.345Z  [API  ]  200 OK (2069ms)
2026-08-21T13:38:35.346Z  [API  ]  200 OK (2087ms)
2026-08-21T13:38:35.346Z  [API  ]  200 OK (330ms)
2026-08-21T13:38:35.348Z  [API  ]  HEAD https://pub.dev/api/archives/uuid-4.6.0.tar.gz
2026-08-21T13:38:35.358Z  [API  ]  HEAD https://pub.dev/api/archives/watcher-1.2.1.tar.gz
2026-08-21T13:38:35.372Z  [API  ]  HEAD https://pub.dev/api/archives/meta-1.19.0.tar.gz
2026-08-21T13:38:35.386Z  [API  ]  HEAD https://pub.dev/api/archives/_fe_analyzer_shared-105.0.0.tar.gz
2026-08-21T13:38:35.389Z  [API  ]  HEAD https://pub.dev/api/archives/yaml-3.1.3.tar.gz
2026-08-21T13:38:35.393Z  [API  ]  HEAD https://pub.dev/api/archives/vm_service-15.3.0.tar.gz
2026-08-21T13:38:35.396Z  [API  ]  HEAD https://pub.dev/api/archives/archive-4.1.0.tar.gz
2026-08-21T13:38:35.401Z  [API  ]  HEAD https://pub.dev/api/archives/test-1.31.2.tar.gz
2026-08-21T13:38:35.415Z  [API  ]  HEAD https://pub.dev/api/archives/source_map_stack_trace-2.1.2.tar.gz
2026-08-21T13:38:35.425Z  [API  ]  HEAD https://pub.dev/api/archives/package_config-3.0.0.tar.gz
2026-08-21T13:38:35.427Z  [API  ]  HEAD https://pub.dev/api/archives/shelf_web_socket-3.0.0.tar.gz
2026-08-21T13:38:35.445Z  [API  ]  HEAD https://pub.dev/api/archives/webkit_inspection_protocol-1.2.1.tar.gz
2026-08-21T13:38:35.448Z  [API  ]  HEAD https://pub.dev/api/archives/web_socket_channel-3.0.3.tar.gz
2026-08-21T13:38:35.452Z  [API  ]  HEAD https://pub.dev/api/archives/test_core-0.6.19.tar.gz
2026-08-21T13:38:35.455Z  [API  ]  HEAD https://pub.dev/api/archives/analyzer_plugin-0.14.14.tar.gz
2026-08-21T13:38:35.458Z  [API  ]  HEAD https://pub.dev/api/archives/shelf-1.4.2.tar.gz
2026-08-21T13:38:35.461Z  [API  ]  HEAD https://pub.dev/api/archives/source_maps-0.10.14.tar.gz
2026-08-21T13:38:35.464Z  [API  ]  HEAD https://pub.dev/api/archives/coverage-1.15.1.tar.gz
2026-08-21T13:38:35.594Z  [API  ]  200 OK (575ms)
2026-08-21T13:38:35.595Z  [API  ]  200 OK (582ms)
2026-08-21T13:38:35.603Z  [API  ]  200 OK (638ms)
2026-08-21T13:38:35.604Z  [API  ]  200 OK (2385ms)
2026-08-21T13:38:35.604Z  [API  ]  200 OK (420ms)
2026-08-21T13:38:35.605Z  [API  ]  200 OK (665ms)
2026-08-21T13:38:35.605Z  [API  ]  200 OK (442ms)
2026-08-21T13:38:35.605Z  [API  ]  200 OK (2351ms)
2026-08-21T13:38:35.606Z  [API  ]  200 OK (2349ms)
2026-08-21T13:38:35.615Z  [API  ]  HEAD https://pub.dev/api/archives/matcher-0.12.20.tar.gz
2026-08-21T13:38:35.637Z  [API  ]  HEAD https://pub.dev/api/archives/analyzer-14.1.0.tar.gz
2026-08-21T13:38:35.651Z  [API  ]  200 OK (2464ms)
2026-08-21T13:38:35.652Z  [API  ]  200 OK (2440ms)
2026-08-21T13:38:35.652Z  [API  ]  200 OK (2471ms)
2026-08-21T13:38:35.653Z  [API  ]  200 OK (2468ms)
2026-08-21T13:38:35.653Z  [API  ]  200 OK (2450ms)
2026-08-21T13:38:35.654Z  [API  ]  200 OK (2357ms)
2026-08-21T13:38:35.655Z  [API  ]  200 OK (2361ms)
2026-08-21T13:38:35.656Z  [API  ]  200 OK (2473ms)
2026-08-21T13:38:35.656Z  [API  ]  200 OK (361ms)
2026-08-21T13:38:35.657Z  [API  ]  200 OK (2441ms)
2026-08-21T13:38:35.658Z  [API  ]  200 OK (269ms)
2026-08-21T13:38:35.659Z  [API  ]  200 OK (273ms)
2026-08-21T13:38:35.659Z  [API  ]  200 OK (311ms)
2026-08-21T13:38:35.660Z  [API  ]  200 OK (264ms)
2026-08-21T13:38:35.660Z  [API  ]  200 OK (267ms)
2026-08-21T13:38:35.660Z  [API  ]  200 OK (245ms)
2026-08-21T13:38:35.661Z  [API  ]  200 OK (2460ms)
2026-08-21T13:38:35.662Z  [API  ]  200 OK (2436ms)
2026-08-21T13:38:35.662Z  [API  ]  200 OK (237ms)
2026-08-21T13:38:35.663Z  [API  ]  200 OK (2424ms)
2026-08-21T13:38:35.663Z  [API  ]  200 OK (2464ms)
2026-08-21T13:38:35.664Z  [API  ]  404 Not Found (2374ms)
2026-08-21T13:38:35.664Z  [API  ]  200 OK (203ms)
2026-08-21T13:38:35.664Z  [API  ]  200 OK (219ms)
2026-08-21T13:38:35.665Z  [API  ]  200 OK (217ms)
2026-08-21T13:38:35.665Z  [API  ]  200 OK (207ms)
2026-08-21T13:38:35.666Z  [API  ]  200 OK (214ms)
2026-08-21T13:38:35.666Z  [API  ]  200 OK (2364ms)
2026-08-21T13:38:35.675Z  [API  ]  200 OK (2403ms)
2026-08-21T13:38:35.683Z  [API  ]  HEAD https://pub.dev/api/archives/term_glyph-1.2.2.tar.gz
2026-08-21T13:38:35.686Z  [API  ]  HEAD https://pub.dev/api/archives/lints-6.1.0.tar.gz
2026-08-21T13:38:35.688Z  [API  ]  HEAD https://pub.dev/api/archives/convert-3.1.2.tar.gz
2026-08-21T13:38:35.690Z  [API  ]  HEAD https://pub.dev/api/archives/yaml_edit-2.2.4.tar.gz
2026-08-21T13:38:35.693Z  [API  ]  HEAD https://pub.dev/api/archives/flutter-0.0.20.tar.gz
2026-08-21T13:38:35.707Z  [API  ]  HEAD https://pub.dev/api/archives/web-1.1.1.tar.gz
2026-08-21T13:38:35.718Z  [API  ]  HEAD https://pub.dev/api/archives/logging-1.3.0.tar.gz
2026-08-21T13:38:35.720Z  [API  ]  HEAD https://pub.dev/api/archives/http_parser-4.1.2.tar.gz
2026-08-21T13:38:35.723Z  [API  ]  HEAD https://pub.dev/api/archives/analysis_server_plugin-0.3.20.tar.gz
2026-08-21T13:38:35.736Z  [API  ]  HEAD https://pub.dev/api/archives/posix-6.5.2.tar.gz
2026-08-21T13:38:35.752Z  [API  ]  HEAD https://pub.dev/api/archives/source_span-1.10.2.tar.gz
2026-08-21T13:38:35.755Z  [API  ]  HEAD https://pub.dev/api/archives/shelf_static-1.1.3.tar.gz
2026-08-21T13:38:35.759Z  [API  ]  HEAD https://pub.dev/api/archives/args-2.7.0.tar.gz
2026-08-21T13:38:35.773Z  [API  ]  HEAD https://pub.dev/api/archives/leak_tracker-11.0.2.tar.gz
2026-08-21T13:38:35.779Z  [API  ]  HEAD https://pub.dev/api/archives/path-1.9.1.tar.gz
2026-08-21T13:38:35.782Z  [API  ]  HEAD https://pub.dev/api/archives/test_api-0.7.13.tar.gz
2026-08-21T13:38:35.796Z  [API  ]  HEAD https://pub.dev/api/archives/stack_trace-1.12.1.tar.gz
2026-08-21T13:38:35.829Z  [API  ]  200 OK (2653ms)
2026-08-21T13:38:35.830Z  [API  ]  200 OK (375ms)
2026-08-21T13:38:35.838Z  [API  ]  HEAD https://pub.dev/api/archives/async-2.13.1.tar.gz
2026-08-21T13:38:36.034Z  [API  ]  200 OK (1236ms)
2026-08-21T13:38:36.056Z  [API  ]  200 OK (366ms)
2026-08-21T13:38:36.112Z  [API  ]  200 OK (405ms)
2026-08-21T13:38:36.113Z  [API  ]  200 OK (334ms)
2026-08-21T13:38:36.120Z  [API  ]  200 OK (437ms)
2026-08-21T13:38:36.120Z  [API  ]  200 OK (347ms)
2026-08-21T13:38:36.121Z  [API  ]  200 OK (366ms)
2026-08-21T13:38:36.122Z  [API  ]  200 OK (402ms)
2026-08-21T13:38:36.122Z  [API  ]  200 OK (404ms)
2026-08-21T13:38:36.123Z  [API  ]  200 OK (371ms)
2026-08-21T13:38:36.124Z  [API  ]  200 OK (436ms)
2026-08-21T13:38:36.124Z  [API  ]  200 OK (438ms)
2026-08-21T13:38:36.150Z  [API  ]  200 OK (312ms)
2026-08-21T13:38:36.252Z  [API  ]  200 OK (1020ms)
2026-08-21T13:38:36.266Z  [API  ]  200 OK (1061ms)
2026-08-21T13:38:36.266Z  [API  ]  200 OK (1047ms)
2026-08-21T13:38:36.267Z  [API  ]  200 OK (1021ms)
2026-08-21T13:38:36.268Z  [API  ]  200 OK (1077ms)
2026-08-21T13:38:36.268Z  [API  ]  200 OK (1002ms)
2026-08-21T13:38:36.338Z  [API  ]  200 OK (911ms)
2026-08-21T13:38:36.339Z  [API  ]  200 OK (875ms)
2026-08-21T13:38:36.339Z  [API  ]  200 OK (938ms)
2026-08-21T13:38:36.353Z  [API  ]  200 OK (995ms)
2026-08-21T13:38:36.353Z  [API  ]  200 OK (1027ms)
2026-08-21T13:38:36.354Z  [API  ]  200 OK (982ms)
2026-08-21T13:38:36.354Z  [API  ]  200 OK (1041ms)
2026-08-21T13:38:36.355Z  [API  ]  200 OK (740ms)
2026-08-21T13:38:36.448Z  [API  ]  200 OK (689ms)
2026-08-21T13:38:36.458Z  [API  ]  200 OK (676ms)
2026-08-21T13:38:36.458Z  [API  ]  200 OK (662ms)
2026-08-21T13:38:36.663Z  [API  ]  200 OK (970ms)
2026-08-21T13:38:36.786Z  [API  ]  200 OK (1488ms)
2026-08-21T13:38:36.843Z  [API  ]  200 OK (1107ms)
2026-08-21T13:38:37.010Z  [API  ]  200 OK (1287ms)
2026-08-21T13:38:38.045Z  [API  ]  200 OK (2408ms)
2026-08-21T13:38:38.088Z  [INFO ]  Dep graph: 9 direct, 73 transitive, 0 overrides
2026-08-21T13:38:38.089Z  [CACHE]  MISS osv.vulns.cupertino_icons.1.0.9
2026-08-21T13:38:38.089Z  [CACHE]  MISS osv.vulns.dio.5.11.0
2026-08-21T13:38:38.089Z  [CACHE]  MISS osv.vulns.flutter_lints.6.0.0
2026-08-21T13:38:38.089Z  [CACHE]  MISS osv.vulns.flutter_riverpod.3.4.2
2026-08-21T13:38:38.089Z  [CACHE]  MISS osv.vulns.flutter_skill.0.9.36
2026-08-21T13:38:38.089Z  [CACHE]  MISS osv.vulns.go_router.17.5.0
2026-08-21T13:38:38.089Z  [CACHE]  MISS osv.vulns.lottie.3.5.1
2026-08-21T13:38:38.089Z  [CACHE]  MISS osv.vulns.riverpod.3.4.2
2026-08-21T13:38:38.089Z  [CACHE]  MISS osv.vulns.saropa_lints.14.0.2
2026-08-21T13:38:38.089Z  [API  ]  POST https://api.osv.dev/v1/querybatch
2026-08-21T13:38:38.091Z  [CACHE]  MISS ghsa.vulns.cupertino_icons.1.0.9
2026-08-21T13:38:38.091Z  [CACHE]  MISS ghsa.vulns.dio.5.11.0
2026-08-21T13:38:38.091Z  [CACHE]  MISS ghsa.vulns.flutter_lints.6.0.0
2026-08-21T13:38:38.091Z  [CACHE]  MISS ghsa.vulns.flutter_riverpod.3.4.2
2026-08-21T13:38:38.091Z  [CACHE]  MISS ghsa.vulns.flutter_skill.0.9.36
2026-08-21T13:38:38.091Z  [CACHE]  MISS ghsa.vulns.go_router.17.5.0
2026-08-21T13:38:38.091Z  [CACHE]  MISS ghsa.vulns.lottie.3.5.1
2026-08-21T13:38:38.091Z  [CACHE]  MISS ghsa.vulns.riverpod.3.4.2
2026-08-21T13:38:38.091Z  [CACHE]  MISS ghsa.vulns.saropa_lints.14.0.2
2026-08-21T13:38:38.092Z  [API  ]  GET https://api.github.com/advisories?ecosystem=pub&package=cupertino_icons&affects=1.0.9&per_page=100
2026-08-21T13:38:38.094Z  [API  ]  GET https://api.github.com/advisories?ecosystem=pub&package=dio&affects=5.11.0&per_page=100
2026-08-21T13:38:38.095Z  [API  ]  GET https://api.github.com/advisories?ecosystem=pub&package=flutter_lints&affects=6.0.0&per_page=100
2026-08-21T13:38:38.097Z  [API  ]  GET https://api.github.com/advisories?ecosystem=pub&package=flutter_riverpod&affects=3.4.2&per_page=100
2026-08-21T13:38:38.099Z  [API  ]  GET https://api.github.com/advisories?ecosystem=pub&package=flutter_skill&affects=0.9.36&per_page=100
2026-08-21T13:38:38.949Z  [API  ]  200 OK (850ms)
2026-08-21T13:38:38.967Z  [API  ]  200 OK (873ms)
2026-08-21T13:38:39.196Z  [API  ]  403 rate limit exceeded (1104ms)
2026-08-21T13:38:39.196Z  [ERROR]  GitHub Advisory query failed for cupertino_icons: 403
2026-08-21T13:38:40.468Z  [API  ]  200 OK (2373ms)
2026-08-21T13:38:40.469Z  [API  ]  200 OK (2372ms)
2026-08-21T13:38:40.469Z  [API  ]  GET https://api.github.com/advisories?ecosystem=pub&package=go_router&affects=17.5.0&per_page=100
2026-08-21T13:38:40.471Z  [API  ]  GET https://api.github.com/advisories?ecosystem=pub&package=lottie&affects=3.5.1&per_page=100
2026-08-21T13:38:40.472Z  [API  ]  GET https://api.github.com/advisories?ecosystem=pub&package=riverpod&affects=3.4.2&per_page=100
2026-08-21T13:38:40.474Z  [API  ]  GET https://api.github.com/advisories?ecosystem=pub&package=saropa_lints&affects=14.0.2&per_page=100
2026-08-21T13:38:40.689Z  [API  ]  200 OK (2600ms)
2026-08-21T13:38:41.029Z  [API  ]  403 rate limit exceeded (560ms)
2026-08-21T13:38:41.029Z  [ERROR]  GitHub Advisory query failed for go_router: 403
2026-08-21T13:38:41.761Z  [API  ]  403 rate limit exceeded (1290ms)
2026-08-21T13:38:41.761Z  [ERROR]  GitHub Advisory query failed for lottie: 403
2026-08-21T13:38:42.951Z  [API  ]  403 rate limit exceeded (2479ms)
2026-08-21T13:38:42.951Z  [ERROR]  GitHub Advisory query failed for riverpod: 403
2026-08-21T13:38:43.395Z  [API  ]  403 rate limit exceeded (2921ms)
2026-08-21T13:38:43.395Z  [ERROR]  GitHub Advisory query failed for saropa_lints: 403
2026-08-21T13:38:44.117Z  [INFO ]  Scan complete — 57645ms — vibrant:3 stable:6 outdated:0 abandoned:0 eol:0
