2026-08-19T15:06:50.586Z  [CACHE]  HIT  flutter.releases
2026-08-19T15:06:50.586Z  [INFO ]  Scan started — 10 packages
2026-08-19T15:06:50.586Z  [INFO ]  [1/10] cupertino_icons
2026-08-19T15:06:50.587Z  [INFO ]  Known issue: active
2026-08-19T15:06:50.587Z  [CACHE]  HIT  pub.info.cupertino_icons
2026-08-19T15:06:50.587Z  [CACHE]  MISS pub.metrics.cupertino_icons
2026-08-19T15:06:50.587Z  [API  ]  GET https://pub.dev/api/packages/cupertino_icons/metrics
2026-08-19T15:06:50.590Z  [API  ]  GET https://pub.dev/api/packages/cupertino_icons/score
2026-08-19T15:06:50.592Z  [CACHE]  HIT  pub.publisher.cupertino_icons
2026-08-19T15:06:50.592Z  [CACHE]  MISS pub.reverseDeps.cupertino_icons
2026-08-19T15:06:50.592Z  [API  ]  GET https://pub.dev/packages?q=dependency%3Acupertino_icons
2026-08-19T15:06:50.594Z  [INFO ]  [2/10] dio
2026-08-19T15:06:50.594Z  [INFO ]  Known issue: active
2026-08-19T15:06:50.594Z  [CACHE]  HIT  pub.info.dio
2026-08-19T15:06:50.594Z  [CACHE]  HIT  pub.metrics.dio
2026-08-19T15:06:50.594Z  [CACHE]  HIT  pub.publisher.dio
2026-08-19T15:06:50.594Z  [CACHE]  MISS pub.reverseDeps.dio
2026-08-19T15:06:50.594Z  [API  ]  GET https://pub.dev/packages?q=dependency%3Adio
2026-08-19T15:06:50.596Z  [INFO ]  [3/10] flutter_lints
2026-08-19T15:06:50.596Z  [INFO ]  Known issue: active
2026-08-19T15:06:50.596Z  [CACHE]  MISS pub.info.flutter_lints
2026-08-19T15:06:50.596Z  [API  ]  GET https://pub.dev/api/packages/flutter_lints
2026-08-19T15:06:50.598Z  [CACHE]  MISS pub.metrics.flutter_lints
2026-08-19T15:06:50.598Z  [API  ]  GET https://pub.dev/api/packages/flutter_lints/metrics
2026-08-19T15:06:50.600Z  [API  ]  GET https://pub.dev/api/packages/flutter_lints/score
2026-08-19T15:06:50.602Z  [CACHE]  HIT  pub.publisher.flutter_lints
2026-08-19T15:06:50.602Z  [CACHE]  MISS pub.reverseDeps.flutter_lints
2026-08-19T15:06:50.602Z  [API  ]  GET https://pub.dev/packages?q=dependency%3Aflutter_lints
2026-08-19T15:06:50.604Z  [INFO ]  [4/10] flutter_riverpod
2026-08-19T15:06:50.604Z  [INFO ]  Known issue: active
2026-08-19T15:06:50.604Z  [CACHE]  MISS pub.info.flutter_riverpod
2026-08-19T15:06:50.604Z  [API  ]  GET https://pub.dev/api/packages/flutter_riverpod
2026-08-19T15:06:50.606Z  [CACHE]  MISS pub.metrics.flutter_riverpod
2026-08-19T15:06:50.606Z  [API  ]  GET https://pub.dev/api/packages/flutter_riverpod/metrics
2026-08-19T15:06:50.608Z  [API  ]  GET https://pub.dev/api/packages/flutter_riverpod/score
2026-08-19T15:06:50.610Z  [CACHE]  HIT  pub.publisher.flutter_riverpod
2026-08-19T15:06:50.610Z  [CACHE]  MISS pub.reverseDeps.flutter_riverpod
2026-08-19T15:06:50.610Z  [API  ]  GET https://pub.dev/packages?q=dependency%3Aflutter_riverpod
2026-08-19T15:06:50.612Z  [INFO ]  [5/10] flutter_skill
2026-08-19T15:06:50.612Z  [CACHE]  MISS pub.info.flutter_skill
2026-08-19T15:06:50.612Z  [API  ]  GET https://pub.dev/api/packages/flutter_skill
2026-08-19T15:06:50.614Z  [CACHE]  HIT  pub.metrics.flutter_skill
2026-08-19T15:06:50.614Z  [CACHE]  HIT  pub.publisher.flutter_skill
2026-08-19T15:06:50.614Z  [CACHE]  MISS pub.reverseDeps.flutter_skill
2026-08-19T15:06:50.614Z  [API  ]  GET https://pub.dev/packages?q=dependency%3Aflutter_skill
2026-08-19T15:06:50.616Z  [INFO ]  [6/10] go_router
2026-08-19T15:06:50.616Z  [INFO ]  Known issue: active
2026-08-19T15:06:50.616Z  [CACHE]  HIT  pub.info.go_router
2026-08-19T15:06:50.616Z  [CACHE]  HIT  pub.metrics.go_router
2026-08-19T15:06:50.616Z  [CACHE]  HIT  pub.publisher.go_router
2026-08-19T15:06:50.616Z  [CACHE]  MISS pub.reverseDeps.go_router
2026-08-19T15:06:50.616Z  [API  ]  GET https://pub.dev/packages?q=dependency%3Ago_router
2026-08-19T15:06:52.003Z  [API  ]  200 OK (1403ms)
2026-08-19T15:06:52.003Z  [API  ]  200 OK (1395ms)
2026-08-19T15:06:52.004Z  [API  ]  200 OK (1408ms)
2026-08-19T15:06:52.005Z  [API  ]  200 OK (1415ms)
2026-08-19T15:06:52.006Z  [API  ]  200 OK (1396ms)
2026-08-19T15:06:52.007Z  [API  ]  200 OK (1409ms)
2026-08-19T15:06:52.007Z  [API  ]  200 OK (1420ms)
2026-08-19T15:06:52.009Z  [API  ]  200 OK (1395ms)
2026-08-19T15:06:52.009Z  [API  ]  200 OK (1415ms)
2026-08-19T15:06:52.032Z  [API  ]  200 OK (1430ms)
2026-08-19T15:06:52.035Z  [API  ]  200 OK (1429ms)
2026-08-19T15:06:52.036Z  [API  ]  200 OK (1420ms)
2026-08-19T15:06:52.037Z  [API  ]  200 OK (1445ms)
2026-08-19T15:06:52.055Z  [API  ]  200 OK (1443ms)
2026-08-19T15:06:52.064Z  [CACHE]  HIT  gh.cfug.dio
2026-08-19T15:06:52.065Z  [CACHE]  MISS pub.archiveSize.dio
2026-08-19T15:06:52.067Z  [API  ]  HEAD https://pub.dev/api/archives/dio-5.11.0.tar.gz
2026-08-19T15:06:52.070Z  [CACHE]  HIT  pub.tarball.v4zqir
2026-08-19T15:06:52.079Z  [CACHE]  HIT  gh.flutter.packages
2026-08-19T15:06:52.079Z  [CACHE]  HIT  pub.archiveSize.go_router
2026-08-19T15:06:52.079Z  [API  ]  GET https://pub.dev/api/packages/go_router
2026-08-19T15:06:52.102Z  [CACHE]  HIT  gh.flutter.packages
2026-08-19T15:06:52.102Z  [CACHE]  HIT  pub.archiveSize.cupertino_icons
2026-08-19T15:06:52.104Z  [CACHE]  MISS pub.tarball.oijvck
2026-08-19T15:06:52.104Z  [API  ]  GET https://pub.dev/api/archives/cupertino_icons-1.0.9.tar.gz
2026-08-19T15:06:52.180Z  [API  ]  200 OK (113ms)
2026-08-19T15:06:52.180Z  [API  ]  200 OK (76ms)
2026-08-19T15:06:52.254Z  [CACHE]  HIT  gh.flutter.packages
2026-08-19T15:06:52.254Z  [CACHE]  MISS pub.archiveSize.flutter_lints
2026-08-19T15:06:52.256Z  [API  ]  HEAD https://pub.dev/api/archives/flutter_lints-6.0.0.tar.gz
2026-08-19T15:06:52.258Z  [CACHE]  HIT  pub.tarball.z7ll8h
2026-08-19T15:06:52.387Z  [CACHE]  HIT  gh.ai-dashboad.flutter-skill
2026-08-19T15:06:52.387Z  [CACHE]  HIT  pub.archiveSize.flutter_skill
2026-08-19T15:06:52.387Z  [CACHE]  MISS pub.tarball.65am2
2026-08-19T15:06:52.387Z  [API  ]  GET https://pub.dev/api/archives/flutter_skill-0.9.36.tar.gz
2026-08-19T15:06:52.727Z  [API  ]  200 OK (2123ms)
2026-08-19T15:06:52.730Z  [API  ]  200 OK (651ms)
2026-08-19T15:06:52.743Z  [CACHE]  HIT  pub.tarball.tp3hdt
2026-08-19T15:06:52.744Z  [SCORE]  go_router → 62.8 (stable) [rv=38 eg=49.44444444444444 pop=96.875 pt=-5 pq=9.375]
2026-08-19T15:06:52.744Z  [INFO ]  [7/10] lottie
2026-08-19T15:06:52.744Z  [INFO ]  Known issue: active
2026-08-19T15:06:52.744Z  [CACHE]  MISS pub.info.lottie
2026-08-19T15:06:52.744Z  [API  ]  GET https://pub.dev/api/packages/lottie
2026-08-19T15:06:52.746Z  [CACHE]  MISS pub.metrics.lottie
2026-08-19T15:06:52.746Z  [API  ]  GET https://pub.dev/api/packages/lottie/metrics
2026-08-19T15:06:52.748Z  [API  ]  GET https://pub.dev/api/packages/lottie/score
2026-08-19T15:06:52.750Z  [CACHE]  HIT  pub.publisher.lottie
2026-08-19T15:06:52.750Z  [CACHE]  MISS pub.reverseDeps.lottie
2026-08-19T15:06:52.750Z  [API  ]  GET https://pub.dev/packages?q=dependency%3Alottie
2026-08-19T15:06:52.946Z  [API  ]  200 OK (559ms)
2026-08-19T15:06:53.033Z  [API  ]  200 OK (289ms)
2026-08-19T15:06:53.033Z  [API  ]  200 OK (287ms)
2026-08-19T15:06:53.054Z  [API  ]  200 OK (304ms)
2026-08-19T15:06:53.072Z  [CACHE]  HIT  gh.rrousselGit.riverpod
2026-08-19T15:06:53.072Z  [CACHE]  HIT  pub.archiveSize.flutter_riverpod
2026-08-19T15:06:53.074Z  [CACHE]  HIT  pub.tarball.vc4vn3
2026-08-19T15:06:53.158Z  [API  ]  200 OK (410ms)
2026-08-19T15:06:53.336Z  [CACHE]  MISS gh.xvrh.lottie-flutter
2026-08-19T15:06:53.336Z  [API  ]  GET https://api.github.com/repos/xvrh/lottie-flutter
2026-08-19T15:06:53.336Z  [API  ]  GET https://api.github.com/repos/xvrh/lottie-flutter/issues?state=closed&since=2026-05-21T15:06:53.336Z&per_page=100
2026-08-19T15:06:53.336Z  [API  ]  GET https://api.github.com/repos/xvrh/lottie-flutter/pulls?state=closed&per_page=100
2026-08-19T15:06:53.336Z  [API  ]  GET https://api.github.com/repos/xvrh/lottie-flutter/issues?state=open&sort=comments&direction=desc&per_page=50
2026-08-19T15:06:53.336Z  [API  ]  GET https://api.github.com/repos/xvrh/lottie-flutter/pulls?state=open&per_page=100
2026-08-19T15:06:54.578Z  [SCORE]  dio → 96.2 (vibrant) [rv=99.5 eg=59.94444444444444 pop=100 pt=-5 pq=10]
2026-08-19T15:06:54.579Z  [INFO ]  [8/10] mix
2026-08-19T15:06:54.579Z  [CACHE]  HIT  pub.info.mix
2026-08-19T15:06:54.579Z  [CACHE]  MISS pub.metrics.mix
2026-08-19T15:06:54.579Z  [API  ]  GET https://pub.dev/api/packages/mix/metrics
2026-08-19T15:06:54.580Z  [API  ]  GET https://pub.dev/api/packages/mix/score
2026-08-19T15:06:54.582Z  [CACHE]  HIT  pub.publisher.mix
2026-08-19T15:06:54.582Z  [CACHE]  MISS pub.reverseDeps.mix
2026-08-19T15:06:54.582Z  [API  ]  GET https://pub.dev/packages?q=dependency%3Amix
2026-08-19T15:06:55.087Z  [API  ]  200 OK (508ms)
2026-08-19T15:06:55.087Z  [API  ]  200 OK (507ms)
2026-08-19T15:06:55.316Z  [API  ]  200 OK (734ms)
2026-08-19T15:06:55.317Z  [API  ]  200 OK (3061ms)
2026-08-19T15:06:55.329Z  [CACHE]  HIT  gh.btwld.mix
2026-08-19T15:06:55.329Z  [CACHE]  HIT  pub.archiveSize.mix
2026-08-19T15:06:55.330Z  [CACHE]  HIT  pub.tarball.zbemwd
2026-08-19T15:06:56.022Z  [SCORE]  flutter_riverpod → 84.5 (vibrant) [rv=95.5 eg=69 pop=93.75 pt=-5 pq=8.75]
2026-08-19T15:06:56.022Z  [INFO ]  [9/10] riverpod
2026-08-19T15:06:56.022Z  [CACHE]  HIT  pub.info.riverpod
2026-08-19T15:06:56.022Z  [CACHE]  HIT  pub.metrics.riverpod
2026-08-19T15:06:56.022Z  [CACHE]  HIT  pub.publisher.riverpod
2026-08-19T15:06:56.023Z  [CACHE]  MISS pub.reverseDeps.riverpod
2026-08-19T15:06:56.023Z  [API  ]  GET https://pub.dev/packages?q=dependency%3Ariverpod
2026-08-19T15:06:56.045Z  [API  ]  200 OK (2709ms)
2026-08-19T15:06:56.045Z  [API  ]  200 OK (2709ms)
2026-08-19T15:06:56.045Z  [API  ]  200 OK (2709ms)
2026-08-19T15:06:56.045Z  [API  ]  200 OK (2709ms)
2026-08-19T15:06:56.045Z  [API  ]  200 OK (2709ms)
2026-08-19T15:06:56.134Z  [SCORE]  flutter_lints → 56.3 (stable) [rv=38 eg=49.44444444444444 pop=100 pt=-5 pq=10]
2026-08-19T15:06:56.134Z  [INFO ]  [10/10] saropa_lints
2026-08-19T15:06:56.134Z  [CACHE]  HIT  pub.info.saropa_lints
2026-08-19T15:06:56.134Z  [CACHE]  HIT  pub.metrics.saropa_lints
2026-08-19T15:06:56.134Z  [CACHE]  HIT  pub.publisher.saropa_lints
2026-08-19T15:06:56.134Z  [CACHE]  MISS pub.reverseDeps.saropa_lints
2026-08-19T15:06:56.134Z  [API  ]  GET https://pub.dev/packages?q=dependency%3Asaropa_lints
2026-08-19T15:06:57.158Z  [API  ]  200 OK (1024ms)
2026-08-19T15:06:57.160Z  [CACHE]  HIT  gh.saropa.saropa_lints
2026-08-19T15:06:57.160Z  [CACHE]  HIT  pub.archiveSize.saropa_lints
2026-08-19T15:06:57.160Z  [CACHE]  HIT  pub.tarball.1v5r81
2026-08-19T15:06:57.162Z  [SCORE]  saropa_lints → 62.7 (stable) [rv=45.5 eg=64.72602739726028 pop=46.955 pt=-5 pq=9.375]
2026-08-19T15:06:57.988Z  [SCORE]  mix → 85.3 (vibrant) [rv=100 eg=53.5 pop=51.73 pt=-5 pq=8.75]
2026-08-19T15:07:00.120Z  [API  ]  200 OK (4097ms)
2026-08-19T15:07:01.395Z  [CACHE]  HIT  gh.rrousselGit.riverpod
2026-08-19T15:07:01.395Z  [CACHE]  HIT  pub.archiveSize.riverpod
2026-08-19T15:07:01.397Z  [CACHE]  HIT  pub.tarball.4u7372
2026-08-19T15:07:02.901Z  [CACHE]  MISS pub.archiveSize.lottie
2026-08-19T15:07:02.903Z  [API  ]  HEAD https://pub.dev/api/archives/lottie-3.5.1.tar.gz
2026-08-19T15:07:02.905Z  [CACHE]  MISS pub.tarball.4owc4s
2026-08-19T15:07:02.905Z  [API  ]  GET https://pub.dev/api/archives/lottie-3.5.1.tar.gz
2026-08-19T15:07:03.140Z  [API  ]  200 OK (237ms)
2026-08-19T15:07:03.193Z  [API  ]  200 OK (288ms)
2026-08-19T15:07:03.295Z  [SCORE]  riverpod → 86.4 (vibrant) [rv=95.5 eg=69 pop=100 pt=-5 pq=10]
2026-08-19T15:07:04.641Z  [SCORE]  flutter_skill → 38.2 (outdated) [rv=19.5 eg=56.111111111111114 pop=47.27 pt=-5 pq=8.75]
2026-08-19T15:07:04.988Z  [SCORE]  lottie → 55.3 (stable) [rv=35 eg=65 pop=62.95 pt=-5 pq=10]
2026-08-19T15:07:12.037Z  [SCORE]  cupertino_icons → 56.3 (stable) [rv=38 eg=49.44444444444444 pop=100 pt=-5 pq=10]
2026-08-19T15:07:12.708Z  [ERROR]  Blocker analysis skipped — CLI commands failed — pub outdated: Command failed: dart pub outdated --json --transitive
Cannot specify both `--json` and `--transitive`
The json report always includes transitive dependencies.

Usage: dart pub outdated [options]
-h, --help                         Print this usage information.
    --[no-]dependency-overrides    Show resolutions with `dependency_overrides`.
                                   (defaults to on)
    --[no-]dev-dependencies        Take dev dependencies into account.
                                   (defaults to on)
    --json                         Output the results using a json format.
    --[no-]prereleases             Include prereleases in latest version.
    --[no-]show-all                Include dependencies that are already
                                   fulfilling --mode.
    --[no-]transitive              Show transitive dependencies.
                                   (defaults to on)
-C, --directory=<dir>              Run this in the directory <dir>.

Run "dart help" to see global options.
See https://dart.dev/tools/pub/cmd/pub-outdated for detailed documentation.

2026-08-19T15:07:12.986Z  [CACHE]  MISS pub.archiveSize.async
2026-08-19T15:07:12.986Z  [API  ]  GET https://pub.dev/api/packages/async
2026-08-19T15:07:12.989Z  [CACHE]  HIT  pub.archiveSize.collection
2026-08-19T15:07:12.989Z  [CACHE]  HIT  pub.archiveSize.meta
2026-08-19T15:07:12.989Z  [CACHE]  MISS pub.archiveSize.http_parser
2026-08-19T15:07:12.989Z  [API  ]  GET https://pub.dev/api/packages/http_parser
2026-08-19T15:07:12.990Z  [CACHE]  HIT  pub.archiveSize.source_span
2026-08-19T15:07:12.990Z  [CACHE]  HIT  pub.archiveSize.path
2026-08-19T15:07:12.990Z  [CACHE]  HIT  pub.archiveSize.term_glyph
2026-08-19T15:07:12.990Z  [CACHE]  HIT  pub.archiveSize.string_scanner
2026-08-19T15:07:12.990Z  [CACHE]  MISS pub.archiveSize.typed_data
2026-08-19T15:07:12.990Z  [API  ]  GET https://pub.dev/api/packages/typed_data
2026-08-19T15:07:12.992Z  [CACHE]  MISS pub.archiveSize.mime
2026-08-19T15:07:12.992Z  [API  ]  GET https://pub.dev/api/packages/mime
2026-08-19T15:07:12.994Z  [CACHE]  MISS pub.archiveSize.dio_web_adapter
2026-08-19T15:07:12.994Z  [API  ]  GET https://pub.dev/api/packages/dio_web_adapter
2026-08-19T15:07:12.996Z  [CACHE]  HIT  pub.archiveSize.web
2026-08-19T15:07:12.996Z  [CACHE]  HIT  pub.archiveSize.lints
2026-08-19T15:07:12.996Z  [CACHE]  HIT  pub.archiveSize.flutter
2026-08-19T15:07:12.996Z  [CACHE]  HIT  pub.archiveSize.characters
2026-08-19T15:07:12.996Z  [CACHE]  HIT  pub.archiveSize.material_color_utilities
2026-08-19T15:07:12.996Z  [CACHE]  MISS pub.archiveSize.vector_math
2026-08-19T15:07:12.996Z  [API  ]  GET https://pub.dev/api/packages/vector_math
2026-08-19T15:07:12.997Z  [CACHE]  HIT  pub.archiveSize.sky_engine
2026-08-19T15:07:12.997Z  [CACHE]  MISS pub.archiveSize.flutter_test
2026-08-19T15:07:12.997Z  [API  ]  GET https://pub.dev/api/packages/flutter_test
2026-08-19T15:07:12.999Z  [CACHE]  MISS pub.archiveSize.test_api
2026-08-19T15:07:12.999Z  [API  ]  GET https://pub.dev/api/packages/test_api
2026-08-19T15:07:13.001Z  [CACHE]  MISS pub.archiveSize.boolean_selector
2026-08-19T15:07:13.001Z  [API  ]  GET https://pub.dev/api/packages/boolean_selector
2026-08-19T15:07:13.002Z  [CACHE]  MISS pub.archiveSize.stack_trace
2026-08-19T15:07:13.002Z  [API  ]  GET https://pub.dev/api/packages/stack_trace
2026-08-19T15:07:13.006Z  [CACHE]  MISS pub.archiveSize.stream_channel
2026-08-19T15:07:13.006Z  [API  ]  GET https://pub.dev/api/packages/stream_channel
2026-08-19T15:07:13.008Z  [CACHE]  HIT  pub.archiveSize.matcher
2026-08-19T15:07:13.008Z  [CACHE]  HIT  pub.archiveSize.fake_async
2026-08-19T15:07:13.008Z  [CACHE]  HIT  pub.archiveSize.clock
2026-08-19T15:07:13.008Z  [CACHE]  HIT  pub.archiveSize.leak_tracker_flutter_testing
2026-08-19T15:07:13.008Z  [CACHE]  MISS pub.archiveSize.leak_tracker
2026-08-19T15:07:13.008Z  [API  ]  GET https://pub.dev/api/packages/leak_tracker
2026-08-19T15:07:13.010Z  [CACHE]  HIT  pub.archiveSize.vm_service
2026-08-19T15:07:13.010Z  [CACHE]  HIT  pub.archiveSize.leak_tracker_testing
2026-08-19T15:07:13.010Z  [CACHE]  MISS pub.archiveSize.listen
2026-08-19T15:07:13.010Z  [API  ]  GET https://pub.dev/api/packages/listen
2026-08-19T15:07:13.011Z  [CACHE]  HIT  pub.archiveSize.state_notifier
2026-08-19T15:07:13.011Z  [CACHE]  MISS pub.archiveSize.test
2026-08-19T15:07:13.011Z  [API  ]  GET https://pub.dev/api/packages/test
2026-08-19T15:07:13.013Z  [CACHE]  MISS pub.archiveSize.analyzer
2026-08-19T15:07:13.013Z  [API  ]  GET https://pub.dev/api/packages/analyzer
2026-08-19T15:07:13.015Z  [CACHE]  MISS pub.archiveSize._fe_analyzer_shared
2026-08-19T15:07:13.015Z  [API  ]  GET https://pub.dev/api/packages/_fe_analyzer_shared
2026-08-19T15:07:13.016Z  [CACHE]  HIT  pub.archiveSize.convert
2026-08-19T15:07:13.017Z  [CACHE]  MISS pub.archiveSize.crypto
2026-08-19T15:07:13.017Z  [API  ]  GET https://pub.dev/api/packages/crypto
2026-08-19T15:07:13.018Z  [CACHE]  HIT  pub.archiveSize.glob
2026-08-19T15:07:13.018Z  [CACHE]  HIT  pub.archiveSize.file
2026-08-19T15:07:13.018Z  [CACHE]  HIT  pub.archiveSize.package_config
2026-08-19T15:07:13.018Z  [CACHE]  MISS pub.archiveSize.pub_semver
2026-08-19T15:07:13.018Z  [API  ]  GET https://pub.dev/api/packages/pub_semver
2026-08-19T15:07:13.020Z  [CACHE]  MISS pub.archiveSize.watcher
2026-08-19T15:07:13.020Z  [API  ]  GET https://pub.dev/api/packages/watcher
2026-08-19T15:07:13.022Z  [CACHE]  MISS pub.archiveSize.yaml
2026-08-19T15:07:13.022Z  [API  ]  GET https://pub.dev/api/packages/yaml
2026-08-19T15:07:13.023Z  [CACHE]  HIT  pub.archiveSize.coverage
2026-08-19T15:07:13.023Z  [CACHE]  MISS pub.archiveSize.args
2026-08-19T15:07:13.023Z  [API  ]  GET https://pub.dev/api/packages/args
2026-08-19T15:07:13.025Z  [CACHE]  HIT  pub.archiveSize.cli_config
2026-08-19T15:07:13.025Z  [CACHE]  HIT  pub.archiveSize.logging
2026-08-19T15:07:13.025Z  [CACHE]  MISS pub.archiveSize.source_maps
2026-08-19T15:07:13.025Z  [API  ]  GET https://pub.dev/api/packages/source_maps
2026-08-19T15:07:13.027Z  [CACHE]  MISS pub.archiveSize.http_multi_server
2026-08-19T15:07:13.027Z  [API  ]  GET https://pub.dev/api/packages/http_multi_server
2026-08-19T15:07:13.029Z  [CACHE]  MISS pub.archiveSize.io
2026-08-19T15:07:13.029Z  [API  ]  GET https://pub.dev/api/packages/io
2026-08-19T15:07:13.030Z  [CACHE]  MISS pub.archiveSize.node_preamble
2026-08-19T15:07:13.030Z  [API  ]  GET https://pub.dev/api/packages/node_preamble
2026-08-19T15:07:13.032Z  [CACHE]  MISS pub.archiveSize.pool
2026-08-19T15:07:13.032Z  [API  ]  GET https://pub.dev/api/packages/pool
2026-08-19T15:07:13.034Z  [CACHE]  MISS pub.archiveSize.shelf
2026-08-19T15:07:13.034Z  [API  ]  GET https://pub.dev/api/packages/shelf
2026-08-19T15:07:13.035Z  [CACHE]  MISS pub.archiveSize.shelf_packages_handler
2026-08-19T15:07:13.035Z  [API  ]  GET https://pub.dev/api/packages/shelf_packages_handler
2026-08-19T15:07:13.037Z  [CACHE]  MISS pub.archiveSize.shelf_static
2026-08-19T15:07:13.037Z  [API  ]  GET https://pub.dev/api/packages/shelf_static
2026-08-19T15:07:13.039Z  [CACHE]  MISS pub.archiveSize.shelf_web_socket
2026-08-19T15:07:13.039Z  [API  ]  GET https://pub.dev/api/packages/shelf_web_socket
2026-08-19T15:07:13.042Z  [CACHE]  MISS pub.archiveSize.web_socket_channel
2026-08-19T15:07:13.042Z  [API  ]  GET https://pub.dev/api/packages/web_socket_channel
2026-08-19T15:07:13.044Z  [CACHE]  MISS pub.archiveSize.web_socket
2026-08-19T15:07:13.044Z  [API  ]  GET https://pub.dev/api/packages/web_socket
2026-08-19T15:07:13.045Z  [CACHE]  HIT  pub.archiveSize.test_core
2026-08-19T15:07:13.045Z  [CACHE]  MISS pub.archiveSize.frontend_server_client
2026-08-19T15:07:13.046Z  [API  ]  GET https://pub.dev/api/packages/frontend_server_client
2026-08-19T15:07:13.047Z  [CACHE]  MISS pub.archiveSize.source_map_stack_trace
2026-08-19T15:07:13.047Z  [API  ]  GET https://pub.dev/api/packages/source_map_stack_trace
2026-08-19T15:07:13.049Z  [CACHE]  MISS pub.archiveSize.webkit_inspection_protocol
2026-08-19T15:07:13.049Z  [API  ]  GET https://pub.dev/api/packages/webkit_inspection_protocol
2026-08-19T15:07:13.050Z  [CACHE]  MISS pub.archiveSize.uuid
2026-08-19T15:07:13.050Z  [API  ]  GET https://pub.dev/api/packages/uuid
2026-08-19T15:07:13.052Z  [CACHE]  MISS pub.archiveSize.fixnum
2026-08-19T15:07:13.052Z  [API  ]  GET https://pub.dev/api/packages/fixnum
2026-08-19T15:07:13.054Z  [CACHE]  HIT  pub.archiveSize.http
2026-08-19T15:07:13.054Z  [CACHE]  MISS pub.archiveSize.flutter_web_plugins
2026-08-19T15:07:13.054Z  [API  ]  GET https://pub.dev/api/packages/flutter_web_plugins
2026-08-19T15:07:13.056Z  [CACHE]  MISS pub.archiveSize.archive
2026-08-19T15:07:13.056Z  [API  ]  GET https://pub.dev/api/packages/archive
2026-08-19T15:07:13.057Z  [CACHE]  MISS pub.archiveSize.posix
2026-08-19T15:07:13.057Z  [API  ]  GET https://pub.dev/api/packages/posix
2026-08-19T15:07:13.059Z  [CACHE]  MISS pub.archiveSize.ffi
2026-08-19T15:07:13.059Z  [API  ]  GET https://pub.dev/api/packages/ffi
2026-08-19T15:07:13.061Z  [CACHE]  HIT  pub.archiveSize.mix_annotations
2026-08-19T15:07:13.061Z  [CACHE]  HIT  pub.archiveSize.analysis_server_plugin
2026-08-19T15:07:13.061Z  [CACHE]  HIT  pub.archiveSize.analyzer_plugin
2026-08-19T15:07:13.061Z  [CACHE]  HIT  pub.archiveSize.dart_style
2026-08-19T15:07:13.061Z  [CACHE]  HIT  pub.archiveSize.yaml_edit
2026-08-19T15:07:13.499Z  [API  ]  200 OK (509ms)
2026-08-19T15:07:13.500Z  [API  ]  HEAD https://pub.dev/api/archives/typed_data-1.4.0.tar.gz
2026-08-19T15:07:13.629Z  [API  ]  200 OK (129ms)
2026-08-19T15:07:13.925Z  [API  ]  200 OK (939ms)
2026-08-19T15:07:13.927Z  [API  ]  HEAD https://pub.dev/api/archives/async-2.13.1.tar.gz
2026-08-19T15:07:14.041Z  [API  ]  200 OK (1026ms)
2026-08-19T15:07:14.045Z  [API  ]  200 OK (988ms)
2026-08-19T15:07:14.047Z  [API  ]  HEAD https://pub.dev/api/archives/posix-6.5.2.tar.gz
2026-08-19T15:07:14.061Z  [API  ]  200 OK (1026ms)
2026-08-19T15:07:14.062Z  [API  ]  200 OK (1073ms)
2026-08-19T15:07:14.064Z  [API  ]  200 OK (1070ms)
2026-08-19T15:07:14.066Z  [API  ]  200 OK (1022ms)
2026-08-19T15:07:14.067Z  [API  ]  200 OK (1017ms)
2026-08-19T15:07:14.067Z  [API  ]  200 OK (1040ms)
2026-08-19T15:07:14.069Z  [API  ]  HEAD https://pub.dev/api/archives/_fe_analyzer_shared-105.0.0.tar.gz
2026-08-19T15:07:14.084Z  [API  ]  200 OK (1059ms)
2026-08-19T15:07:14.084Z  [API  ]  200 OK (1078ms)
2026-08-19T15:07:14.085Z  [API  ]  200 OK (1083ms)
2026-08-19T15:07:14.085Z  [API  ]  HEAD https://pub.dev/api/archives/shelf_packages_handler-3.0.2.tar.gz
2026-08-19T15:07:14.099Z  [API  ]  HEAD https://pub.dev/api/archives/dio_web_adapter-2.2.1.tar.gz
2026-08-19T15:07:14.114Z  [API  ]  HEAD https://pub.dev/api/archives/web_socket-1.0.1.tar.gz
2026-08-19T15:07:14.130Z  [API  ]  200 OK (1138ms)
2026-08-19T15:07:14.131Z  [API  ]  200 OK (1084ms)
2026-08-19T15:07:14.131Z  [API  ]  200 OK (1102ms)
2026-08-19T15:07:14.132Z  [API  ]  200 OK (1073ms)
2026-08-19T15:07:14.132Z  [API  ]  200 OK (1121ms)
2026-08-19T15:07:14.133Z  [API  ]  200 OK (1116ms)
2026-08-19T15:07:14.134Z  [API  ]  200 OK (1111ms)
2026-08-19T15:07:14.134Z  [API  ]  404 Not Found (1137ms)
2026-08-19T15:07:14.135Z  [API  ]  200 OK (1127ms)
2026-08-19T15:07:14.135Z  [API  ]  200 OK (1125ms)
2026-08-19T15:07:14.136Z  [API  ]  200 OK (1102ms)
2026-08-19T15:07:14.136Z  [API  ]  404 Not Found (1082ms)
2026-08-19T15:07:14.137Z  [API  ]  200 OK (1100ms)
2026-08-19T15:07:14.137Z  [API  ]  200 OK (1085ms)
2026-08-19T15:07:14.138Z  [API  ]  200 OK (1116ms)
2026-08-19T15:07:14.139Z  [API  ]  200 OK (212ms)
2026-08-19T15:07:14.149Z  [API  ]  HEAD https://pub.dev/api/archives/http_parser-4.1.2.tar.gz
2026-08-19T15:07:14.162Z  [API  ]  HEAD https://pub.dev/api/archives/http_multi_server-3.2.2.tar.gz
2026-08-19T15:07:14.179Z  [API  ]  200 OK (1133ms)
2026-08-19T15:07:14.180Z  [API  ]  200 OK (1138ms)
2026-08-19T15:07:14.180Z  [API  ]  200 OK (1131ms)
2026-08-19T15:07:14.181Z  [API  ]  200 OK (1163ms)
2026-08-19T15:07:14.183Z  [API  ]  200 OK (1184ms)
2026-08-19T15:07:14.186Z  [API  ]  HEAD https://pub.dev/api/archives/stream_channel-2.1.4.tar.gz
2026-08-19T15:07:14.200Z  [API  ]  HEAD https://pub.dev/api/archives/listen-1.0.1.tar.gz
2026-08-19T15:07:14.221Z  [API  ]  HEAD https://pub.dev/api/archives/source_map_stack_trace-2.1.2.tar.gz
2026-08-19T15:07:14.235Z  [API  ]  HEAD https://pub.dev/api/archives/io-1.0.5.tar.gz
2026-08-19T15:07:14.249Z  [API  ]  HEAD https://pub.dev/api/archives/frontend_server_client-4.0.0.tar.gz
2026-08-19T15:07:14.264Z  [API  ]  200 OK (1225ms)
2026-08-19T15:07:14.267Z  [API  ]  HEAD https://pub.dev/api/archives/uuid-4.6.0.tar.gz
2026-08-19T15:07:14.281Z  [API  ]  HEAD https://pub.dev/api/archives/ffi-2.2.0.tar.gz
2026-08-19T15:07:14.295Z  [API  ]  HEAD https://pub.dev/api/archives/shelf_static-1.1.3.tar.gz
2026-08-19T15:07:14.313Z  [API  ]  HEAD https://pub.dev/api/archives/fixnum-1.1.1.tar.gz
2026-08-19T15:07:14.327Z  [API  ]  HEAD https://pub.dev/api/archives/pub_semver-2.2.0.tar.gz
2026-08-19T15:07:14.346Z  [API  ]  HEAD https://pub.dev/api/archives/mime-2.0.0.tar.gz
2026-08-19T15:07:14.360Z  [API  ]  HEAD https://pub.dev/api/archives/web_socket_channel-3.0.3.tar.gz
2026-08-19T15:07:14.373Z  [API  ]  HEAD https://pub.dev/api/archives/webkit_inspection_protocol-1.2.1.tar.gz
2026-08-19T15:07:14.388Z  [API  ]  200 OK (341ms)
2026-08-19T15:07:14.390Z  [API  ]  HEAD https://pub.dev/api/archives/leak_tracker-11.0.2.tar.gz
2026-08-19T15:07:14.405Z  [API  ]  200 OK (306ms)
2026-08-19T15:07:14.407Z  [API  ]  200 OK (322ms)
2026-08-19T15:07:14.418Z  [API  ]  HEAD https://pub.dev/api/archives/source_maps-0.10.13.tar.gz
2026-08-19T15:07:14.432Z  [API  ]  HEAD https://pub.dev/api/archives/crypto-3.0.7.tar.gz
2026-08-19T15:07:14.446Z  [API  ]  HEAD https://pub.dev/api/archives/shelf_web_socket-3.0.0.tar.gz
2026-08-19T15:07:14.460Z  [API  ]  200 OK (391ms)
2026-08-19T15:07:14.462Z  [API  ]  HEAD https://pub.dev/api/archives/shelf-1.4.2.tar.gz
2026-08-19T15:07:14.489Z  [API  ]  HEAD https://pub.dev/api/archives/stack_trace-1.12.1.tar.gz
2026-08-19T15:07:14.503Z  [API  ]  HEAD https://pub.dev/api/archives/yaml-3.1.3.tar.gz
2026-08-19T15:07:14.518Z  [API  ]  HEAD https://pub.dev/api/archives/test_api-0.7.13.tar.gz
2026-08-19T15:07:14.543Z  [API  ]  200 OK (357ms)
2026-08-19T15:07:14.544Z  [API  ]  200 OK (382ms)
2026-08-19T15:07:14.554Z  [API  ]  200 OK (405ms)
2026-08-19T15:07:14.563Z  [API  ]  HEAD https://pub.dev/api/archives/args-2.7.0.tar.gz
2026-08-19T15:07:14.579Z  [API  ]  200 OK (465ms)
2026-08-19T15:07:14.580Z  [API  ]  200 OK (1567ms)
2026-08-19T15:07:14.580Z  [API  ]  200 OK (1584ms)
2026-08-19T15:07:14.600Z  [API  ]  HEAD https://pub.dev/api/archives/vector_math-2.4.2.tar.gz
2026-08-19T15:07:14.625Z  [API  ]  200 OK (1569ms)
2026-08-19T15:07:14.640Z  [API  ]  HEAD https://pub.dev/api/archives/test-1.31.2.tar.gz
2026-08-19T15:07:14.725Z  [API  ]  200 OK (490ms)
2026-08-19T15:07:14.726Z  [API  ]  200 OK (1694ms)
2026-08-19T15:07:14.739Z  [API  ]  200 OK (1719ms)
2026-08-19T15:07:14.744Z  [API  ]  HEAD https://pub.dev/api/archives/pool-1.5.2.tar.gz
2026-08-19T15:07:14.766Z  [API  ]  HEAD https://pub.dev/api/archives/archive-4.1.0.tar.gz
2026-08-19T15:07:14.779Z  [API  ]  HEAD https://pub.dev/api/archives/watcher-1.2.1.tar.gz
2026-08-19T15:07:14.792Z  [API  ]  200 OK (543ms)
2026-08-19T15:07:14.793Z  [API  ]  200 OK (526ms)
2026-08-19T15:07:14.803Z  [API  ]  200 OK (385ms)
2026-08-19T15:07:14.804Z  [API  ]  200 OK (444ms)
2026-08-19T15:07:14.806Z  [API  ]  200 OK (585ms)
2026-08-19T15:07:14.816Z  [API  ]  200 OK (384ms)
2026-08-19T15:07:14.816Z  [API  ]  200 OK (443ms)
2026-08-19T15:07:14.828Z  [API  ]  HEAD https://pub.dev/api/archives/analyzer-14.1.0.tar.gz
2026-08-19T15:07:14.870Z  [API  ]  200 OK (670ms)
2026-08-19T15:07:14.914Z  [API  ]  200 OK (396ms)
2026-08-19T15:07:14.918Z  [API  ]  200 OK (415ms)
2026-08-19T15:07:15.038Z  [API  ]  200 OK (294ms)
2026-08-19T15:07:15.047Z  [API  ]  200 OK (484ms)
2026-08-19T15:07:15.048Z  [API  ]  200 OK (2047ms)
2026-08-19T15:07:15.056Z  [API  ]  200 OK (456ms)
2026-08-19T15:07:15.057Z  [API  ]  200 OK (776ms)
2026-08-19T15:07:15.066Z  [API  ]  HEAD https://pub.dev/api/archives/boolean_selector-2.1.2.tar.gz
2026-08-19T15:07:15.079Z  [API  ]  200 OK (633ms)
2026-08-19T15:07:15.080Z  [API  ]  200 OK (440ms)
2026-08-19T15:07:15.128Z  [API  ]  200 OK (666ms)
2026-08-19T15:07:15.138Z  [API  ]  200 OK (359ms)
2026-08-19T15:07:15.149Z  [API  ]  200 OK (321ms)
2026-08-19T15:07:15.177Z  [API  ]  200 OK (411ms)
2026-08-19T15:07:15.193Z  [API  ]  200 OK (847ms)
2026-08-19T15:07:15.213Z  [API  ]  200 OK (823ms)
2026-08-19T15:07:15.275Z  [API  ]  200 OK (209ms)
2026-08-19T15:07:15.291Z  [API  ]  200 OK (2261ms)
2026-08-19T15:07:15.292Z  [API  ]  HEAD https://pub.dev/api/archives/node_preamble-2.0.2.tar.gz
2026-08-19T15:07:15.487Z  [API  ]  200 OK (195ms)
2026-08-19T15:07:15.487Z  [API  ]  200 OK (1192ms)
2026-08-19T15:07:15.693Z  [API  ]  200 OK (1204ms)
2026-08-19T15:07:16.497Z  [API  ]  200 OK (2170ms)
2026-08-19T15:07:16.731Z  [API  ]  200 OK (2418ms)
2026-08-19T15:07:16.774Z  [INFO ]  Dep graph: 10 direct, 74 transitive, 0 overrides
2026-08-19T15:07:16.775Z  [CACHE]  HIT  osv.vulns.cupertino_icons.1.0.9
2026-08-19T15:07:16.775Z  [CACHE]  HIT  osv.vulns.dio.5.11.0
2026-08-19T15:07:16.775Z  [CACHE]  HIT  osv.vulns.flutter_lints.6.0.0
2026-08-19T15:07:16.775Z  [CACHE]  HIT  osv.vulns.flutter_riverpod.3.4.2
2026-08-19T15:07:16.775Z  [CACHE]  HIT  osv.vulns.flutter_skill.0.9.36
2026-08-19T15:07:16.775Z  [CACHE]  HIT  osv.vulns.go_router.17.5.0
2026-08-19T15:07:16.775Z  [CACHE]  MISS osv.vulns.lottie.3.5.1
2026-08-19T15:07:16.775Z  [CACHE]  HIT  osv.vulns.mix.2.1.0
2026-08-19T15:07:16.775Z  [CACHE]  HIT  osv.vulns.riverpod.3.4.2
2026-08-19T15:07:16.775Z  [CACHE]  HIT  osv.vulns.saropa_lints.14.0.2
2026-08-19T15:07:16.775Z  [API  ]  POST https://api.osv.dev/v1/querybatch
2026-08-19T15:07:16.778Z  [CACHE]  HIT  ghsa.vulns.cupertino_icons.1.0.9
2026-08-19T15:07:16.778Z  [CACHE]  MISS ghsa.vulns.dio.5.11.0
2026-08-19T15:07:16.778Z  [CACHE]  HIT  ghsa.vulns.flutter_lints.6.0.0
2026-08-19T15:07:16.778Z  [CACHE]  MISS ghsa.vulns.flutter_riverpod.3.4.2
2026-08-19T15:07:16.778Z  [CACHE]  HIT  ghsa.vulns.flutter_skill.0.9.36
2026-08-19T15:07:16.778Z  [CACHE]  HIT  ghsa.vulns.go_router.17.5.0
2026-08-19T15:07:16.778Z  [CACHE]  MISS ghsa.vulns.lottie.3.5.1
2026-08-19T15:07:16.778Z  [CACHE]  HIT  ghsa.vulns.mix.2.1.0
2026-08-19T15:07:16.778Z  [CACHE]  HIT  ghsa.vulns.riverpod.3.4.2
2026-08-19T15:07:16.778Z  [CACHE]  HIT  ghsa.vulns.saropa_lints.14.0.2
2026-08-19T15:07:16.778Z  [API  ]  GET https://api.github.com/advisories?ecosystem=pub&package=dio&affects=5.11.0&per_page=100
2026-08-19T15:07:16.781Z  [API  ]  GET https://api.github.com/advisories?ecosystem=pub&package=flutter_riverpod&affects=3.4.2&per_page=100
2026-08-19T15:07:16.782Z  [API  ]  GET https://api.github.com/advisories?ecosystem=pub&package=lottie&affects=3.5.1&per_page=100
2026-08-19T15:07:17.366Z  [API  ]  200 OK (585ms)
2026-08-19T15:07:17.367Z  [API  ]  200 OK (589ms)
2026-08-19T15:07:17.368Z  [API  ]  200 OK (586ms)
2026-08-19T15:07:17.994Z  [API  ]  200 OK (1219ms)
2026-08-19T15:07:18.733Z  [INFO ]  Scan complete — 28147ms — vibrant:4 stable:5 outdated:1 abandoned:0 eol:0
