2026-08-27T13:08:37.993Z  [CACHE]  MISS flutter.releases
2026-08-27T13:08:37.993Z  [API  ]  GET https://storage.googleapis.com/flutter_infra_release/releases/releases_linux.json
2026-08-27T13:08:39.653Z  [API  ]  200 OK (1660ms)
2026-08-27T13:08:41.151Z  [INFO ]  Scan started — 11 packages
2026-08-27T13:08:41.151Z  [INFO ]  [1/11] cupertino_icons
2026-08-27T13:08:41.151Z  [INFO ]  Known issue: active
2026-08-27T13:08:41.152Z  [CACHE]  MISS pub.info.cupertino_icons
2026-08-27T13:08:41.152Z  [API  ]  GET https://pub.dev/api/packages/cupertino_icons
2026-08-27T13:08:41.155Z  [CACHE]  MISS pub.metrics.cupertino_icons
2026-08-27T13:08:41.156Z  [API  ]  GET https://pub.dev/api/packages/cupertino_icons/metrics
2026-08-27T13:08:41.159Z  [API  ]  GET https://pub.dev/api/packages/cupertino_icons/score
2026-08-27T13:08:41.161Z  [CACHE]  HIT  pub.publisher.cupertino_icons
2026-08-27T13:08:41.162Z  [CACHE]  MISS pub.reverseDeps.cupertino_icons
2026-08-27T13:08:41.162Z  [API  ]  GET https://pub.dev/packages?q=dependency%3Acupertino_icons
2026-08-27T13:08:41.164Z  [INFO ]  [2/11] dio
2026-08-27T13:08:41.164Z  [INFO ]  Known issue: active
2026-08-27T13:08:41.164Z  [CACHE]  MISS pub.info.dio
2026-08-27T13:08:41.164Z  [API  ]  GET https://pub.dev/api/packages/dio
2026-08-27T13:08:41.166Z  [CACHE]  MISS pub.metrics.dio
2026-08-27T13:08:41.166Z  [API  ]  GET https://pub.dev/api/packages/dio/metrics
2026-08-27T13:08:41.168Z  [API  ]  GET https://pub.dev/api/packages/dio/score
2026-08-27T13:08:41.170Z  [CACHE]  HIT  pub.publisher.dio
2026-08-27T13:08:41.170Z  [CACHE]  MISS pub.reverseDeps.dio
2026-08-27T13:08:41.170Z  [API  ]  GET https://pub.dev/packages?q=dependency%3Adio
2026-08-27T13:08:41.175Z  [INFO ]  [3/11] flutter_launcher_icons
2026-08-27T13:08:41.175Z  [INFO ]  Known issue: active
2026-08-27T13:08:41.175Z  [CACHE]  MISS pub.info.flutter_launcher_icons
2026-08-27T13:08:41.175Z  [API  ]  GET https://pub.dev/api/packages/flutter_launcher_icons
2026-08-27T13:08:41.180Z  [CACHE]  MISS pub.metrics.flutter_launcher_icons
2026-08-27T13:08:41.180Z  [API  ]  GET https://pub.dev/api/packages/flutter_launcher_icons/metrics
2026-08-27T13:08:41.184Z  [API  ]  GET https://pub.dev/api/packages/flutter_launcher_icons/score
2026-08-27T13:08:41.187Z  [CACHE]  HIT  pub.publisher.flutter_launcher_icons
2026-08-27T13:08:41.187Z  [CACHE]  MISS pub.reverseDeps.flutter_launcher_icons
2026-08-27T13:08:41.187Z  [API  ]  GET https://pub.dev/packages?q=dependency%3Aflutter_launcher_icons
2026-08-27T13:08:41.190Z  [INFO ]  [4/11] flutter_lints
2026-08-27T13:08:41.190Z  [INFO ]  Known issue: active
2026-08-27T13:08:41.190Z  [CACHE]  MISS pub.info.flutter_lints
2026-08-27T13:08:41.190Z  [API  ]  GET https://pub.dev/api/packages/flutter_lints
2026-08-27T13:08:41.192Z  [CACHE]  MISS pub.metrics.flutter_lints
2026-08-27T13:08:41.192Z  [API  ]  GET https://pub.dev/api/packages/flutter_lints/metrics
2026-08-27T13:08:41.195Z  [API  ]  GET https://pub.dev/api/packages/flutter_lints/score
2026-08-27T13:08:41.198Z  [CACHE]  HIT  pub.publisher.flutter_lints
2026-08-27T13:08:41.198Z  [CACHE]  MISS pub.reverseDeps.flutter_lints
2026-08-27T13:08:41.198Z  [API  ]  GET https://pub.dev/packages?q=dependency%3Aflutter_lints
2026-08-27T13:08:41.200Z  [INFO ]  [5/11] flutter_riverpod
2026-08-27T13:08:41.201Z  [INFO ]  Known issue: active
2026-08-27T13:08:41.201Z  [CACHE]  MISS pub.info.flutter_riverpod
2026-08-27T13:08:41.201Z  [API  ]  GET https://pub.dev/api/packages/flutter_riverpod
2026-08-27T13:08:41.204Z  [CACHE]  MISS pub.metrics.flutter_riverpod
2026-08-27T13:08:41.204Z  [API  ]  GET https://pub.dev/api/packages/flutter_riverpod/metrics
2026-08-27T13:08:41.208Z  [API  ]  GET https://pub.dev/api/packages/flutter_riverpod/score
2026-08-27T13:08:41.211Z  [CACHE]  HIT  pub.publisher.flutter_riverpod
2026-08-27T13:08:41.211Z  [CACHE]  MISS pub.reverseDeps.flutter_riverpod
2026-08-27T13:08:41.211Z  [API  ]  GET https://pub.dev/packages?q=dependency%3Aflutter_riverpod
2026-08-27T13:08:41.215Z  [INFO ]  [6/11] go_router
2026-08-27T13:08:41.215Z  [INFO ]  Known issue: active
2026-08-27T13:08:41.215Z  [CACHE]  MISS pub.info.go_router
2026-08-27T13:08:41.215Z  [API  ]  GET https://pub.dev/api/packages/go_router
2026-08-27T13:08:41.219Z  [CACHE]  MISS pub.metrics.go_router
2026-08-27T13:08:41.219Z  [API  ]  GET https://pub.dev/api/packages/go_router/metrics
2026-08-27T13:08:41.222Z  [API  ]  GET https://pub.dev/api/packages/go_router/score
2026-08-27T13:08:41.225Z  [CACHE]  HIT  pub.publisher.go_router
2026-08-27T13:08:41.225Z  [CACHE]  MISS pub.reverseDeps.go_router
2026-08-27T13:08:41.225Z  [API  ]  GET https://pub.dev/packages?q=dependency%3Ago_router
2026-08-27T13:08:41.757Z  [API  ]  200 OK (605ms)
2026-08-27T13:08:42.125Z  [API  ]  200 OK (963ms)
2026-08-27T13:08:42.252Z  [API  ]  200 OK (1033ms)
2026-08-27T13:08:42.281Z  [API  ]  200 OK (1117ms)
2026-08-27T13:08:42.295Z  [API  ]  200 OK (1136ms)
2026-08-27T13:08:42.301Z  [API  ]  200 OK (1145ms)
2026-08-27T13:08:42.320Z  [API  ]  200 OK (1154ms)
2026-08-27T13:08:42.369Z  [API  ]  200 OK (1199ms)
2026-08-27T13:08:42.460Z  [CACHE]  MISS gh.flutter.packages
2026-08-27T13:08:42.460Z  [API  ]  GET https://api.github.com/repos/flutter/packages
2026-08-27T13:08:42.460Z  [API  ]  GET https://api.github.com/repos/flutter/packages/issues?state=closed&since=2026-05-29T13:08:42.460Z&per_page=100
2026-08-27T13:08:42.460Z  [API  ]  GET https://api.github.com/repos/flutter/packages/pulls?state=closed&per_page=100
2026-08-27T13:08:42.460Z  [API  ]  GET https://api.github.com/repos/flutter/packages/issues?state=open&sort=comments&direction=desc&per_page=50
2026-08-27T13:08:42.460Z  [API  ]  GET https://api.github.com/repos/flutter/packages/pulls?state=open&per_page=100
2026-08-27T13:08:42.538Z  [API  ]  200 OK (1323ms)
2026-08-27T13:08:42.562Z  [API  ]  200 OK (1361ms)
2026-08-27T13:08:42.582Z  [API  ]  200 OK (1402ms)
2026-08-27T13:08:42.793Z  [API  ]  200 OK (1570ms)
2026-08-27T13:08:42.828Z  [API  ]  200 OK (1636ms)
2026-08-27T13:08:42.874Z  [API  ]  200 OK (1690ms)
2026-08-27T13:08:42.914Z  [API  ]  200 OK (1719ms)
2026-08-27T13:08:42.979Z  [API  ]  200 OK (1754ms)
2026-08-27T13:08:43.153Z  [API  ]  200 OK (1985ms)
2026-08-27T13:08:43.204Z  [API  ]  200 OK (2029ms)
2026-08-27T13:08:43.239Z  [CACHE]  MISS gh.flutter.packages
2026-08-27T13:08:43.239Z  [API  ]  GET https://api.github.com/repos/flutter/packages
2026-08-27T13:08:43.239Z  [API  ]  GET https://api.github.com/repos/flutter/packages/issues?state=closed&since=2026-05-29T13:08:43.239Z&per_page=100
2026-08-27T13:08:43.239Z  [API  ]  GET https://api.github.com/repos/flutter/packages/pulls?state=closed&per_page=100
2026-08-27T13:08:43.239Z  [API  ]  GET https://api.github.com/repos/flutter/packages/issues?state=open&sort=comments&direction=desc&per_page=50
2026-08-27T13:08:43.239Z  [API  ]  GET https://api.github.com/repos/flutter/packages/pulls?state=open&per_page=100
2026-08-27T13:08:43.332Z  [API  ]  200 OK (2121ms)
2026-08-27T13:08:43.352Z  [API  ]  200 OK (2154ms)
2026-08-27T13:08:43.375Z  [API  ]  200 OK (2185ms)
2026-08-27T13:08:43.405Z  [API  ]  200 OK (2201ms)
2026-08-27T13:08:43.660Z  [API  ]  200 OK (2473ms)
2026-08-27T13:08:44.033Z  [API  ]  200 OK (1573ms)
2026-08-27T13:08:44.033Z  [API  ]  200 OK (1573ms)
2026-08-27T13:08:44.033Z  [API  ]  200 OK (1573ms)
2026-08-27T13:08:44.033Z  [API  ]  200 OK (1573ms)
2026-08-27T13:08:44.033Z  [API  ]  200 OK (1573ms)
2026-08-27T13:08:44.232Z  [CACHE]  MISS gh.fluttercommunity.flutter_launcher_icons
2026-08-27T13:08:44.232Z  [API  ]  GET https://api.github.com/repos/fluttercommunity/flutter_launcher_icons
2026-08-27T13:08:44.232Z  [API  ]  GET https://api.github.com/repos/fluttercommunity/flutter_launcher_icons/issues?state=closed&since=2026-05-29T13:08:44.232Z&per_page=100
2026-08-27T13:08:44.232Z  [API  ]  GET https://api.github.com/repos/fluttercommunity/flutter_launcher_icons/pulls?state=closed&per_page=100
2026-08-27T13:08:44.232Z  [API  ]  GET https://api.github.com/repos/fluttercommunity/flutter_launcher_icons/issues?state=open&sort=comments&direction=desc&per_page=50
2026-08-27T13:08:44.232Z  [API  ]  GET https://api.github.com/repos/fluttercommunity/flutter_launcher_icons/pulls?state=open&per_page=100
2026-08-27T13:08:44.434Z  [API  ]  200 OK (1195ms)
2026-08-27T13:08:44.434Z  [API  ]  200 OK (1195ms)
2026-08-27T13:08:44.434Z  [API  ]  200 OK (1195ms)
2026-08-27T13:08:44.434Z  [API  ]  200 OK (1195ms)
2026-08-27T13:08:44.434Z  [API  ]  200 OK (1195ms)
2026-08-27T13:08:44.665Z  [CACHE]  MISS pub.archiveSize.cupertino_icons
2026-08-27T13:08:44.668Z  [API  ]  HEAD https://pub.dev/api/archives/cupertino_icons-1.0.9.tar.gz
2026-08-27T13:08:44.670Z  [CACHE]  MISS pub.tarball.oijvck
2026-08-27T13:08:44.670Z  [API  ]  GET https://pub.dev/api/archives/cupertino_icons-1.0.9.tar.gz
2026-08-27T13:08:44.786Z  [API  ]  200 OK (116ms)
2026-08-27T13:08:44.808Z  [API  ]  200 OK (140ms)
2026-08-27T13:08:45.273Z  [CACHE]  MISS pub.archiveSize.go_router
2026-08-27T13:08:45.280Z  [API  ]  HEAD https://pub.dev/api/archives/go_router-18.0.0.tar.gz
2026-08-27T13:08:45.283Z  [CACHE]  MISS pub.tarball.bb8ykd
2026-08-27T13:08:45.283Z  [API  ]  GET https://pub.dev/api/archives/go_router-18.0.0.tar.gz
2026-08-27T13:08:45.957Z  [API  ]  200 OK (674ms)
2026-08-27T13:08:45.959Z  [API  ]  200 OK (1727ms)
2026-08-27T13:08:45.959Z  [API  ]  200 OK (1727ms)
2026-08-27T13:08:45.959Z  [API  ]  200 OK (1727ms)
2026-08-27T13:08:45.959Z  [API  ]  200 OK (1727ms)
2026-08-27T13:08:45.959Z  [API  ]  200 OK (1727ms)
2026-08-27T13:08:46.136Z  [CACHE]  HIT  gh.flutter.packages
2026-08-27T13:08:46.136Z  [CACHE]  MISS pub.archiveSize.flutter_lints
2026-08-27T13:08:46.140Z  [API  ]  HEAD https://pub.dev/api/archives/flutter_lints-6.0.0.tar.gz
2026-08-27T13:08:46.142Z  [CACHE]  MISS pub.tarball.z7ll8h
2026-08-27T13:08:46.142Z  [API  ]  GET https://pub.dev/api/archives/flutter_lints-6.0.0.tar.gz
2026-08-27T13:08:46.190Z  [API  ]  200 OK (910ms)
2026-08-27T13:08:46.232Z  [API  ]  200 OK (5024ms)
2026-08-27T13:08:46.283Z  [CACHE]  MISS gh.cfug.dio
2026-08-27T13:08:46.283Z  [API  ]  GET https://api.github.com/repos/cfug/dio
2026-08-27T13:08:46.283Z  [API  ]  GET https://api.github.com/repos/cfug/dio/issues?state=closed&since=2026-05-29T13:08:46.283Z&per_page=100
2026-08-27T13:08:46.283Z  [API  ]  GET https://api.github.com/repos/cfug/dio/pulls?state=closed&per_page=100
2026-08-27T13:08:46.283Z  [API  ]  GET https://api.github.com/repos/cfug/dio/issues?state=open&sort=comments&direction=desc&per_page=50
2026-08-27T13:08:46.283Z  [API  ]  GET https://api.github.com/repos/cfug/dio/pulls?state=open&per_page=100
2026-08-27T13:08:46.305Z  [API  ]  200 OK (163ms)
2026-08-27T13:08:46.358Z  [CACHE]  MISS gh.rrousselGit.riverpod
2026-08-27T13:08:46.358Z  [API  ]  GET https://api.github.com/repos/rrousselGit/riverpod
2026-08-27T13:08:46.358Z  [API  ]  GET https://api.github.com/repos/rrousselGit/riverpod/issues?state=closed&since=2026-05-29T13:08:46.358Z&per_page=100
2026-08-27T13:08:46.358Z  [API  ]  GET https://api.github.com/repos/rrousselGit/riverpod/pulls?state=closed&per_page=100
2026-08-27T13:08:46.358Z  [API  ]  GET https://api.github.com/repos/rrousselGit/riverpod/issues?state=open&sort=comments&direction=desc&per_page=50
2026-08-27T13:08:46.358Z  [API  ]  GET https://api.github.com/repos/rrousselGit/riverpod/pulls?state=open&per_page=100
2026-08-27T13:08:47.028Z  [CACHE]  MISS pub.archiveSize.flutter_launcher_icons
2026-08-27T13:08:47.032Z  [API  ]  HEAD https://pub.dev/api/archives/flutter_launcher_icons-0.14.4.tar.gz
2026-08-27T13:08:47.036Z  [CACHE]  MISS pub.tarball.mbw4oz
2026-08-27T13:08:47.036Z  [API  ]  GET https://pub.dev/api/archives/flutter_launcher_icons-0.14.4.tar.gz
2026-08-27T13:08:47.129Z  [API  ]  200 OK (989ms)
2026-08-27T13:08:47.187Z  [SCORE]  flutter_lints → 60 (stable) [rv=45 eg=50 pop=100 pt=-5 pq=10]
2026-08-27T13:08:47.187Z  [INFO ]  [7/11] lottie
2026-08-27T13:08:47.188Z  [INFO ]  Known issue: active
2026-08-27T13:08:47.188Z  [CACHE]  MISS pub.info.lottie
2026-08-27T13:08:47.188Z  [API  ]  GET https://pub.dev/api/packages/lottie
2026-08-27T13:08:47.190Z  [CACHE]  MISS pub.metrics.lottie
2026-08-27T13:08:47.190Z  [API  ]  GET https://pub.dev/api/packages/lottie/metrics
2026-08-27T13:08:47.191Z  [API  ]  GET https://pub.dev/api/packages/lottie/score
2026-08-27T13:08:47.193Z  [CACHE]  HIT  pub.publisher.lottie
2026-08-27T13:08:47.193Z  [CACHE]  MISS pub.reverseDeps.lottie
2026-08-27T13:08:47.193Z  [API  ]  GET https://pub.dev/packages?q=dependency%3Alottie
2026-08-27T13:08:47.336Z  [API  ]  200 OK (1053ms)
2026-08-27T13:08:47.336Z  [API  ]  200 OK (1053ms)
2026-08-27T13:08:47.336Z  [API  ]  200 OK (1053ms)
2026-08-27T13:08:47.336Z  [API  ]  200 OK (1053ms)
2026-08-27T13:08:47.336Z  [API  ]  200 OK (1053ms)
2026-08-27T13:08:47.357Z  [API  ]  200 OK (999ms)
2026-08-27T13:08:47.357Z  [API  ]  200 OK (999ms)
2026-08-27T13:08:47.357Z  [API  ]  200 OK (999ms)
2026-08-27T13:08:47.357Z  [API  ]  200 OK (999ms)
2026-08-27T13:08:47.357Z  [API  ]  200 OK (999ms)
2026-08-27T13:08:47.384Z  [API  ]  200 OK (348ms)
2026-08-27T13:08:47.770Z  [API  ]  200 OK (577ms)
2026-08-27T13:08:47.783Z  [API  ]  200 OK (751ms)
2026-08-27T13:08:47.832Z  [CACHE]  MISS pub.archiveSize.flutter_riverpod
2026-08-27T13:08:47.834Z  [API  ]  HEAD https://pub.dev/api/archives/flutter_riverpod-3.4.2.tar.gz
2026-08-27T13:08:47.836Z  [CACHE]  MISS pub.tarball.vc4vn3
2026-08-27T13:08:47.836Z  [API  ]  GET https://pub.dev/api/archives/flutter_riverpod-3.4.2.tar.gz
2026-08-27T13:08:47.860Z  [API  ]  200 OK (670ms)
2026-08-27T13:08:47.932Z  [API  ]  200 OK (744ms)
2026-08-27T13:08:47.946Z  [API  ]  200 OK (755ms)
2026-08-27T13:08:48.052Z  [API  ]  200 OK (216ms)
2026-08-27T13:08:48.193Z  [API  ]  200 OK (359ms)
2026-08-27T13:08:48.446Z  [CACHE]  MISS gh.xvrh.lottie-flutter
2026-08-27T13:08:48.447Z  [API  ]  GET https://api.github.com/repos/xvrh/lottie-flutter
2026-08-27T13:08:48.447Z  [API  ]  GET https://api.github.com/repos/xvrh/lottie-flutter/issues?state=closed&since=2026-05-29T13:08:48.447Z&per_page=100
2026-08-27T13:08:48.447Z  [API  ]  GET https://api.github.com/repos/xvrh/lottie-flutter/pulls?state=closed&per_page=100
2026-08-27T13:08:48.447Z  [API  ]  GET https://api.github.com/repos/xvrh/lottie-flutter/issues?state=open&sort=comments&direction=desc&per_page=50
2026-08-27T13:08:48.447Z  [API  ]  GET https://api.github.com/repos/xvrh/lottie-flutter/pulls?state=open&per_page=100
2026-08-27T13:08:48.850Z  [CACHE]  MISS pub.archiveSize.dio
2026-08-27T13:08:48.853Z  [API  ]  HEAD https://pub.dev/api/archives/dio-5.11.0.tar.gz
2026-08-27T13:08:48.856Z  [CACHE]  MISS pub.tarball.v4zqir
2026-08-27T13:08:48.856Z  [API  ]  GET https://pub.dev/api/archives/dio-5.11.0.tar.gz
2026-08-27T13:08:48.988Z  [API  ]  200 OK (132ms)
2026-08-27T13:08:49.188Z  [API  ]  200 OK (335ms)
2026-08-27T13:08:49.453Z  [API  ]  200 OK (1006ms)
2026-08-27T13:08:49.453Z  [API  ]  200 OK (1006ms)
2026-08-27T13:08:49.453Z  [API  ]  200 OK (1006ms)
2026-08-27T13:08:49.453Z  [API  ]  200 OK (1006ms)
2026-08-27T13:08:49.453Z  [API  ]  200 OK (1006ms)
2026-08-27T13:08:49.979Z  [SCORE]  flutter_riverpod → 84.9 (vibrant) [rv=98 eg=66.88888888888889 pop=93.75 pt=-5 pq=8.75]
2026-08-27T13:08:49.979Z  [INFO ]  [8/11] riverpod
2026-08-27T13:08:49.979Z  [CACHE]  MISS pub.info.riverpod
2026-08-27T13:08:49.979Z  [API  ]  GET https://pub.dev/api/packages/riverpod
2026-08-27T13:08:49.982Z  [CACHE]  MISS pub.metrics.riverpod
2026-08-27T13:08:49.982Z  [API  ]  GET https://pub.dev/api/packages/riverpod/metrics
2026-08-27T13:08:49.984Z  [API  ]  GET https://pub.dev/api/packages/riverpod/score
2026-08-27T13:08:49.986Z  [CACHE]  HIT  pub.publisher.riverpod
2026-08-27T13:08:49.986Z  [CACHE]  MISS pub.reverseDeps.riverpod
2026-08-27T13:08:49.986Z  [API  ]  GET https://pub.dev/packages?q=dependency%3Ariverpod
2026-08-27T13:08:50.345Z  [API  ]  200 OK (363ms)
2026-08-27T13:08:50.348Z  [API  ]  200 OK (364ms)
2026-08-27T13:08:50.361Z  [API  ]  200 OK (375ms)
2026-08-27T13:08:50.481Z  [API  ]  200 OK (502ms)
2026-08-27T13:08:50.668Z  [SCORE]  dio → 94.1 (vibrant) [rv=96.5 eg=58.333333333333336 pop=100 pt=-5 pq=10]
2026-08-27T13:08:50.668Z  [INFO ]  [9/11] saropa_lints
2026-08-27T13:08:50.668Z  [CACHE]  MISS pub.info.saropa_lints
2026-08-27T13:08:50.668Z  [API  ]  GET https://pub.dev/api/packages/saropa_lints
2026-08-27T13:08:50.670Z  [CACHE]  MISS pub.metrics.saropa_lints
2026-08-27T13:08:50.670Z  [API  ]  GET https://pub.dev/api/packages/saropa_lints/metrics
2026-08-27T13:08:50.672Z  [API  ]  GET https://pub.dev/api/packages/saropa_lints/score
2026-08-27T13:08:50.674Z  [CACHE]  HIT  pub.publisher.saropa_lints
2026-08-27T13:08:50.674Z  [CACHE]  MISS pub.reverseDeps.saropa_lints
2026-08-27T13:08:50.674Z  [API  ]  GET https://pub.dev/packages?q=dependency%3Asaropa_lints
2026-08-27T13:08:50.972Z  [API  ]  200 OK (304ms)
2026-08-27T13:08:51.001Z  [API  ]  200 OK (331ms)
2026-08-27T13:08:51.001Z  [CACHE]  HIT  gh.rrousselGit.riverpod
2026-08-27T13:08:51.001Z  [CACHE]  MISS pub.archiveSize.riverpod
2026-08-27T13:08:51.004Z  [API  ]  HEAD https://pub.dev/api/archives/riverpod-3.4.2.tar.gz
2026-08-27T13:08:51.006Z  [CACHE]  MISS pub.tarball.4u7372
2026-08-27T13:08:51.007Z  [API  ]  GET https://pub.dev/api/archives/riverpod-3.4.2.tar.gz
2026-08-27T13:08:51.132Z  [API  ]  200 OK (458ms)
2026-08-27T13:08:51.133Z  [API  ]  200 OK (461ms)
2026-08-27T13:08:51.160Z  [API  ]  200 OK (156ms)
2026-08-27T13:08:51.203Z  [API  ]  200 OK (196ms)
2026-08-27T13:08:51.345Z  [CACHE]  MISS gh.saropa.saropa_lints
2026-08-27T13:08:51.345Z  [API  ]  GET https://api.github.com/repos/saropa/saropa_lints
2026-08-27T13:08:51.345Z  [API  ]  GET https://api.github.com/repos/saropa/saropa_lints/issues?state=closed&since=2026-05-29T13:08:51.345Z&per_page=100
2026-08-27T13:08:51.345Z  [API  ]  GET https://api.github.com/repos/saropa/saropa_lints/pulls?state=closed&per_page=100
2026-08-27T13:08:51.345Z  [API  ]  GET https://api.github.com/repos/saropa/saropa_lints/issues?state=open&sort=comments&direction=desc&per_page=50
2026-08-27T13:08:51.345Z  [API  ]  GET https://api.github.com/repos/saropa/saropa_lints/pulls?state=open&per_page=100
2026-08-27T13:08:51.685Z  [CACHE]  MISS pub.archiveSize.lottie
2026-08-27T13:08:51.687Z  [API  ]  HEAD https://pub.dev/api/archives/lottie-3.5.1.tar.gz
2026-08-27T13:08:51.689Z  [CACHE]  MISS pub.tarball.4owc4s
2026-08-27T13:08:51.689Z  [API  ]  GET https://pub.dev/api/archives/lottie-3.5.1.tar.gz
2026-08-27T13:08:52.016Z  [API  ]  200 OK (327ms)
2026-08-27T13:08:52.028Z  [API  ]  200 OK (683ms)
2026-08-27T13:08:52.028Z  [API  ]  200 OK (683ms)
2026-08-27T13:08:52.028Z  [API  ]  200 OK (683ms)
2026-08-27T13:08:52.028Z  [API  ]  200 OK (683ms)
2026-08-27T13:08:52.028Z  [API  ]  200 OK (683ms)
2026-08-27T13:08:52.141Z  [API  ]  200 OK (454ms)
2026-08-27T13:08:52.227Z  [CACHE]  MISS pub.archiveSize.saropa_lints
2026-08-27T13:08:52.229Z  [API  ]  HEAD https://pub.dev/api/archives/saropa_lints-15.2.2.tar.gz
2026-08-27T13:08:52.230Z  [CACHE]  MISS pub.tarball.npgr1p
2026-08-27T13:08:52.230Z  [API  ]  GET https://pub.dev/api/archives/saropa_lints-15.2.2.tar.gz
2026-08-27T13:08:52.622Z  [SCORE]  lottie → 67.4 (stable) [rv=57.5 eg=62.22222222222222 pop=62.95 pt=-5 pq=10]
2026-08-27T13:08:52.622Z  [INFO ]  [10/11] vector_graphics
2026-08-27T13:08:52.623Z  [CACHE]  MISS pub.info.vector_graphics
2026-08-27T13:08:52.623Z  [API  ]  GET https://pub.dev/api/packages/vector_graphics
2026-08-27T13:08:52.624Z  [CACHE]  MISS pub.metrics.vector_graphics
2026-08-27T13:08:52.624Z  [API  ]  GET https://pub.dev/api/packages/vector_graphics/metrics
2026-08-27T13:08:52.626Z  [API  ]  GET https://pub.dev/api/packages/vector_graphics/score
2026-08-27T13:08:52.628Z  [CACHE]  HIT  pub.publisher.vector_graphics
2026-08-27T13:08:52.628Z  [CACHE]  MISS pub.reverseDeps.vector_graphics
2026-08-27T13:08:52.628Z  [API  ]  GET https://pub.dev/packages?q=dependency%3Avector_graphics
2026-08-27T13:08:52.954Z  [API  ]  200 OK (331ms)
2026-08-27T13:08:53.007Z  [API  ]  200 OK (383ms)
2026-08-27T13:08:53.017Z  [API  ]  200 OK (787ms)
2026-08-27T13:08:53.039Z  [API  ]  200 OK (810ms)
2026-08-27T13:08:53.315Z  [API  ]  200 OK (687ms)
2026-08-27T13:08:53.578Z  [SCORE]  go_router → 66.6 (stable) [rv=45 eg=50 pop=96.875 pt=-5 pq=9.375]
2026-08-27T13:08:53.578Z  [INFO ]  [11/11] vector_graphics_compiler
2026-08-27T13:08:53.578Z  [CACHE]  MISS pub.info.vector_graphics_compiler
2026-08-27T13:08:53.578Z  [API  ]  GET https://pub.dev/api/packages/vector_graphics_compiler
2026-08-27T13:08:53.580Z  [CACHE]  MISS pub.metrics.vector_graphics_compiler
2026-08-27T13:08:53.580Z  [API  ]  GET https://pub.dev/api/packages/vector_graphics_compiler/metrics
2026-08-27T13:08:53.581Z  [API  ]  GET https://pub.dev/api/packages/vector_graphics_compiler/score
2026-08-27T13:08:53.583Z  [CACHE]  HIT  pub.publisher.vector_graphics_compiler
2026-08-27T13:08:53.583Z  [CACHE]  MISS pub.reverseDeps.vector_graphics_compiler
2026-08-27T13:08:53.583Z  [API  ]  GET https://pub.dev/packages?q=dependency%3Avector_graphics_compiler
2026-08-27T13:08:53.722Z  [API  ]  200 OK (1096ms)
2026-08-27T13:08:53.771Z  [CACHE]  HIT  gh.flutter.packages
2026-08-27T13:08:53.771Z  [CACHE]  MISS pub.archiveSize.vector_graphics
2026-08-27T13:08:53.773Z  [API  ]  HEAD https://pub.dev/api/archives/vector_graphics-1.2.3.tar.gz
2026-08-27T13:08:53.775Z  [CACHE]  MISS pub.tarball.4gehet
2026-08-27T13:08:53.775Z  [API  ]  GET https://pub.dev/api/archives/vector_graphics-1.2.3.tar.gz
2026-08-27T13:08:53.867Z  [API  ]  200 OK (92ms)
2026-08-27T13:08:53.899Z  [API  ]  200 OK (316ms)
2026-08-27T13:08:53.919Z  [API  ]  200 OK (338ms)
2026-08-27T13:08:53.969Z  [API  ]  200 OK (389ms)
2026-08-27T13:08:54.058Z  [API  ]  200 OK (285ms)
2026-08-27T13:08:54.198Z  [API  ]  200 OK (620ms)
2026-08-27T13:08:54.223Z  [SCORE]  vector_graphics → 61.6 (stable) [rv=45 eg=50 pop=96.875 pt=-5 pq=9.375]
2026-08-27T13:08:54.502Z  [CACHE]  HIT  gh.flutter.packages
2026-08-27T13:08:54.502Z  [CACHE]  MISS pub.archiveSize.vector_graphics_compiler
2026-08-27T13:08:54.505Z  [API  ]  HEAD https://pub.dev/api/archives/vector_graphics_compiler-1.3.0.tar.gz
2026-08-27T13:08:54.507Z  [CACHE]  MISS pub.tarball.wvjh21
2026-08-27T13:08:54.507Z  [API  ]  GET https://pub.dev/api/archives/vector_graphics_compiler-1.3.0.tar.gz
2026-08-27T13:08:54.628Z  [API  ]  200 OK (121ms)
2026-08-27T13:08:54.635Z  [API  ]  200 OK (130ms)
2026-08-27T13:08:54.826Z  [SCORE]  flutter_launcher_icons → 6.2 (outdated) [rv=0 eg=0 pop=68.095 pt=-5 pq=9.375]
2026-08-27T13:09:11.510Z  [SCORE]  vector_graphics_compiler → 59.1 (stable) [rv=45 eg=50 pop=96.875 pt=-5 pq=9.375]
2026-08-27T13:09:45.006Z  [SCORE]  cupertino_icons → 60 (stable) [rv=45 eg=50 pop=100 pt=-5 pq=10]
2026-08-27T13:14:22.419Z  [SCORE]  saropa_lints → 60.3 (stable) [rv=41 eg=64.31506849315068 pop=46.955 pt=-5 pq=9.375]
2026-08-27T13:19:16.757Z  [SCORE]  riverpod → 86.8 (vibrant) [rv=98 eg=66.88888888888889 pop=100 pt=-5 pq=10]
2026-08-27T13:19:18.532Z  [ERROR]  Blocker analysis skipped — CLI commands failed — pub outdated: Command failed: dart pub outdated --json --transitive
Cannot specify both `--json` and `--transitive`
The json report always includes transitive dependencies.

Usage: dart pub outdated [options]
-h, --help                         Print this usage information.
    --[no-]dependency-overrides    Show resolutions with `dependency_overrides`.
                                   (defaults to on)
    --[no-]dev-dependencies        Take dev dependencies into account.
                                   (defaults to on)
    --json                         Output the results using a json format.
    --[no-]prereleases             Include prereleases in latest version.
    --[no-]show-all                Include dependencies that are already
                                   fulfilling --mode.
    --[no-]transitive              Show transitive dependencies.
                                   (defaults to on)
-C, --directory=<dir>              Run this in the directory <dir>.

Run "dart help" to see global options.
See https://dart.dev/tools/pub/cmd/pub-outdated for detailed documentation.

2026-08-27T13:19:19.085Z  [CACHE]  MISS pub.archiveSize.async
2026-08-27T13:19:19.085Z  [API  ]  GET https://pub.dev/api/packages/async
2026-08-27T13:19:19.088Z  [CACHE]  MISS pub.archiveSize.collection
2026-08-27T13:19:19.088Z  [API  ]  GET https://pub.dev/api/packages/collection
2026-08-27T13:19:19.090Z  [CACHE]  MISS pub.archiveSize.meta
2026-08-27T13:19:19.090Z  [API  ]  GET https://pub.dev/api/packages/meta
2026-08-27T13:19:19.092Z  [CACHE]  MISS pub.archiveSize.http_parser
2026-08-27T13:19:19.092Z  [API  ]  GET https://pub.dev/api/packages/http_parser
2026-08-27T13:19:19.094Z  [CACHE]  MISS pub.archiveSize.source_span
2026-08-27T13:19:19.094Z  [API  ]  GET https://pub.dev/api/packages/source_span
2026-08-27T13:19:19.096Z  [CACHE]  MISS pub.archiveSize.path
2026-08-27T13:19:19.096Z  [API  ]  GET https://pub.dev/api/packages/path
2026-08-27T13:19:19.099Z  [CACHE]  MISS pub.archiveSize.term_glyph
2026-08-27T13:19:19.099Z  [API  ]  GET https://pub.dev/api/packages/term_glyph
2026-08-27T13:19:19.102Z  [CACHE]  MISS pub.archiveSize.string_scanner
2026-08-27T13:19:19.102Z  [API  ]  GET https://pub.dev/api/packages/string_scanner
2026-08-27T13:19:19.104Z  [CACHE]  MISS pub.archiveSize.typed_data
2026-08-27T13:19:19.104Z  [API  ]  GET https://pub.dev/api/packages/typed_data
2026-08-27T13:19:19.106Z  [CACHE]  MISS pub.archiveSize.mime
2026-08-27T13:19:19.106Z  [API  ]  GET https://pub.dev/api/packages/mime
2026-08-27T13:19:19.107Z  [CACHE]  MISS pub.archiveSize.dio_web_adapter
2026-08-27T13:19:19.108Z  [API  ]  GET https://pub.dev/api/packages/dio_web_adapter
2026-08-27T13:19:19.109Z  [CACHE]  MISS pub.archiveSize.web
2026-08-27T13:19:19.109Z  [API  ]  GET https://pub.dev/api/packages/web
2026-08-27T13:19:19.111Z  [CACHE]  MISS pub.archiveSize.args
2026-08-27T13:19:19.111Z  [API  ]  GET https://pub.dev/api/packages/args
2026-08-27T13:19:19.113Z  [CACHE]  MISS pub.archiveSize.checked_yaml
2026-08-27T13:19:19.113Z  [API  ]  GET https://pub.dev/api/packages/checked_yaml
2026-08-27T13:19:19.115Z  [CACHE]  MISS pub.archiveSize.json_annotation
2026-08-27T13:19:19.115Z  [API  ]  GET https://pub.dev/api/packages/json_annotation
2026-08-27T13:19:19.117Z  [CACHE]  MISS pub.archiveSize.yaml
2026-08-27T13:19:19.117Z  [API  ]  GET https://pub.dev/api/packages/yaml
2026-08-27T13:19:19.119Z  [CACHE]  MISS pub.archiveSize.cli_util
2026-08-27T13:19:19.119Z  [API  ]  GET https://pub.dev/api/packages/cli_util
2026-08-27T13:19:19.121Z  [CACHE]  MISS pub.archiveSize.image
2026-08-27T13:19:19.121Z  [API  ]  GET https://pub.dev/api/packages/image
2026-08-27T13:19:19.123Z  [CACHE]  MISS pub.archiveSize.archive
2026-08-27T13:19:19.123Z  [API  ]  GET https://pub.dev/api/packages/archive
2026-08-27T13:19:19.127Z  [CACHE]  MISS pub.archiveSize.posix
2026-08-27T13:19:19.127Z  [API  ]  GET https://pub.dev/api/packages/posix
2026-08-27T13:19:19.129Z  [CACHE]  MISS pub.archiveSize.ffi
2026-08-27T13:19:19.129Z  [API  ]  GET https://pub.dev/api/packages/ffi
2026-08-27T13:19:19.131Z  [CACHE]  MISS pub.archiveSize.lints
2026-08-27T13:19:19.131Z  [API  ]  GET https://pub.dev/api/packages/lints
2026-08-27T13:19:19.133Z  [CACHE]  MISS pub.archiveSize.flutter
2026-08-27T13:19:19.133Z  [API  ]  GET https://pub.dev/api/packages/flutter
2026-08-27T13:19:19.135Z  [CACHE]  MISS pub.archiveSize.characters
2026-08-27T13:19:19.135Z  [API  ]  GET https://pub.dev/api/packages/characters
2026-08-27T13:19:19.137Z  [CACHE]  MISS pub.archiveSize.material_color_utilities
2026-08-27T13:19:19.137Z  [API  ]  GET https://pub.dev/api/packages/material_color_utilities
2026-08-27T13:19:19.139Z  [CACHE]  MISS pub.archiveSize.vector_math
2026-08-27T13:19:19.139Z  [API  ]  GET https://pub.dev/api/packages/vector_math
2026-08-27T13:19:19.140Z  [CACHE]  MISS pub.archiveSize.sky_engine
2026-08-27T13:19:19.140Z  [API  ]  GET https://pub.dev/api/packages/sky_engine
2026-08-27T13:19:19.142Z  [CACHE]  MISS pub.archiveSize.flutter_test
2026-08-27T13:19:19.142Z  [API  ]  GET https://pub.dev/api/packages/flutter_test
2026-08-27T13:19:19.144Z  [CACHE]  MISS pub.archiveSize.test_api
2026-08-27T13:19:19.144Z  [API  ]  GET https://pub.dev/api/packages/test_api
2026-08-27T13:19:19.146Z  [CACHE]  MISS pub.archiveSize.boolean_selector
2026-08-27T13:19:19.146Z  [API  ]  GET https://pub.dev/api/packages/boolean_selector
2026-08-27T13:19:19.148Z  [CACHE]  MISS pub.archiveSize.stack_trace
2026-08-27T13:19:19.148Z  [API  ]  GET https://pub.dev/api/packages/stack_trace
2026-08-27T13:19:19.150Z  [CACHE]  MISS pub.archiveSize.stream_channel
2026-08-27T13:19:19.150Z  [API  ]  GET https://pub.dev/api/packages/stream_channel
2026-08-27T13:19:19.152Z  [CACHE]  MISS pub.archiveSize.matcher
2026-08-27T13:19:19.152Z  [API  ]  GET https://pub.dev/api/packages/matcher
2026-08-27T13:19:19.154Z  [CACHE]  MISS pub.archiveSize.fake_async
2026-08-27T13:19:19.154Z  [API  ]  GET https://pub.dev/api/packages/fake_async
2026-08-27T13:19:19.156Z  [CACHE]  MISS pub.archiveSize.clock
2026-08-27T13:19:19.156Z  [API  ]  GET https://pub.dev/api/packages/clock
2026-08-27T13:19:19.158Z  [CACHE]  MISS pub.archiveSize.leak_tracker_flutter_testing
2026-08-27T13:19:19.158Z  [API  ]  GET https://pub.dev/api/packages/leak_tracker_flutter_testing
2026-08-27T13:19:19.159Z  [CACHE]  MISS pub.archiveSize.leak_tracker
2026-08-27T13:19:19.159Z  [API  ]  GET https://pub.dev/api/packages/leak_tracker
2026-08-27T13:19:19.161Z  [CACHE]  MISS pub.archiveSize.vm_service
2026-08-27T13:19:19.161Z  [API  ]  GET https://pub.dev/api/packages/vm_service
2026-08-27T13:19:19.164Z  [CACHE]  MISS pub.archiveSize.leak_tracker_testing
2026-08-27T13:19:19.164Z  [API  ]  GET https://pub.dev/api/packages/leak_tracker_testing
2026-08-27T13:19:19.166Z  [CACHE]  MISS pub.archiveSize.listen
2026-08-27T13:19:19.166Z  [API  ]  GET https://pub.dev/api/packages/listen
2026-08-27T13:19:19.170Z  [CACHE]  MISS pub.archiveSize.state_notifier
2026-08-27T13:19:19.170Z  [API  ]  GET https://pub.dev/api/packages/state_notifier
2026-08-27T13:19:19.172Z  [CACHE]  MISS pub.archiveSize.test
2026-08-27T13:19:19.172Z  [API  ]  GET https://pub.dev/api/packages/test
2026-08-27T13:19:19.174Z  [CACHE]  MISS pub.archiveSize.analyzer
2026-08-27T13:19:19.174Z  [API  ]  GET https://pub.dev/api/packages/analyzer
2026-08-27T13:19:19.176Z  [CACHE]  MISS pub.archiveSize._fe_analyzer_shared
2026-08-27T13:19:19.176Z  [API  ]  GET https://pub.dev/api/packages/_fe_analyzer_shared
2026-08-27T13:19:19.178Z  [CACHE]  MISS pub.archiveSize.convert
2026-08-27T13:19:19.178Z  [API  ]  GET https://pub.dev/api/packages/convert
2026-08-27T13:19:19.180Z  [CACHE]  MISS pub.archiveSize.crypto
2026-08-27T13:19:19.180Z  [API  ]  GET https://pub.dev/api/packages/crypto
2026-08-27T13:19:19.182Z  [CACHE]  MISS pub.archiveSize.glob
2026-08-27T13:19:19.182Z  [API  ]  GET https://pub.dev/api/packages/glob
2026-08-27T13:19:19.183Z  [CACHE]  MISS pub.archiveSize.file
2026-08-27T13:19:19.183Z  [API  ]  GET https://pub.dev/api/packages/file
2026-08-27T13:19:19.185Z  [CACHE]  MISS pub.archiveSize.package_config
2026-08-27T13:19:19.185Z  [API  ]  GET https://pub.dev/api/packages/package_config
2026-08-27T13:19:19.187Z  [CACHE]  MISS pub.archiveSize.pub_semver
2026-08-27T13:19:19.187Z  [API  ]  GET https://pub.dev/api/packages/pub_semver
2026-08-27T13:19:19.189Z  [CACHE]  MISS pub.archiveSize.watcher
2026-08-27T13:19:19.189Z  [API  ]  GET https://pub.dev/api/packages/watcher
2026-08-27T13:19:19.191Z  [CACHE]  MISS pub.archiveSize.coverage
2026-08-27T13:19:19.191Z  [API  ]  GET https://pub.dev/api/packages/coverage
2026-08-27T13:19:19.193Z  [CACHE]  MISS pub.archiveSize.cli_config
2026-08-27T13:19:19.193Z  [API  ]  GET https://pub.dev/api/packages/cli_config
2026-08-27T13:19:19.194Z  [CACHE]  MISS pub.archiveSize.logging
2026-08-27T13:19:19.194Z  [API  ]  GET https://pub.dev/api/packages/logging
2026-08-27T13:19:19.196Z  [CACHE]  MISS pub.archiveSize.source_maps
2026-08-27T13:19:19.196Z  [API  ]  GET https://pub.dev/api/packages/source_maps
2026-08-27T13:19:19.198Z  [CACHE]  MISS pub.archiveSize.http_multi_server
2026-08-27T13:19:19.198Z  [API  ]  GET https://pub.dev/api/packages/http_multi_server
2026-08-27T13:19:19.200Z  [CACHE]  MISS pub.archiveSize.io
2026-08-27T13:19:19.200Z  [API  ]  GET https://pub.dev/api/packages/io
2026-08-27T13:19:19.202Z  [CACHE]  MISS pub.archiveSize.node_preamble
2026-08-27T13:19:19.202Z  [API  ]  GET https://pub.dev/api/packages/node_preamble
2026-08-27T13:19:19.204Z  [CACHE]  MISS pub.archiveSize.pool
2026-08-27T13:19:19.204Z  [API  ]  GET https://pub.dev/api/packages/pool
2026-08-27T13:19:19.206Z  [CACHE]  MISS pub.archiveSize.shelf
2026-08-27T13:19:19.206Z  [API  ]  GET https://pub.dev/api/packages/shelf
2026-08-27T13:19:19.207Z  [CACHE]  MISS pub.archiveSize.shelf_packages_handler
2026-08-27T13:19:19.207Z  [API  ]  GET https://pub.dev/api/packages/shelf_packages_handler
2026-08-27T13:19:19.209Z  [CACHE]  MISS pub.archiveSize.shelf_static
2026-08-27T13:19:19.209Z  [API  ]  GET https://pub.dev/api/packages/shelf_static
2026-08-27T13:19:19.212Z  [CACHE]  MISS pub.archiveSize.shelf_web_socket
2026-08-27T13:19:19.212Z  [API  ]  GET https://pub.dev/api/packages/shelf_web_socket
2026-08-27T13:19:19.214Z  [CACHE]  MISS pub.archiveSize.web_socket_channel
2026-08-27T13:19:19.214Z  [API  ]  GET https://pub.dev/api/packages/web_socket_channel
2026-08-27T13:19:19.216Z  [CACHE]  MISS pub.archiveSize.web_socket
2026-08-27T13:19:19.216Z  [API  ]  GET https://pub.dev/api/packages/web_socket
2026-08-27T13:19:19.218Z  [CACHE]  MISS pub.archiveSize.test_core
2026-08-27T13:19:19.218Z  [API  ]  GET https://pub.dev/api/packages/test_core
2026-08-27T13:19:19.219Z  [CACHE]  MISS pub.archiveSize.frontend_server_client
2026-08-27T13:19:19.219Z  [API  ]  GET https://pub.dev/api/packages/frontend_server_client
2026-08-27T13:19:19.221Z  [CACHE]  MISS pub.archiveSize.source_map_stack_trace
2026-08-27T13:19:19.221Z  [API  ]  GET https://pub.dev/api/packages/source_map_stack_trace
2026-08-27T13:19:19.223Z  [CACHE]  MISS pub.archiveSize.webkit_inspection_protocol
2026-08-27T13:19:19.223Z  [API  ]  GET https://pub.dev/api/packages/webkit_inspection_protocol
2026-08-27T13:19:19.225Z  [CACHE]  MISS pub.archiveSize.uuid
2026-08-27T13:19:19.225Z  [API  ]  GET https://pub.dev/api/packages/uuid
2026-08-27T13:19:19.227Z  [CACHE]  MISS pub.archiveSize.fixnum
2026-08-27T13:19:19.227Z  [API  ]  GET https://pub.dev/api/packages/fixnum
2026-08-27T13:19:19.228Z  [CACHE]  MISS pub.archiveSize.flutter_web_plugins
2026-08-27T13:19:19.228Z  [API  ]  GET https://pub.dev/api/packages/flutter_web_plugins
2026-08-27T13:19:19.230Z  [CACHE]  MISS pub.archiveSize.http
2026-08-27T13:19:19.230Z  [API  ]  GET https://pub.dev/api/packages/http
2026-08-27T13:19:19.232Z  [CACHE]  MISS pub.archiveSize.analysis_server_plugin
2026-08-27T13:19:19.232Z  [API  ]  GET https://pub.dev/api/packages/analysis_server_plugin
2026-08-27T13:19:19.234Z  [CACHE]  MISS pub.archiveSize.analyzer_plugin
2026-08-27T13:19:19.234Z  [API  ]  GET https://pub.dev/api/packages/analyzer_plugin
2026-08-27T13:19:19.236Z  [CACHE]  MISS pub.archiveSize.dart_style
2026-08-27T13:19:19.236Z  [API  ]  GET https://pub.dev/api/packages/dart_style
2026-08-27T13:19:19.238Z  [CACHE]  MISS pub.archiveSize.yaml_edit
2026-08-27T13:19:19.238Z  [API  ]  GET https://pub.dev/api/packages/yaml_edit
2026-08-27T13:19:19.239Z  [CACHE]  MISS pub.archiveSize.vector_graphics_codec
2026-08-27T13:19:19.239Z  [API  ]  GET https://pub.dev/api/packages/vector_graphics_codec
2026-08-27T13:19:19.241Z  [CACHE]  MISS pub.archiveSize.path_parsing
2026-08-27T13:19:19.241Z  [API  ]  GET https://pub.dev/api/packages/path_parsing
2026-08-27T13:19:19.243Z  [CACHE]  MISS pub.archiveSize.xml
2026-08-27T13:19:19.243Z  [API  ]  GET https://pub.dev/api/packages/xml
2026-08-27T13:19:19.245Z  [CACHE]  MISS pub.archiveSize.petitparser
2026-08-27T13:19:19.245Z  [API  ]  GET https://pub.dev/api/packages/petitparser
2026-08-27T13:19:20.156Z  [API  ]  200 OK (1064ms)
2026-08-27T13:19:20.159Z  [API  ]  HEAD https://pub.dev/api/archives/http_parser-4.1.2.tar.gz
2026-08-27T13:19:20.282Z  [API  ]  200 OK (123ms)
2026-08-27T13:19:20.447Z  [API  ]  200 OK (1297ms)
2026-08-27T13:19:20.448Z  [API  ]  HEAD https://pub.dev/api/archives/stream_channel-2.1.4.tar.gz
2026-08-27T13:19:20.483Z  [API  ]  200 OK (1296ms)
2026-08-27T13:19:20.518Z  [API  ]  200 OK (1304ms)
2026-08-27T13:19:20.519Z  [API  ]  200 OK (1343ms)
2026-08-27T13:19:20.521Z  [API  ]  HEAD https://pub.dev/api/archives/web_socket_channel-3.0.3.tar.gz
2026-08-27T13:19:20.524Z  [API  ]  HEAD https://pub.dev/api/archives/_fe_analyzer_shared-105.0.0.tar.gz
2026-08-27T13:19:20.548Z  [API  ]  200 OK (1310ms)
2026-08-27T13:19:20.549Z  [API  ]  200 OK (1455ms)
2026-08-27T13:19:20.551Z  [API  ]  HEAD https://pub.dev/api/archives/source_span-1.10.2.tar.gz
2026-08-27T13:19:20.576Z  [API  ]  200 OK (1470ms)
2026-08-27T13:19:20.577Z  [API  ]  200 OK (53ms)
2026-08-27T13:19:20.587Z  [API  ]  HEAD https://pub.dev/api/archives/mime-2.0.0.tar.gz
2026-08-27T13:19:20.595Z  [API  ]  200 OK (44ms)
2026-08-27T13:19:20.604Z  [API  ]  200 OK (1421ms)
2026-08-27T13:19:20.605Z  [API  ]  HEAD https://pub.dev/api/archives/file-7.0.1.tar.gz
2026-08-27T13:19:20.630Z  [API  ]  200 OK (109ms)
2026-08-27T13:19:20.631Z  [API  ]  200 OK (1435ms)
2026-08-27T13:19:20.640Z  [API  ]  200 OK (1408ms)
2026-08-27T13:19:20.641Z  [API  ]  200 OK (1414ms)
2026-08-27T13:19:20.642Z  [API  ]  HEAD https://pub.dev/api/archives/fixnum-1.1.1.tar.gz
2026-08-27T13:19:20.668Z  [API  ]  200 OK (1524ms)
2026-08-27T13:19:20.669Z  [API  ]  200 OK (1523ms)
2026-08-27T13:19:20.671Z  [API  ]  200 OK (1572ms)
2026-08-27T13:19:20.672Z  [API  ]  200 OK (1587ms)
2026-08-27T13:19:20.673Z  [API  ]  HEAD https://pub.dev/api/archives/source_maps-0.10.14.tar.gz
2026-08-27T13:19:20.676Z  [API  ]  200 OK (1559ms)
2026-08-27T13:19:20.677Z  [API  ]  200 OK (1519ms)
2026-08-27T13:19:20.688Z  [API  ]  HEAD https://pub.dev/api/archives/boolean_selector-2.1.2.tar.gz
2026-08-27T13:19:20.690Z  [API  ]  HEAD https://pub.dev/api/archives/term_glyph-1.2.2.tar.gz
2026-08-27T13:19:20.694Z  [API  ]  200 OK (1460ms)
2026-08-27T13:19:20.694Z  [API  ]  200 OK (1520ms)
2026-08-27T13:19:20.695Z  [API  ]  200 OK (108ms)
2026-08-27T13:19:20.704Z  [API  ]  200 OK (1543ms)
2026-08-27T13:19:20.705Z  [API  ]  200 OK (1582ms)
2026-08-27T13:19:20.714Z  [API  ]  HEAD https://pub.dev/api/archives/leak_tracker_flutter_testing-3.0.10.tar.gz
2026-08-27T13:19:20.730Z  [API  ]  200 OK (1550ms)
2026-08-27T13:19:20.730Z  [API  ]  200 OK (1574ms)
2026-08-27T13:19:20.733Z  [API  ]  HEAD https://pub.dev/api/archives/async-2.13.1.tar.gz
2026-08-27T13:19:20.737Z  [API  ]  HEAD https://pub.dev/api/archives/clock-1.1.2.tar.gz
2026-08-27T13:19:20.741Z  [API  ]  HEAD https://pub.dev/api/archives/test_api-0.7.13.tar.gz
2026-08-27T13:19:20.744Z  [API  ]  HEAD https://pub.dev/api/archives/analyzer_plugin-0.14.14.tar.gz
2026-08-27T13:19:20.747Z  [API  ]  HEAD https://pub.dev/api/archives/yaml-3.1.3.tar.gz
2026-08-27T13:19:20.753Z  [API  ]  200 OK (1549ms)
2026-08-27T13:19:20.755Z  [API  ]  200 OK (1647ms)
2026-08-27T13:19:20.757Z  [API  ]  HEAD https://pub.dev/api/archives/vm_service-15.3.0.tar.gz
2026-08-27T13:19:20.760Z  [API  ]  HEAD https://pub.dev/api/archives/archive-4.2.0.tar.gz
2026-08-27T13:19:20.762Z  [API  ]  HEAD https://pub.dev/api/archives/crypto-3.0.7.tar.gz
2026-08-27T13:19:20.777Z  [API  ]  HEAD https://pub.dev/api/archives/dio_web_adapter-2.2.1.tar.gz
2026-08-27T13:19:20.789Z  [API  ]  HEAD https://pub.dev/api/archives/pool-1.5.2.tar.gz
2026-08-27T13:19:20.796Z  [API  ]  200 OK (123ms)
2026-08-27T13:19:20.811Z  [API  ]  HEAD https://pub.dev/api/archives/analyzer-14.1.0.tar.gz
2026-08-27T13:19:20.845Z  [API  ]  200 OK (104ms)
2026-08-27T13:19:20.845Z  [API  ]  200 OK (108ms)
2026-08-27T13:19:20.846Z  [API  ]  200 OK (99ms)
2026-08-27T13:19:20.846Z  [API  ]  200 OK (113ms)
2026-08-27T13:19:20.855Z  [API  ]  200 OK (1720ms)
2026-08-27T13:19:20.856Z  [API  ]  HEAD https://pub.dev/api/archives/yaml_edit-2.2.4.tar.gz
2026-08-27T13:19:20.878Z  [API  ]  200 OK (118ms)
2026-08-27T13:19:20.887Z  [API  ]  200 OK (173ms)
2026-08-27T13:19:20.888Z  [API  ]  200 OK (131ms)
2026-08-27T13:19:20.900Z  [API  ]  200 OK (123ms)
2026-08-27T13:19:20.909Z  [API  ]  200 OK (1718ms)
2026-08-27T13:19:20.958Z  [API  ]  200 OK (1799ms)
2026-08-27T13:19:20.960Z  [API  ]  HEAD https://pub.dev/api/archives/leak_tracker-11.0.2.tar.gz
2026-08-27T13:19:20.984Z  [API  ]  200 OK (195ms)
2026-08-27T13:19:20.986Z  [API  ]  200 OK (1853ms)
2026-08-27T13:19:20.996Z  [API  ]  HEAD https://pub.dev/api/archives/flutter-0.0.20.tar.gz
2026-08-27T13:19:21.011Z  [API  ]  200 OK (1804ms)
2026-08-27T13:19:21.011Z  [API  ]  HEAD https://pub.dev/api/archives/shelf_packages_handler-3.0.2.tar.gz
2026-08-27T13:19:21.032Z  [API  ]  200 OK (1878ms)
2026-08-27T13:19:21.033Z  [API  ]  200 OK (391ms)
2026-08-27T13:19:21.042Z  [API  ]  200 OK (298ms)
2026-08-27T13:19:21.043Z  [API  ]  200 OK (1854ms)
2026-08-27T13:19:21.051Z  [API  ]  HEAD https://pub.dev/api/archives/fake_async-1.3.3.tar.gz
2026-08-27T13:19:21.068Z  [API  ]  HEAD https://pub.dev/api/archives/pub_semver-2.2.0.tar.gz
2026-08-27T13:19:21.091Z  [API  ]  HEAD https://pub.dev/api/archives/watcher-1.2.1.tar.gz
2026-08-27T13:19:21.107Z  [API  ]  200 OK (1935ms)
2026-08-27T13:19:21.107Z  [API  ]  200 OK (502ms)
2026-08-27T13:19:21.124Z  [API  ]  200 OK (2020ms)
2026-08-27T13:19:21.125Z  [API  ]  200 OK (1880ms)
2026-08-27T13:19:21.125Z  [API  ]  200 OK (363ms)
2026-08-27T13:19:21.177Z  [API  ]  HEAD https://pub.dev/api/archives/characters-1.4.1.tar.gz
2026-08-27T13:19:21.192Z  [API  ]  200 OK (2026ms)
2026-08-27T13:19:21.195Z  [API  ]  200 OK (1954ms)
2026-08-27T13:19:21.197Z  [API  ]  200 OK (1961ms)
2026-08-27T13:19:21.197Z  [API  ]  200 OK (2045ms)
2026-08-27T13:19:21.198Z  [API  ]  200 OK (750ms)
2026-08-27T13:19:21.199Z  [API  ]  200 OK (2068ms)
2026-08-27T13:19:21.199Z  [API  ]  200 OK (1956ms)
2026-08-27T13:19:21.200Z  [API  ]  200 OK (510ms)
2026-08-27T13:19:21.209Z  [API  ]  HEAD https://pub.dev/api/archives/listen-1.0.1.tar.gz
2026-08-27T13:19:21.223Z  [API  ]  HEAD https://pub.dev/api/archives/path_parsing-1.1.0.tar.gz
2026-08-27T13:19:21.247Z  [API  ]  200 OK (2028ms)
2026-08-27T13:19:21.248Z  [API  ]  200 OK (2152ms)
2026-08-27T13:19:21.248Z  [API  ]  200 OK (2119ms)
2026-08-27T13:19:21.257Z  [API  ]  200 OK (2063ms)
2026-08-27T13:19:21.266Z  [API  ]  HEAD https://pub.dev/api/archives/frontend_server_client-4.0.0.tar.gz
2026-08-27T13:19:21.272Z  [API  ]  200 OK (2090ms)
2026-08-27T13:19:21.273Z  [API  ]  200 OK (2185ms)
2026-08-27T13:19:21.273Z  [API  ]  HEAD https://pub.dev/api/archives/ffi-2.2.0.tar.gz
2026-08-27T13:19:21.277Z  [API  ]  HEAD https://pub.dev/api/archives/path-1.9.1.tar.gz
2026-08-27T13:19:21.281Z  [API  ]  HEAD https://pub.dev/api/archives/dart_style-3.1.13.tar.gz
2026-08-27T13:19:21.284Z  [API  ]  200 OK (2045ms)
2026-08-27T13:19:21.286Z  [API  ]  HEAD https://pub.dev/api/archives/typed_data-1.4.0.tar.gz
2026-08-27T13:19:21.289Z  [API  ]  HEAD https://pub.dev/api/archives/collection-1.19.1.tar.gz
2026-08-27T13:19:21.291Z  [API  ]  HEAD https://pub.dev/api/archives/vector_graphics_codec-1.1.13.tar.gz
2026-08-27T13:19:21.349Z  [API  ]  200 OK (2228ms)
2026-08-27T13:19:21.352Z  [API  ]  HEAD https://pub.dev/api/archives/matcher-0.12.20.tar.gz
2026-08-27T13:19:21.357Z  [API  ]  HEAD https://pub.dev/api/archives/image-4.9.2.tar.gz
2026-08-27T13:19:21.361Z  [API  ]  200 OK (2138ms)
2026-08-27T13:19:21.362Z  [API  ]  200 OK (2164ms)
2026-08-27T13:19:21.371Z  [API  ]  200 OK (94ms)
2026-08-27T13:19:21.371Z  [API  ]  HEAD https://pub.dev/api/archives/http_multi_server-3.2.2.tar.gz
2026-08-27T13:19:21.395Z  [API  ]  200 OK (129ms)
2026-08-27T13:19:21.397Z  [API  ]  200 OK (111ms)
2026-08-27T13:19:21.398Z  [API  ]  200 OK (125ms)
2026-08-27T13:19:21.409Z  [API  ]  200 OK (120ms)
2026-08-27T13:19:21.442Z  [API  ]  200 OK (374ms)
2026-08-27T13:19:21.460Z  [API  ]  200 OK (409ms)
2026-08-27T13:19:21.461Z  [API  ]  200 OK (109ms)
2026-08-27T13:19:21.490Z  [API  ]  200 OK (133ms)
2026-08-27T13:19:21.509Z  [API  ]  200 OK (2284ms)
2026-08-27T13:19:21.515Z  [API  ]  HEAD https://pub.dev/api/archives/webkit_inspection_protocol-1.2.1.tar.gz
2026-08-27T13:19:21.595Z  [API  ]  200 OK (2374ms)
2026-08-27T13:19:21.596Z  [API  ]  200 OK (600ms)
2026-08-27T13:19:21.597Z  [API  ]  200 OK (2486ms)
2026-08-27T13:19:21.597Z  [API  ]  200 OK (786ms)
2026-08-27T13:19:21.598Z  [API  ]  200 OK (742ms)
2026-08-27T13:19:21.599Z  [API  ]  200 OK (390ms)
2026-08-27T13:19:21.657Z  [API  ]  200 OK (434ms)
2026-08-27T13:19:21.658Z  [API  ]  200 OK (2556ms)
2026-08-27T13:19:21.666Z  [API  ]  HEAD https://pub.dev/api/archives/lints-6.1.0.tar.gz
2026-08-27T13:19:21.689Z  [API  ]  HEAD https://pub.dev/api/archives/glob-2.1.3.tar.gz
2026-08-27T13:19:21.703Z  [API  ]  HEAD https://pub.dev/api/archives/uuid-4.6.0.tar.gz
2026-08-27T13:19:21.716Z  [API  ]  HEAD https://pub.dev/api/archives/source_map_stack_trace-2.1.2.tar.gz
2026-08-27T13:19:21.729Z  [API  ]  HEAD https://pub.dev/api/archives/analysis_server_plugin-0.3.20.tar.gz
2026-08-27T13:19:21.742Z  [API  ]  HEAD https://pub.dev/api/archives/logging-1.3.0.tar.gz
2026-08-27T13:19:21.764Z  [API  ]  200 OK (2546ms)
2026-08-27T13:19:21.765Z  [API  ]  200 OK (805ms)
2026-08-27T13:19:21.766Z  [API  ]  200 OK (2651ms)
2026-08-27T13:19:21.766Z  [API  ]  200 OK (2596ms)
2026-08-27T13:19:21.767Z  [API  ]  200 OK (756ms)
2026-08-27T13:19:21.778Z  [API  ]  HEAD https://pub.dev/api/archives/state_notifier-1.0.0.tar.gz
2026-08-27T13:19:21.791Z  [API  ]  200 OK (2561ms)
2026-08-27T13:19:21.820Z  [API  ]  200 OK (2681ms)
2026-08-27T13:19:21.821Z  [API  ]  HEAD https://pub.dev/api/archives/vector_math-2.4.2.tar.gz
2026-08-27T13:19:21.843Z  [API  ]  200 OK (2716ms)
2026-08-27T13:19:21.843Z  [API  ]  200 OK (2658ms)
2026-08-27T13:19:21.915Z  [API  ]  200 OK (738ms)
2026-08-27T13:19:21.924Z  [API  ]  HEAD https://pub.dev/api/archives/xml-7.0.1.tar.gz
2026-08-27T13:19:21.959Z  [API  ]  200 OK (1271ms)
2026-08-27T13:19:21.969Z  [API  ]  HEAD https://pub.dev/api/archives/petitparser-7.0.2.tar.gz
2026-08-27T13:19:22.014Z  [API  ]  200 OK (2877ms)
2026-08-27T13:19:22.014Z  [API  ]  200 OK (2874ms)
2026-08-27T13:19:22.015Z  [API  ]  404 Not Found (2787ms)
2026-08-27T13:19:22.024Z  [API  ]  HEAD https://pub.dev/api/archives/material_color_utilities-0.13.1.tar.gz
2026-08-27T13:19:22.038Z  [API  ]  HEAD https://pub.dev/api/archives/sky_engine-0.0.99.tar.gz
2026-08-27T13:19:22.076Z  [API  ]  200 OK (2898ms)
2026-08-27T13:19:22.077Z  [API  ]  HEAD https://pub.dev/api/archives/convert-3.1.2.tar.gz
2026-08-27T13:19:22.082Z  [API  ]  200 OK (416ms)
2026-08-27T13:19:22.093Z  [API  ]  200 OK (721ms)
2026-08-27T13:19:22.103Z  [API  ]  200 OK (2894ms)
2026-08-27T13:19:22.122Z  [API  ]  HEAD https://pub.dev/api/archives/string_scanner-1.4.1.tar.gz
2026-08-27T13:19:22.145Z  [API  ]  200 OK (2943ms)
2026-08-27T13:19:22.147Z  [API  ]  HEAD https://pub.dev/api/archives/node_preamble-2.0.2.tar.gz
2026-08-27T13:19:22.172Z  [API  ]  200 OK (95ms)
2026-08-27T13:19:22.197Z  [API  ]  200 OK (494ms)
2026-08-27T13:19:22.207Z  [API  ]  200 OK (283ms)
2026-08-27T13:19:22.221Z  [API  ]  HEAD https://pub.dev/api/archives/json_annotation-4.12.0.tar.gz
2026-08-27T13:19:22.245Z  [API  ]  HEAD https://pub.dev/api/archives/posix-6.5.2.tar.gz
2026-08-27T13:19:22.261Z  [API  ]  HEAD https://pub.dev/api/archives/shelf_static-1.1.3.tar.gz
2026-08-27T13:19:22.280Z  [API  ]  200 OK (133ms)
2026-08-27T13:19:22.281Z  [API  ]  HEAD https://pub.dev/api/archives/package_config-3.0.0.tar.gz
2026-08-27T13:19:22.313Z  [API  ]  HEAD https://pub.dev/api/archives/args-2.7.0.tar.gz
2026-08-27T13:19:22.375Z  [API  ]  200 OK (114ms)
2026-08-27T13:19:22.437Z  [API  ]  200 OK (1346ms)
2026-08-27T13:19:22.446Z  [API  ]  200 OK (3333ms)
2026-08-27T13:19:22.447Z  [API  ]  HEAD https://pub.dev/api/archives/checked_yaml-2.0.4.tar.gz
2026-08-27T13:19:22.461Z  [API  ]  200 OK (3313ms)
2026-08-27T13:19:22.486Z  [API  ]  200 OK (241ms)
2026-08-27T13:19:22.504Z  [API  ]  200 OK (3288ms)
2026-08-27T13:19:22.505Z  [API  ]  HEAD https://pub.dev/api/archives/web_socket-1.0.1.tar.gz
2026-08-27T13:19:22.519Z  [API  ]  200 OK (206ms)
2026-08-27T13:19:22.520Z  [API  ]  200 OK (699ms)
2026-08-27T13:19:22.547Z  [API  ]  200 OK (523ms)
2026-08-27T13:19:22.606Z  [API  ]  HEAD https://pub.dev/api/archives/coverage-1.15.1.tar.gz
2026-08-27T13:19:22.632Z  [API  ]  200 OK (510ms)
2026-08-27T13:19:22.633Z  [API  ]  200 OK (412ms)
2026-08-27T13:19:22.695Z  [API  ]  200 OK (3495ms)
2026-08-27T13:19:22.709Z  [API  ]  HEAD https://pub.dev/api/archives/io-1.0.5.tar.gz
2026-08-27T13:19:22.722Z  [API  ]  200 OK (3632ms)
2026-08-27T13:19:22.747Z  [API  ]  200 OK (3583ms)
2026-08-27T13:19:22.749Z  [API  ]  HEAD https://pub.dev/api/archives/leak_tracker_testing-3.0.2.tar.gz
2026-08-27T13:19:22.780Z  [API  ]  200 OK (1499ms)
2026-08-27T13:19:22.807Z  [API  ]  HEAD https://pub.dev/api/archives/meta-1.19.0.tar.gz
2026-08-27T13:19:22.936Z  [API  ]  200 OK (129ms)
2026-08-27T13:19:22.957Z  [API  ]  200 OK (1442ms)
2026-08-27T13:19:22.971Z  [API  ]  HEAD https://pub.dev/api/archives/test-1.31.2.tar.gz
2026-08-27T13:19:22.993Z  [API  ]  200 OK (1215ms)
2026-08-27T13:19:22.993Z  [API  ]  200 OK (3787ms)
2026-08-27T13:19:23.025Z  [API  ]  200 OK (316ms)
2026-08-27T13:19:23.065Z  [API  ]  200 OK (1349ms)
2026-08-27T13:19:23.219Z  [API  ]  HEAD https://pub.dev/api/archives/http-1.6.0.tar.gz
2026-08-27T13:19:23.244Z  [API  ]  200 OK (1515ms)
2026-08-27T13:19:23.280Z  [API  ]  200 OK (674ms)
2026-08-27T13:19:23.325Z  [API  ]  200 OK (1044ms)
2026-08-27T13:19:23.364Z  [API  ]  200 OK (615ms)
2026-08-27T13:19:23.400Z  [API  ]  HEAD https://pub.dev/api/archives/test_core-0.6.19.tar.gz
2026-08-27T13:19:23.413Z  [API  ]  200 OK (908ms)
2026-08-27T13:19:23.432Z  [API  ]  200 OK (1690ms)
2026-08-27T13:19:23.491Z  [API  ]  HEAD https://pub.dev/api/archives/shelf-1.4.2.tar.gz
2026-08-27T13:19:23.514Z  [API  ]  200 OK (1476ms)
2026-08-27T13:19:23.548Z  [API  ]  200 OK (4336ms)
2026-08-27T13:19:23.553Z  [API  ]  200 OK (334ms)
2026-08-27T13:19:23.690Z  [API  ]  HEAD https://pub.dev/api/archives/shelf_web_socket-3.0.0.tar.gz
2026-08-27T13:19:23.703Z  [API  ]  200 OK (4594ms)
2026-08-27T13:19:23.868Z  [API  ]  200 OK (377ms)
2026-08-27T13:19:23.985Z  [API  ]  200 OK (295ms)
2026-08-27T13:19:23.995Z  [API  ]  404 Not Found (4853ms)
2026-08-27T13:19:23.995Z  [API  ]  200 OK (2704ms)
2026-08-27T13:19:24.099Z  [API  ]  200 OK (1128ms)
2026-08-27T13:19:24.190Z  [API  ]  200 OK (790ms)
2026-08-27T13:19:24.411Z  [API  ]  200 OK (5292ms)
2026-08-27T13:19:24.502Z  [API  ]  HEAD https://pub.dev/api/archives/web-1.1.1.tar.gz
2026-08-27T13:19:24.600Z  [API  ]  HEAD https://pub.dev/api/archives/stack_trace-1.12.1.tar.gz
2026-08-27T13:19:24.853Z  [API  ]  HEAD https://pub.dev/api/archives/cli_util-0.6.0.tar.gz
2026-08-27T13:19:25.075Z  [API  ]  200 OK (3106ms)
2026-08-27T13:19:25.089Z  [API  ]  200 OK (5896ms)
2026-08-27T13:19:25.110Z  [API  ]  200 OK (608ms)
2026-08-27T13:19:25.132Z  [API  ]  HEAD https://pub.dev/api/archives/cli_config-0.2.0.tar.gz
2026-08-27T13:19:25.379Z  [API  ]  200 OK (526ms)
2026-08-27T13:19:26.366Z  [API  ]  200 OK (1234ms)
2026-08-27T13:19:26.406Z  [API  ]  200 OK (1806ms)
2026-08-27T13:19:26.843Z  [API  ]  200 OK (4396ms)
2026-08-27T13:19:46.165Z  [API  ]  200 OK (24476ms)
2026-08-27T13:19:46.266Z  [INFO ]  Dep graph: 11 direct, 81 transitive, 0 overrides
2026-08-27T13:19:46.267Z  [CACHE]  MISS osv.vulns.cupertino_icons.1.0.9
2026-08-27T13:19:46.267Z  [CACHE]  MISS osv.vulns.dio.5.11.0
2026-08-27T13:19:46.267Z  [CACHE]  MISS osv.vulns.flutter_launcher_icons.0.14.4
2026-08-27T13:19:46.267Z  [CACHE]  MISS osv.vulns.flutter_lints.6.0.0
2026-08-27T13:19:46.267Z  [CACHE]  MISS osv.vulns.flutter_riverpod.3.4.2
2026-08-27T13:19:46.267Z  [CACHE]  MISS osv.vulns.go_router.17.5.0
2026-08-27T13:19:46.267Z  [CACHE]  MISS osv.vulns.lottie.3.5.1
2026-08-27T13:19:46.267Z  [CACHE]  MISS osv.vulns.riverpod.3.4.2
2026-08-27T13:19:46.267Z  [CACHE]  MISS osv.vulns.saropa_lints.14.0.2
2026-08-27T13:19:46.267Z  [CACHE]  MISS osv.vulns.vector_graphics.1.2.3
2026-08-27T13:19:46.267Z  [CACHE]  MISS osv.vulns.vector_graphics_compiler.1.3.0
2026-08-27T13:19:46.267Z  [API  ]  POST https://api.osv.dev/v1/querybatch
2026-08-27T13:19:46.269Z  [CACHE]  MISS ghsa.vulns.cupertino_icons.1.0.9
2026-08-27T13:19:46.269Z  [CACHE]  MISS ghsa.vulns.dio.5.11.0
2026-08-27T13:19:46.269Z  [CACHE]  MISS ghsa.vulns.flutter_launcher_icons.0.14.4
2026-08-27T13:19:46.269Z  [CACHE]  MISS ghsa.vulns.flutter_lints.6.0.0
2026-08-27T13:19:46.269Z  [CACHE]  MISS ghsa.vulns.flutter_riverpod.3.4.2
2026-08-27T13:19:46.269Z  [CACHE]  MISS ghsa.vulns.go_router.17.5.0
2026-08-27T13:19:46.269Z  [CACHE]  MISS ghsa.vulns.lottie.3.5.1
2026-08-27T13:19:46.269Z  [CACHE]  MISS ghsa.vulns.riverpod.3.4.2
2026-08-27T13:19:46.269Z  [CACHE]  MISS ghsa.vulns.saropa_lints.14.0.2
2026-08-27T13:19:46.269Z  [CACHE]  MISS ghsa.vulns.vector_graphics.1.2.3
2026-08-27T13:19:46.269Z  [CACHE]  MISS ghsa.vulns.vector_graphics_compiler.1.3.0
2026-08-27T13:19:46.270Z  [API  ]  GET https://api.github.com/advisories?ecosystem=pub&package=cupertino_icons&affects=1.0.9&per_page=100
2026-08-27T13:19:46.272Z  [API  ]  GET https://api.github.com/advisories?ecosystem=pub&package=dio&affects=5.11.0&per_page=100
2026-08-27T13:19:46.274Z  [API  ]  GET https://api.github.com/advisories?ecosystem=pub&package=flutter_launcher_icons&affects=0.14.4&per_page=100
2026-08-27T13:19:46.275Z  [API  ]  GET https://api.github.com/advisories?ecosystem=pub&package=flutter_lints&affects=6.0.0&per_page=100
2026-08-27T13:19:46.277Z  [API  ]  GET https://api.github.com/advisories?ecosystem=pub&package=flutter_riverpod&affects=3.4.2&per_page=100
2026-08-27T13:19:46.870Z  [API  ]  200 OK (595ms)
2026-08-27T13:19:46.880Z  [API  ]  200 OK (610ms)
2026-08-27T13:19:46.881Z  [API  ]  200 OK (609ms)
2026-08-27T13:19:46.889Z  [API  ]  200 OK (615ms)
2026-08-27T13:19:46.898Z  [API  ]  200 OK (621ms)
2026-08-27T13:19:46.898Z  [API  ]  GET https://api.github.com/advisories?ecosystem=pub&package=go_router&affects=17.5.0&per_page=100
2026-08-27T13:19:46.900Z  [API  ]  GET https://api.github.com/advisories?ecosystem=pub&package=lottie&affects=3.5.1&per_page=100
2026-08-27T13:19:46.902Z  [API  ]  GET https://api.github.com/advisories?ecosystem=pub&package=riverpod&affects=3.4.2&per_page=100
2026-08-27T13:19:46.904Z  [API  ]  GET https://api.github.com/advisories?ecosystem=pub&package=saropa_lints&affects=14.0.2&per_page=100
2026-08-27T13:19:46.906Z  [API  ]  GET https://api.github.com/advisories?ecosystem=pub&package=vector_graphics&affects=1.2.3&per_page=100
2026-08-27T13:19:47.257Z  [API  ]  200 OK (355ms)
2026-08-27T13:19:47.267Z  [API  ]  200 OK (369ms)
2026-08-27T13:19:47.277Z  [API  ]  200 OK (373ms)
2026-08-27T13:19:47.277Z  [API  ]  200 OK (377ms)
2026-08-27T13:19:47.453Z  [API  ]  200 OK (1186ms)
2026-08-27T13:19:47.478Z  [API  ]  200 OK (572ms)
2026-08-27T13:19:47.478Z  [API  ]  GET https://api.github.com/advisories?ecosystem=pub&package=vector_graphics_compiler&affects=1.3.0&per_page=100
2026-08-27T13:19:47.825Z  [API  ]  200 OK (347ms)
2026-08-27T13:19:48.629Z  [INFO ]  Scan complete — 670636ms — vibrant:3 stable:7 outdated:1 abandoned:0 eol:0
