2026-09-07T04:23:43.448Z  [CACHE]  HIT  flutter.releases
2026-09-07T04:23:43.449Z  [INFO ]  Scan started — 14 packages
2026-09-07T04:23:43.450Z  [INFO ]  [1/14] cupertino_icons
2026-09-07T04:23:43.450Z  [INFO ]  Known issue: active
2026-09-07T04:23:43.451Z  [CACHE]  MISS pub.info.cupertino_icons
2026-09-07T04:23:43.451Z  [API  ]  GET https://pub.dev/api/packages/cupertino_icons
2026-09-07T04:23:43.455Z  [CACHE]  MISS pub.metrics.cupertino_icons
2026-09-07T04:23:43.455Z  [API  ]  GET https://pub.dev/api/packages/cupertino_icons/metrics
2026-09-07T04:23:43.457Z  [API  ]  GET https://pub.dev/api/packages/cupertino_icons/score
2026-09-07T04:23:43.460Z  [CACHE]  HIT  pub.publisher.cupertino_icons
2026-09-07T04:23:43.460Z  [CACHE]  MISS pub.reverseDeps.cupertino_icons
2026-09-07T04:23:43.460Z  [API  ]  GET https://pub.dev/packages?q=dependency%3Acupertino_icons
2026-09-07T04:23:43.463Z  [INFO ]  [2/14] dio
2026-09-07T04:23:43.463Z  [INFO ]  Known issue: active
2026-09-07T04:23:43.463Z  [CACHE]  MISS pub.info.dio
2026-09-07T04:23:43.463Z  [API  ]  GET https://pub.dev/api/packages/dio
2026-09-07T04:23:43.466Z  [CACHE]  MISS pub.metrics.dio
2026-09-07T04:23:43.466Z  [API  ]  GET https://pub.dev/api/packages/dio/metrics
2026-09-07T04:23:43.469Z  [API  ]  GET https://pub.dev/api/packages/dio/score
2026-09-07T04:23:43.472Z  [CACHE]  HIT  pub.publisher.dio
2026-09-07T04:23:43.472Z  [CACHE]  MISS pub.reverseDeps.dio
2026-09-07T04:23:43.472Z  [API  ]  GET https://pub.dev/packages?q=dependency%3Adio
2026-09-07T04:23:43.474Z  [INFO ]  [3/14] dotlottie_flutter
2026-09-07T04:23:43.474Z  [CACHE]  MISS pub.info.dotlottie_flutter
2026-09-07T04:23:43.474Z  [API  ]  GET https://pub.dev/api/packages/dotlottie_flutter
2026-09-07T04:23:43.477Z  [CACHE]  MISS pub.metrics.dotlottie_flutter
2026-09-07T04:23:43.477Z  [API  ]  GET https://pub.dev/api/packages/dotlottie_flutter/metrics
2026-09-07T04:23:43.480Z  [API  ]  GET https://pub.dev/api/packages/dotlottie_flutter/score
2026-09-07T04:23:43.482Z  [CACHE]  HIT  pub.publisher.dotlottie_flutter
2026-09-07T04:23:43.482Z  [CACHE]  MISS pub.reverseDeps.dotlottie_flutter
2026-09-07T04:23:43.482Z  [API  ]  GET https://pub.dev/packages?q=dependency%3Adotlottie_flutter
2026-09-07T04:23:43.485Z  [INFO ]  [4/14] easy_refresh
2026-09-07T04:23:43.485Z  [CACHE]  MISS pub.info.easy_refresh
2026-09-07T04:23:43.485Z  [API  ]  GET https://pub.dev/api/packages/easy_refresh
2026-09-07T04:23:43.487Z  [CACHE]  MISS pub.metrics.easy_refresh
2026-09-07T04:23:43.487Z  [API  ]  GET https://pub.dev/api/packages/easy_refresh/metrics
2026-09-07T04:23:43.489Z  [API  ]  GET https://pub.dev/api/packages/easy_refresh/score
2026-09-07T04:23:43.492Z  [CACHE]  HIT  pub.publisher.easy_refresh
2026-09-07T04:23:43.492Z  [CACHE]  MISS pub.reverseDeps.easy_refresh
2026-09-07T04:23:43.492Z  [API  ]  GET https://pub.dev/packages?q=dependency%3Aeasy_refresh
2026-09-07T04:23:43.495Z  [INFO ]  [5/14] flutter_launcher_icons
2026-09-07T04:23:43.495Z  [INFO ]  Known issue: active
2026-09-07T04:23:43.495Z  [CACHE]  MISS pub.info.flutter_launcher_icons
2026-09-07T04:23:43.495Z  [API  ]  GET https://pub.dev/api/packages/flutter_launcher_icons
2026-09-07T04:23:43.497Z  [CACHE]  MISS pub.metrics.flutter_launcher_icons
2026-09-07T04:23:43.497Z  [API  ]  GET https://pub.dev/api/packages/flutter_launcher_icons/metrics
2026-09-07T04:23:43.499Z  [API  ]  GET https://pub.dev/api/packages/flutter_launcher_icons/score
2026-09-07T04:23:43.501Z  [CACHE]  HIT  pub.publisher.flutter_launcher_icons
2026-09-07T04:23:43.501Z  [CACHE]  MISS pub.reverseDeps.flutter_launcher_icons
2026-09-07T04:23:43.501Z  [API  ]  GET https://pub.dev/packages?q=dependency%3Aflutter_launcher_icons
2026-09-07T04:23:43.504Z  [INFO ]  [6/14] flutter_lints
2026-09-07T04:23:43.504Z  [INFO ]  Known issue: active
2026-09-07T04:23:43.504Z  [CACHE]  MISS pub.info.flutter_lints
2026-09-07T04:23:43.504Z  [API  ]  GET https://pub.dev/api/packages/flutter_lints
2026-09-07T04:23:43.506Z  [CACHE]  MISS pub.metrics.flutter_lints
2026-09-07T04:23:43.506Z  [API  ]  GET https://pub.dev/api/packages/flutter_lints/metrics
2026-09-07T04:23:43.508Z  [API  ]  GET https://pub.dev/api/packages/flutter_lints/score
2026-09-07T04:23:43.511Z  [CACHE]  HIT  pub.publisher.flutter_lints
2026-09-07T04:23:43.511Z  [CACHE]  MISS pub.reverseDeps.flutter_lints
2026-09-07T04:23:43.511Z  [API  ]  GET https://pub.dev/packages?q=dependency%3Aflutter_lints
2026-09-07T04:23:44.113Z  [API  ]  200 OK (618ms)
2026-09-07T04:23:44.178Z  [API  ]  200 OK (693ms)
2026-09-07T04:23:44.179Z  [API  ]  200 OK (692ms)
2026-09-07T04:23:44.253Z  [API  ]  200 OK (798ms)
2026-09-07T04:23:44.254Z  [API  ]  200 OK (788ms)
2026-09-07T04:23:44.255Z  [API  ]  200 OK (778ms)
2026-09-07T04:23:44.255Z  [API  ]  200 OK (781ms)
2026-09-07T04:23:44.256Z  [API  ]  200 OK (787ms)
2026-09-07T04:23:44.257Z  [API  ]  200 OK (753ms)
2026-09-07T04:23:44.258Z  [API  ]  200 OK (759ms)
2026-09-07T04:23:44.258Z  [API  ]  200 OK (769ms)
2026-09-07T04:23:44.259Z  [API  ]  200 OK (777ms)
2026-09-07T04:23:44.260Z  [API  ]  200 OK (754ms)
2026-09-07T04:23:44.283Z  [API  ]  200 OK (823ms)
2026-09-07T04:23:44.285Z  [API  ]  200 OK (777ms)
2026-09-07T04:23:44.335Z  [API  ]  200 OK (824ms)
2026-09-07T04:23:44.371Z  [API  ]  200 OK (908ms)
2026-09-07T04:23:44.409Z  [API  ]  200 OK (937ms)
2026-09-07T04:23:44.429Z  [API  ]  200 OK (932ms)
2026-09-07T04:23:44.445Z  [API  ]  200 OK (953ms)
2026-09-07T04:23:44.619Z  [API  ]  200 OK (1168ms)
2026-09-07T04:23:44.665Z  [API  ]  200 OK (1164ms)
2026-09-07T04:23:44.666Z  [API  ]  200 OK (1209ms)
2026-09-07T04:23:45.068Z  [CACHE]  MISS gh.fluttercommunity.flutter_launcher_icons
2026-09-07T04:23:45.069Z  [API  ]  GET https://api.github.com/repos/fluttercommunity/flutter_launcher_icons
2026-09-07T04:23:45.069Z  [API  ]  GET https://api.github.com/repos/fluttercommunity/flutter_launcher_icons/issues?state=closed&since=2026-06-09T04:23:45.069Z&per_page=100
2026-09-07T04:23:45.069Z  [API  ]  GET https://api.github.com/repos/fluttercommunity/flutter_launcher_icons/pulls?state=closed&per_page=100
2026-09-07T04:23:45.069Z  [API  ]  GET https://api.github.com/repos/fluttercommunity/flutter_launcher_icons/issues?state=open&sort=comments&direction=desc&per_page=50
2026-09-07T04:23:45.069Z  [API  ]  GET https://api.github.com/repos/fluttercommunity/flutter_launcher_icons/pulls?state=open&per_page=100
2026-09-07T04:23:45.143Z  [API  ]  200 OK (1663ms)
2026-09-07T04:23:45.361Z  [CACHE]  MISS gh.xuelongqy.flutter_easy_refresh
2026-09-07T04:23:45.362Z  [API  ]  GET https://api.github.com/repos/xuelongqy/flutter_easy_refresh
2026-09-07T04:23:45.362Z  [API  ]  GET https://api.github.com/repos/xuelongqy/flutter_easy_refresh/issues?state=closed&since=2026-06-09T04:23:45.362Z&per_page=100
2026-09-07T04:23:45.362Z  [API  ]  GET https://api.github.com/repos/xuelongqy/flutter_easy_refresh/pulls?state=closed&per_page=100
2026-09-07T04:23:45.362Z  [API  ]  GET https://api.github.com/repos/xuelongqy/flutter_easy_refresh/issues?state=open&sort=comments&direction=desc&per_page=50
2026-09-07T04:23:45.362Z  [API  ]  GET https://api.github.com/repos/xuelongqy/flutter_easy_refresh/pulls?state=open&per_page=100
2026-09-07T04:23:45.404Z  [CACHE]  MISS gh.flutter.packages
2026-09-07T04:23:45.404Z  [API  ]  GET https://api.github.com/repos/flutter/packages
2026-09-07T04:23:45.404Z  [API  ]  GET https://api.github.com/repos/flutter/packages/issues?state=closed&since=2026-06-09T04:23:45.404Z&per_page=100
2026-09-07T04:23:45.404Z  [API  ]  GET https://api.github.com/repos/flutter/packages/pulls?state=closed&per_page=100
2026-09-07T04:23:45.404Z  [API  ]  GET https://api.github.com/repos/flutter/packages/issues?state=open&sort=comments&direction=desc&per_page=50
2026-09-07T04:23:45.404Z  [API  ]  GET https://api.github.com/repos/flutter/packages/pulls?state=open&per_page=100
2026-09-07T04:23:45.438Z  [CACHE]  MISS gh.lottiefiles.dotlottie-flutter
2026-09-07T04:23:45.438Z  [API  ]  GET https://api.github.com/repos/lottiefiles/dotlottie-flutter
2026-09-07T04:23:45.438Z  [API  ]  GET https://api.github.com/repos/lottiefiles/dotlottie-flutter/issues?state=closed&since=2026-06-09T04:23:45.438Z&per_page=100
2026-09-07T04:23:45.438Z  [API  ]  GET https://api.github.com/repos/lottiefiles/dotlottie-flutter/pulls?state=closed&per_page=100
2026-09-07T04:23:45.438Z  [API  ]  GET https://api.github.com/repos/lottiefiles/dotlottie-flutter/issues?state=open&sort=comments&direction=desc&per_page=50
2026-09-07T04:23:45.438Z  [API  ]  GET https://api.github.com/repos/lottiefiles/dotlottie-flutter/pulls?state=open&per_page=100
2026-09-07T04:23:45.602Z  [CACHE]  MISS gh.cfug.dio
2026-09-07T04:23:45.602Z  [API  ]  GET https://api.github.com/repos/cfug/dio
2026-09-07T04:23:45.602Z  [API  ]  GET https://api.github.com/repos/cfug/dio/issues?state=closed&since=2026-06-09T04:23:45.602Z&per_page=100
2026-09-07T04:23:45.602Z  [API  ]  GET https://api.github.com/repos/cfug/dio/pulls?state=closed&per_page=100
2026-09-07T04:23:45.602Z  [API  ]  GET https://api.github.com/repos/cfug/dio/issues?state=open&sort=comments&direction=desc&per_page=50
2026-09-07T04:23:45.602Z  [API  ]  GET https://api.github.com/repos/cfug/dio/pulls?state=open&per_page=100
2026-09-07T04:23:45.902Z  [CACHE]  MISS gh.flutter.packages
2026-09-07T04:23:45.902Z  [API  ]  GET https://api.github.com/repos/flutter/packages
2026-09-07T04:23:45.902Z  [API  ]  GET https://api.github.com/repos/flutter/packages/issues?state=closed&since=2026-06-09T04:23:45.902Z&per_page=100
2026-09-07T04:23:45.902Z  [API  ]  GET https://api.github.com/repos/flutter/packages/pulls?state=closed&per_page=100
2026-09-07T04:23:45.902Z  [API  ]  GET https://api.github.com/repos/flutter/packages/issues?state=open&sort=comments&direction=desc&per_page=50
2026-09-07T04:23:45.902Z  [API  ]  GET https://api.github.com/repos/flutter/packages/pulls?state=open&per_page=100
2026-09-07T04:23:46.768Z  [API  ]  200 OK (1330ms)
2026-09-07T04:23:46.768Z  [API  ]  200 OK (1330ms)
2026-09-07T04:23:46.768Z  [API  ]  200 OK (1330ms)
2026-09-07T04:23:46.768Z  [API  ]  200 OK (1330ms)
2026-09-07T04:23:46.768Z  [API  ]  200 OK (1330ms)
2026-09-07T04:23:46.884Z  [API  ]  200 OK (1522ms)
2026-09-07T04:23:46.884Z  [API  ]  200 OK (1522ms)
2026-09-07T04:23:46.884Z  [API  ]  200 OK (1522ms)
2026-09-07T04:23:46.884Z  [API  ]  200 OK (1522ms)
2026-09-07T04:23:46.884Z  [API  ]  200 OK (1522ms)
2026-09-07T04:23:46.935Z  [API  ]  200 OK (1333ms)
2026-09-07T04:23:46.935Z  [API  ]  200 OK (1333ms)
2026-09-07T04:23:46.935Z  [API  ]  200 OK (1333ms)
2026-09-07T04:23:46.935Z  [API  ]  200 OK (1333ms)
2026-09-07T04:23:46.935Z  [API  ]  200 OK (1333ms)
2026-09-07T04:23:47.055Z  [API  ]  200 OK (1651ms)
2026-09-07T04:23:47.055Z  [API  ]  200 OK (1651ms)
2026-09-07T04:23:47.055Z  [API  ]  200 OK (1651ms)
2026-09-07T04:23:47.055Z  [API  ]  200 OK (1651ms)
2026-09-07T04:23:47.055Z  [API  ]  200 OK (1651ms)
2026-09-07T04:23:47.128Z  [API  ]  200 OK (2059ms)
2026-09-07T04:23:47.128Z  [API  ]  200 OK (2059ms)
2026-09-07T04:23:47.128Z  [API  ]  200 OK (2059ms)
2026-09-07T04:23:47.128Z  [API  ]  200 OK (2059ms)
2026-09-07T04:23:47.128Z  [API  ]  200 OK (2059ms)
2026-09-07T04:23:47.193Z  [CACHE]  MISS pub.archiveSize.dotlottie_flutter
2026-09-07T04:23:47.196Z  [API  ]  HEAD https://pub.dev/api/archives/dotlottie_flutter-0.1.7.tar.gz
2026-09-07T04:23:47.198Z  [CACHE]  MISS pub.tarball.a0rknv
2026-09-07T04:23:47.199Z  [API  ]  GET https://pub.dev/api/archives/dotlottie_flutter-0.1.7.tar.gz
2026-09-07T04:23:47.240Z  [CACHE]  MISS pub.archiveSize.easy_refresh
2026-09-07T04:23:47.244Z  [API  ]  HEAD https://pub.dev/api/archives/easy_refresh-3.5.1.tar.gz
2026-09-07T04:23:47.246Z  [CACHE]  MISS pub.tarball.64u0ab
2026-09-07T04:23:47.246Z  [API  ]  GET https://pub.dev/api/archives/easy_refresh-3.5.1.tar.gz
2026-09-07T04:23:47.376Z  [API  ]  200 OK (132ms)
2026-09-07T04:23:47.377Z  [API  ]  200 OK (131ms)
2026-09-07T04:23:47.455Z  [API  ]  200 OK (259ms)
2026-09-07T04:23:47.572Z  [API  ]  200 OK (1670ms)
2026-09-07T04:23:47.572Z  [API  ]  200 OK (1670ms)
2026-09-07T04:23:47.572Z  [API  ]  200 OK (1670ms)
2026-09-07T04:23:47.572Z  [API  ]  200 OK (1670ms)
2026-09-07T04:23:47.572Z  [API  ]  200 OK (1670ms)
2026-09-07T04:23:47.746Z  [SCORE]  easy_refresh → 37.5 (outdated) [rv=9 eg=43.49315068493151 pop=87.565 pt=-5 pq=9.375]
2026-09-07T04:23:47.746Z  [INFO ]  [7/14] flutter_native_splash
2026-09-07T04:23:47.746Z  [INFO ]  Known issue: active
2026-09-07T04:23:47.746Z  [CACHE]  MISS pub.info.flutter_native_splash
2026-09-07T04:23:47.746Z  [API  ]  GET https://pub.dev/api/packages/flutter_native_splash
2026-09-07T04:23:47.750Z  [CACHE]  MISS pub.metrics.flutter_native_splash
2026-09-07T04:23:47.750Z  [API  ]  GET https://pub.dev/api/packages/flutter_native_splash/metrics
2026-09-07T04:23:47.753Z  [API  ]  GET https://pub.dev/api/packages/flutter_native_splash/score
2026-09-07T04:23:47.755Z  [CACHE]  HIT  pub.publisher.flutter_native_splash
2026-09-07T04:23:47.755Z  [CACHE]  MISS pub.reverseDeps.flutter_native_splash
2026-09-07T04:23:47.755Z  [API  ]  GET https://pub.dev/packages?q=dependency%3Aflutter_native_splash
2026-09-07T04:23:47.793Z  [API  ]  200 OK (594ms)
2026-09-07T04:23:48.074Z  [CACHE]  MISS pub.archiveSize.flutter_lints
2026-09-07T04:23:48.077Z  [API  ]  HEAD https://pub.dev/api/archives/flutter_lints-6.0.0.tar.gz
2026-09-07T04:23:48.079Z  [CACHE]  MISS pub.tarball.z7ll8h
2026-09-07T04:23:48.079Z  [API  ]  GET https://pub.dev/api/archives/flutter_lints-6.0.0.tar.gz
2026-09-07T04:23:48.115Z  [API  ]  200 OK (38ms)
2026-09-07T04:23:48.131Z  [API  ]  200 OK (52ms)
2026-09-07T04:23:48.181Z  [API  ]  200 OK (435ms)
2026-09-07T04:23:48.203Z  [API  ]  200 OK (453ms)
2026-09-07T04:23:48.314Z  [CACHE]  MISS pub.archiveSize.dio
2026-09-07T04:23:48.314Z  [API  ]  GET https://pub.dev/api/packages/dio
2026-09-07T04:23:48.316Z  [API  ]  GET https://pub.dev/api/packages/dio
2026-09-07T04:23:48.405Z  [API  ]  200 OK (91ms)
2026-09-07T04:23:48.406Z  [API  ]  200 OK (90ms)
2026-09-07T04:23:48.407Z  [CACHE]  MISS pub.archiveSize.cupertino_icons
2026-09-07T04:23:48.409Z  [API  ]  HEAD https://pub.dev/api/archives/cupertino_icons-1.0.9.tar.gz
2026-09-07T04:23:48.410Z  [CACHE]  MISS pub.tarball.oijvck
2026-09-07T04:23:48.410Z  [API  ]  GET https://pub.dev/api/archives/cupertino_icons-1.0.9.tar.gz
2026-09-07T04:23:48.415Z  [API  ]  200 OK (660ms)
2026-09-07T04:23:48.419Z  [API  ]  HEAD https://pub.dev/api/archives/dio-5.11.1.tar.gz
2026-09-07T04:23:48.423Z  [CACHE]  MISS pub.tarball.2bd9gk
2026-09-07T04:23:48.423Z  [API  ]  GET https://pub.dev/api/archives/dio-5.11.1.tar.gz
2026-09-07T04:23:48.462Z  [API  ]  200 OK (53ms)
2026-09-07T04:23:48.462Z  [API  ]  200 OK (52ms)
2026-09-07T04:23:48.559Z  [SCORE]  flutter_lints → 62.5 (stable) [rv=50 eg=50 pop=100 pt=-5 pq=10]
2026-09-07T04:23:48.559Z  [INFO ]  [8/14] flutter_riverpod
2026-09-07T04:23:48.559Z  [INFO ]  Known issue: active
2026-09-07T04:23:48.559Z  [CACHE]  MISS pub.info.flutter_riverpod
2026-09-07T04:23:48.559Z  [API  ]  GET https://pub.dev/api/packages/flutter_riverpod
2026-09-07T04:23:48.562Z  [CACHE]  MISS pub.metrics.flutter_riverpod
2026-09-07T04:23:48.562Z  [API  ]  GET https://pub.dev/api/packages/flutter_riverpod/metrics
2026-09-07T04:23:48.563Z  [API  ]  GET https://pub.dev/api/packages/flutter_riverpod/score
2026-09-07T04:23:48.565Z  [CACHE]  HIT  pub.publisher.flutter_riverpod
2026-09-07T04:23:48.565Z  [CACHE]  MISS pub.reverseDeps.flutter_riverpod
2026-09-07T04:23:48.565Z  [API  ]  GET https://pub.dev/packages?q=dependency%3Aflutter_riverpod
2026-09-07T04:23:48.613Z  [API  ]  200 OK (194ms)
2026-09-07T04:23:48.728Z  [API  ]  200 OK (305ms)
2026-09-07T04:23:48.730Z  [API  ]  200 OK (977ms)
2026-09-07T04:23:48.937Z  [CACHE]  MISS gh.jonbhanson.flutter_native_splash
2026-09-07T04:23:48.937Z  [API  ]  GET https://api.github.com/repos/jonbhanson/flutter_native_splash
2026-09-07T04:23:48.937Z  [API  ]  GET https://api.github.com/repos/jonbhanson/flutter_native_splash/issues?state=closed&since=2026-06-09T04:23:48.937Z&per_page=100
2026-09-07T04:23:48.937Z  [API  ]  GET https://api.github.com/repos/jonbhanson/flutter_native_splash/pulls?state=closed&per_page=100
2026-09-07T04:23:48.937Z  [API  ]  GET https://api.github.com/repos/jonbhanson/flutter_native_splash/issues?state=open&sort=comments&direction=desc&per_page=50
2026-09-07T04:23:48.937Z  [API  ]  GET https://api.github.com/repos/jonbhanson/flutter_native_splash/pulls?state=open&per_page=100
2026-09-07T04:23:48.951Z  [API  ]  200 OK (389ms)
2026-09-07T04:23:49.921Z  [API  ]  200 OK (1358ms)
2026-09-07T04:23:58.525Z  [API  ]  200 OK (9960ms)
2026-09-07T04:23:59.405Z  [API  ]  200 OK (10846ms)
2026-09-07T04:23:59.553Z  [SCORE]  dotlottie_flutter → 70.3 (vibrant) [rv=56.5 eg=72.26027397260273 pop=44.01 pt=-5 pq=8.75]
2026-09-07T04:23:59.554Z  [INFO ]  [9/14] go_router
2026-09-07T04:23:59.554Z  [INFO ]  Known issue: active
2026-09-07T04:23:59.554Z  [CACHE]  MISS pub.info.go_router
2026-09-07T04:23:59.554Z  [API  ]  GET https://pub.dev/api/packages/go_router
2026-09-07T04:23:59.556Z  [CACHE]  MISS pub.metrics.go_router
2026-09-07T04:23:59.556Z  [API  ]  GET https://pub.dev/api/packages/go_router/metrics
2026-09-07T04:23:59.558Z  [API  ]  GET https://pub.dev/api/packages/go_router/score
2026-09-07T04:23:59.560Z  [CACHE]  HIT  pub.publisher.go_router
2026-09-07T04:23:59.560Z  [CACHE]  MISS pub.reverseDeps.go_router
2026-09-07T04:23:59.560Z  [API  ]  GET https://pub.dev/packages?q=dependency%3Ago_router
2026-09-07T04:23:59.847Z  [API  ]  200 OK (10910ms)
2026-09-07T04:23:59.847Z  [API  ]  200 OK (10910ms)
2026-09-07T04:23:59.847Z  [API  ]  200 OK (10910ms)
2026-09-07T04:23:59.847Z  [API  ]  200 OK (10910ms)
2026-09-07T04:23:59.847Z  [API  ]  200 OK (10910ms)
2026-09-07T04:23:59.849Z  [API  ]  200 OK (292ms)
2026-09-07T04:24:00.070Z  [API  ]  200 OK (512ms)
2026-09-07T04:24:00.070Z  [CACHE]  MISS gh.rrousselGit.riverpod
2026-09-07T04:24:00.070Z  [API  ]  GET https://api.github.com/repos/rrousselGit/riverpod
2026-09-07T04:24:00.070Z  [API  ]  GET https://api.github.com/repos/rrousselGit/riverpod/issues?state=closed&since=2026-06-09T04:24:00.070Z&per_page=100
2026-09-07T04:24:00.070Z  [API  ]  GET https://api.github.com/repos/rrousselGit/riverpod/pulls?state=closed&per_page=100
2026-09-07T04:24:00.070Z  [API  ]  GET https://api.github.com/repos/rrousselGit/riverpod/issues?state=open&sort=comments&direction=desc&per_page=50
2026-09-07T04:24:00.070Z  [API  ]  GET https://api.github.com/repos/rrousselGit/riverpod/pulls?state=open&per_page=100
2026-09-07T04:24:00.130Z  [API  ]  200 OK (570ms)
2026-09-07T04:24:00.205Z  [API  ]  200 OK (651ms)
2026-09-07T04:24:00.228Z  [CACHE]  MISS pub.archiveSize.flutter_native_splash
2026-09-07T04:24:00.230Z  [API  ]  HEAD https://pub.dev/api/archives/flutter_native_splash-2.4.8.tar.gz
2026-09-07T04:24:00.231Z  [CACHE]  MISS pub.tarball.rd9yvs
2026-09-07T04:24:00.231Z  [API  ]  GET https://pub.dev/api/archives/flutter_native_splash-2.4.8.tar.gz
2026-09-07T04:24:00.305Z  [API  ]  200 OK (75ms)
2026-09-07T04:24:00.305Z  [API  ]  200 OK (74ms)
2026-09-07T04:24:00.458Z  [SCORE]  dio → 87.3 (vibrant) [rv=91.5 eg=60 pop=100 pt=-5 pq=10]
2026-09-07T04:24:00.458Z  [INFO ]  [10/14] lottie
2026-09-07T04:24:00.458Z  [INFO ]  Known issue: active
2026-09-07T04:24:00.458Z  [CACHE]  MISS pub.info.lottie
2026-09-07T04:24:00.458Z  [API  ]  GET https://pub.dev/api/packages/lottie
2026-09-07T04:24:00.461Z  [CACHE]  MISS pub.metrics.lottie
2026-09-07T04:24:00.461Z  [API  ]  GET https://pub.dev/api/packages/lottie/metrics
2026-09-07T04:24:00.462Z  [API  ]  GET https://pub.dev/api/packages/lottie/score
2026-09-07T04:24:00.464Z  [CACHE]  HIT  pub.publisher.lottie
2026-09-07T04:24:00.464Z  [CACHE]  MISS pub.reverseDeps.lottie
2026-09-07T04:24:00.464Z  [API  ]  GET https://pub.dev/packages?q=dependency%3Alottie
2026-09-07T04:24:00.677Z  [API  ]  200 OK (219ms)
2026-09-07T04:24:00.699Z  [CACHE]  HIT  gh.flutter.packages
2026-09-07T04:24:00.699Z  [CACHE]  MISS pub.archiveSize.go_router
2026-09-07T04:24:00.701Z  [API  ]  HEAD https://pub.dev/api/archives/go_router-18.0.1.tar.gz
2026-09-07T04:24:00.703Z  [CACHE]  MISS pub.tarball.hidihu
2026-09-07T04:24:00.703Z  [API  ]  GET https://pub.dev/api/archives/go_router-18.0.1.tar.gz
2026-09-07T04:24:00.810Z  [API  ]  200 OK (109ms)
2026-09-07T04:24:00.888Z  [API  ]  200 OK (424ms)
2026-09-07T04:24:00.988Z  [API  ]  200 OK (527ms)
2026-09-07T04:24:01.011Z  [API  ]  200 OK (308ms)
2026-09-07T04:24:01.171Z  [SCORE]  flutter_native_splash → 66.4 (stable) [rv=72.6027397260274 eg=36.3013698630137 pop=61.575 pt=-5 pq=9.375]
2026-09-07T04:24:01.171Z  [INFO ]  [11/14] riverpod
2026-09-07T04:24:01.171Z  [CACHE]  MISS pub.info.riverpod
2026-09-07T04:24:01.171Z  [API  ]  GET https://pub.dev/api/packages/riverpod
2026-09-07T04:24:01.173Z  [CACHE]  MISS pub.metrics.riverpod
2026-09-07T04:24:01.173Z  [API  ]  GET https://pub.dev/api/packages/riverpod/metrics
2026-09-07T04:24:01.175Z  [API  ]  GET https://pub.dev/api/packages/riverpod/score
2026-09-07T04:24:01.177Z  [CACHE]  HIT  pub.publisher.riverpod
2026-09-07T04:24:01.177Z  [CACHE]  MISS pub.reverseDeps.riverpod
2026-09-07T04:24:01.177Z  [API  ]  GET https://pub.dev/packages?q=dependency%3Ariverpod
2026-09-07T04:24:01.354Z  [API  ]  200 OK (1284ms)
2026-09-07T04:24:01.354Z  [API  ]  200 OK (1284ms)
2026-09-07T04:24:01.354Z  [API  ]  200 OK (1284ms)
2026-09-07T04:24:01.354Z  [API  ]  200 OK (1284ms)
2026-09-07T04:24:01.354Z  [API  ]  200 OK (1284ms)
2026-09-07T04:24:01.393Z  [API  ]  200 OK (218ms)
2026-09-07T04:24:01.470Z  [SCORE]  go_router → 69.1 (stable) [rv=50 eg=50 pop=96.875 pt=-5 pq=9.375]
2026-09-07T04:24:01.470Z  [INFO ]  [12/14] saropa_lints
2026-09-07T04:24:01.470Z  [CACHE]  MISS pub.info.saropa_lints
2026-09-07T04:24:01.470Z  [API  ]  GET https://pub.dev/api/packages/saropa_lints
2026-09-07T04:24:01.472Z  [CACHE]  MISS pub.metrics.saropa_lints
2026-09-07T04:24:01.472Z  [API  ]  GET https://pub.dev/api/packages/saropa_lints/metrics
2026-09-07T04:24:01.474Z  [API  ]  GET https://pub.dev/api/packages/saropa_lints/score
2026-09-07T04:24:01.476Z  [CACHE]  HIT  pub.publisher.saropa_lints
2026-09-07T04:24:01.476Z  [CACHE]  MISS pub.reverseDeps.saropa_lints
2026-09-07T04:24:01.476Z  [API  ]  GET https://pub.dev/packages?q=dependency%3Asaropa_lints
2026-09-07T04:24:01.515Z  [API  ]  200 OK (338ms)
2026-09-07T04:24:01.545Z  [API  ]  200 OK (374ms)
2026-09-07T04:24:01.605Z  [API  ]  200 OK (1143ms)
2026-09-07T04:24:01.731Z  [API  ]  200 OK (261ms)
2026-09-07T04:24:01.779Z  [API  ]  200 OK (307ms)
2026-09-07T04:24:01.779Z  [CACHE]  MISS gh.xvrh.lottie-flutter
2026-09-07T04:24:01.779Z  [API  ]  GET https://api.github.com/repos/xvrh/lottie-flutter
2026-09-07T04:24:01.779Z  [API  ]  GET https://api.github.com/repos/xvrh/lottie-flutter/issues?state=closed&since=2026-06-09T04:24:01.779Z&per_page=100
2026-09-07T04:24:01.779Z  [API  ]  GET https://api.github.com/repos/xvrh/lottie-flutter/pulls?state=closed&per_page=100
2026-09-07T04:24:01.779Z  [API  ]  GET https://api.github.com/repos/xvrh/lottie-flutter/issues?state=open&sort=comments&direction=desc&per_page=50
2026-09-07T04:24:01.779Z  [API  ]  GET https://api.github.com/repos/xvrh/lottie-flutter/pulls?state=open&per_page=100
2026-09-07T04:24:01.844Z  [API  ]  200 OK (368ms)
2026-09-07T04:24:01.846Z  [API  ]  200 OK (372ms)
2026-09-07T04:24:02.062Z  [CACHE]  MISS pub.archiveSize.flutter_riverpod
2026-09-07T04:24:02.064Z  [API  ]  HEAD https://pub.dev/api/archives/flutter_riverpod-3.4.3.tar.gz
2026-09-07T04:24:02.066Z  [CACHE]  MISS pub.tarball.avcp9u
2026-09-07T04:24:02.066Z  [API  ]  GET https://pub.dev/api/archives/flutter_riverpod-3.4.3.tar.gz
2026-09-07T04:24:02.097Z  [CACHE]  MISS gh.saropa.saropa_lints
2026-09-07T04:24:02.097Z  [API  ]  GET https://api.github.com/repos/saropa/saropa_lints
2026-09-07T04:24:02.097Z  [API  ]  GET https://api.github.com/repos/saropa/saropa_lints/issues?state=closed&since=2026-06-09T04:24:02.097Z&per_page=100
2026-09-07T04:24:02.097Z  [API  ]  GET https://api.github.com/repos/saropa/saropa_lints/pulls?state=closed&per_page=100
2026-09-07T04:24:02.097Z  [API  ]  GET https://api.github.com/repos/saropa/saropa_lints/issues?state=open&sort=comments&direction=desc&per_page=50
2026-09-07T04:24:02.097Z  [API  ]  GET https://api.github.com/repos/saropa/saropa_lints/pulls?state=open&per_page=100
2026-09-07T04:24:02.154Z  [API  ]  200 OK (90ms)
2026-09-07T04:24:02.155Z  [API  ]  200 OK (982ms)
2026-09-07T04:24:02.182Z  [API  ]  200 OK (116ms)
2026-09-07T04:24:02.290Z  [CACHE]  MISS gh.rrousselGit.riverpod
2026-09-07T04:24:02.290Z  [API  ]  GET https://api.github.com/repos/rrousselGit/riverpod
2026-09-07T04:24:02.290Z  [API  ]  GET https://api.github.com/repos/rrousselGit/riverpod/issues?state=closed&since=2026-06-09T04:24:02.290Z&per_page=100
2026-09-07T04:24:02.290Z  [API  ]  GET https://api.github.com/repos/rrousselGit/riverpod/pulls?state=closed&per_page=100
2026-09-07T04:24:02.290Z  [API  ]  GET https://api.github.com/repos/rrousselGit/riverpod/issues?state=open&sort=comments&direction=desc&per_page=50
2026-09-07T04:24:02.291Z  [API  ]  GET https://api.github.com/repos/rrousselGit/riverpod/pulls?state=open&per_page=100
2026-09-07T04:24:02.631Z  [API  ]  200 OK (852ms)
2026-09-07T04:24:02.631Z  [API  ]  200 OK (852ms)
2026-09-07T04:24:02.631Z  [API  ]  200 OK (852ms)
2026-09-07T04:24:02.631Z  [API  ]  200 OK (852ms)
2026-09-07T04:24:02.631Z  [API  ]  200 OK (852ms)
2026-09-07T04:24:03.002Z  [API  ]  200 OK (905ms)
2026-09-07T04:24:03.002Z  [API  ]  200 OK (905ms)
2026-09-07T04:24:03.002Z  [API  ]  200 OK (905ms)
2026-09-07T04:24:03.002Z  [API  ]  200 OK (905ms)
2026-09-07T04:24:03.002Z  [API  ]  200 OK (905ms)
2026-09-07T04:24:03.276Z  [SCORE]  flutter_riverpod → 85.7 (vibrant) [rv=100 eg=66.5 pop=93.75 pt=-5 pq=8.75]
2026-09-07T04:24:03.276Z  [INFO ]  [13/14] vector_graphics
2026-09-07T04:24:03.276Z  [CACHE]  MISS pub.info.vector_graphics
2026-09-07T04:24:03.276Z  [API  ]  GET https://pub.dev/api/packages/vector_graphics
2026-09-07T04:24:03.280Z  [CACHE]  MISS pub.metrics.vector_graphics
2026-09-07T04:24:03.280Z  [API  ]  GET https://pub.dev/api/packages/vector_graphics/metrics
2026-09-07T04:24:03.284Z  [API  ]  GET https://pub.dev/api/packages/vector_graphics/score
2026-09-07T04:24:03.288Z  [CACHE]  HIT  pub.publisher.vector_graphics
2026-09-07T04:24:03.288Z  [CACHE]  MISS pub.reverseDeps.vector_graphics
2026-09-07T04:24:03.288Z  [API  ]  GET https://pub.dev/packages?q=dependency%3Avector_graphics
2026-09-07T04:24:03.329Z  [CACHE]  MISS pub.archiveSize.saropa_lints
2026-09-07T04:24:03.331Z  [API  ]  HEAD https://pub.dev/api/archives/saropa_lints-15.2.12.tar.gz
2026-09-07T04:24:03.332Z  [CACHE]  MISS pub.tarball.3i5zpw
2026-09-07T04:24:03.332Z  [API  ]  GET https://pub.dev/api/archives/saropa_lints-15.2.12.tar.gz
2026-09-07T04:24:03.535Z  [SCORE]  cupertino_icons → 62.5 (stable) [rv=50 eg=50 pop=100 pt=-5 pq=10]
2026-09-07T04:24:03.535Z  [INFO ]  [14/14] vector_graphics_compiler
2026-09-07T04:24:03.535Z  [CACHE]  MISS pub.info.vector_graphics_compiler
2026-09-07T04:24:03.535Z  [API  ]  GET https://pub.dev/api/packages/vector_graphics_compiler
2026-09-07T04:24:03.538Z  [CACHE]  MISS pub.metrics.vector_graphics_compiler
2026-09-07T04:24:03.538Z  [API  ]  GET https://pub.dev/api/packages/vector_graphics_compiler/metrics
2026-09-07T04:24:03.541Z  [API  ]  GET https://pub.dev/api/packages/vector_graphics_compiler/score
2026-09-07T04:24:03.544Z  [CACHE]  HIT  pub.publisher.vector_graphics_compiler
2026-09-07T04:24:03.544Z  [CACHE]  MISS pub.reverseDeps.vector_graphics_compiler
2026-09-07T04:24:03.544Z  [API  ]  GET https://pub.dev/packages?q=dependency%3Avector_graphics_compiler
2026-09-07T04:24:03.592Z  [API  ]  200 OK (1301ms)
2026-09-07T04:24:03.592Z  [API  ]  200 OK (1301ms)
2026-09-07T04:24:03.592Z  [API  ]  403 rate limit exceeded (1301ms)
2026-09-07T04:24:03.592Z  [API  ]  403 rate limit exceeded (1301ms)
2026-09-07T04:24:03.592Z  [API  ]  403 rate limit exceeded (1301ms)
2026-09-07T04:24:03.665Z  [API  ]  200 OK (377ms)
2026-09-07T04:24:03.819Z  [API  ]  200 OK (487ms)
2026-09-07T04:24:03.887Z  [CACHE]  MISS pub.archiveSize.lottie
2026-09-07T04:24:03.888Z  [API  ]  HEAD https://pub.dev/api/archives/lottie-3.5.1.tar.gz
2026-09-07T04:24:03.890Z  [CACHE]  MISS pub.tarball.4owc4s
2026-09-07T04:24:03.890Z  [API  ]  GET https://pub.dev/api/archives/lottie-3.5.1.tar.gz
2026-09-07T04:24:03.938Z  [API  ]  200 OK (50ms)
2026-09-07T04:24:03.949Z  [CACHE]  MISS pub.archiveSize.riverpod
2026-09-07T04:24:03.951Z  [API  ]  HEAD https://pub.dev/api/archives/riverpod-3.4.3.tar.gz
2026-09-07T04:24:03.953Z  [CACHE]  MISS pub.tarball.nzfdv5
2026-09-07T04:24:03.953Z  [API  ]  GET https://pub.dev/api/archives/riverpod-3.4.3.tar.gz
2026-09-07T04:24:03.981Z  [API  ]  200 OK (705ms)
2026-09-07T04:24:04.047Z  [API  ]  200 OK (157ms)
2026-09-07T04:24:04.116Z  [API  ]  200 OK (165ms)
2026-09-07T04:24:04.145Z  [API  ]  200 OK (607ms)
2026-09-07T04:24:04.147Z  [API  ]  200 OK (816ms)
2026-09-07T04:24:04.160Z  [API  ]  200 OK (879ms)
2026-09-07T04:24:04.229Z  [API  ]  200 OK (276ms)
2026-09-07T04:24:04.250Z  [API  ]  200 OK (966ms)
2026-09-07T04:24:04.289Z  [API  ]  200 OK (748ms)
2026-09-07T04:24:04.372Z  [API  ]  200 OK (837ms)
2026-09-07T04:24:04.388Z  [API  ]  200 OK (844ms)
2026-09-07T04:24:04.474Z  [CACHE]  HIT  gh.flutter.packages
2026-09-07T04:24:04.474Z  [CACHE]  MISS pub.archiveSize.vector_graphics
2026-09-07T04:24:04.478Z  [API  ]  HEAD https://pub.dev/api/archives/vector_graphics-1.2.3.tar.gz
2026-09-07T04:24:04.480Z  [CACHE]  MISS pub.tarball.4gehet
2026-09-07T04:24:04.480Z  [API  ]  GET https://pub.dev/api/archives/vector_graphics-1.2.3.tar.gz
2026-09-07T04:24:04.582Z  [SCORE]  lottie → 62 (stable) [rv=51 eg=56.78082191780822 pop=62.95 pt=-5 pq=10]
2026-09-07T04:24:04.603Z  [API  ]  200 OK (123ms)
2026-09-07T04:24:04.605Z  [API  ]  200 OK (127ms)
2026-09-07T04:24:04.945Z  [CACHE]  HIT  gh.flutter.packages
2026-09-07T04:24:04.945Z  [CACHE]  MISS pub.archiveSize.vector_graphics_compiler
2026-09-07T04:24:04.947Z  [API  ]  HEAD https://pub.dev/api/archives/vector_graphics_compiler-1.3.0.tar.gz
2026-09-07T04:24:04.949Z  [CACHE]  MISS pub.tarball.wvjh21
2026-09-07T04:24:04.949Z  [API  ]  GET https://pub.dev/api/archives/vector_graphics_compiler-1.3.0.tar.gz
2026-09-07T04:24:05.011Z  [API  ]  200 OK (64ms)
2026-09-07T04:24:05.024Z  [API  ]  200 OK (75ms)
2026-09-07T04:24:05.630Z  [SCORE]  vector_graphics → 64.1 (stable) [rv=50 eg=50 pop=96.875 pt=-5 pq=9.375]
2026-09-07T04:24:05.868Z  [ERROR]  Failed to fetch GitHub metrics for fluttercommunity/flutter_launcher_icons
2026-09-07T04:24:05.868Z  [CACHE]  MISS pub.archiveSize.flutter_launcher_icons
2026-09-07T04:24:05.870Z  [API  ]  HEAD https://pub.dev/api/archives/flutter_launcher_icons-0.14.4.tar.gz
2026-09-07T04:24:05.871Z  [CACHE]  MISS pub.tarball.mbw4oz
2026-09-07T04:24:05.871Z  [API  ]  GET https://pub.dev/api/archives/flutter_launcher_icons-0.14.4.tar.gz
2026-09-07T04:24:05.968Z  [API  ]  200 OK (97ms)
2026-09-07T04:24:05.969Z  [API  ]  200 OK (99ms)
2026-09-07T04:24:06.225Z  [SCORE]  vector_graphics_compiler → 61.6 (stable) [rv=50 eg=50 pop=96.875 pt=-5 pq=9.375]
2026-09-07T04:24:07.562Z  [SCORE]  saropa_lints → 70.5 (vibrant) [rv=64.5 eg=60.5 pop=46.955 pt=-5 pq=9.375]
2026-09-07T04:24:08.166Z  [SCORE]  flutter_launcher_icons → 9.1 (outdated) [rv=0 eg=0 pop=46.875 pt=-5 pq=9.375]
2026-09-07T04:24:11.323Z  [SCORE]  riverpod → 89.1 (vibrant) [rv=85 eg=66.5 pop=100 pt=-5 pq=10]
2026-09-07T04:24:12.734Z  [ERROR]  Blocker analysis skipped — CLI commands failed — pub outdated: Command failed: dart pub outdated --json --transitive
Cannot specify both `--json` and `--transitive`
The json report always includes transitive dependencies.

Usage: dart pub outdated [options]
-h, --help                         Print this usage information.
    --[no-]dependency-overrides    Show resolutions with `dependency_overrides`.
                                   (defaults to on)
    --[no-]dev-dependencies        Take dev dependencies into account.
                                   (defaults to on)
    --json                         Output the results using a json format.
    --[no-]prereleases             Include prereleases in latest version.
    --[no-]show-all                Include dependencies that are already
                                   fulfilling --mode.
    --[no-]transitive              Show transitive dependencies.
                                   (defaults to on)
-C, --directory=<dir>              Run this in the directory <dir>.

Run "dart help" to see global options.
See https://dart.dev/tools/pub/cmd/pub-outdated for detailed documentation.

2026-09-07T04:24:13.321Z  [CACHE]  HIT  pub.archiveSize.async
2026-09-07T04:24:13.321Z  [CACHE]  HIT  pub.archiveSize.collection
2026-09-07T04:24:13.321Z  [CACHE]  HIT  pub.archiveSize.meta
2026-09-07T04:24:13.321Z  [CACHE]  HIT  pub.archiveSize.http_parser
2026-09-07T04:24:13.321Z  [CACHE]  HIT  pub.archiveSize.source_span
2026-09-07T04:24:13.321Z  [CACHE]  MISS pub.archiveSize.path
2026-09-07T04:24:13.321Z  [API  ]  GET https://pub.dev/api/packages/path
2026-09-07T04:24:13.323Z  [CACHE]  HIT  pub.archiveSize.term_glyph
2026-09-07T04:24:13.323Z  [CACHE]  HIT  pub.archiveSize.string_scanner
2026-09-07T04:24:13.323Z  [CACHE]  HIT  pub.archiveSize.typed_data
2026-09-07T04:24:13.323Z  [CACHE]  HIT  pub.archiveSize.mime
2026-09-07T04:24:13.323Z  [CACHE]  HIT  pub.archiveSize.dio_web_adapter
2026-09-07T04:24:13.323Z  [CACHE]  HIT  pub.archiveSize.web
2026-09-07T04:24:13.323Z  [CACHE]  MISS pub.archiveSize.flutter
2026-09-07T04:24:13.323Z  [API  ]  GET https://pub.dev/api/packages/flutter
2026-09-07T04:24:13.325Z  [CACHE]  MISS pub.archiveSize.characters
2026-09-07T04:24:13.325Z  [API  ]  GET https://pub.dev/api/packages/characters
2026-09-07T04:24:13.326Z  [CACHE]  MISS pub.archiveSize.material_color_utilities
2026-09-07T04:24:13.326Z  [API  ]  GET https://pub.dev/api/packages/material_color_utilities
2026-09-07T04:24:13.328Z  [CACHE]  HIT  pub.archiveSize.vector_math
2026-09-07T04:24:13.328Z  [CACHE]  HIT  pub.archiveSize.sky_engine
2026-09-07T04:24:13.328Z  [CACHE]  MISS pub.archiveSize.flutter_web_plugins
2026-09-07T04:24:13.328Z  [API  ]  GET https://pub.dev/api/packages/flutter_web_plugins
2026-09-07T04:24:13.330Z  [CACHE]  HIT  pub.archiveSize.plugin_platform_interface
2026-09-07T04:24:13.330Z  [CACHE]  HIT  pub.archiveSize.ffi
2026-09-07T04:24:13.330Z  [CACHE]  HIT  pub.archiveSize.path_drawing
2026-09-07T04:24:13.330Z  [CACHE]  HIT  pub.archiveSize.path_parsing
2026-09-07T04:24:13.330Z  [CACHE]  HIT  pub.archiveSize.args
2026-09-07T04:24:13.330Z  [CACHE]  MISS pub.archiveSize.checked_yaml
2026-09-07T04:24:13.330Z  [API  ]  GET https://pub.dev/api/packages/checked_yaml
2026-09-07T04:24:13.332Z  [CACHE]  HIT  pub.archiveSize.json_annotation
2026-09-07T04:24:13.332Z  [CACHE]  MISS pub.archiveSize.yaml
2026-09-07T04:24:13.332Z  [API  ]  GET https://pub.dev/api/packages/yaml
2026-09-07T04:24:13.334Z  [CACHE]  MISS pub.archiveSize.cli_util
2026-09-07T04:24:13.334Z  [API  ]  GET https://pub.dev/api/packages/cli_util
2026-09-07T04:24:13.336Z  [CACHE]  HIT  pub.archiveSize.image
2026-09-07T04:24:13.336Z  [CACHE]  MISS pub.archiveSize.archive
2026-09-07T04:24:13.336Z  [API  ]  GET https://pub.dev/api/packages/archive
2026-09-07T04:24:13.338Z  [CACHE]  HIT  pub.archiveSize.posix
2026-09-07T04:24:13.338Z  [CACHE]  HIT  pub.archiveSize.lints
2026-09-07T04:24:13.338Z  [CACHE]  MISS pub.archiveSize.html
2026-09-07T04:24:13.338Z  [API  ]  GET https://pub.dev/api/packages/html
2026-09-07T04:24:13.340Z  [CACHE]  MISS pub.archiveSize.csslib
2026-09-07T04:24:13.340Z  [API  ]  GET https://pub.dev/api/packages/csslib
2026-09-07T04:24:13.343Z  [CACHE]  MISS pub.archiveSize.universal_io
2026-09-07T04:24:13.343Z  [API  ]  GET https://pub.dev/api/packages/universal_io
2026-09-07T04:24:13.344Z  [CACHE]  MISS pub.archiveSize.xml
2026-09-07T04:24:13.344Z  [API  ]  GET https://pub.dev/api/packages/xml
2026-09-07T04:24:13.346Z  [CACHE]  HIT  pub.archiveSize.petitparser
2026-09-07T04:24:13.346Z  [CACHE]  MISS pub.archiveSize.ansicolor
2026-09-07T04:24:13.346Z  [API  ]  GET https://pub.dev/api/packages/ansicolor
2026-09-07T04:24:13.348Z  [CACHE]  MISS pub.archiveSize.flutter_test
2026-09-07T04:24:13.348Z  [API  ]  GET https://pub.dev/api/packages/flutter_test
2026-09-07T04:24:13.350Z  [CACHE]  MISS pub.archiveSize.test_api
2026-09-07T04:24:13.350Z  [API  ]  GET https://pub.dev/api/packages/test_api
2026-09-07T04:24:13.352Z  [CACHE]  HIT  pub.archiveSize.boolean_selector
2026-09-07T04:24:13.352Z  [CACHE]  HIT  pub.archiveSize.stack_trace
2026-09-07T04:24:13.352Z  [CACHE]  MISS pub.archiveSize.stream_channel
2026-09-07T04:24:13.352Z  [API  ]  GET https://pub.dev/api/packages/stream_channel
2026-09-07T04:24:13.354Z  [CACHE]  HIT  pub.archiveSize.matcher
2026-09-07T04:24:13.354Z  [CACHE]  HIT  pub.archiveSize.fake_async
2026-09-07T04:24:13.354Z  [CACHE]  HIT  pub.archiveSize.clock
2026-09-07T04:24:13.354Z  [CACHE]  HIT  pub.archiveSize.leak_tracker_flutter_testing
2026-09-07T04:24:13.354Z  [CACHE]  MISS pub.archiveSize.leak_tracker
2026-09-07T04:24:13.354Z  [API  ]  GET https://pub.dev/api/packages/leak_tracker
2026-09-07T04:24:13.356Z  [CACHE]  HIT  pub.archiveSize.vm_service
2026-09-07T04:24:13.356Z  [CACHE]  HIT  pub.archiveSize.leak_tracker_testing
2026-09-07T04:24:13.356Z  [CACHE]  HIT  pub.archiveSize.listen
2026-09-07T04:24:13.356Z  [CACHE]  HIT  pub.archiveSize.state_notifier
2026-09-07T04:24:13.356Z  [CACHE]  HIT  pub.archiveSize.test
2026-09-07T04:24:13.356Z  [CACHE]  HIT  pub.archiveSize.analyzer
2026-09-07T04:24:13.356Z  [CACHE]  HIT  pub.archiveSize._fe_analyzer_shared
2026-09-07T04:24:13.356Z  [CACHE]  MISS pub.archiveSize.convert
2026-09-07T04:24:13.356Z  [API  ]  GET https://pub.dev/api/packages/convert
2026-09-07T04:24:13.358Z  [CACHE]  HIT  pub.archiveSize.crypto
2026-09-07T04:24:13.358Z  [CACHE]  HIT  pub.archiveSize.glob
2026-09-07T04:24:13.358Z  [CACHE]  MISS pub.archiveSize.file
2026-09-07T04:24:13.358Z  [API  ]  GET https://pub.dev/api/packages/file
2026-09-07T04:24:13.359Z  [CACHE]  HIT  pub.archiveSize.package_config
2026-09-07T04:24:13.359Z  [CACHE]  HIT  pub.archiveSize.pub_semver
2026-09-07T04:24:13.359Z  [CACHE]  HIT  pub.archiveSize.watcher
2026-09-07T04:24:13.359Z  [CACHE]  MISS pub.archiveSize.coverage
2026-09-07T04:24:13.359Z  [API  ]  GET https://pub.dev/api/packages/coverage
2026-09-07T04:24:13.361Z  [CACHE]  MISS pub.archiveSize.cli_config
2026-09-07T04:24:13.361Z  [API  ]  GET https://pub.dev/api/packages/cli_config
2026-09-07T04:24:13.363Z  [CACHE]  HIT  pub.archiveSize.logging
2026-09-07T04:24:13.363Z  [CACHE]  MISS pub.archiveSize.source_maps
2026-09-07T04:24:13.363Z  [API  ]  GET https://pub.dev/api/packages/source_maps
2026-09-07T04:24:13.365Z  [CACHE]  HIT  pub.archiveSize.http_multi_server
2026-09-07T04:24:13.365Z  [CACHE]  HIT  pub.archiveSize.io
2026-09-07T04:24:13.365Z  [CACHE]  HIT  pub.archiveSize.node_preamble
2026-09-07T04:24:13.365Z  [CACHE]  HIT  pub.archiveSize.pool
2026-09-07T04:24:13.365Z  [CACHE]  HIT  pub.archiveSize.shelf
2026-09-07T04:24:13.365Z  [CACHE]  MISS pub.archiveSize.shelf_packages_handler
2026-09-07T04:24:13.365Z  [API  ]  GET https://pub.dev/api/packages/shelf_packages_handler
2026-09-07T04:24:13.367Z  [CACHE]  HIT  pub.archiveSize.shelf_static
2026-09-07T04:24:13.367Z  [CACHE]  HIT  pub.archiveSize.shelf_web_socket
2026-09-07T04:24:13.367Z  [CACHE]  MISS pub.archiveSize.web_socket_channel
2026-09-07T04:24:13.367Z  [API  ]  GET https://pub.dev/api/packages/web_socket_channel
2026-09-07T04:24:13.369Z  [CACHE]  HIT  pub.archiveSize.web_socket
2026-09-07T04:24:13.369Z  [CACHE]  HIT  pub.archiveSize.test_core
2026-09-07T04:24:13.369Z  [CACHE]  HIT  pub.archiveSize.frontend_server_client
2026-09-07T04:24:13.369Z  [CACHE]  HIT  pub.archiveSize.source_map_stack_trace
2026-09-07T04:24:13.369Z  [CACHE]  HIT  pub.archiveSize.webkit_inspection_protocol
2026-09-07T04:24:13.369Z  [CACHE]  HIT  pub.archiveSize.uuid
2026-09-07T04:24:13.369Z  [CACHE]  HIT  pub.archiveSize.fixnum
2026-09-07T04:24:13.369Z  [CACHE]  HIT  pub.archiveSize.cupertino_ui
2026-09-07T04:24:13.369Z  [CACHE]  MISS pub.archiveSize.flutter_localizations
2026-09-07T04:24:13.369Z  [API  ]  GET https://pub.dev/api/packages/flutter_localizations
2026-09-07T04:24:13.371Z  [CACHE]  HIT  pub.archiveSize.intl
2026-09-07T04:24:13.371Z  [CACHE]  MISS pub.archiveSize.material_ui
2026-09-07T04:24:13.371Z  [API  ]  GET https://pub.dev/api/packages/material_ui
2026-09-07T04:24:13.372Z  [CACHE]  HIT  pub.archiveSize.http
2026-09-07T04:24:13.372Z  [CACHE]  MISS pub.archiveSize.analysis_server_plugin
2026-09-07T04:24:13.372Z  [API  ]  GET https://pub.dev/api/packages/analysis_server_plugin
2026-09-07T04:24:13.374Z  [CACHE]  HIT  pub.archiveSize.analyzer_plugin
2026-09-07T04:24:13.374Z  [CACHE]  MISS pub.archiveSize.dart_style
2026-09-07T04:24:13.374Z  [API  ]  GET https://pub.dev/api/packages/dart_style
2026-09-07T04:24:13.376Z  [CACHE]  HIT  pub.archiveSize.yaml_edit
2026-09-07T04:24:13.376Z  [CACHE]  MISS pub.archiveSize.vector_graphics_codec
2026-09-07T04:24:13.376Z  [API  ]  GET https://pub.dev/api/packages/vector_graphics_codec
2026-09-07T04:24:14.025Z  [API  ]  200 OK (651ms)
2026-09-07T04:24:14.027Z  [API  ]  200 OK (662ms)
2026-09-07T04:24:14.028Z  [API  ]  HEAD https://pub.dev/api/archives/shelf_packages_handler-3.0.2.tar.gz
2026-09-07T04:24:14.033Z  [API  ]  HEAD https://pub.dev/api/archives/dart_style-3.1.13.tar.gz
2026-09-07T04:24:14.042Z  [API  ]  200 OK (719ms)
2026-09-07T04:24:14.043Z  [API  ]  HEAD https://pub.dev/api/archives/flutter-0.0.20.tar.gz
2026-09-07T04:24:14.047Z  [API  ]  200 OK (691ms)
2026-09-07T04:24:14.048Z  [API  ]  200 OK (687ms)
2026-09-07T04:24:14.048Z  [API  ]  200 OK (694ms)
2026-09-07T04:24:14.049Z  [API  ]  200 OK (706ms)
2026-09-07T04:24:14.050Z  [API  ]  HEAD https://pub.dev/api/archives/convert-3.1.2.tar.gz
2026-09-07T04:24:14.053Z  [API  ]  HEAD https://pub.dev/api/archives/cli_config-0.2.0.tar.gz
2026-09-07T04:24:14.057Z  [API  ]  404 Not Found (729ms)
2026-09-07T04:24:14.059Z  [API  ]  HEAD https://pub.dev/api/archives/leak_tracker-11.0.2.tar.gz
2026-09-07T04:24:14.062Z  [API  ]  HEAD https://pub.dev/api/archives/universal_io-2.3.1.tar.gz
2026-09-07T04:24:14.108Z  [API  ]  200 OK (782ms)
2026-09-07T04:24:14.109Z  [API  ]  200 OK (81ms)
2026-09-07T04:24:14.110Z  [API  ]  HEAD https://pub.dev/api/archives/material_color_utilities-0.13.1.tar.gz
2026-09-07T04:24:14.125Z  [API  ]  200 OK (92ms)
2026-09-07T04:24:14.125Z  [API  ]  404 Not Found (777ms)
2026-09-07T04:24:14.126Z  [API  ]  200 OK (774ms)
2026-09-07T04:24:14.138Z  [API  ]  200 OK (817ms)
2026-09-07T04:24:14.139Z  [API  ]  200 OK (807ms)
2026-09-07T04:24:14.140Z  [API  ]  HEAD https://pub.dev/api/archives/stream_channel-2.1.4.tar.gz
2026-09-07T04:24:14.144Z  [API  ]  200 OK (808ms)
2026-09-07T04:24:14.145Z  [API  ]  200 OK (795ms)
2026-09-07T04:24:14.146Z  [API  ]  200 OK (87ms)
2026-09-07T04:24:14.146Z  [API  ]  200 OK (84ms)
2026-09-07T04:24:14.147Z  [API  ]  200 OK (97ms)
2026-09-07T04:24:14.147Z  [API  ]  200 OK (94ms)
2026-09-07T04:24:14.160Z  [API  ]  200 OK (784ms)
2026-09-07T04:24:14.160Z  [API  ]  200 OK (789ms)
2026-09-07T04:24:14.161Z  [API  ]  HEAD https://pub.dev/api/archives/path-1.9.1.tar.gz
2026-09-07T04:24:14.190Z  [API  ]  HEAD https://pub.dev/api/archives/material_ui-1.1.1.tar.gz
2026-09-07T04:24:14.193Z  [API  ]  200 OK (849ms)
2026-09-07T04:24:14.194Z  [API  ]  200 OK (854ms)
2026-09-07T04:24:14.195Z  [API  ]  200 OK (837ms)
2026-09-07T04:24:14.195Z  [API  ]  200 OK (865ms)
2026-09-07T04:24:14.196Z  [API  ]  HEAD https://pub.dev/api/archives/yaml-3.1.4.tar.gz
2026-09-07T04:24:14.200Z  [API  ]  HEAD https://pub.dev/api/archives/vector_graphics_codec-1.1.13.tar.gz
2026-09-07T04:24:14.215Z  [API  ]  HEAD https://pub.dev/api/archives/checked_yaml-2.0.4.tar.gz
2026-09-07T04:24:14.219Z  [API  ]  200 OK (79ms)
2026-09-07T04:24:14.233Z  [API  ]  HEAD https://pub.dev/api/archives/test_api-0.7.14.tar.gz
2026-09-07T04:24:14.248Z  [API  ]  HEAD https://pub.dev/api/archives/file-7.0.1.tar.gz
2026-09-07T04:24:14.274Z  [API  ]  HEAD https://pub.dev/api/archives/archive-4.2.0.tar.gz
2026-09-07T04:24:14.278Z  [API  ]  200 OK (82ms)
2026-09-07T04:24:14.279Z  [API  ]  200 OK (79ms)
2026-09-07T04:24:14.279Z  [API  ]  200 OK (933ms)
2026-09-07T04:24:14.280Z  [API  ]  200 OK (65ms)
2026-09-07T04:24:14.303Z  [API  ]  200 OK (965ms)
2026-09-07T04:24:14.304Z  [API  ]  200 OK (261ms)
2026-09-07T04:24:14.317Z  [API  ]  HEAD https://pub.dev/api/archives/xml-7.0.1.tar.gz
2026-09-07T04:24:14.331Z  [API  ]  HEAD https://pub.dev/api/archives/ansicolor-2.0.3.tar.gz
2026-09-07T04:24:14.360Z  [API  ]  200 OK (250ms)
2026-09-07T04:24:14.361Z  [API  ]  200 OK (87ms)
2026-09-07T04:24:14.374Z  [API  ]  HEAD https://pub.dev/api/archives/csslib-1.0.2.tar.gz
2026-09-07T04:24:14.398Z  [API  ]  200 OK (1039ms)
2026-09-07T04:24:14.410Z  [API  ]  HEAD https://pub.dev/api/archives/html-0.15.7.tar.gz
2026-09-07T04:24:14.427Z  [API  ]  HEAD https://pub.dev/api/archives/coverage-1.15.1.tar.gz
2026-09-07T04:24:14.431Z  [API  ]  200 OK (183ms)
2026-09-07T04:24:14.455Z  [API  ]  200 OK (265ms)
2026-09-07T04:24:14.467Z  [API  ]  200 OK (234ms)
2026-09-07T04:24:14.494Z  [API  ]  200 OK (1160ms)
2026-09-07T04:24:14.497Z  [API  ]  HEAD https://pub.dev/api/archives/cli_util-0.6.0.tar.gz
2026-09-07T04:24:14.531Z  [API  ]  200 OK (214ms)
2026-09-07T04:24:14.545Z  [API  ]  200 OK (118ms)
2026-09-07T04:24:14.931Z  [API  ]  200 OK (1564ms)
2026-09-07T04:24:14.932Z  [API  ]  200 OK (601ms)
2026-09-07T04:24:14.933Z  [API  ]  200 OK (559ms)
2026-09-07T04:24:14.934Z  [API  ]  200 OK (1571ms)
2026-09-07T04:24:14.934Z  [API  ]  200 OK (1609ms)
2026-09-07T04:24:14.935Z  [API  ]  200 OK (1563ms)
2026-09-07T04:24:14.935Z  [API  ]  404 Not Found (1566ms)
2026-09-07T04:24:14.952Z  [API  ]  HEAD https://pub.dev/api/archives/characters-1.4.1.tar.gz
2026-09-07T04:24:14.966Z  [API  ]  HEAD https://pub.dev/api/archives/web_socket_channel-3.0.3.tar.gz
2026-09-07T04:24:14.970Z  [API  ]  HEAD https://pub.dev/api/archives/analysis_server_plugin-0.3.22.tar.gz
2026-09-07T04:24:14.983Z  [API  ]  200 OK (573ms)
2026-09-07T04:24:14.995Z  [API  ]  HEAD https://pub.dev/api/archives/source_maps-0.10.14.tar.gz
2026-09-07T04:24:15.010Z  [API  ]  200 OK (44ms)
2026-09-07T04:24:15.038Z  [API  ]  200 OK (877ms)
2026-09-07T04:24:15.156Z  [API  ]  200 OK (186ms)
2026-09-07T04:24:15.158Z  [API  ]  200 OK (206ms)
2026-09-07T04:24:15.172Z  [API  ]  200 OK (177ms)
2026-09-07T04:24:15.230Z  [API  ]  200 OK (733ms)
2026-09-07T04:24:15.315Z  [INFO ]  Dep graph: 14 direct, 91 transitive, 0 overrides
2026-09-07T04:24:15.316Z  [CACHE]  HIT  osv.vulns.cupertino_icons.1.0.9
2026-09-07T04:24:15.316Z  [CACHE]  HIT  osv.vulns.dio.5.11.0
2026-09-07T04:24:15.316Z  [CACHE]  HIT  osv.vulns.dotlottie_flutter.0.1.7
2026-09-07T04:24:15.316Z  [CACHE]  HIT  osv.vulns.easy_refresh.3.5.1
2026-09-07T04:24:15.316Z  [CACHE]  HIT  osv.vulns.flutter_launcher_icons.0.14.4
2026-09-07T04:24:15.316Z  [CACHE]  HIT  osv.vulns.flutter_lints.6.0.0
2026-09-07T04:24:15.316Z  [CACHE]  MISS osv.vulns.flutter_native_splash.2.4.8
2026-09-07T04:24:15.316Z  [CACHE]  HIT  osv.vulns.flutter_riverpod.3.4.2
2026-09-07T04:24:15.316Z  [CACHE]  HIT  osv.vulns.go_router.18.0.0
2026-09-07T04:24:15.316Z  [CACHE]  HIT  osv.vulns.lottie.3.5.1
2026-09-07T04:24:15.316Z  [CACHE]  HIT  osv.vulns.riverpod.3.4.2
2026-09-07T04:24:15.316Z  [CACHE]  HIT  osv.vulns.saropa_lints.14.0.2
2026-09-07T04:24:15.316Z  [CACHE]  HIT  osv.vulns.vector_graphics.1.2.3
2026-09-07T04:24:15.316Z  [CACHE]  HIT  osv.vulns.vector_graphics_compiler.1.3.0
2026-09-07T04:24:15.317Z  [API  ]  POST https://api.osv.dev/v1/querybatch
2026-09-07T04:24:15.320Z  [CACHE]  MISS ghsa.vulns.cupertino_icons.1.0.9
2026-09-07T04:24:15.320Z  [CACHE]  HIT  ghsa.vulns.dio.5.11.0
2026-09-07T04:24:15.320Z  [CACHE]  HIT  ghsa.vulns.dotlottie_flutter.0.1.7
2026-09-07T04:24:15.320Z  [CACHE]  HIT  ghsa.vulns.easy_refresh.3.5.1
2026-09-07T04:24:15.320Z  [CACHE]  MISS ghsa.vulns.flutter_launcher_icons.0.14.4
2026-09-07T04:24:15.320Z  [CACHE]  HIT  ghsa.vulns.flutter_lints.6.0.0
2026-09-07T04:24:15.320Z  [CACHE]  MISS ghsa.vulns.flutter_native_splash.2.4.8
2026-09-07T04:24:15.320Z  [CACHE]  HIT  ghsa.vulns.flutter_riverpod.3.4.2
2026-09-07T04:24:15.320Z  [CACHE]  HIT  ghsa.vulns.go_router.18.0.0
2026-09-07T04:24:15.320Z  [CACHE]  HIT  ghsa.vulns.lottie.3.5.1
2026-09-07T04:24:15.320Z  [CACHE]  HIT  ghsa.vulns.riverpod.3.4.2
2026-09-07T04:24:15.320Z  [CACHE]  HIT  ghsa.vulns.saropa_lints.14.0.2
2026-09-07T04:24:15.320Z  [CACHE]  HIT  ghsa.vulns.vector_graphics.1.2.3
2026-09-07T04:24:15.320Z  [CACHE]  HIT  ghsa.vulns.vector_graphics_compiler.1.3.0
2026-09-07T04:24:15.321Z  [API  ]  GET https://api.github.com/advisories?ecosystem=pub&package=cupertino_icons&affects=1.0.9&per_page=100
2026-09-07T04:24:15.323Z  [API  ]  GET https://api.github.com/advisories?ecosystem=pub&package=flutter_launcher_icons&affects=0.14.4&per_page=100
2026-09-07T04:24:15.325Z  [API  ]  GET https://api.github.com/advisories?ecosystem=pub&package=flutter_native_splash&affects=2.4.8&per_page=100
2026-09-07T04:24:15.705Z  [API  ]  403 rate limit exceeded (384ms)
2026-09-07T04:24:15.705Z  [ERROR]  GitHub Advisory query failed for cupertino_icons: 403
2026-09-07T04:24:15.718Z  [API  ]  403 rate limit exceeded (395ms)
2026-09-07T04:24:15.718Z  [ERROR]  GitHub Advisory query failed for flutter_launcher_icons: 403
2026-09-07T04:24:15.718Z  [API  ]  403 rate limit exceeded (393ms)
2026-09-07T04:24:15.718Z  [ERROR]  GitHub Advisory query failed for flutter_native_splash: 403
2026-09-07T04:24:16.011Z  [API  ]  200 OK (694ms)
2026-09-07T04:24:16.911Z  [INFO ]  Scan complete — 33463ms — vibrant:5 stable:7 outdated:2 abandoned:0 eol:0
