2026-09-16T02:39:52.389Z  [CACHE]  MISS flutter.releases
2026-09-16T02:39:52.389Z  [API  ]  GET https://storage.googleapis.com/flutter_infra_release/releases/releases_linux.json
2026-09-16T02:39:56.385Z  [API  ]  200 OK (3996ms)
2026-09-16T02:39:59.890Z  [INFO ]  Scan started — 14 packages
2026-09-16T02:39:59.891Z  [INFO ]  [1/14] cupertino_icons
2026-09-16T02:39:59.891Z  [INFO ]  Known issue: active
2026-09-16T02:39:59.891Z  [CACHE]  MISS pub.info.cupertino_icons
2026-09-16T02:39:59.891Z  [API  ]  GET https://pub.dev/api/packages/cupertino_icons
2026-09-16T02:39:59.895Z  [CACHE]  MISS pub.metrics.cupertino_icons
2026-09-16T02:39:59.895Z  [API  ]  GET https://pub.dev/api/packages/cupertino_icons/metrics
2026-09-16T02:39:59.898Z  [API  ]  GET https://pub.dev/api/packages/cupertino_icons/score
2026-09-16T02:39:59.901Z  [CACHE]  HIT  pub.publisher.cupertino_icons
2026-09-16T02:39:59.901Z  [CACHE]  MISS pub.reverseDeps.cupertino_icons
2026-09-16T02:39:59.901Z  [API  ]  GET https://pub.dev/packages?q=dependency%3Acupertino_icons
2026-09-16T02:39:59.905Z  [INFO ]  [2/14] dio
2026-09-16T02:39:59.905Z  [INFO ]  Known issue: active
2026-09-16T02:39:59.905Z  [CACHE]  MISS pub.info.dio
2026-09-16T02:39:59.905Z  [API  ]  GET https://pub.dev/api/packages/dio
2026-09-16T02:39:59.910Z  [CACHE]  MISS pub.metrics.dio
2026-09-16T02:39:59.910Z  [API  ]  GET https://pub.dev/api/packages/dio/metrics
2026-09-16T02:39:59.915Z  [API  ]  GET https://pub.dev/api/packages/dio/score
2026-09-16T02:39:59.920Z  [CACHE]  HIT  pub.publisher.dio
2026-09-16T02:39:59.920Z  [CACHE]  MISS pub.reverseDeps.dio
2026-09-16T02:39:59.920Z  [API  ]  GET https://pub.dev/packages?q=dependency%3Adio
2026-09-16T02:39:59.924Z  [INFO ]  [3/14] dotlottie_flutter
2026-09-16T02:39:59.924Z  [CACHE]  MISS pub.info.dotlottie_flutter
2026-09-16T02:39:59.924Z  [API  ]  GET https://pub.dev/api/packages/dotlottie_flutter
2026-09-16T02:39:59.927Z  [CACHE]  MISS pub.metrics.dotlottie_flutter
2026-09-16T02:39:59.927Z  [API  ]  GET https://pub.dev/api/packages/dotlottie_flutter/metrics
2026-09-16T02:39:59.930Z  [API  ]  GET https://pub.dev/api/packages/dotlottie_flutter/score
2026-09-16T02:39:59.932Z  [CACHE]  HIT  pub.publisher.dotlottie_flutter
2026-09-16T02:39:59.932Z  [CACHE]  MISS pub.reverseDeps.dotlottie_flutter
2026-09-16T02:39:59.932Z  [API  ]  GET https://pub.dev/packages?q=dependency%3Adotlottie_flutter
2026-09-16T02:39:59.937Z  [INFO ]  [4/14] easy_refresh
2026-09-16T02:39:59.937Z  [CACHE]  MISS pub.info.easy_refresh
2026-09-16T02:39:59.937Z  [API  ]  GET https://pub.dev/api/packages/easy_refresh
2026-09-16T02:39:59.969Z  [CACHE]  MISS pub.metrics.easy_refresh
2026-09-16T02:39:59.969Z  [API  ]  GET https://pub.dev/api/packages/easy_refresh/metrics
2026-09-16T02:39:59.972Z  [API  ]  GET https://pub.dev/api/packages/easy_refresh/score
2026-09-16T02:39:59.974Z  [CACHE]  HIT  pub.publisher.easy_refresh
2026-09-16T02:39:59.974Z  [CACHE]  MISS pub.reverseDeps.easy_refresh
2026-09-16T02:39:59.974Z  [API  ]  GET https://pub.dev/packages?q=dependency%3Aeasy_refresh
2026-09-16T02:39:59.976Z  [INFO ]  [5/14] flutter_launcher_icons
2026-09-16T02:39:59.976Z  [INFO ]  Known issue: active
2026-09-16T02:39:59.976Z  [CACHE]  MISS pub.info.flutter_launcher_icons
2026-09-16T02:39:59.976Z  [API  ]  GET https://pub.dev/api/packages/flutter_launcher_icons
2026-09-16T02:39:59.978Z  [CACHE]  MISS pub.metrics.flutter_launcher_icons
2026-09-16T02:39:59.978Z  [API  ]  GET https://pub.dev/api/packages/flutter_launcher_icons/metrics
2026-09-16T02:39:59.980Z  [API  ]  GET https://pub.dev/api/packages/flutter_launcher_icons/score
2026-09-16T02:39:59.982Z  [CACHE]  HIT  pub.publisher.flutter_launcher_icons
2026-09-16T02:39:59.982Z  [CACHE]  MISS pub.reverseDeps.flutter_launcher_icons
2026-09-16T02:39:59.982Z  [API  ]  GET https://pub.dev/packages?q=dependency%3Aflutter_launcher_icons
2026-09-16T02:39:59.984Z  [INFO ]  [6/14] flutter_lints
2026-09-16T02:39:59.984Z  [INFO ]  Known issue: active
2026-09-16T02:39:59.984Z  [CACHE]  MISS pub.info.flutter_lints
2026-09-16T02:39:59.984Z  [API  ]  GET https://pub.dev/api/packages/flutter_lints
2026-09-16T02:39:59.985Z  [CACHE]  MISS pub.metrics.flutter_lints
2026-09-16T02:39:59.985Z  [API  ]  GET https://pub.dev/api/packages/flutter_lints/metrics
2026-09-16T02:39:59.987Z  [API  ]  GET https://pub.dev/api/packages/flutter_lints/score
2026-09-16T02:39:59.989Z  [CACHE]  HIT  pub.publisher.flutter_lints
2026-09-16T02:39:59.989Z  [CACHE]  MISS pub.reverseDeps.flutter_lints
2026-09-16T02:39:59.989Z  [API  ]  GET https://pub.dev/packages?q=dependency%3Aflutter_lints
2026-09-16T02:40:01.127Z  [API  ]  200 OK (1217ms)
2026-09-16T02:40:01.158Z  [API  ]  200 OK (1253ms)
2026-09-16T02:40:01.222Z  [API  ]  200 OK (1321ms)
2026-09-16T02:40:01.224Z  [API  ]  200 OK (1326ms)
2026-09-16T02:40:01.366Z  [API  ]  200 OK (1378ms)
2026-09-16T02:40:01.367Z  [API  ]  200 OK (1382ms)
2026-09-16T02:40:01.368Z  [API  ]  200 OK (1441ms)
2026-09-16T02:40:01.370Z  [API  ]  200 OK (1475ms)
2026-09-16T02:40:01.371Z  [API  ]  200 OK (1391ms)
2026-09-16T02:40:01.493Z  [API  ]  200 OK (1573ms)
2026-09-16T02:40:01.495Z  [API  ]  200 OK (1519ms)
2026-09-16T02:40:01.495Z  [API  ]  200 OK (1526ms)
2026-09-16T02:40:01.496Z  [API  ]  200 OK (1518ms)
2026-09-16T02:40:01.497Z  [API  ]  200 OK (1508ms)
2026-09-16T02:40:01.498Z  [API  ]  200 OK (1566ms)
2026-09-16T02:40:01.499Z  [API  ]  200 OK (1525ms)
2026-09-16T02:40:01.537Z  [API  ]  200 OK (1607ms)
2026-09-16T02:40:01.627Z  [API  ]  200 OK (1645ms)
2026-09-16T02:40:01.649Z  [API  ]  200 OK (1725ms)
2026-09-16T02:40:01.701Z  [API  ]  200 OK (1786ms)
2026-09-16T02:40:01.780Z  [API  ]  200 OK (1889ms)
2026-09-16T02:40:01.816Z  [API  ]  200 OK (1843ms)
2026-09-16T02:40:01.930Z  [API  ]  200 OK (1993ms)
2026-09-16T02:40:01.954Z  [API  ]  200 OK (1970ms)
2026-09-16T02:40:02.097Z  [CACHE]  MISS gh.cfug.dio
2026-09-16T02:40:02.097Z  [API  ]  GET https://api.github.com/repos/cfug/dio
2026-09-16T02:40:02.097Z  [API  ]  GET https://api.github.com/repos/cfug/dio/issues?state=closed&since=2026-06-18T02:40:02.097Z&per_page=100
2026-09-16T02:40:02.097Z  [API  ]  GET https://api.github.com/repos/cfug/dio/pulls?state=closed&per_page=100
2026-09-16T02:40:02.097Z  [API  ]  GET https://api.github.com/repos/cfug/dio/issues?state=open&sort=comments&direction=desc&per_page=50
2026-09-16T02:40:02.097Z  [API  ]  GET https://api.github.com/repos/cfug/dio/pulls?state=open&per_page=100
2026-09-16T02:40:02.503Z  [CACHE]  MISS gh.fluttercommunity.flutter_launcher_icons
2026-09-16T02:40:02.503Z  [API  ]  GET https://api.github.com/repos/fluttercommunity/flutter_launcher_icons
2026-09-16T02:40:02.503Z  [API  ]  GET https://api.github.com/repos/fluttercommunity/flutter_launcher_icons/issues?state=closed&since=2026-06-18T02:40:02.503Z&per_page=100
2026-09-16T02:40:02.503Z  [API  ]  GET https://api.github.com/repos/fluttercommunity/flutter_launcher_icons/pulls?state=closed&per_page=100
2026-09-16T02:40:02.503Z  [API  ]  GET https://api.github.com/repos/fluttercommunity/flutter_launcher_icons/issues?state=open&sort=comments&direction=desc&per_page=50
2026-09-16T02:40:02.503Z  [API  ]  GET https://api.github.com/repos/fluttercommunity/flutter_launcher_icons/pulls?state=open&per_page=100
2026-09-16T02:40:02.547Z  [CACHE]  MISS gh.lottiefiles.dotlottie-flutter
2026-09-16T02:40:02.547Z  [API  ]  GET https://api.github.com/repos/lottiefiles/dotlottie-flutter
2026-09-16T02:40:02.547Z  [API  ]  GET https://api.github.com/repos/lottiefiles/dotlottie-flutter/issues?state=closed&since=2026-06-18T02:40:02.547Z&per_page=100
2026-09-16T02:40:02.547Z  [API  ]  GET https://api.github.com/repos/lottiefiles/dotlottie-flutter/pulls?state=closed&per_page=100
2026-09-16T02:40:02.547Z  [API  ]  GET https://api.github.com/repos/lottiefiles/dotlottie-flutter/issues?state=open&sort=comments&direction=desc&per_page=50
2026-09-16T02:40:02.547Z  [API  ]  GET https://api.github.com/repos/lottiefiles/dotlottie-flutter/pulls?state=open&per_page=100
2026-09-16T02:40:02.755Z  [CACHE]  MISS gh.flutter.packages
2026-09-16T02:40:02.755Z  [API  ]  GET https://api.github.com/repos/flutter/packages
2026-09-16T02:40:02.755Z  [API  ]  GET https://api.github.com/repos/flutter/packages/issues?state=closed&since=2026-06-18T02:40:02.755Z&per_page=100
2026-09-16T02:40:02.755Z  [API  ]  GET https://api.github.com/repos/flutter/packages/pulls?state=closed&per_page=100
2026-09-16T02:40:02.755Z  [API  ]  GET https://api.github.com/repos/flutter/packages/issues?state=open&sort=comments&direction=desc&per_page=50
2026-09-16T02:40:02.755Z  [API  ]  GET https://api.github.com/repos/flutter/packages/pulls?state=open&per_page=100
2026-09-16T02:40:03.061Z  [CACHE]  MISS gh.xuelongqy.flutter_easy_refresh
2026-09-16T02:40:03.061Z  [API  ]  GET https://api.github.com/repos/xuelongqy/flutter_easy_refresh
2026-09-16T02:40:03.061Z  [API  ]  GET https://api.github.com/repos/xuelongqy/flutter_easy_refresh/issues?state=closed&since=2026-06-18T02:40:03.061Z&per_page=100
2026-09-16T02:40:03.061Z  [API  ]  GET https://api.github.com/repos/xuelongqy/flutter_easy_refresh/pulls?state=closed&per_page=100
2026-09-16T02:40:03.061Z  [API  ]  GET https://api.github.com/repos/xuelongqy/flutter_easy_refresh/issues?state=open&sort=comments&direction=desc&per_page=50
2026-09-16T02:40:03.061Z  [API  ]  GET https://api.github.com/repos/xuelongqy/flutter_easy_refresh/pulls?state=open&per_page=100
2026-09-16T02:40:03.075Z  [CACHE]  MISS gh.flutter.packages
2026-09-16T02:40:03.075Z  [API  ]  GET https://api.github.com/repos/flutter/packages
2026-09-16T02:40:03.075Z  [API  ]  GET https://api.github.com/repos/flutter/packages/issues?state=closed&since=2026-06-18T02:40:03.075Z&per_page=100
2026-09-16T02:40:03.075Z  [API  ]  GET https://api.github.com/repos/flutter/packages/pulls?state=closed&per_page=100
2026-09-16T02:40:03.075Z  [API  ]  GET https://api.github.com/repos/flutter/packages/issues?state=open&sort=comments&direction=desc&per_page=50
2026-09-16T02:40:03.075Z  [API  ]  GET https://api.github.com/repos/flutter/packages/pulls?state=open&per_page=100
2026-09-16T02:40:04.059Z  [API  ]  200 OK (1962ms)
2026-09-16T02:40:04.059Z  [API  ]  200 OK (1962ms)
2026-09-16T02:40:04.059Z  [API  ]  200 OK (1962ms)
2026-09-16T02:40:04.059Z  [API  ]  200 OK (1962ms)
2026-09-16T02:40:04.059Z  [API  ]  200 OK (1962ms)
2026-09-16T02:40:04.325Z  [API  ]  200 OK (1570ms)
2026-09-16T02:40:04.325Z  [API  ]  200 OK (1570ms)
2026-09-16T02:40:04.325Z  [API  ]  200 OK (1570ms)
2026-09-16T02:40:04.325Z  [API  ]  200 OK (1570ms)
2026-09-16T02:40:04.325Z  [API  ]  200 OK (1570ms)
2026-09-16T02:40:04.422Z  [API  ]  200 OK (1347ms)
2026-09-16T02:40:04.422Z  [API  ]  200 OK (1347ms)
2026-09-16T02:40:04.422Z  [API  ]  200 OK (1347ms)
2026-09-16T02:40:04.422Z  [API  ]  200 OK (1347ms)
2026-09-16T02:40:04.422Z  [API  ]  200 OK (1347ms)
2026-09-16T02:40:04.463Z  [API  ]  200 OK (1916ms)
2026-09-16T02:40:04.463Z  [API  ]  200 OK (1916ms)
2026-09-16T02:40:04.463Z  [API  ]  200 OK (1916ms)
2026-09-16T02:40:04.463Z  [API  ]  200 OK (1916ms)
2026-09-16T02:40:04.463Z  [API  ]  200 OK (1916ms)
2026-09-16T02:40:04.553Z  [CACHE]  MISS pub.archiveSize.dio
2026-09-16T02:40:04.555Z  [API  ]  HEAD https://pub.dev/api/archives/dio-5.11.1.tar.gz
2026-09-16T02:40:04.559Z  [CACHE]  MISS pub.tarball.2bd9gk
2026-09-16T02:40:04.559Z  [API  ]  GET https://pub.dev/api/archives/dio-5.11.1.tar.gz
2026-09-16T02:40:04.609Z  [API  ]  200 OK (54ms)
2026-09-16T02:40:04.643Z  [API  ]  200 OK (84ms)
2026-09-16T02:40:04.676Z  [CACHE]  MISS pub.archiveSize.dotlottie_flutter
2026-09-16T02:40:04.676Z  [API  ]  GET https://pub.dev/api/packages/dotlottie_flutter
2026-09-16T02:40:04.678Z  [API  ]  GET https://pub.dev/api/packages/dotlottie_flutter
2026-09-16T02:40:04.735Z  [API  ]  200 OK (57ms)
2026-09-16T02:40:04.736Z  [CACHE]  MISS pub.tarball.a0rknv
2026-09-16T02:40:04.736Z  [API  ]  GET https://pub.dev/api/archives/dotlottie_flutter-0.1.7.tar.gz
2026-09-16T02:40:04.874Z  [API  ]  200 OK (198ms)
2026-09-16T02:40:04.875Z  [API  ]  HEAD https://pub.dev/api/archives/dotlottie_flutter-0.1.7.tar.gz
2026-09-16T02:40:04.902Z  [CACHE]  MISS pub.archiveSize.cupertino_icons
2026-09-16T02:40:04.902Z  [API  ]  GET https://pub.dev/api/packages/cupertino_icons
2026-09-16T02:40:04.904Z  [API  ]  GET https://pub.dev/api/packages/cupertino_icons
2026-09-16T02:40:04.941Z  [API  ]  200 OK (37ms)
2026-09-16T02:40:04.944Z  [CACHE]  MISS pub.tarball.oijvck
2026-09-16T02:40:04.944Z  [API  ]  GET https://pub.dev/api/archives/cupertino_icons-1.0.9.tar.gz
2026-09-16T02:40:04.949Z  [API  ]  200 OK (47ms)
2026-09-16T02:40:04.969Z  [API  ]  HEAD https://pub.dev/api/archives/cupertino_icons-1.0.9.tar.gz
2026-09-16T02:40:05.017Z  [API  ]  200 OK (48ms)
2026-09-16T02:40:05.017Z  [API  ]  200 OK (73ms)
2026-09-16T02:40:05.075Z  [API  ]  200 OK (2014ms)
2026-09-16T02:40:05.075Z  [API  ]  200 OK (2014ms)
2026-09-16T02:40:05.075Z  [API  ]  200 OK (2014ms)
2026-09-16T02:40:05.075Z  [API  ]  200 OK (2014ms)
2026-09-16T02:40:05.075Z  [API  ]  200 OK (2014ms)
2026-09-16T02:40:05.125Z  [API  ]  200 OK (250ms)
2026-09-16T02:40:05.155Z  [CACHE]  MISS pub.archiveSize.flutter_lints
2026-09-16T02:40:05.157Z  [API  ]  HEAD https://pub.dev/api/archives/flutter_lints-6.0.0.tar.gz
2026-09-16T02:40:05.161Z  [CACHE]  MISS pub.tarball.z7ll8h
2026-09-16T02:40:05.161Z  [API  ]  GET https://pub.dev/api/archives/flutter_lints-6.0.0.tar.gz
2026-09-16T02:40:05.352Z  [API  ]  200 OK (2849ms)
2026-09-16T02:40:05.352Z  [API  ]  200 OK (2849ms)
2026-09-16T02:40:05.352Z  [API  ]  200 OK (2849ms)
2026-09-16T02:40:05.352Z  [API  ]  200 OK (2849ms)
2026-09-16T02:40:05.352Z  [API  ]  200 OK (2849ms)
2026-09-16T02:40:05.495Z  [API  ]  200 OK (334ms)
2026-09-16T02:40:05.498Z  [API  ]  200 OK (341ms)
2026-09-16T02:40:05.531Z  [SCORE]  dio → 84.8 (vibrant) [rv=87 eg=59.49315068493151 pop=100 pt=-5 pq=10]
2026-09-16T02:40:05.532Z  [INFO ]  [7/14] flutter_native_splash
2026-09-16T02:40:05.532Z  [INFO ]  Known issue: active
2026-09-16T02:40:05.532Z  [CACHE]  MISS pub.info.flutter_native_splash
2026-09-16T02:40:05.532Z  [API  ]  GET https://pub.dev/api/packages/flutter_native_splash
2026-09-16T02:40:05.537Z  [CACHE]  MISS pub.metrics.flutter_native_splash
2026-09-16T02:40:05.537Z  [API  ]  GET https://pub.dev/api/packages/flutter_native_splash/metrics
2026-09-16T02:40:05.543Z  [API  ]  GET https://pub.dev/api/packages/flutter_native_splash/score
2026-09-16T02:40:05.547Z  [CACHE]  HIT  pub.publisher.flutter_native_splash
2026-09-16T02:40:05.547Z  [CACHE]  MISS pub.reverseDeps.flutter_native_splash
2026-09-16T02:40:05.547Z  [API  ]  GET https://pub.dev/packages?q=dependency%3Aflutter_native_splash
2026-09-16T02:40:05.599Z  [SCORE]  cupertino_icons → 62.5 (stable) [rv=50 eg=50 pop=100 pt=-5 pq=10]
2026-09-16T02:40:05.599Z  [INFO ]  [8/14] flutter_riverpod
2026-09-16T02:40:05.599Z  [INFO ]  Known issue: active
2026-09-16T02:40:05.599Z  [CACHE]  MISS pub.info.flutter_riverpod
2026-09-16T02:40:05.599Z  [API  ]  GET https://pub.dev/api/packages/flutter_riverpod
2026-09-16T02:40:05.602Z  [CACHE]  MISS pub.metrics.flutter_riverpod
2026-09-16T02:40:05.602Z  [API  ]  GET https://pub.dev/api/packages/flutter_riverpod/metrics
2026-09-16T02:40:05.605Z  [API  ]  GET https://pub.dev/api/packages/flutter_riverpod/score
2026-09-16T02:40:05.609Z  [CACHE]  HIT  pub.publisher.flutter_riverpod
2026-09-16T02:40:05.609Z  [CACHE]  MISS pub.reverseDeps.flutter_riverpod
2026-09-16T02:40:05.609Z  [API  ]  GET https://pub.dev/packages?q=dependency%3Aflutter_riverpod
2026-09-16T02:40:05.746Z  [API  ]  200 OK (1010ms)
2026-09-16T02:40:05.818Z  [SCORE]  flutter_lints → 62.5 (stable) [rv=50 eg=50 pop=100 pt=-5 pq=10]
2026-09-16T02:40:05.818Z  [INFO ]  [9/14] go_router
2026-09-16T02:40:05.818Z  [INFO ]  Known issue: active
2026-09-16T02:40:05.818Z  [CACHE]  MISS pub.info.go_router
2026-09-16T02:40:05.818Z  [API  ]  GET https://pub.dev/api/packages/go_router
2026-09-16T02:40:05.822Z  [CACHE]  MISS pub.metrics.go_router
2026-09-16T02:40:05.822Z  [API  ]  GET https://pub.dev/api/packages/go_router/metrics
2026-09-16T02:40:05.826Z  [API  ]  GET https://pub.dev/api/packages/go_router/score
2026-09-16T02:40:05.828Z  [CACHE]  HIT  pub.publisher.go_router
2026-09-16T02:40:05.828Z  [CACHE]  MISS pub.reverseDeps.go_router
2026-09-16T02:40:05.828Z  [API  ]  GET https://pub.dev/packages?q=dependency%3Ago_router
2026-09-16T02:40:05.921Z  [API  ]  200 OK (384ms)
2026-09-16T02:40:05.969Z  [API  ]  200 OK (360ms)
2026-09-16T02:40:05.980Z  [API  ]  200 OK (433ms)
2026-09-16T02:40:06.047Z  [API  ]  200 OK (515ms)
2026-09-16T02:40:06.053Z  [CACHE]  MISS pub.archiveSize.easy_refresh
2026-09-16T02:40:06.058Z  [API  ]  HEAD https://pub.dev/api/archives/easy_refresh-3.5.1.tar.gz
2026-09-16T02:40:06.061Z  [CACHE]  MISS pub.tarball.64u0ab
2026-09-16T02:40:06.061Z  [API  ]  GET https://pub.dev/api/archives/easy_refresh-3.5.1.tar.gz
2026-09-16T02:40:06.114Z  [CACHE]  MISS pub.archiveSize.flutter_launcher_icons
2026-09-16T02:40:06.114Z  [API  ]  GET https://pub.dev/api/packages/flutter_launcher_icons
2026-09-16T02:40:06.118Z  [API  ]  GET https://pub.dev/api/packages/flutter_launcher_icons
2026-09-16T02:40:06.191Z  [API  ]  200 OK (133ms)
2026-09-16T02:40:06.192Z  [API  ]  200 OK (131ms)
2026-09-16T02:40:06.197Z  [API  ]  200 OK (83ms)
2026-09-16T02:40:06.198Z  [API  ]  200 OK (593ms)
2026-09-16T02:40:06.198Z  [API  ]  200 OK (80ms)
2026-09-16T02:40:06.220Z  [API  ]  HEAD https://pub.dev/api/archives/flutter_launcher_icons-0.14.4.tar.gz
2026-09-16T02:40:06.245Z  [CACHE]  MISS pub.tarball.mbw4oz
2026-09-16T02:40:06.245Z  [API  ]  GET https://pub.dev/api/archives/flutter_launcher_icons-0.14.4.tar.gz
2026-09-16T02:40:06.261Z  [API  ]  200 OK (433ms)
2026-09-16T02:40:06.312Z  [API  ]  200 OK (490ms)
2026-09-16T02:40:06.322Z  [API  ]  200 OK (77ms)
2026-09-16T02:40:06.445Z  [API  ]  200 OK (902ms)
2026-09-16T02:40:06.476Z  [API  ]  200 OK (877ms)
2026-09-16T02:40:06.477Z  [API  ]  200 OK (651ms)
2026-09-16T02:40:06.478Z  [API  ]  200 OK (876ms)
2026-09-16T02:40:06.549Z  [API  ]  200 OK (329ms)
2026-09-16T02:40:06.587Z  [SCORE]  easy_refresh → 35.7 (outdated) [rv=1 eg=48.888888888888886 pop=87.555 pt=-5 pq=9.375]
2026-09-16T02:40:06.587Z  [INFO ]  [10/14] lottie
2026-09-16T02:40:06.587Z  [INFO ]  Known issue: active
2026-09-16T02:40:06.587Z  [CACHE]  MISS pub.info.lottie
2026-09-16T02:40:06.587Z  [API  ]  GET https://pub.dev/api/packages/lottie
2026-09-16T02:40:06.590Z  [CACHE]  MISS pub.metrics.lottie
2026-09-16T02:40:06.590Z  [API  ]  GET https://pub.dev/api/packages/lottie/metrics
2026-09-16T02:40:06.593Z  [API  ]  GET https://pub.dev/api/packages/lottie/score
2026-09-16T02:40:06.595Z  [CACHE]  HIT  pub.publisher.lottie
2026-09-16T02:40:06.595Z  [CACHE]  MISS pub.reverseDeps.lottie
2026-09-16T02:40:06.595Z  [API  ]  GET https://pub.dev/packages?q=dependency%3Alottie
2026-09-16T02:40:06.690Z  [API  ]  200 OK (872ms)
2026-09-16T02:40:06.764Z  [SCORE]  flutter_launcher_icons → 6.2 (outdated) [rv=0 eg=0 pop=68.065 pt=-5 pq=9.375]
2026-09-16T02:40:06.764Z  [INFO ]  [11/14] riverpod
2026-09-16T02:40:06.764Z  [CACHE]  MISS pub.info.riverpod
2026-09-16T02:40:06.764Z  [API  ]  GET https://pub.dev/api/packages/riverpod
2026-09-16T02:40:06.767Z  [CACHE]  MISS pub.metrics.riverpod
2026-09-16T02:40:06.767Z  [API  ]  GET https://pub.dev/api/packages/riverpod/metrics
2026-09-16T02:40:06.770Z  [API  ]  GET https://pub.dev/api/packages/riverpod/score
2026-09-16T02:40:06.773Z  [CACHE]  HIT  pub.publisher.riverpod
2026-09-16T02:40:06.773Z  [CACHE]  MISS pub.reverseDeps.riverpod
2026-09-16T02:40:06.773Z  [API  ]  GET https://pub.dev/packages?q=dependency%3Ariverpod
2026-09-16T02:40:06.814Z  [CACHE]  MISS gh.jonbhanson.flutter_native_splash
2026-09-16T02:40:06.814Z  [API  ]  GET https://api.github.com/repos/jonbhanson/flutter_native_splash
2026-09-16T02:40:06.814Z  [API  ]  GET https://api.github.com/repos/jonbhanson/flutter_native_splash/issues?state=closed&since=2026-06-18T02:40:06.814Z&per_page=100
2026-09-16T02:40:06.814Z  [API  ]  GET https://api.github.com/repos/jonbhanson/flutter_native_splash/pulls?state=closed&per_page=100
2026-09-16T02:40:06.814Z  [API  ]  GET https://api.github.com/repos/jonbhanson/flutter_native_splash/issues?state=open&sort=comments&direction=desc&per_page=50
2026-09-16T02:40:06.814Z  [API  ]  GET https://api.github.com/repos/jonbhanson/flutter_native_splash/pulls?state=open&per_page=100
2026-09-16T02:40:06.924Z  [API  ]  200 OK (331ms)
2026-09-16T02:40:06.925Z  [API  ]  200 OK (335ms)
2026-09-16T02:40:06.993Z  [API  ]  200 OK (398ms)
2026-09-16T02:40:07.059Z  [API  ]  200 OK (292ms)
2026-09-16T02:40:07.093Z  [API  ]  200 OK (323ms)
2026-09-16T02:40:07.139Z  [API  ]  200 OK (366ms)
2026-09-16T02:40:07.140Z  [API  ]  200 OK (553ms)
2026-09-16T02:40:07.141Z  [CACHE]  MISS gh.rrousselGit.riverpod
2026-09-16T02:40:07.141Z  [API  ]  GET https://api.github.com/repos/rrousselGit/riverpod
2026-09-16T02:40:07.141Z  [API  ]  GET https://api.github.com/repos/rrousselGit/riverpod/issues?state=closed&since=2026-06-18T02:40:07.141Z&per_page=100
2026-09-16T02:40:07.141Z  [API  ]  GET https://api.github.com/repos/rrousselGit/riverpod/pulls?state=closed&per_page=100
2026-09-16T02:40:07.141Z  [API  ]  GET https://api.github.com/repos/rrousselGit/riverpod/issues?state=open&sort=comments&direction=desc&per_page=50
2026-09-16T02:40:07.141Z  [API  ]  GET https://api.github.com/repos/rrousselGit/riverpod/pulls?state=open&per_page=100
2026-09-16T02:40:07.549Z  [API  ]  200 OK (785ms)
2026-09-16T02:40:07.549Z  [CACHE]  HIT  gh.flutter.packages
2026-09-16T02:40:07.550Z  [SCORE]  dotlottie_flutter → 67.6 (stable) [rv=52 eg=71.02739726027397 pop=44.04 pt=-5 pq=8.75]
2026-09-16T02:40:07.550Z  [CACHE]  MISS pub.archiveSize.go_router
2026-09-16T02:40:07.555Z  [INFO ]  [12/14] saropa_lints
2026-09-16T02:40:07.555Z  [CACHE]  MISS pub.info.saropa_lints
2026-09-16T02:40:07.555Z  [API  ]  GET https://pub.dev/api/packages/saropa_lints
2026-09-16T02:40:07.559Z  [CACHE]  MISS pub.metrics.saropa_lints
2026-09-16T02:40:07.559Z  [API  ]  GET https://pub.dev/api/packages/saropa_lints/metrics
2026-09-16T02:40:07.562Z  [API  ]  GET https://pub.dev/api/packages/saropa_lints/score
2026-09-16T02:40:07.565Z  [CACHE]  HIT  pub.publisher.saropa_lints
2026-09-16T02:40:07.565Z  [CACHE]  MISS pub.reverseDeps.saropa_lints
2026-09-16T02:40:07.565Z  [API  ]  GET https://pub.dev/packages?q=dependency%3Asaropa_lints
2026-09-16T02:40:07.568Z  [API  ]  HEAD https://pub.dev/api/archives/go_router-18.0.1.tar.gz
2026-09-16T02:40:07.571Z  [CACHE]  MISS pub.tarball.hidihu
2026-09-16T02:40:07.571Z  [API  ]  GET https://pub.dev/api/archives/go_router-18.0.1.tar.gz
2026-09-16T02:40:07.624Z  [API  ]  200 OK (53ms)
2026-09-16T02:40:07.626Z  [API  ]  200 OK (58ms)
2026-09-16T02:40:07.832Z  [API  ]  200 OK (277ms)
2026-09-16T02:40:07.875Z  [API  ]  200 OK (316ms)
2026-09-16T02:40:07.875Z  [API  ]  200 OK (310ms)
2026-09-16T02:40:08.669Z  [API  ]  200 OK (1528ms)
2026-09-16T02:40:08.669Z  [API  ]  200 OK (1528ms)
2026-09-16T02:40:08.669Z  [API  ]  200 OK (1528ms)
2026-09-16T02:40:08.669Z  [API  ]  200 OK (1528ms)
2026-09-16T02:40:08.669Z  [API  ]  200 OK (1528ms)
2026-09-16T02:40:08.676Z  [API  ]  200 OK (1862ms)
2026-09-16T02:40:08.676Z  [API  ]  200 OK (1862ms)
2026-09-16T02:40:08.676Z  [API  ]  200 OK (1862ms)
2026-09-16T02:40:08.676Z  [API  ]  200 OK (1862ms)
2026-09-16T02:40:08.676Z  [API  ]  200 OK (1862ms)
2026-09-16T02:40:08.680Z  [API  ]  200 OK (1118ms)
2026-09-16T02:40:08.741Z  [CACHE]  MISS gh.xvrh.lottie-flutter
2026-09-16T02:40:08.741Z  [API  ]  GET https://api.github.com/repos/xvrh/lottie-flutter
2026-09-16T02:40:08.741Z  [API  ]  GET https://api.github.com/repos/xvrh/lottie-flutter/issues?state=closed&since=2026-06-18T02:40:08.741Z&per_page=100
2026-09-16T02:40:08.741Z  [API  ]  GET https://api.github.com/repos/xvrh/lottie-flutter/pulls?state=closed&per_page=100
2026-09-16T02:40:08.741Z  [API  ]  GET https://api.github.com/repos/xvrh/lottie-flutter/issues?state=open&sort=comments&direction=desc&per_page=50
2026-09-16T02:40:08.741Z  [API  ]  GET https://api.github.com/repos/xvrh/lottie-flutter/pulls?state=open&per_page=100
2026-09-16T02:40:09.066Z  [SCORE]  go_router → 69.1 (stable) [rv=50 eg=50 pop=96.875 pt=-5 pq=9.375]
2026-09-16T02:40:09.066Z  [INFO ]  [13/14] vector_graphics
2026-09-16T02:40:09.066Z  [CACHE]  MISS pub.info.vector_graphics
2026-09-16T02:40:09.066Z  [API  ]  GET https://pub.dev/api/packages/vector_graphics
2026-09-16T02:40:09.069Z  [CACHE]  MISS pub.metrics.vector_graphics
2026-09-16T02:40:09.069Z  [API  ]  GET https://pub.dev/api/packages/vector_graphics/metrics
2026-09-16T02:40:09.073Z  [API  ]  GET https://pub.dev/api/packages/vector_graphics/score
2026-09-16T02:40:09.076Z  [CACHE]  HIT  pub.publisher.vector_graphics
2026-09-16T02:40:09.076Z  [CACHE]  MISS pub.reverseDeps.vector_graphics
2026-09-16T02:40:09.076Z  [API  ]  GET https://pub.dev/packages?q=dependency%3Avector_graphics
2026-09-16T02:40:09.326Z  [API  ]  200 OK (253ms)
2026-09-16T02:40:09.351Z  [API  ]  200 OK (282ms)
2026-09-16T02:40:09.404Z  [CACHE]  MISS pub.archiveSize.flutter_native_splash
2026-09-16T02:40:09.404Z  [API  ]  GET https://pub.dev/api/packages/flutter_native_splash
2026-09-16T02:40:09.409Z  [API  ]  GET https://pub.dev/api/packages/flutter_native_splash
2026-09-16T02:40:09.446Z  [CACHE]  MISS gh.rrousselGit.riverpod
2026-09-16T02:40:09.446Z  [API  ]  GET https://api.github.com/repos/rrousselGit/riverpod
2026-09-16T02:40:09.446Z  [API  ]  GET https://api.github.com/repos/rrousselGit/riverpod/issues?state=closed&since=2026-06-18T02:40:09.446Z&per_page=100
2026-09-16T02:40:09.446Z  [API  ]  GET https://api.github.com/repos/rrousselGit/riverpod/pulls?state=closed&per_page=100
2026-09-16T02:40:09.446Z  [API  ]  GET https://api.github.com/repos/rrousselGit/riverpod/issues?state=open&sort=comments&direction=desc&per_page=50
2026-09-16T02:40:09.446Z  [API  ]  GET https://api.github.com/repos/rrousselGit/riverpod/pulls?state=open&per_page=100
2026-09-16T02:40:09.469Z  [API  ]  200 OK (60ms)
2026-09-16T02:40:09.478Z  [CACHE]  MISS pub.tarball.rd9yvs
2026-09-16T02:40:09.478Z  [API  ]  GET https://pub.dev/api/archives/flutter_native_splash-2.4.8.tar.gz
2026-09-16T02:40:09.483Z  [API  ]  200 OK (79ms)
2026-09-16T02:40:09.489Z  [API  ]  HEAD https://pub.dev/api/archives/flutter_native_splash-2.4.8.tar.gz
2026-09-16T02:40:09.550Z  [API  ]  200 OK (72ms)
2026-09-16T02:40:09.652Z  [API  ]  200 OK (163ms)
2026-09-16T02:40:09.653Z  [API  ]  200 OK (577ms)
2026-09-16T02:40:09.697Z  [CACHE]  MISS pub.archiveSize.flutter_riverpod
2026-09-16T02:40:09.699Z  [API  ]  HEAD https://pub.dev/api/archives/flutter_riverpod-3.4.3.tar.gz
2026-09-16T02:40:09.702Z  [CACHE]  MISS pub.tarball.avcp9u
2026-09-16T02:40:09.702Z  [API  ]  GET https://pub.dev/api/archives/flutter_riverpod-3.4.3.tar.gz
2026-09-16T02:40:09.811Z  [API  ]  200 OK (109ms)
2026-09-16T02:40:09.842Z  [CACHE]  MISS gh.saropa.saropa_lints
2026-09-16T02:40:09.842Z  [API  ]  GET https://api.github.com/repos/saropa/saropa_lints
2026-09-16T02:40:09.842Z  [API  ]  GET https://api.github.com/repos/saropa/saropa_lints/issues?state=closed&since=2026-06-18T02:40:09.842Z&per_page=100
2026-09-16T02:40:09.842Z  [API  ]  GET https://api.github.com/repos/saropa/saropa_lints/pulls?state=closed&per_page=100
2026-09-16T02:40:09.842Z  [API  ]  GET https://api.github.com/repos/saropa/saropa_lints/issues?state=open&sort=comments&direction=desc&per_page=50
2026-09-16T02:40:09.842Z  [API  ]  GET https://api.github.com/repos/saropa/saropa_lints/pulls?state=open&per_page=100
2026-09-16T02:40:09.896Z  [API  ]  200 OK (1155ms)
2026-09-16T02:40:09.896Z  [API  ]  200 OK (1155ms)
2026-09-16T02:40:09.896Z  [API  ]  200 OK (1155ms)
2026-09-16T02:40:09.896Z  [API  ]  200 OK (1155ms)
2026-09-16T02:40:09.896Z  [API  ]  200 OK (1155ms)
2026-09-16T02:40:09.918Z  [API  ]  200 OK (852ms)
2026-09-16T02:40:09.935Z  [SCORE]  flutter_native_splash → 64.6 (stable) [rv=70.13698630136986 eg=35.06849315068493 pop=61.595 pt=-5 pq=9.375]
2026-09-16T02:40:09.935Z  [INFO ]  [14/14] vector_graphics_compiler
2026-09-16T02:40:09.935Z  [CACHE]  MISS pub.info.vector_graphics_compiler
2026-09-16T02:40:09.935Z  [API  ]  GET https://pub.dev/api/packages/vector_graphics_compiler
2026-09-16T02:40:09.938Z  [CACHE]  MISS pub.metrics.vector_graphics_compiler
2026-09-16T02:40:09.938Z  [API  ]  GET https://pub.dev/api/packages/vector_graphics_compiler/metrics
2026-09-16T02:40:09.941Z  [API  ]  GET https://pub.dev/api/packages/vector_graphics_compiler/score
2026-09-16T02:40:09.944Z  [CACHE]  HIT  pub.publisher.vector_graphics_compiler
2026-09-16T02:40:09.944Z  [CACHE]  MISS pub.reverseDeps.vector_graphics_compiler
2026-09-16T02:40:09.944Z  [API  ]  GET https://pub.dev/packages?q=dependency%3Avector_graphics_compiler
2026-09-16T02:40:09.969Z  [API  ]  403 rate limit exceeded (127ms)
2026-09-16T02:40:09.969Z  [API  ]  403 rate limit exceeded (127ms)
2026-09-16T02:40:09.969Z  [API  ]  403 rate limit exceeded (127ms)
2026-09-16T02:40:09.969Z  [API  ]  403 rate limit exceeded (127ms)
2026-09-16T02:40:09.969Z  [API  ]  403 rate limit exceeded (127ms)
2026-09-16T02:40:09.973Z  [CACHE]  MISS pub.archiveSize.saropa_lints
2026-09-16T02:40:09.973Z  [API  ]  GET https://pub.dev/api/packages/saropa_lints
2026-09-16T02:40:09.976Z  [API  ]  GET https://pub.dev/api/packages/saropa_lints
2026-09-16T02:40:10.033Z  [API  ]  200 OK (60ms)
2026-09-16T02:40:10.037Z  [API  ]  200 OK (61ms)
2026-09-16T02:40:10.068Z  [API  ]  200 OK (369ms)
2026-09-16T02:40:10.106Z  [API  ]  HEAD https://pub.dev/api/archives/saropa_lints-16.2.1.tar.gz
2026-09-16T02:40:10.171Z  [API  ]  200 OK (236ms)
2026-09-16T02:40:10.176Z  [CACHE]  MISS pub.tarball.2zb15f
2026-09-16T02:40:10.176Z  [API  ]  GET https://pub.dev/api/archives/saropa_lints-16.2.1.tar.gz
2026-09-16T02:40:10.211Z  [API  ]  200 OK (273ms)
2026-09-16T02:40:10.262Z  [API  ]  200 OK (321ms)
2026-09-16T02:40:10.464Z  [CACHE]  MISS pub.archiveSize.lottie
2026-09-16T02:40:10.464Z  [API  ]  GET https://pub.dev/api/packages/lottie
2026-09-16T02:40:10.467Z  [API  ]  GET https://pub.dev/api/packages/lottie
2026-09-16T02:40:10.494Z  [API  ]  200 OK (1048ms)
2026-09-16T02:40:10.494Z  [API  ]  200 OK (1048ms)
2026-09-16T02:40:10.494Z  [API  ]  200 OK (1048ms)
2026-09-16T02:40:10.494Z  [API  ]  200 OK (1048ms)
2026-09-16T02:40:10.494Z  [API  ]  200 OK (1048ms)
2026-09-16T02:40:10.495Z  [API  ]  200 OK (389ms)
2026-09-16T02:40:10.576Z  [API  ]  200 OK (109ms)
2026-09-16T02:40:10.577Z  [API  ]  200 OK (113ms)
2026-09-16T02:40:10.578Z  [API  ]  200 OK (634ms)
2026-09-16T02:40:10.621Z  [API  ]  200 OK (445ms)
2026-09-16T02:40:10.696Z  [SCORE]  flutter_riverpod → 85 (vibrant) [rv=99 eg=65.88888888888889 pop=93.75 pt=-5 pq=8.75]
2026-09-16T02:40:10.735Z  [CACHE]  HIT  gh.flutter.packages
2026-09-16T02:40:10.735Z  [CACHE]  MISS pub.archiveSize.vector_graphics
2026-09-16T02:40:10.739Z  [API  ]  HEAD https://pub.dev/api/archives/vector_graphics-1.2.3.tar.gz
2026-09-16T02:40:10.742Z  [CACHE]  MISS pub.tarball.4gehet
2026-09-16T02:40:10.742Z  [API  ]  GET https://pub.dev/api/archives/vector_graphics-1.2.3.tar.gz
2026-09-16T02:40:10.751Z  [CACHE]  MISS pub.tarball.4owc4s
2026-09-16T02:40:10.751Z  [API  ]  GET https://pub.dev/api/archives/lottie-3.5.1.tar.gz
2026-09-16T02:40:10.757Z  [API  ]  HEAD https://pub.dev/api/archives/lottie-3.5.1.tar.gz
2026-09-16T02:40:10.802Z  [API  ]  200 OK (60ms)
2026-09-16T02:40:10.806Z  [API  ]  200 OK (67ms)
2026-09-16T02:40:10.807Z  [API  ]  200 OK (50ms)
2026-09-16T02:40:10.808Z  [API  ]  200 OK (57ms)
2026-09-16T02:40:10.980Z  [CACHE]  HIT  gh.flutter.packages
2026-09-16T02:40:10.980Z  [CACHE]  MISS pub.archiveSize.vector_graphics_compiler
2026-09-16T02:40:10.983Z  [API  ]  HEAD https://pub.dev/api/archives/vector_graphics_compiler-1.3.0.tar.gz
2026-09-16T02:40:10.986Z  [CACHE]  MISS pub.tarball.wvjh21
2026-09-16T02:40:10.986Z  [API  ]  GET https://pub.dev/api/archives/vector_graphics_compiler-1.3.0.tar.gz
2026-09-16T02:40:11.036Z  [API  ]  200 OK (53ms)
2026-09-16T02:40:11.037Z  [API  ]  200 OK (51ms)
2026-09-16T02:40:11.195Z  [SCORE]  lottie → 61.3 (stable) [rv=46.5 eg=60.55555555555556 pop=62.95 pt=-5 pq=10]
2026-09-16T02:40:11.519Z  [CACHE]  MISS pub.archiveSize.riverpod
2026-09-16T02:40:11.523Z  [API  ]  HEAD https://pub.dev/api/archives/riverpod-3.4.3.tar.gz
2026-09-16T02:40:11.526Z  [CACHE]  MISS pub.tarball.nzfdv5
2026-09-16T02:40:11.526Z  [API  ]  GET https://pub.dev/api/archives/riverpod-3.4.3.tar.gz
2026-09-16T02:40:11.578Z  [SCORE]  vector_graphics → 64.1 (stable) [rv=50 eg=50 pop=96.875 pt=-5 pq=9.375]
2026-09-16T02:40:11.627Z  [API  ]  200 OK (104ms)
2026-09-16T02:40:11.888Z  [API  ]  200 OK (362ms)
2026-09-16T02:40:12.268Z  [SCORE]  vector_graphics_compiler → 61.6 (stable) [rv=50 eg=50 pop=96.875 pt=-5 pq=9.375]
2026-09-16T02:40:13.207Z  [SCORE]  saropa_lints → 82.7 (vibrant) [rv=98.08219178082192 eg=49.04109589041096 pop=46.875 pt=-5 pq=9.375]
2026-09-16T02:40:14.425Z  [SCORE]  riverpod → 86.9 (vibrant) [rv=99 eg=65.88888888888889 pop=100 pt=-5 pq=10]
2026-09-16T02:40:16.042Z  [ERROR]  Blocker analysis skipped — CLI commands failed — pub outdated: Command failed: dart pub outdated --json --transitive
Cannot specify both `--json` and `--transitive`
The json report always includes transitive dependencies.

Usage: dart pub outdated [options]
-h, --help                         Print this usage information.
    --[no-]dependency-overrides    Show resolutions with `dependency_overrides`.
                                   (defaults to on)
    --[no-]dev-dependencies        Take dev dependencies into account.
                                   (defaults to on)
    --json                         Output the results using a json format.
    --[no-]prereleases             Include prereleases in latest version.
    --[no-]show-all                Include dependencies that are already
                                   fulfilling --mode.
    --[no-]transitive              Show transitive dependencies.
                                   (defaults to on)
-C, --directory=<dir>              Run this in the directory <dir>.

Run "dart help" to see global options.
See https://dart.dev/tools/pub/cmd/pub-outdated for detailed documentation.

2026-09-16T02:40:16.600Z  [CACHE]  MISS pub.archiveSize.async
2026-09-16T02:40:16.600Z  [API  ]  GET https://pub.dev/api/packages/async
2026-09-16T02:40:16.602Z  [CACHE]  MISS pub.archiveSize.collection
2026-09-16T02:40:16.602Z  [API  ]  GET https://pub.dev/api/packages/collection
2026-09-16T02:40:16.604Z  [CACHE]  MISS pub.archiveSize.meta
2026-09-16T02:40:16.604Z  [API  ]  GET https://pub.dev/api/packages/meta
2026-09-16T02:40:16.606Z  [CACHE]  MISS pub.archiveSize.http_parser
2026-09-16T02:40:16.606Z  [API  ]  GET https://pub.dev/api/packages/http_parser
2026-09-16T02:40:16.608Z  [CACHE]  MISS pub.archiveSize.source_span
2026-09-16T02:40:16.608Z  [API  ]  GET https://pub.dev/api/packages/source_span
2026-09-16T02:40:16.610Z  [CACHE]  MISS pub.archiveSize.path
2026-09-16T02:40:16.610Z  [API  ]  GET https://pub.dev/api/packages/path
2026-09-16T02:40:16.611Z  [CACHE]  MISS pub.archiveSize.term_glyph
2026-09-16T02:40:16.611Z  [API  ]  GET https://pub.dev/api/packages/term_glyph
2026-09-16T02:40:16.613Z  [CACHE]  MISS pub.archiveSize.string_scanner
2026-09-16T02:40:16.613Z  [API  ]  GET https://pub.dev/api/packages/string_scanner
2026-09-16T02:40:16.615Z  [CACHE]  MISS pub.archiveSize.typed_data
2026-09-16T02:40:16.615Z  [API  ]  GET https://pub.dev/api/packages/typed_data
2026-09-16T02:40:16.617Z  [CACHE]  MISS pub.archiveSize.mime
2026-09-16T02:40:16.617Z  [API  ]  GET https://pub.dev/api/packages/mime
2026-09-16T02:40:16.618Z  [CACHE]  MISS pub.archiveSize.dio_web_adapter
2026-09-16T02:40:16.618Z  [API  ]  GET https://pub.dev/api/packages/dio_web_adapter
2026-09-16T02:40:16.620Z  [CACHE]  MISS pub.archiveSize.web
2026-09-16T02:40:16.620Z  [API  ]  GET https://pub.dev/api/packages/web
2026-09-16T02:40:16.622Z  [CACHE]  MISS pub.archiveSize.flutter
2026-09-16T02:40:16.622Z  [API  ]  GET https://pub.dev/api/packages/flutter
2026-09-16T02:40:16.623Z  [CACHE]  MISS pub.archiveSize.characters
2026-09-16T02:40:16.623Z  [API  ]  GET https://pub.dev/api/packages/characters
2026-09-16T02:40:16.625Z  [CACHE]  MISS pub.archiveSize.material_color_utilities
2026-09-16T02:40:16.625Z  [API  ]  GET https://pub.dev/api/packages/material_color_utilities
2026-09-16T02:40:16.627Z  [CACHE]  MISS pub.archiveSize.vector_math
2026-09-16T02:40:16.627Z  [API  ]  GET https://pub.dev/api/packages/vector_math
2026-09-16T02:40:16.628Z  [CACHE]  MISS pub.archiveSize.sky_engine
2026-09-16T02:40:16.628Z  [API  ]  GET https://pub.dev/api/packages/sky_engine
2026-09-16T02:40:16.631Z  [CACHE]  MISS pub.archiveSize.flutter_web_plugins
2026-09-16T02:40:16.631Z  [API  ]  GET https://pub.dev/api/packages/flutter_web_plugins
2026-09-16T02:40:16.634Z  [CACHE]  MISS pub.archiveSize.plugin_platform_interface
2026-09-16T02:40:16.634Z  [API  ]  GET https://pub.dev/api/packages/plugin_platform_interface
2026-09-16T02:40:16.637Z  [CACHE]  MISS pub.archiveSize.ffi
2026-09-16T02:40:16.637Z  [API  ]  GET https://pub.dev/api/packages/ffi
2026-09-16T02:40:16.640Z  [CACHE]  MISS pub.archiveSize.path_drawing
2026-09-16T02:40:16.640Z  [API  ]  GET https://pub.dev/api/packages/path_drawing
2026-09-16T02:40:16.643Z  [CACHE]  MISS pub.archiveSize.path_parsing
2026-09-16T02:40:16.643Z  [API  ]  GET https://pub.dev/api/packages/path_parsing
2026-09-16T02:40:16.646Z  [CACHE]  MISS pub.archiveSize.args
2026-09-16T02:40:16.646Z  [API  ]  GET https://pub.dev/api/packages/args
2026-09-16T02:40:16.648Z  [CACHE]  MISS pub.archiveSize.checked_yaml
2026-09-16T02:40:16.648Z  [API  ]  GET https://pub.dev/api/packages/checked_yaml
2026-09-16T02:40:16.649Z  [CACHE]  MISS pub.archiveSize.json_annotation
2026-09-16T02:40:16.649Z  [API  ]  GET https://pub.dev/api/packages/json_annotation
2026-09-16T02:40:16.651Z  [CACHE]  MISS pub.archiveSize.yaml
2026-09-16T02:40:16.651Z  [API  ]  GET https://pub.dev/api/packages/yaml
2026-09-16T02:40:16.652Z  [CACHE]  MISS pub.archiveSize.cli_util
2026-09-16T02:40:16.652Z  [API  ]  GET https://pub.dev/api/packages/cli_util
2026-09-16T02:40:16.654Z  [CACHE]  MISS pub.archiveSize.image
2026-09-16T02:40:16.654Z  [API  ]  GET https://pub.dev/api/packages/image
2026-09-16T02:40:16.656Z  [CACHE]  MISS pub.archiveSize.archive
2026-09-16T02:40:16.656Z  [API  ]  GET https://pub.dev/api/packages/archive
2026-09-16T02:40:16.657Z  [CACHE]  MISS pub.archiveSize.posix
2026-09-16T02:40:16.657Z  [API  ]  GET https://pub.dev/api/packages/posix
2026-09-16T02:40:16.659Z  [CACHE]  MISS pub.archiveSize.lints
2026-09-16T02:40:16.659Z  [API  ]  GET https://pub.dev/api/packages/lints
2026-09-16T02:40:16.661Z  [CACHE]  MISS pub.archiveSize.html
2026-09-16T02:40:16.661Z  [API  ]  GET https://pub.dev/api/packages/html
2026-09-16T02:40:16.662Z  [CACHE]  MISS pub.archiveSize.csslib
2026-09-16T02:40:16.662Z  [API  ]  GET https://pub.dev/api/packages/csslib
2026-09-16T02:40:16.664Z  [CACHE]  MISS pub.archiveSize.universal_io
2026-09-16T02:40:16.664Z  [API  ]  GET https://pub.dev/api/packages/universal_io
2026-09-16T02:40:16.666Z  [CACHE]  MISS pub.archiveSize.xml
2026-09-16T02:40:16.666Z  [API  ]  GET https://pub.dev/api/packages/xml
2026-09-16T02:40:16.667Z  [CACHE]  MISS pub.archiveSize.petitparser
2026-09-16T02:40:16.667Z  [API  ]  GET https://pub.dev/api/packages/petitparser
2026-09-16T02:40:16.669Z  [CACHE]  MISS pub.archiveSize.ansicolor
2026-09-16T02:40:16.669Z  [API  ]  GET https://pub.dev/api/packages/ansicolor
2026-09-16T02:40:16.671Z  [CACHE]  MISS pub.archiveSize.flutter_test
2026-09-16T02:40:16.671Z  [API  ]  GET https://pub.dev/api/packages/flutter_test
2026-09-16T02:40:16.675Z  [CACHE]  MISS pub.archiveSize.test_api
2026-09-16T02:40:16.675Z  [API  ]  GET https://pub.dev/api/packages/test_api
2026-09-16T02:40:16.676Z  [CACHE]  MISS pub.archiveSize.boolean_selector
2026-09-16T02:40:16.676Z  [API  ]  GET https://pub.dev/api/packages/boolean_selector
2026-09-16T02:40:16.678Z  [CACHE]  MISS pub.archiveSize.stack_trace
2026-09-16T02:40:16.678Z  [API  ]  GET https://pub.dev/api/packages/stack_trace
2026-09-16T02:40:16.680Z  [CACHE]  MISS pub.archiveSize.stream_channel
2026-09-16T02:40:16.680Z  [API  ]  GET https://pub.dev/api/packages/stream_channel
2026-09-16T02:40:16.683Z  [CACHE]  MISS pub.archiveSize.matcher
2026-09-16T02:40:16.683Z  [API  ]  GET https://pub.dev/api/packages/matcher
2026-09-16T02:40:16.686Z  [CACHE]  MISS pub.archiveSize.fake_async
2026-09-16T02:40:16.686Z  [API  ]  GET https://pub.dev/api/packages/fake_async
2026-09-16T02:40:16.689Z  [CACHE]  MISS pub.archiveSize.clock
2026-09-16T02:40:16.689Z  [API  ]  GET https://pub.dev/api/packages/clock
2026-09-16T02:40:16.693Z  [CACHE]  MISS pub.archiveSize.leak_tracker_flutter_testing
2026-09-16T02:40:16.693Z  [API  ]  GET https://pub.dev/api/packages/leak_tracker_flutter_testing
2026-09-16T02:40:16.695Z  [CACHE]  MISS pub.archiveSize.leak_tracker
2026-09-16T02:40:16.695Z  [API  ]  GET https://pub.dev/api/packages/leak_tracker
2026-09-16T02:40:16.697Z  [CACHE]  MISS pub.archiveSize.vm_service
2026-09-16T02:40:16.697Z  [API  ]  GET https://pub.dev/api/packages/vm_service
2026-09-16T02:40:16.699Z  [CACHE]  MISS pub.archiveSize.leak_tracker_testing
2026-09-16T02:40:16.699Z  [API  ]  GET https://pub.dev/api/packages/leak_tracker_testing
2026-09-16T02:40:16.700Z  [CACHE]  MISS pub.archiveSize.listen
2026-09-16T02:40:16.700Z  [API  ]  GET https://pub.dev/api/packages/listen
2026-09-16T02:40:16.702Z  [CACHE]  MISS pub.archiveSize.state_notifier
2026-09-16T02:40:16.702Z  [API  ]  GET https://pub.dev/api/packages/state_notifier
2026-09-16T02:40:16.703Z  [CACHE]  MISS pub.archiveSize.test
2026-09-16T02:40:16.703Z  [API  ]  GET https://pub.dev/api/packages/test
2026-09-16T02:40:16.705Z  [CACHE]  MISS pub.archiveSize.analyzer
2026-09-16T02:40:16.705Z  [API  ]  GET https://pub.dev/api/packages/analyzer
2026-09-16T02:40:16.707Z  [CACHE]  MISS pub.archiveSize._fe_analyzer_shared
2026-09-16T02:40:16.707Z  [API  ]  GET https://pub.dev/api/packages/_fe_analyzer_shared
2026-09-16T02:40:16.708Z  [CACHE]  MISS pub.archiveSize.convert
2026-09-16T02:40:16.708Z  [API  ]  GET https://pub.dev/api/packages/convert
2026-09-16T02:40:16.710Z  [CACHE]  MISS pub.archiveSize.crypto
2026-09-16T02:40:16.710Z  [API  ]  GET https://pub.dev/api/packages/crypto
2026-09-16T02:40:16.711Z  [CACHE]  MISS pub.archiveSize.glob
2026-09-16T02:40:16.711Z  [API  ]  GET https://pub.dev/api/packages/glob
2026-09-16T02:40:16.713Z  [CACHE]  MISS pub.archiveSize.file
2026-09-16T02:40:16.713Z  [API  ]  GET https://pub.dev/api/packages/file
2026-09-16T02:40:16.715Z  [CACHE]  MISS pub.archiveSize.package_config
2026-09-16T02:40:16.715Z  [API  ]  GET https://pub.dev/api/packages/package_config
2026-09-16T02:40:16.716Z  [CACHE]  MISS pub.archiveSize.pub_semver
2026-09-16T02:40:16.716Z  [API  ]  GET https://pub.dev/api/packages/pub_semver
2026-09-16T02:40:16.718Z  [CACHE]  MISS pub.archiveSize.watcher
2026-09-16T02:40:16.718Z  [API  ]  GET https://pub.dev/api/packages/watcher
2026-09-16T02:40:16.719Z  [CACHE]  MISS pub.archiveSize.coverage
2026-09-16T02:40:16.719Z  [API  ]  GET https://pub.dev/api/packages/coverage
2026-09-16T02:40:16.721Z  [CACHE]  MISS pub.archiveSize.cli_config
2026-09-16T02:40:16.721Z  [API  ]  GET https://pub.dev/api/packages/cli_config
2026-09-16T02:40:16.723Z  [CACHE]  MISS pub.archiveSize.logging
2026-09-16T02:40:16.723Z  [API  ]  GET https://pub.dev/api/packages/logging
2026-09-16T02:40:16.724Z  [CACHE]  MISS pub.archiveSize.source_maps
2026-09-16T02:40:16.724Z  [API  ]  GET https://pub.dev/api/packages/source_maps
2026-09-16T02:40:16.726Z  [CACHE]  MISS pub.archiveSize.http_multi_server
2026-09-16T02:40:16.726Z  [API  ]  GET https://pub.dev/api/packages/http_multi_server
2026-09-16T02:40:16.727Z  [CACHE]  MISS pub.archiveSize.io
2026-09-16T02:40:16.727Z  [API  ]  GET https://pub.dev/api/packages/io
2026-09-16T02:40:16.730Z  [CACHE]  MISS pub.archiveSize.node_preamble
2026-09-16T02:40:16.730Z  [API  ]  GET https://pub.dev/api/packages/node_preamble
2026-09-16T02:40:16.733Z  [CACHE]  MISS pub.archiveSize.pool
2026-09-16T02:40:16.733Z  [API  ]  GET https://pub.dev/api/packages/pool
2026-09-16T02:40:16.736Z  [CACHE]  MISS pub.archiveSize.shelf
2026-09-16T02:40:16.736Z  [API  ]  GET https://pub.dev/api/packages/shelf
2026-09-16T02:40:16.739Z  [CACHE]  MISS pub.archiveSize.shelf_packages_handler
2026-09-16T02:40:16.739Z  [API  ]  GET https://pub.dev/api/packages/shelf_packages_handler
2026-09-16T02:40:16.742Z  [CACHE]  MISS pub.archiveSize.shelf_static
2026-09-16T02:40:16.742Z  [API  ]  GET https://pub.dev/api/packages/shelf_static
2026-09-16T02:40:16.745Z  [CACHE]  MISS pub.archiveSize.shelf_web_socket
2026-09-16T02:40:16.745Z  [API  ]  GET https://pub.dev/api/packages/shelf_web_socket
2026-09-16T02:40:16.747Z  [CACHE]  MISS pub.archiveSize.web_socket_channel
2026-09-16T02:40:16.747Z  [API  ]  GET https://pub.dev/api/packages/web_socket_channel
2026-09-16T02:40:16.748Z  [CACHE]  MISS pub.archiveSize.web_socket
2026-09-16T02:40:16.749Z  [API  ]  GET https://pub.dev/api/packages/web_socket
2026-09-16T02:40:16.750Z  [CACHE]  MISS pub.archiveSize.test_core
2026-09-16T02:40:16.750Z  [API  ]  GET https://pub.dev/api/packages/test_core
2026-09-16T02:40:16.752Z  [CACHE]  MISS pub.archiveSize.frontend_server_client
2026-09-16T02:40:16.752Z  [API  ]  GET https://pub.dev/api/packages/frontend_server_client
2026-09-16T02:40:16.754Z  [CACHE]  MISS pub.archiveSize.source_map_stack_trace
2026-09-16T02:40:16.754Z  [API  ]  GET https://pub.dev/api/packages/source_map_stack_trace
2026-09-16T02:40:16.756Z  [CACHE]  MISS pub.archiveSize.webkit_inspection_protocol
2026-09-16T02:40:16.756Z  [API  ]  GET https://pub.dev/api/packages/webkit_inspection_protocol
2026-09-16T02:40:16.758Z  [CACHE]  MISS pub.archiveSize.uuid
2026-09-16T02:40:16.758Z  [API  ]  GET https://pub.dev/api/packages/uuid
2026-09-16T02:40:16.760Z  [CACHE]  MISS pub.archiveSize.fixnum
2026-09-16T02:40:16.760Z  [API  ]  GET https://pub.dev/api/packages/fixnum
2026-09-16T02:40:16.764Z  [CACHE]  MISS pub.archiveSize.cupertino_ui
2026-09-16T02:40:16.764Z  [API  ]  GET https://pub.dev/api/packages/cupertino_ui
2026-09-16T02:40:16.766Z  [CACHE]  MISS pub.archiveSize.flutter_localizations
2026-09-16T02:40:16.766Z  [API  ]  GET https://pub.dev/api/packages/flutter_localizations
2026-09-16T02:40:16.768Z  [CACHE]  MISS pub.archiveSize.intl
2026-09-16T02:40:16.768Z  [API  ]  GET https://pub.dev/api/packages/intl
2026-09-16T02:40:16.769Z  [CACHE]  MISS pub.archiveSize.material_ui
2026-09-16T02:40:16.769Z  [API  ]  GET https://pub.dev/api/packages/material_ui
2026-09-16T02:40:16.771Z  [CACHE]  MISS pub.archiveSize.http
2026-09-16T02:40:16.771Z  [API  ]  GET https://pub.dev/api/packages/http
2026-09-16T02:40:16.772Z  [CACHE]  MISS pub.archiveSize.analysis_server_plugin
2026-09-16T02:40:16.772Z  [API  ]  GET https://pub.dev/api/packages/analysis_server_plugin
2026-09-16T02:40:16.774Z  [CACHE]  MISS pub.archiveSize.analyzer_plugin
2026-09-16T02:40:16.774Z  [API  ]  GET https://pub.dev/api/packages/analyzer_plugin
2026-09-16T02:40:16.776Z  [CACHE]  MISS pub.archiveSize.dart_style
2026-09-16T02:40:16.776Z  [API  ]  GET https://pub.dev/api/packages/dart_style
2026-09-16T02:40:16.777Z  [CACHE]  MISS pub.archiveSize.yaml_edit
2026-09-16T02:40:16.777Z  [API  ]  GET https://pub.dev/api/packages/yaml_edit
2026-09-16T02:40:16.779Z  [CACHE]  MISS pub.archiveSize.vector_graphics_codec
2026-09-16T02:40:16.779Z  [API  ]  GET https://pub.dev/api/packages/vector_graphics_codec
2026-09-16T02:40:18.011Z  [API  ]  200 OK (1411ms)
2026-09-16T02:40:18.011Z  [API  ]  200 OK (1405ms)
2026-09-16T02:40:18.014Z  [API  ]  HEAD https://pub.dev/api/archives/http_parser-4.1.2.tar.gz
2026-09-16T02:40:18.018Z  [API  ]  HEAD https://pub.dev/api/archives/async-2.13.1.tar.gz
2026-09-16T02:40:18.077Z  [API  ]  200 OK (63ms)
2026-09-16T02:40:18.102Z  [API  ]  200 OK (84ms)
2026-09-16T02:40:18.310Z  [API  ]  200 OK (1693ms)
2026-09-16T02:40:18.312Z  [API  ]  HEAD https://pub.dev/api/archives/mime-2.1.0.tar.gz
2026-09-16T02:40:18.327Z  [API  ]  200 OK (1719ms)
2026-09-16T02:40:18.328Z  [API  ]  200 OK (1726ms)
2026-09-16T02:40:18.390Z  [API  ]  200 OK (1671ms)
2026-09-16T02:40:18.391Z  [API  ]  200 OK (1781ms)
2026-09-16T02:40:18.392Z  [API  ]  200 OK (1769ms)
2026-09-16T02:40:18.393Z  [API  ]  200 OK (1614ms)
2026-09-16T02:40:18.394Z  [API  ]  200 OK (1692ms)
2026-09-16T02:40:18.395Z  [API  ]  200 OK (1773ms)
2026-09-16T02:40:18.396Z  [API  ]  200 OK (1783ms)
2026-09-16T02:40:18.397Z  [API  ]  200 OK (1786ms)
2026-09-16T02:40:18.397Z  [API  ]  200 OK (1674ms)
2026-09-16T02:40:18.398Z  [API  ]  200 OK (1761ms)
2026-09-16T02:40:18.399Z  [API  ]  404 Not Found (1768ms)
2026-09-16T02:40:18.399Z  [API  ]  200 OK (1660ms)
2026-09-16T02:40:18.400Z  [API  ]  200 OK (1676ms)
2026-09-16T02:40:18.401Z  [API  ]  200 OK (1735ms)
2026-09-16T02:40:18.402Z  [API  ]  HEAD https://pub.dev/api/archives/source_span-1.10.2.tar.gz
2026-09-16T02:40:18.405Z  [API  ]  HEAD https://pub.dev/api/archives/collection-1.19.1.tar.gz
2026-09-16T02:40:18.420Z  [API  ]  HEAD https://pub.dev/api/archives/state_notifier-1.0.0.tar.gz
2026-09-16T02:40:18.423Z  [API  ]  HEAD https://pub.dev/api/archives/term_glyph-1.2.2.tar.gz
2026-09-16T02:40:18.426Z  [API  ]  200 OK (1808ms)
2026-09-16T02:40:18.426Z  [API  ]  200 OK (1746ms)
2026-09-16T02:40:18.427Z  [API  ]  200 OK (1763ms)
2026-09-16T02:40:18.428Z  [API  ]  HEAD https://pub.dev/api/archives/characters-1.4.1.tar.gz
2026-09-16T02:40:18.432Z  [API  ]  HEAD https://pub.dev/api/archives/flutter-0.0.20.tar.gz
2026-09-16T02:40:18.437Z  [API  ]  HEAD https://pub.dev/api/archives/shelf_packages_handler-3.0.2.tar.gz
2026-09-16T02:40:18.442Z  [API  ]  200 OK (1781ms)
2026-09-16T02:40:18.443Z  [API  ]  200 OK (1675ms)
2026-09-16T02:40:18.444Z  [API  ]  200 OK (1829ms)
2026-09-16T02:40:18.445Z  [API  ]  200 OK (1789ms)
2026-09-16T02:40:18.445Z  [API  ]  200 OK (1767ms)
2026-09-16T02:40:18.446Z  [API  ]  200 OK (1739ms)
2026-09-16T02:40:18.447Z  [API  ]  200 OK (1761ms)
2026-09-16T02:40:18.447Z  [API  ]  HEAD https://pub.dev/api/archives/vector_graphics_codec-1.1.13.tar.gz
2026-09-16T02:40:18.451Z  [API  ]  HEAD https://pub.dev/api/archives/string_scanner-1.4.1.tar.gz
2026-09-16T02:40:18.453Z  [API  ]  HEAD https://pub.dev/api/archives/ffi-2.2.0.tar.gz
2026-09-16T02:40:18.456Z  [API  ]  404 Not Found (1785ms)
2026-09-16T02:40:18.457Z  [API  ]  200 OK (1814ms)
2026-09-16T02:40:18.457Z  [API  ]  200 OK (1830ms)
2026-09-16T02:40:18.458Z  [API  ]  200 OK (1681ms)
2026-09-16T02:40:18.458Z  [API  ]  200 OK (1796ms)
2026-09-16T02:40:18.459Z  [API  ]  HEAD https://pub.dev/api/archives/dio_web_adapter-2.2.2.tar.gz
2026-09-16T02:40:18.462Z  [API  ]  200 OK (1741ms)
2026-09-16T02:40:18.463Z  [API  ]  200 OK (61ms)
2026-09-16T02:40:18.463Z  [API  ]  200 OK (1733ms)
2026-09-16T02:40:18.464Z  [API  ]  200 OK (1813ms)
2026-09-16T02:40:18.465Z  [API  ]  200 OK (45ms)
2026-09-16T02:40:18.465Z  [API  ]  200 OK (1766ms)
2026-09-16T02:40:18.477Z  [API  ]  200 OK (1802ms)
2026-09-16T02:40:18.479Z  [API  ]  200 OK (1763ms)
2026-09-16T02:40:18.480Z  [API  ]  200 OK (1709ms)
2026-09-16T02:40:18.482Z  [API  ]  200 OK (59ms)
2026-09-16T02:40:18.482Z  [API  ]  200 OK (1710ms)
2026-09-16T02:40:18.483Z  [API  ]  200 OK (1750ms)
2026-09-16T02:40:18.484Z  [API  ]  200 OK (56ms)
2026-09-16T02:40:18.485Z  [API  ]  200 OK (1772ms)
2026-09-16T02:40:18.486Z  [API  ]  200 OK (1736ms)
2026-09-16T02:40:18.500Z  [API  ]  200 OK (63ms)
2026-09-16T02:40:18.501Z  [API  ]  200 OK (1801ms)
2026-09-16T02:40:18.501Z  [API  ]  200 OK (1725ms)
2026-09-16T02:40:18.502Z  [API  ]  HEAD https://pub.dev/api/archives/stream_channel-2.1.4.tar.gz
2026-09-16T02:40:18.517Z  [API  ]  HEAD https://pub.dev/api/archives/typed_data-1.4.0.tar.gz
2026-09-16T02:40:18.533Z  [API  ]  HEAD https://pub.dev/api/archives/fake_async-1.3.3.tar.gz
2026-09-16T02:40:18.553Z  [API  ]  HEAD https://pub.dev/api/archives/path_parsing-1.1.0.tar.gz
2026-09-16T02:40:18.567Z  [API  ]  HEAD https://pub.dev/api/archives/yaml_edit-2.2.4.tar.gz
2026-09-16T02:40:18.571Z  [API  ]  200 OK (1876ms)
2026-09-16T02:40:18.571Z  [API  ]  404 Not Found (1805ms)
2026-09-16T02:40:18.572Z  [API  ]  200 OK (1923ms)
2026-09-16T02:40:18.572Z  [API  ]  200 OK (1818ms)
2026-09-16T02:40:18.573Z  [API  ]  200 OK (1813ms)
2026-09-16T02:40:18.574Z  [API  ]  200 OK (121ms)
2026-09-16T02:40:18.574Z  [API  ]  200 OK (1805ms)
2026-09-16T02:40:18.575Z  [API  ]  200 OK (1830ms)
2026-09-16T02:40:18.575Z  [API  ]  200 OK (1839ms)
2026-09-16T02:40:18.576Z  [API  ]  200 OK (1922ms)
2026-09-16T02:40:18.576Z  [API  ]  200 OK (125ms)
2026-09-16T02:40:18.636Z  [API  ]  HEAD https://pub.dev/api/archives/path-1.9.1.tar.gz
2026-09-16T02:40:18.655Z  [API  ]  HEAD https://pub.dev/api/archives/universal_io-2.3.1.tar.gz
2026-09-16T02:40:18.671Z  [API  ]  HEAD https://pub.dev/api/archives/html-0.15.7.tar.gz
2026-09-16T02:40:18.697Z  [API  ]  HEAD https://pub.dev/api/archives/cli_config-0.2.0.tar.gz
2026-09-16T02:40:18.699Z  [API  ]  HEAD https://pub.dev/api/archives/node_preamble-2.0.2.tar.gz
2026-09-16T02:40:18.702Z  [API  ]  HEAD https://pub.dev/api/archives/leak_tracker_testing-3.0.2.tar.gz
2026-09-16T02:40:18.712Z  [API  ]  200 OK (2045ms)
2026-09-16T02:40:18.714Z  [API  ]  200 OK (267ms)
2026-09-16T02:40:18.714Z  [API  ]  200 OK (255ms)
2026-09-16T02:40:18.715Z  [API  ]  200 OK (2058ms)
2026-09-16T02:40:18.715Z  [API  ]  200 OK (2067ms)
2026-09-16T02:40:18.716Z  [API  ]  200 OK (2001ms)
2026-09-16T02:40:18.716Z  [API  ]  200 OK (404ms)
2026-09-16T02:40:18.717Z  [API  ]  200 OK (1968ms)
2026-09-16T02:40:18.717Z  [API  ]  200 OK (1953ms)
2026-09-16T02:40:18.718Z  [API  ]  200 OK (2021ms)
2026-09-16T02:40:18.718Z  [API  ]  200 OK (2093ms)
2026-09-16T02:40:18.719Z  [API  ]  200 OK (2014ms)
2026-09-16T02:40:18.720Z  [API  ]  200 OK (2030ms)
2026-09-16T02:40:18.720Z  [API  ]  200 OK (1994ms)
2026-09-16T02:40:18.721Z  [API  ]  200 OK (2052ms)
2026-09-16T02:40:18.721Z  [API  ]  200 OK (1963ms)
2026-09-16T02:40:18.722Z  [API  ]  200 OK (2063ms)
2026-09-16T02:40:18.751Z  [API  ]  200 OK (184ms)
2026-09-16T02:40:18.752Z  [API  ]  200 OK (320ms)
2026-09-16T02:40:18.754Z  [API  ]  HEAD https://pub.dev/api/archives/listen-1.0.1.tar.gz
2026-09-16T02:40:18.777Z  [API  ]  200 OK (78ms)
2026-09-16T02:40:18.777Z  [API  ]  200 OK (80ms)
2026-09-16T02:40:18.777Z  [API  ]  200 OK (75ms)
2026-09-16T02:40:18.807Z  [API  ]  HEAD https://pub.dev/api/archives/vector_math-2.4.2.tar.gz
2026-09-16T02:40:18.822Z  [API  ]  HEAD https://pub.dev/api/archives/pool-1.5.3.tar.gz
2026-09-16T02:40:18.841Z  [API  ]  HEAD https://pub.dev/api/archives/material_ui-1.3.0.tar.gz
2026-09-16T02:40:18.859Z  [API  ]  200 OK (2151ms)
2026-09-16T02:40:18.871Z  [API  ]  HEAD https://pub.dev/api/archives/coverage-1.15.1.tar.gz
2026-09-16T02:40:18.874Z  [API  ]  HEAD https://pub.dev/api/archives/logging-1.3.0.tar.gz
2026-09-16T02:40:18.895Z  [API  ]  HEAD https://pub.dev/api/archives/source_maps-0.10.14.tar.gz
2026-09-16T02:40:18.909Z  [API  ]  HEAD https://pub.dev/api/archives/pub_semver-2.2.1.tar.gz
2026-09-16T02:40:18.923Z  [API  ]  HEAD https://pub.dev/api/archives/analysis_server_plugin-0.3.23.tar.gz
2026-09-16T02:40:18.944Z  [API  ]  HEAD https://pub.dev/api/archives/source_map_stack_trace-2.1.2.tar.gz
2026-09-16T02:40:18.948Z  [API  ]  HEAD https://pub.dev/api/archives/checked_yaml-2.0.4.tar.gz
2026-09-16T02:40:18.950Z  [API  ]  HEAD https://pub.dev/api/archives/web_socket-1.0.1.tar.gz
2026-09-16T02:40:18.953Z  [API  ]  HEAD https://pub.dev/api/archives/cupertino_ui-1.1.0.tar.gz
2026-09-16T02:40:18.956Z  [API  ]  HEAD https://pub.dev/api/archives/clock-1.1.3.tar.gz
2026-09-16T02:40:18.959Z  [API  ]  HEAD https://pub.dev/api/archives/lints-6.1.0.tar.gz
2026-09-16T02:40:18.962Z  [API  ]  200 OK (557ms)
2026-09-16T02:40:18.964Z  [API  ]  200 OK (2254ms)
2026-09-16T02:40:18.992Z  [API  ]  HEAD https://pub.dev/api/archives/xml-7.0.1.tar.gz
2026-09-16T02:40:19.008Z  [API  ]  HEAD https://pub.dev/api/archives/file-7.0.1.tar.gz
2026-09-16T02:40:19.011Z  [API  ]  HEAD https://pub.dev/api/archives/shelf_web_socket-3.0.0.tar.gz
2026-09-16T02:40:19.014Z  [API  ]  HEAD https://pub.dev/api/archives/http_multi_server-3.2.2.tar.gz
2026-09-16T02:40:19.017Z  [API  ]  HEAD https://pub.dev/api/archives/ansicolor-2.0.3.tar.gz
2026-09-16T02:40:19.026Z  [API  ]  200 OK (2323ms)
2026-09-16T02:40:19.027Z  [API  ]  200 OK (2275ms)
2026-09-16T02:40:19.028Z  [API  ]  200 OK (2408ms)
2026-09-16T02:40:19.028Z  [API  ]  200 OK (2424ms)
2026-09-16T02:40:19.030Z  [API  ]  200 OK (159ms)
2026-09-16T02:40:19.031Z  [API  ]  200 OK (2320ms)
2026-09-16T02:40:19.032Z  [API  ]  200 OK (2339ms)
2026-09-16T02:40:19.033Z  [API  ]  200 OK (2393ms)
2026-09-16T02:40:19.033Z  [API  ]  200 OK (2381ms)
2026-09-16T02:40:19.034Z  [API  ]  200 OK (2278ms)
2026-09-16T02:40:19.035Z  [API  ]  200 OK (87ms)
2026-09-16T02:40:19.062Z  [API  ]  200 OK (426ms)
2026-09-16T02:40:19.063Z  [API  ]  HEAD https://pub.dev/api/archives/json_annotation-4.12.0.tar.gz
2026-09-16T02:40:19.066Z  [API  ]  HEAD https://pub.dev/api/archives/fixnum-1.1.1.tar.gz
2026-09-16T02:40:19.070Z  [API  ]  HEAD https://pub.dev/api/archives/posix-6.5.2.tar.gz
2026-09-16T02:40:19.089Z  [API  ]  HEAD https://pub.dev/api/archives/package_config-3.0.0.tar.gz
2026-09-16T02:40:19.093Z  [API  ]  HEAD https://pub.dev/api/archives/material_color_utilities-0.13.1.tar.gz
2026-09-16T02:40:19.109Z  [API  ]  HEAD https://pub.dev/api/archives/convert-3.1.2.tar.gz
2026-09-16T02:40:19.112Z  [API  ]  200 OK (162ms)
2026-09-16T02:40:19.113Z  [API  ]  200 OK (169ms)
2026-09-16T02:40:19.113Z  [API  ]  200 OK (157ms)
2026-09-16T02:40:19.114Z  [API  ]  200 OK (561ms)
2026-09-16T02:40:19.114Z  [API  ]  200 OK (612ms)
2026-09-16T02:40:19.115Z  [API  ]  200 OK (162ms)
2026-09-16T02:40:19.116Z  [API  ]  200 OK (2389ms)
2026-09-16T02:40:19.116Z  [API  ]  200 OK (583ms)
2026-09-16T02:40:19.117Z  [API  ]  200 OK (600ms)
2026-09-16T02:40:19.117Z  [API  ]  200 OK (158ms)
2026-09-16T02:40:19.118Z  [API  ]  200 OK (2344ms)
2026-09-16T02:40:19.118Z  [API  ]  200 OK (2371ms)
2026-09-16T02:40:19.119Z  [API  ]  200 OK (2491ms)
2026-09-16T02:40:19.119Z  [API  ]  200 OK (2377ms)
2026-09-16T02:40:19.120Z  [API  ]  200 OK (2474ms)
2026-09-16T02:40:19.120Z  [API  ]  200 OK (109ms)
2026-09-16T02:40:19.121Z  [API  ]  200 OK (107ms)
2026-09-16T02:40:19.121Z  [API  ]  200 OK (104ms)
2026-09-16T02:40:19.122Z  [API  ]  200 OK (114ms)
2026-09-16T02:40:19.142Z  [API  ]  200 OK (487ms)
2026-09-16T02:40:19.143Z  [API  ]  200 OK (2460ms)
2026-09-16T02:40:19.144Z  [API  ]  200 OK (473ms)
2026-09-16T02:40:19.145Z  [API  ]  200 OK (2469ms)
2026-09-16T02:40:19.146Z  [API  ]  200 OK (83ms)
2026-09-16T02:40:19.147Z  [API  ]  200 OK (81ms)
2026-09-16T02:40:19.147Z  [API  ]  200 OK (58ms)
2026-09-16T02:40:19.148Z  [API  ]  200 OK (2514ms)
2026-09-16T02:40:19.171Z  [API  ]  HEAD https://pub.dev/api/archives/archive-4.3.0.tar.gz
2026-09-16T02:40:19.190Z  [API  ]  HEAD https://pub.dev/api/archives/_fe_analyzer_shared-108.0.0.tar.gz
2026-09-16T02:40:19.207Z  [API  ]  HEAD https://pub.dev/api/archives/leak_tracker-11.0.2.tar.gz
2026-09-16T02:40:19.223Z  [API  ]  HEAD https://pub.dev/api/archives/frontend_server_client-4.0.0.tar.gz
2026-09-16T02:40:19.246Z  [API  ]  200 OK (137ms)
2026-09-16T02:40:19.261Z  [API  ]  HEAD https://pub.dev/api/archives/stack_trace-1.12.2.tar.gz
2026-09-16T02:40:19.276Z  [API  ]  HEAD https://pub.dev/api/archives/yaml-3.1.4.tar.gz
2026-09-16T02:40:19.297Z  [API  ]  HEAD https://pub.dev/api/archives/test_api-0.7.14.tar.gz
2026-09-16T02:40:19.312Z  [API  ]  HEAD https://pub.dev/api/archives/uuid-4.6.0.tar.gz
2026-09-16T02:40:19.327Z  [API  ]  HEAD https://pub.dev/api/archives/web-1.1.1.tar.gz
2026-09-16T02:40:19.348Z  [API  ]  HEAD https://pub.dev/api/archives/glob-2.2.0.tar.gz
2026-09-16T02:40:19.351Z  [API  ]  HEAD https://pub.dev/api/archives/path_drawing-1.0.1.tar.gz
2026-09-16T02:40:19.354Z  [API  ]  HEAD https://pub.dev/api/archives/cli_util-0.6.0.tar.gz
2026-09-16T02:40:19.369Z  [API  ]  200 OK (547ms)
2026-09-16T02:40:19.370Z  [API  ]  200 OK (616ms)
2026-09-16T02:40:19.372Z  [API  ]  200 OK (2654ms)
2026-09-16T02:40:19.373Z  [API  ]  200 OK (566ms)
2026-09-16T02:40:19.416Z  [API  ]  200 OK (575ms)
2026-09-16T02:40:19.417Z  [API  ]  200 OK (508ms)
2026-09-16T02:40:19.418Z  [API  ]  200 OK (426ms)
2026-09-16T02:40:19.419Z  [API  ]  HEAD https://pub.dev/api/archives/csslib-1.0.2.tar.gz
2026-09-16T02:40:19.439Z  [API  ]  HEAD https://pub.dev/api/archives/shelf-1.4.2.tar.gz
2026-09-16T02:40:19.459Z  [API  ]  HEAD https://pub.dev/api/archives/leak_tracker_flutter_testing-3.0.10.tar.gz
2026-09-16T02:40:19.474Z  [API  ]  HEAD https://pub.dev/api/archives/io-1.1.0.tar.gz
2026-09-16T02:40:19.477Z  [API  ]  HEAD https://pub.dev/api/archives/boolean_selector-2.1.2.tar.gz
2026-09-16T02:40:19.503Z  [API  ]  200 OK (155ms)
2026-09-16T02:40:19.504Z  [API  ]  200 OK (153ms)
2026-09-16T02:40:19.529Z  [API  ]  HEAD https://pub.dev/api/archives/webkit_inspection_protocol-1.2.1.tar.gz
2026-09-16T02:40:19.552Z  [API  ]  HEAD https://pub.dev/api/archives/shelf_static-1.1.3.tar.gz
2026-09-16T02:40:19.567Z  [API  ]  HEAD https://pub.dev/api/archives/plugin_platform_interface-2.1.8.tar.gz
2026-09-16T02:40:19.585Z  [API  ]  200 OK (690ms)
2026-09-16T02:40:19.586Z  [API  ]  200 OK (712ms)
2026-09-16T02:40:19.602Z  [API  ]  HEAD https://pub.dev/api/archives/petitparser-7.0.2.tar.gz
2026-09-16T02:40:19.617Z  [API  ]  HEAD https://pub.dev/api/archives/web_socket_channel-3.0.3.tar.gz
2026-09-16T02:40:19.635Z  [API  ]  200 OK (565ms)
2026-09-16T02:40:19.636Z  [API  ]  200 OK (162ms)
2026-09-16T02:40:19.638Z  [API  ]  200 OK (715ms)
2026-09-16T02:40:19.703Z  [API  ]  200 OK (480ms)
2026-09-16T02:40:19.704Z  [API  ]  200 OK (497ms)
2026-09-16T02:40:19.705Z  [API  ]  200 OK (534ms)
2026-09-16T02:40:19.707Z  [API  ]  HEAD https://pub.dev/api/archives/http-1.6.0.tar.gz
2026-09-16T02:40:19.727Z  [API  ]  HEAD https://pub.dev/api/archives/vm_service-15.3.0.tar.gz
2026-09-16T02:40:19.754Z  [API  ]  HEAD https://pub.dev/api/archives/crypto-3.0.7.tar.gz
2026-09-16T02:40:19.769Z  [API  ]  HEAD https://pub.dev/api/archives/matcher-0.12.20.tar.gz
2026-09-16T02:40:19.819Z  [API  ]  HEAD https://pub.dev/api/archives/intl-0.20.3.tar.gz
2026-09-16T02:40:19.838Z  [API  ]  HEAD https://pub.dev/api/archives/dart_style-3.1.13.tar.gz
2026-09-16T02:40:19.857Z  [API  ]  HEAD https://pub.dev/api/archives/analyzer_plugin-0.14.17.tar.gz
2026-09-16T02:40:19.881Z  [API  ]  200 OK (691ms)
2026-09-16T02:40:19.914Z  [API  ]  200 OK (560ms)
2026-09-16T02:40:19.915Z  [API  ]  200 OK (603ms)
2026-09-16T02:40:19.916Z  [API  ]  200 OK (655ms)
2026-09-16T02:40:19.916Z  [API  ]  200 OK (640ms)
2026-09-16T02:40:19.917Z  [API  ]  200 OK (620ms)
2026-09-16T02:40:19.918Z  [API  ]  200 OK (591ms)
2026-09-16T02:40:19.920Z  [API  ]  HEAD https://pub.dev/api/archives/image-4.10.1.tar.gz
2026-09-16T02:40:19.940Z  [API  ]  HEAD https://pub.dev/api/archives/sky_engine-0.0.99.tar.gz
2026-09-16T02:40:19.986Z  [API  ]  200 OK (457ms)
2026-09-16T02:40:19.989Z  [API  ]  200 OK (550ms)
2026-09-16T02:40:19.990Z  [API  ]  200 OK (531ms)
2026-09-16T02:40:19.991Z  [API  ]  200 OK (572ms)
2026-09-16T02:40:20.020Z  [API  ]  HEAD https://pub.dev/api/archives/test_core-0.6.20.tar.gz
2026-09-16T02:40:20.041Z  [API  ]  200 OK (474ms)
2026-09-16T02:40:20.067Z  [API  ]  200 OK (515ms)
2026-09-16T02:40:20.068Z  [API  ]  200 OK (591ms)
2026-09-16T02:40:20.069Z  [API  ]  200 OK (452ms)
2026-09-16T02:40:20.069Z  [API  ]  HEAD https://pub.dev/api/archives/meta-1.19.0.tar.gz
2026-09-16T02:40:20.087Z  [API  ]  HEAD https://pub.dev/api/archives/watcher-1.2.1.tar.gz
2026-09-16T02:40:20.128Z  [API  ]  200 OK (421ms)
2026-09-16T02:40:20.129Z  [API  ]  200 OK (402ms)
2026-09-16T02:40:20.131Z  [API  ]  200 OK (529ms)
2026-09-16T02:40:20.160Z  [API  ]  200 OK (391ms)
2026-09-16T02:40:20.217Z  [API  ]  HEAD https://pub.dev/api/archives/args-2.7.0.tar.gz
2026-09-16T02:40:20.233Z  [API  ]  200 OK (313ms)
2026-09-16T02:40:20.234Z  [API  ]  200 OK (415ms)
2026-09-16T02:40:20.235Z  [API  ]  200 OK (481ms)
2026-09-16T02:40:20.262Z  [API  ]  200 OK (424ms)
2026-09-16T02:40:20.279Z  [API  ]  HEAD https://pub.dev/api/archives/analyzer-14.4.0.tar.gz
2026-09-16T02:40:20.317Z  [API  ]  HEAD https://pub.dev/api/archives/test-1.32.0.tar.gz
2026-09-16T02:40:20.335Z  [API  ]  200 OK (248ms)
2026-09-16T02:40:20.371Z  [API  ]  200 OK (514ms)
2026-09-16T02:40:20.372Z  [API  ]  200 OK (1279ms)
2026-09-16T02:40:20.392Z  [API  ]  200 OK (323ms)
2026-09-16T02:40:20.410Z  [API  ]  200 OK (470ms)
2026-09-16T02:40:20.435Z  [API  ]  200 OK (218ms)
2026-09-16T02:40:20.463Z  [API  ]  200 OK (184ms)
2026-09-16T02:40:20.494Z  [API  ]  200 OK (474ms)
2026-09-16T02:40:20.697Z  [API  ]  200 OK (380ms)
2026-09-16T02:40:21.021Z  [INFO ]  Dep graph: 14 direct, 91 transitive, 0 overrides
2026-09-16T02:40:21.022Z  [CACHE]  MISS osv.vulns.cupertino_icons.1.0.9
2026-09-16T02:40:21.022Z  [CACHE]  MISS osv.vulns.dio.5.11.0
2026-09-16T02:40:21.022Z  [CACHE]  MISS osv.vulns.dotlottie_flutter.0.1.7
2026-09-16T02:40:21.022Z  [CACHE]  MISS osv.vulns.easy_refresh.3.5.1
2026-09-16T02:40:21.022Z  [CACHE]  MISS osv.vulns.flutter_launcher_icons.0.14.4
2026-09-16T02:40:21.022Z  [CACHE]  MISS osv.vulns.flutter_lints.6.0.0
2026-09-16T02:40:21.022Z  [CACHE]  MISS osv.vulns.flutter_native_splash.2.4.8
2026-09-16T02:40:21.022Z  [CACHE]  MISS osv.vulns.flutter_riverpod.3.4.2
2026-09-16T02:40:21.022Z  [CACHE]  MISS osv.vulns.go_router.18.0.0
2026-09-16T02:40:21.022Z  [CACHE]  MISS osv.vulns.lottie.3.5.1
2026-09-16T02:40:21.022Z  [CACHE]  MISS osv.vulns.riverpod.3.4.2
2026-09-16T02:40:21.022Z  [CACHE]  MISS osv.vulns.saropa_lints.14.0.2
2026-09-16T02:40:21.022Z  [CACHE]  MISS osv.vulns.vector_graphics.1.2.3
2026-09-16T02:40:21.022Z  [CACHE]  MISS osv.vulns.vector_graphics_compiler.1.3.0
2026-09-16T02:40:21.022Z  [API  ]  POST https://api.osv.dev/v1/querybatch
2026-09-16T02:40:21.024Z  [CACHE]  MISS ghsa.vulns.cupertino_icons.1.0.9
2026-09-16T02:40:21.024Z  [CACHE]  MISS ghsa.vulns.dio.5.11.0
2026-09-16T02:40:21.024Z  [CACHE]  MISS ghsa.vulns.dotlottie_flutter.0.1.7
2026-09-16T02:40:21.024Z  [CACHE]  MISS ghsa.vulns.easy_refresh.3.5.1
2026-09-16T02:40:21.024Z  [CACHE]  MISS ghsa.vulns.flutter_launcher_icons.0.14.4
2026-09-16T02:40:21.024Z  [CACHE]  MISS ghsa.vulns.flutter_lints.6.0.0
2026-09-16T02:40:21.024Z  [CACHE]  MISS ghsa.vulns.flutter_native_splash.2.4.8
2026-09-16T02:40:21.024Z  [CACHE]  MISS ghsa.vulns.flutter_riverpod.3.4.2
2026-09-16T02:40:21.024Z  [CACHE]  MISS ghsa.vulns.go_router.18.0.0
2026-09-16T02:40:21.024Z  [CACHE]  MISS ghsa.vulns.lottie.3.5.1
2026-09-16T02:40:21.024Z  [CACHE]  MISS ghsa.vulns.riverpod.3.4.2
2026-09-16T02:40:21.024Z  [CACHE]  MISS ghsa.vulns.saropa_lints.14.0.2
2026-09-16T02:40:21.024Z  [CACHE]  MISS ghsa.vulns.vector_graphics.1.2.3
2026-09-16T02:40:21.024Z  [CACHE]  MISS ghsa.vulns.vector_graphics_compiler.1.3.0
2026-09-16T02:40:21.025Z  [API  ]  GET https://api.github.com/advisories?ecosystem=pub&package=cupertino_icons&affects=1.0.9&per_page=100
2026-09-16T02:40:21.027Z  [API  ]  GET https://api.github.com/advisories?ecosystem=pub&package=dio&affects=5.11.0&per_page=100
2026-09-16T02:40:21.030Z  [API  ]  GET https://api.github.com/advisories?ecosystem=pub&package=dotlottie_flutter&affects=0.1.7&per_page=100
2026-09-16T02:40:21.033Z  [API  ]  GET https://api.github.com/advisories?ecosystem=pub&package=easy_refresh&affects=3.5.1&per_page=100
2026-09-16T02:40:21.036Z  [API  ]  GET https://api.github.com/advisories?ecosystem=pub&package=flutter_launcher_icons&affects=0.14.4&per_page=100
2026-09-16T02:40:21.346Z  [API  ]  403 rate limit exceeded (313ms)
2026-09-16T02:40:21.346Z  [ERROR]  GitHub Advisory query failed for easy_refresh: 403
2026-09-16T02:40:21.359Z  [API  ]  403 rate limit exceeded (329ms)
2026-09-16T02:40:21.359Z  [ERROR]  GitHub Advisory query failed for dotlottie_flutter: 403
2026-09-16T02:40:21.360Z  [API  ]  403 rate limit exceeded (324ms)
2026-09-16T02:40:21.360Z  [ERROR]  GitHub Advisory query failed for flutter_launcher_icons: 403
2026-09-16T02:40:21.378Z  [API  ]  403 rate limit exceeded (353ms)
2026-09-16T02:40:21.378Z  [ERROR]  GitHub Advisory query failed for cupertino_icons: 403
2026-09-16T02:40:21.379Z  [API  ]  403 rate limit exceeded (352ms)
2026-09-16T02:40:21.379Z  [ERROR]  GitHub Advisory query failed for dio: 403
2026-09-16T02:40:21.379Z  [API  ]  GET https://api.github.com/advisories?ecosystem=pub&package=flutter_lints&affects=6.0.0&per_page=100
2026-09-16T02:40:21.383Z  [API  ]  GET https://api.github.com/advisories?ecosystem=pub&package=flutter_native_splash&affects=2.4.8&per_page=100
2026-09-16T02:40:21.386Z  [API  ]  GET https://api.github.com/advisories?ecosystem=pub&package=flutter_riverpod&affects=3.4.2&per_page=100
2026-09-16T02:40:21.389Z  [API  ]  GET https://api.github.com/advisories?ecosystem=pub&package=go_router&affects=18.0.0&per_page=100
2026-09-16T02:40:21.392Z  [API  ]  GET https://api.github.com/advisories?ecosystem=pub&package=lottie&affects=3.5.1&per_page=100
2026-09-16T02:40:21.474Z  [API  ]  403 rate limit exceeded (88ms)
2026-09-16T02:40:21.474Z  [ERROR]  GitHub Advisory query failed for flutter_riverpod: 403
2026-09-16T02:40:21.476Z  [API  ]  403 rate limit exceeded (93ms)
2026-09-16T02:40:21.476Z  [ERROR]  GitHub Advisory query failed for flutter_native_splash: 403
2026-09-16T02:40:21.505Z  [API  ]  403 rate limit exceeded (126ms)
2026-09-16T02:40:21.505Z  [ERROR]  GitHub Advisory query failed for flutter_lints: 403
2026-09-16T02:40:21.759Z  [API  ]  403 rate limit exceeded (367ms)
2026-09-16T02:40:21.759Z  [ERROR]  GitHub Advisory query failed for lottie: 403
2026-09-16T02:40:21.759Z  [API  ]  200 OK (737ms)
2026-09-16T02:40:21.760Z  [API  ]  403 rate limit exceeded (371ms)
2026-09-16T02:40:21.760Z  [ERROR]  GitHub Advisory query failed for go_router: 403
2026-09-16T02:40:21.760Z  [API  ]  GET https://api.github.com/advisories?ecosystem=pub&package=riverpod&affects=3.4.2&per_page=100
2026-09-16T02:40:21.762Z  [API  ]  GET https://api.github.com/advisories?ecosystem=pub&package=saropa_lints&affects=14.0.2&per_page=100
2026-09-16T02:40:21.764Z  [API  ]  GET https://api.github.com/advisories?ecosystem=pub&package=vector_graphics&affects=1.2.3&per_page=100
2026-09-16T02:40:21.766Z  [API  ]  GET https://api.github.com/advisories?ecosystem=pub&package=vector_graphics_compiler&affects=1.3.0&per_page=100
2026-09-16T02:40:21.847Z  [API  ]  403 rate limit exceeded (81ms)
2026-09-16T02:40:21.847Z  [ERROR]  GitHub Advisory query failed for vector_graphics_compiler: 403
2026-09-16T02:40:21.848Z  [API  ]  403 rate limit exceeded (84ms)
2026-09-16T02:40:21.848Z  [ERROR]  GitHub Advisory query failed for vector_graphics: 403
2026-09-16T02:40:21.867Z  [API  ]  403 rate limit exceeded (107ms)
2026-09-16T02:40:21.868Z  [ERROR]  GitHub Advisory query failed for riverpod: 403
2026-09-16T02:40:21.868Z  [API  ]  403 rate limit exceeded (106ms)
2026-09-16T02:40:21.868Z  [ERROR]  GitHub Advisory query failed for saropa_lints: 403
2026-09-16T02:40:22.796Z  [INFO ]  Scan complete — 30407ms — vibrant:4 stable:8 outdated:2 abandoned:0 eol:0
