2026-09-09T01:35:27.371Z  [CACHE]  MISS flutter.releases
2026-09-09T01:35:27.371Z  [API  ]  GET https://storage.googleapis.com/flutter_infra_release/releases/releases_linux.json
2026-09-09T01:35:27.407Z  [ERROR]  Failed to fetch Flutter releases
2026-09-09T01:35:27.408Z  [INFO ]  Scan started — 14 packages
2026-09-09T01:35:27.408Z  [INFO ]  [1/14] cupertino_icons
2026-09-09T01:35:27.409Z  [INFO ]  Known issue: active
2026-09-09T01:35:27.409Z  [CACHE]  MISS pub.info.cupertino_icons
2026-09-09T01:35:27.409Z  [API  ]  GET https://pub.dev/api/packages/cupertino_icons
2026-09-09T01:35:27.413Z  [CACHE]  MISS pub.metrics.cupertino_icons
2026-09-09T01:35:27.413Z  [API  ]  GET https://pub.dev/api/packages/cupertino_icons/metrics
2026-09-09T01:35:27.417Z  [API  ]  GET https://pub.dev/api/packages/cupertino_icons/score
2026-09-09T01:35:27.420Z  [CACHE]  HIT  pub.publisher.cupertino_icons
2026-09-09T01:35:27.420Z  [CACHE]  MISS pub.reverseDeps.cupertino_icons
2026-09-09T01:35:27.420Z  [API  ]  GET https://pub.dev/packages?q=dependency%3Acupertino_icons
2026-09-09T01:35:27.424Z  [INFO ]  [2/14] dio
2026-09-09T01:35:27.424Z  [INFO ]  Known issue: active
2026-09-09T01:35:27.424Z  [CACHE]  MISS pub.info.dio
2026-09-09T01:35:27.424Z  [API  ]  GET https://pub.dev/api/packages/dio
2026-09-09T01:35:27.428Z  [CACHE]  MISS pub.metrics.dio
2026-09-09T01:35:27.428Z  [API  ]  GET https://pub.dev/api/packages/dio/metrics
2026-09-09T01:35:27.431Z  [API  ]  GET https://pub.dev/api/packages/dio/score
2026-09-09T01:35:27.434Z  [CACHE]  HIT  pub.publisher.dio
2026-09-09T01:35:27.434Z  [CACHE]  MISS pub.reverseDeps.dio
2026-09-09T01:35:27.434Z  [API  ]  GET https://pub.dev/packages?q=dependency%3Adio
2026-09-09T01:35:27.438Z  [INFO ]  [3/14] dotlottie_flutter
2026-09-09T01:35:27.438Z  [CACHE]  MISS pub.info.dotlottie_flutter
2026-09-09T01:35:27.438Z  [API  ]  GET https://pub.dev/api/packages/dotlottie_flutter
2026-09-09T01:35:27.441Z  [CACHE]  MISS pub.metrics.dotlottie_flutter
2026-09-09T01:35:27.441Z  [API  ]  GET https://pub.dev/api/packages/dotlottie_flutter/metrics
2026-09-09T01:35:27.444Z  [API  ]  GET https://pub.dev/api/packages/dotlottie_flutter/score
2026-09-09T01:35:27.447Z  [CACHE]  HIT  pub.publisher.dotlottie_flutter
2026-09-09T01:35:27.447Z  [CACHE]  MISS pub.reverseDeps.dotlottie_flutter
2026-09-09T01:35:27.447Z  [API  ]  GET https://pub.dev/packages?q=dependency%3Adotlottie_flutter
2026-09-09T01:35:27.451Z  [INFO ]  [4/14] easy_refresh
2026-09-09T01:35:27.451Z  [CACHE]  MISS pub.info.easy_refresh
2026-09-09T01:35:27.451Z  [API  ]  GET https://pub.dev/api/packages/easy_refresh
2026-09-09T01:35:27.455Z  [CACHE]  MISS pub.metrics.easy_refresh
2026-09-09T01:35:27.455Z  [API  ]  GET https://pub.dev/api/packages/easy_refresh/metrics
2026-09-09T01:35:27.458Z  [API  ]  GET https://pub.dev/api/packages/easy_refresh/score
2026-09-09T01:35:27.461Z  [CACHE]  HIT  pub.publisher.easy_refresh
2026-09-09T01:35:27.462Z  [CACHE]  MISS pub.reverseDeps.easy_refresh
2026-09-09T01:35:27.462Z  [API  ]  GET https://pub.dev/packages?q=dependency%3Aeasy_refresh
2026-09-09T01:35:27.465Z  [INFO ]  [5/14] flutter_launcher_icons
2026-09-09T01:35:27.465Z  [INFO ]  Known issue: active
2026-09-09T01:35:27.465Z  [CACHE]  MISS pub.info.flutter_launcher_icons
2026-09-09T01:35:27.465Z  [API  ]  GET https://pub.dev/api/packages/flutter_launcher_icons
2026-09-09T01:35:27.468Z  [CACHE]  MISS pub.metrics.flutter_launcher_icons
2026-09-09T01:35:27.468Z  [API  ]  GET https://pub.dev/api/packages/flutter_launcher_icons/metrics
2026-09-09T01:35:27.472Z  [API  ]  GET https://pub.dev/api/packages/flutter_launcher_icons/score
2026-09-09T01:35:27.475Z  [CACHE]  HIT  pub.publisher.flutter_launcher_icons
2026-09-09T01:35:27.475Z  [CACHE]  MISS pub.reverseDeps.flutter_launcher_icons
2026-09-09T01:35:27.475Z  [API  ]  GET https://pub.dev/packages?q=dependency%3Aflutter_launcher_icons
2026-09-09T01:35:27.478Z  [INFO ]  [6/14] flutter_lints
2026-09-09T01:35:27.478Z  [INFO ]  Known issue: active
2026-09-09T01:35:27.478Z  [CACHE]  MISS pub.info.flutter_lints
2026-09-09T01:35:27.478Z  [API  ]  GET https://pub.dev/api/packages/flutter_lints
2026-09-09T01:35:27.482Z  [CACHE]  MISS pub.metrics.flutter_lints
2026-09-09T01:35:27.482Z  [API  ]  GET https://pub.dev/api/packages/flutter_lints/metrics
2026-09-09T01:35:27.485Z  [API  ]  GET https://pub.dev/api/packages/flutter_lints/score
2026-09-09T01:35:27.488Z  [CACHE]  HIT  pub.publisher.flutter_lints
2026-09-09T01:35:27.488Z  [CACHE]  MISS pub.reverseDeps.flutter_lints
2026-09-09T01:35:27.488Z  [API  ]  GET https://pub.dev/packages?q=dependency%3Aflutter_lints
2026-09-09T01:35:27.914Z  [ERROR]  Failed to fetch package info for cupertino_icons from https://pub.dev
2026-09-09T01:35:27.914Z  [ERROR]  Failed to fetch metrics for cupertino_icons from https://pub.dev
2026-09-09T01:35:27.915Z  [ERROR]  Failed to fetch reverse dependency count for cupertino_icons
2026-09-09T01:35:27.915Z  [CACHE]  MISS pub.archiveSize.cupertino_icons
2026-09-09T01:35:27.915Z  [API  ]  GET https://pub.dev/api/packages/cupertino_icons
2026-09-09T01:35:27.917Z  [API  ]  GET https://pub.dev/api/packages/cupertino_icons
2026-09-09T01:35:27.976Z  [ERROR]  Failed to fetch package info for dio from https://pub.dev
2026-09-09T01:35:27.976Z  [ERROR]  Failed to fetch metrics for dio from https://pub.dev
2026-09-09T01:35:27.977Z  [ERROR]  Failed to fetch reverse dependency count for dio
2026-09-09T01:35:27.977Z  [CACHE]  MISS pub.archiveSize.dio
2026-09-09T01:35:27.977Z  [API  ]  GET https://pub.dev/api/packages/dio
2026-09-09T01:35:27.979Z  [API  ]  GET https://pub.dev/api/packages/dio
2026-09-09T01:35:28.034Z  [ERROR]  Failed to fetch package info for dotlottie_flutter from https://pub.dev
2026-09-09T01:35:28.035Z  [ERROR]  Failed to fetch metrics for dotlottie_flutter from https://pub.dev
2026-09-09T01:35:28.035Z  [ERROR]  Failed to fetch reverse dependency count for dotlottie_flutter
2026-09-09T01:35:28.036Z  [CACHE]  MISS pub.archiveSize.dotlottie_flutter
2026-09-09T01:35:28.036Z  [API  ]  GET https://pub.dev/api/packages/dotlottie_flutter
2026-09-09T01:35:28.039Z  [API  ]  GET https://pub.dev/api/packages/dotlottie_flutter
2026-09-09T01:35:28.085Z  [ERROR]  Failed to fetch package info for easy_refresh from https://pub.dev
2026-09-09T01:35:28.085Z  [ERROR]  Failed to fetch metrics for easy_refresh from https://pub.dev
2026-09-09T01:35:28.085Z  [ERROR]  Failed to fetch reverse dependency count for easy_refresh
2026-09-09T01:35:28.086Z  [CACHE]  MISS pub.archiveSize.easy_refresh
2026-09-09T01:35:28.086Z  [API  ]  GET https://pub.dev/api/packages/easy_refresh
2026-09-09T01:35:28.088Z  [API  ]  GET https://pub.dev/api/packages/easy_refresh
2026-09-09T01:35:28.130Z  [ERROR]  Failed to fetch package info for flutter_launcher_icons from https://pub.dev
2026-09-09T01:35:28.130Z  [ERROR]  Failed to fetch metrics for flutter_launcher_icons from https://pub.dev
2026-09-09T01:35:28.130Z  [ERROR]  Failed to fetch reverse dependency count for flutter_launcher_icons
2026-09-09T01:35:28.131Z  [CACHE]  MISS pub.archiveSize.flutter_launcher_icons
2026-09-09T01:35:28.131Z  [API  ]  GET https://pub.dev/api/packages/flutter_launcher_icons
2026-09-09T01:35:28.133Z  [API  ]  GET https://pub.dev/api/packages/flutter_launcher_icons
2026-09-09T01:35:28.174Z  [ERROR]  Failed to fetch package info for flutter_lints from https://pub.dev
2026-09-09T01:35:28.174Z  [ERROR]  Failed to fetch metrics for flutter_lints from https://pub.dev
2026-09-09T01:35:28.175Z  [ERROR]  Failed to fetch reverse dependency count for flutter_lints
2026-09-09T01:35:28.175Z  [CACHE]  MISS pub.archiveSize.flutter_lints
2026-09-09T01:35:28.175Z  [API  ]  GET https://pub.dev/api/packages/flutter_lints
2026-09-09T01:35:28.178Z  [API  ]  GET https://pub.dev/api/packages/flutter_lints
2026-09-09T01:35:28.239Z  [SCORE]  cupertino_icons → 0 (abandoned) [rv=0 eg=0 pop=0 pt=-5 pq=0]
2026-09-09T01:35:28.239Z  [INFO ]  cupertino_icons: platforms missing from API, using known issue
2026-09-09T01:35:28.239Z  [INFO ]  cupertino_icons: pubPoints missing from API, known issue has 150
2026-09-09T01:35:28.240Z  [INFO ]  [7/14] flutter_native_splash
2026-09-09T01:35:28.240Z  [INFO ]  Known issue: active
2026-09-09T01:35:28.240Z  [CACHE]  MISS pub.info.flutter_native_splash
2026-09-09T01:35:28.240Z  [API  ]  GET https://pub.dev/api/packages/flutter_native_splash
2026-09-09T01:35:28.242Z  [CACHE]  MISS pub.metrics.flutter_native_splash
2026-09-09T01:35:28.242Z  [API  ]  GET https://pub.dev/api/packages/flutter_native_splash/metrics
2026-09-09T01:35:28.244Z  [API  ]  GET https://pub.dev/api/packages/flutter_native_splash/score
2026-09-09T01:35:28.245Z  [CACHE]  HIT  pub.publisher.flutter_native_splash
2026-09-09T01:35:28.245Z  [CACHE]  MISS pub.reverseDeps.flutter_native_splash
2026-09-09T01:35:28.245Z  [API  ]  GET https://pub.dev/packages?q=dependency%3Aflutter_native_splash
2026-09-09T01:35:28.303Z  [SCORE]  dio → 0 (abandoned) [rv=0 eg=0 pop=0 pt=-5 pq=0]
2026-09-09T01:35:28.303Z  [INFO ]  dio: platforms missing from API, using known issue
2026-09-09T01:35:28.303Z  [INFO ]  dio: pubPoints missing from API, known issue has 160
2026-09-09T01:35:28.303Z  [INFO ]  [8/14] flutter_riverpod
2026-09-09T01:35:28.303Z  [INFO ]  Known issue: active
2026-09-09T01:35:28.303Z  [CACHE]  MISS pub.info.flutter_riverpod
2026-09-09T01:35:28.303Z  [API  ]  GET https://pub.dev/api/packages/flutter_riverpod
2026-09-09T01:35:28.306Z  [CACHE]  MISS pub.metrics.flutter_riverpod
2026-09-09T01:35:28.306Z  [API  ]  GET https://pub.dev/api/packages/flutter_riverpod/metrics
2026-09-09T01:35:28.309Z  [API  ]  GET https://pub.dev/api/packages/flutter_riverpod/score
2026-09-09T01:35:28.310Z  [CACHE]  HIT  pub.publisher.flutter_riverpod
2026-09-09T01:35:28.310Z  [CACHE]  MISS pub.reverseDeps.flutter_riverpod
2026-09-09T01:35:28.311Z  [API  ]  GET https://pub.dev/packages?q=dependency%3Aflutter_riverpod
2026-09-09T01:35:28.364Z  [SCORE]  dotlottie_flutter → 0 (abandoned) [rv=0 eg=0 pop=0 pt=-5 pq=0]
2026-09-09T01:35:28.364Z  [INFO ]  [9/14] go_router
2026-09-09T01:35:28.364Z  [INFO ]  Known issue: active
2026-09-09T01:35:28.364Z  [CACHE]  MISS pub.info.go_router
2026-09-09T01:35:28.364Z  [API  ]  GET https://pub.dev/api/packages/go_router
2026-09-09T01:35:28.366Z  [CACHE]  MISS pub.metrics.go_router
2026-09-09T01:35:28.366Z  [API  ]  GET https://pub.dev/api/packages/go_router/metrics
2026-09-09T01:35:28.368Z  [API  ]  GET https://pub.dev/api/packages/go_router/score
2026-09-09T01:35:28.370Z  [CACHE]  HIT  pub.publisher.go_router
2026-09-09T01:35:28.370Z  [CACHE]  MISS pub.reverseDeps.go_router
2026-09-09T01:35:28.370Z  [API  ]  GET https://pub.dev/packages?q=dependency%3Ago_router
2026-09-09T01:35:28.429Z  [SCORE]  easy_refresh → 0 (abandoned) [rv=0 eg=0 pop=0 pt=-5 pq=0]
2026-09-09T01:35:28.429Z  [INFO ]  [10/14] lottie
2026-09-09T01:35:28.429Z  [INFO ]  Known issue: active
2026-09-09T01:35:28.429Z  [CACHE]  MISS pub.info.lottie
2026-09-09T01:35:28.429Z  [API  ]  GET https://pub.dev/api/packages/lottie
2026-09-09T01:35:28.432Z  [CACHE]  MISS pub.metrics.lottie
2026-09-09T01:35:28.432Z  [API  ]  GET https://pub.dev/api/packages/lottie/metrics
2026-09-09T01:35:28.436Z  [API  ]  GET https://pub.dev/api/packages/lottie/score
2026-09-09T01:35:28.438Z  [CACHE]  HIT  pub.publisher.lottie
2026-09-09T01:35:28.438Z  [CACHE]  MISS pub.reverseDeps.lottie
2026-09-09T01:35:28.438Z  [API  ]  GET https://pub.dev/packages?q=dependency%3Alottie
2026-09-09T01:35:28.493Z  [SCORE]  flutter_launcher_icons → 0 (abandoned) [rv=0 eg=0 pop=0 pt=-5 pq=0]
2026-09-09T01:35:28.493Z  [INFO ]  flutter_launcher_icons: platforms missing from API, using known issue
2026-09-09T01:35:28.493Z  [INFO ]  flutter_launcher_icons: pubPoints missing from API, known issue has 160
2026-09-09T01:35:28.493Z  [INFO ]  [11/14] riverpod
2026-09-09T01:35:28.493Z  [CACHE]  MISS pub.info.riverpod
2026-09-09T01:35:28.493Z  [API  ]  GET https://pub.dev/api/packages/riverpod
2026-09-09T01:35:28.496Z  [CACHE]  MISS pub.metrics.riverpod
2026-09-09T01:35:28.496Z  [API  ]  GET https://pub.dev/api/packages/riverpod/metrics
2026-09-09T01:35:28.498Z  [API  ]  GET https://pub.dev/api/packages/riverpod/score
2026-09-09T01:35:28.500Z  [CACHE]  HIT  pub.publisher.riverpod
2026-09-09T01:35:28.500Z  [CACHE]  MISS pub.reverseDeps.riverpod
2026-09-09T01:35:28.500Z  [API  ]  GET https://pub.dev/packages?q=dependency%3Ariverpod
2026-09-09T01:35:28.557Z  [SCORE]  flutter_lints → 0 (abandoned) [rv=0 eg=0 pop=0 pt=-5 pq=0]
2026-09-09T01:35:28.557Z  [INFO ]  flutter_lints: platforms missing from API, using known issue
2026-09-09T01:35:28.557Z  [INFO ]  flutter_lints: pubPoints missing from API, known issue has 160
2026-09-09T01:35:28.557Z  [INFO ]  [12/14] saropa_lints
2026-09-09T01:35:28.557Z  [CACHE]  MISS pub.info.saropa_lints
2026-09-09T01:35:28.557Z  [API  ]  GET https://pub.dev/api/packages/saropa_lints
2026-09-09T01:35:28.560Z  [CACHE]  MISS pub.metrics.saropa_lints
2026-09-09T01:35:28.560Z  [API  ]  GET https://pub.dev/api/packages/saropa_lints/metrics
2026-09-09T01:35:28.562Z  [API  ]  GET https://pub.dev/api/packages/saropa_lints/score
2026-09-09T01:35:28.564Z  [CACHE]  HIT  pub.publisher.saropa_lints
2026-09-09T01:35:28.564Z  [CACHE]  MISS pub.reverseDeps.saropa_lints
2026-09-09T01:35:28.564Z  [API  ]  GET https://pub.dev/packages?q=dependency%3Asaropa_lints
2026-09-09T01:35:28.629Z  [ERROR]  Failed to fetch package info for flutter_native_splash from https://pub.dev
2026-09-09T01:35:28.630Z  [ERROR]  Failed to fetch metrics for flutter_native_splash from https://pub.dev
2026-09-09T01:35:28.631Z  [ERROR]  Failed to fetch reverse dependency count for flutter_native_splash
2026-09-09T01:35:28.631Z  [CACHE]  MISS pub.archiveSize.flutter_native_splash
2026-09-09T01:35:28.631Z  [API  ]  GET https://pub.dev/api/packages/flutter_native_splash
2026-09-09T01:35:28.634Z  [API  ]  GET https://pub.dev/api/packages/flutter_native_splash
2026-09-09T01:35:28.683Z  [ERROR]  Failed to fetch package info for flutter_riverpod from https://pub.dev
2026-09-09T01:35:28.683Z  [ERROR]  Failed to fetch metrics for flutter_riverpod from https://pub.dev
2026-09-09T01:35:28.684Z  [ERROR]  Failed to fetch reverse dependency count for flutter_riverpod
2026-09-09T01:35:28.684Z  [CACHE]  MISS pub.archiveSize.flutter_riverpod
2026-09-09T01:35:28.684Z  [API  ]  GET https://pub.dev/api/packages/flutter_riverpod
2026-09-09T01:35:28.686Z  [API  ]  GET https://pub.dev/api/packages/flutter_riverpod
2026-09-09T01:35:28.728Z  [ERROR]  Failed to fetch package info for go_router from https://pub.dev
2026-09-09T01:35:28.728Z  [ERROR]  Failed to fetch metrics for go_router from https://pub.dev
2026-09-09T01:35:28.729Z  [ERROR]  Failed to fetch reverse dependency count for go_router
2026-09-09T01:35:28.729Z  [CACHE]  MISS pub.archiveSize.go_router
2026-09-09T01:35:28.729Z  [API  ]  GET https://pub.dev/api/packages/go_router
2026-09-09T01:35:28.733Z  [API  ]  GET https://pub.dev/api/packages/go_router
2026-09-09T01:35:28.780Z  [ERROR]  Failed to fetch package info for lottie from https://pub.dev
2026-09-09T01:35:28.780Z  [ERROR]  Failed to fetch metrics for lottie from https://pub.dev
2026-09-09T01:35:28.781Z  [ERROR]  Failed to fetch reverse dependency count for lottie
2026-09-09T01:35:28.781Z  [CACHE]  MISS pub.archiveSize.lottie
2026-09-09T01:35:28.781Z  [API  ]  GET https://pub.dev/api/packages/lottie
2026-09-09T01:35:28.783Z  [API  ]  GET https://pub.dev/api/packages/lottie
2026-09-09T01:35:28.827Z  [ERROR]  Failed to fetch package info for riverpod from https://pub.dev
2026-09-09T01:35:28.828Z  [ERROR]  Failed to fetch metrics for riverpod from https://pub.dev
2026-09-09T01:35:28.828Z  [ERROR]  Failed to fetch reverse dependency count for riverpod
2026-09-09T01:35:28.828Z  [CACHE]  MISS pub.archiveSize.riverpod
2026-09-09T01:35:28.828Z  [API  ]  GET https://pub.dev/api/packages/riverpod
2026-09-09T01:35:28.831Z  [API  ]  GET https://pub.dev/api/packages/riverpod
2026-09-09T01:35:28.873Z  [ERROR]  Failed to fetch package info for saropa_lints from https://pub.dev
2026-09-09T01:35:28.873Z  [ERROR]  Failed to fetch metrics for saropa_lints from https://pub.dev
2026-09-09T01:35:28.873Z  [ERROR]  Failed to fetch reverse dependency count for saropa_lints
2026-09-09T01:35:28.873Z  [CACHE]  MISS pub.archiveSize.saropa_lints
2026-09-09T01:35:28.873Z  [API  ]  GET https://pub.dev/api/packages/saropa_lints
2026-09-09T01:35:28.875Z  [API  ]  GET https://pub.dev/api/packages/saropa_lints
2026-09-09T01:35:28.923Z  [SCORE]  flutter_native_splash → 0 (abandoned) [rv=0 eg=0 pop=0 pt=-5 pq=0]
2026-09-09T01:35:28.923Z  [INFO ]  flutter_native_splash: platforms missing from API, using known issue
2026-09-09T01:35:28.923Z  [INFO ]  flutter_native_splash: pubPoints missing from API, known issue has 160
2026-09-09T01:35:28.923Z  [INFO ]  [13/14] vector_graphics
2026-09-09T01:35:28.923Z  [CACHE]  MISS pub.info.vector_graphics
2026-09-09T01:35:28.923Z  [API  ]  GET https://pub.dev/api/packages/vector_graphics
2026-09-09T01:35:28.925Z  [CACHE]  MISS pub.metrics.vector_graphics
2026-09-09T01:35:28.925Z  [API  ]  GET https://pub.dev/api/packages/vector_graphics/metrics
2026-09-09T01:35:28.927Z  [API  ]  GET https://pub.dev/api/packages/vector_graphics/score
2026-09-09T01:35:28.928Z  [CACHE]  HIT  pub.publisher.vector_graphics
2026-09-09T01:35:28.928Z  [CACHE]  MISS pub.reverseDeps.vector_graphics
2026-09-09T01:35:28.928Z  [API  ]  GET https://pub.dev/packages?q=dependency%3Avector_graphics
2026-09-09T01:35:28.988Z  [SCORE]  flutter_riverpod → 0 (abandoned) [rv=0 eg=0 pop=0 pt=-5 pq=0]
2026-09-09T01:35:28.988Z  [INFO ]  flutter_riverpod: platforms missing from API, using known issue
2026-09-09T01:35:28.988Z  [INFO ]  flutter_riverpod: pubPoints missing from API, known issue has 140
2026-09-09T01:35:28.988Z  [INFO ]  [14/14] vector_graphics_compiler
2026-09-09T01:35:28.988Z  [CACHE]  MISS pub.info.vector_graphics_compiler
2026-09-09T01:35:28.988Z  [API  ]  GET https://pub.dev/api/packages/vector_graphics_compiler
2026-09-09T01:35:28.990Z  [CACHE]  MISS pub.metrics.vector_graphics_compiler
2026-09-09T01:35:28.990Z  [API  ]  GET https://pub.dev/api/packages/vector_graphics_compiler/metrics
2026-09-09T01:35:28.992Z  [API  ]  GET https://pub.dev/api/packages/vector_graphics_compiler/score
2026-09-09T01:35:28.993Z  [CACHE]  HIT  pub.publisher.vector_graphics_compiler
2026-09-09T01:35:28.993Z  [CACHE]  MISS pub.reverseDeps.vector_graphics_compiler
2026-09-09T01:35:28.993Z  [API  ]  GET https://pub.dev/packages?q=dependency%3Avector_graphics_compiler
2026-09-09T01:35:29.045Z  [SCORE]  go_router → 0 (abandoned) [rv=0 eg=0 pop=0 pt=-5 pq=0]
2026-09-09T01:35:29.045Z  [INFO ]  go_router: platforms missing from API, using known issue
2026-09-09T01:35:29.045Z  [INFO ]  go_router: pubPoints missing from API, known issue has 150
2026-09-09T01:35:29.046Z  [SCORE]  lottie → 0 (abandoned) [rv=0 eg=0 pop=0 pt=-5 pq=0]
2026-09-09T01:35:29.046Z  [INFO ]  lottie: platforms missing from API, using known issue
2026-09-09T01:35:29.046Z  [INFO ]  lottie: pubPoints missing from API, known issue has 160
2026-09-09T01:35:29.046Z  [SCORE]  riverpod → 0 (abandoned) [rv=0 eg=0 pop=0 pt=-5 pq=0]
2026-09-09T01:35:29.047Z  [SCORE]  saropa_lints → 0 (abandoned) [rv=0 eg=0 pop=0 pt=-5 pq=0]
2026-09-09T01:35:29.053Z  [ERROR]  Failed to fetch package info for vector_graphics from https://pub.dev
2026-09-09T01:35:29.053Z  [ERROR]  Failed to fetch metrics for vector_graphics from https://pub.dev
2026-09-09T01:35:29.054Z  [ERROR]  Failed to fetch reverse dependency count for vector_graphics
2026-09-09T01:35:29.054Z  [CACHE]  MISS pub.archiveSize.vector_graphics
2026-09-09T01:35:29.054Z  [API  ]  GET https://pub.dev/api/packages/vector_graphics
2026-09-09T01:35:29.056Z  [API  ]  GET https://pub.dev/api/packages/vector_graphics
2026-09-09T01:35:29.097Z  [ERROR]  Failed to fetch package info for vector_graphics_compiler from https://pub.dev
2026-09-09T01:35:29.097Z  [ERROR]  Failed to fetch metrics for vector_graphics_compiler from https://pub.dev
2026-09-09T01:35:29.097Z  [ERROR]  Failed to fetch reverse dependency count for vector_graphics_compiler
2026-09-09T01:35:29.097Z  [CACHE]  MISS pub.archiveSize.vector_graphics_compiler
2026-09-09T01:35:29.097Z  [API  ]  GET https://pub.dev/api/packages/vector_graphics_compiler
2026-09-09T01:35:29.099Z  [API  ]  GET https://pub.dev/api/packages/vector_graphics_compiler
2026-09-09T01:35:29.144Z  [SCORE]  vector_graphics → 0 (abandoned) [rv=0 eg=0 pop=0 pt=-5 pq=0]
2026-09-09T01:35:29.144Z  [SCORE]  vector_graphics_compiler → 0 (abandoned) [rv=0 eg=0 pop=0 pt=-5 pq=0]
2026-09-09T01:35:30.667Z  [ERROR]  Blocker analysis skipped — CLI commands failed — pub outdated: Command failed: dart pub outdated --json --transitive
Cannot specify both `--json` and `--transitive`
The json report always includes transitive dependencies.

Usage: dart pub outdated [options]
-h, --help                         Print this usage information.
    --[no-]dependency-overrides    Show resolutions with `dependency_overrides`.
                                   (defaults to on)
    --[no-]dev-dependencies        Take dev dependencies into account.
                                   (defaults to on)
    --json                         Output the results using a json format.
    --[no-]prereleases             Include prereleases in latest version.
    --[no-]show-all                Include dependencies that are already
                                   fulfilling --mode.
    --[no-]transitive              Show transitive dependencies.
                                   (defaults to on)
-C, --directory=<dir>              Run this in the directory <dir>.

Run "dart help" to see global options.
See https://dart.dev/tools/pub/cmd/pub-outdated for detailed documentation.

2026-09-09T01:35:31.049Z  [CACHE]  MISS pub.archiveSize.async
2026-09-09T01:35:31.050Z  [API  ]  GET https://pub.dev/api/packages/async
2026-09-09T01:35:31.051Z  [CACHE]  MISS pub.archiveSize.collection
2026-09-09T01:35:31.051Z  [API  ]  GET https://pub.dev/api/packages/collection
2026-09-09T01:35:31.053Z  [CACHE]  MISS pub.archiveSize.meta
2026-09-09T01:35:31.053Z  [API  ]  GET https://pub.dev/api/packages/meta
2026-09-09T01:35:31.055Z  [CACHE]  MISS pub.archiveSize.http_parser
2026-09-09T01:35:31.055Z  [API  ]  GET https://pub.dev/api/packages/http_parser
2026-09-09T01:35:31.057Z  [CACHE]  MISS pub.archiveSize.source_span
2026-09-09T01:35:31.057Z  [API  ]  GET https://pub.dev/api/packages/source_span
2026-09-09T01:35:31.059Z  [CACHE]  MISS pub.archiveSize.path
2026-09-09T01:35:31.059Z  [API  ]  GET https://pub.dev/api/packages/path
2026-09-09T01:35:31.062Z  [CACHE]  MISS pub.archiveSize.term_glyph
2026-09-09T01:35:31.062Z  [API  ]  GET https://pub.dev/api/packages/term_glyph
2026-09-09T01:35:31.064Z  [CACHE]  MISS pub.archiveSize.string_scanner
2026-09-09T01:35:31.064Z  [API  ]  GET https://pub.dev/api/packages/string_scanner
2026-09-09T01:35:31.066Z  [CACHE]  MISS pub.archiveSize.typed_data
2026-09-09T01:35:31.066Z  [API  ]  GET https://pub.dev/api/packages/typed_data
2026-09-09T01:35:31.068Z  [CACHE]  MISS pub.archiveSize.mime
2026-09-09T01:35:31.068Z  [API  ]  GET https://pub.dev/api/packages/mime
2026-09-09T01:35:31.071Z  [CACHE]  MISS pub.archiveSize.dio_web_adapter
2026-09-09T01:35:31.071Z  [API  ]  GET https://pub.dev/api/packages/dio_web_adapter
2026-09-09T01:35:31.072Z  [CACHE]  MISS pub.archiveSize.web
2026-09-09T01:35:31.072Z  [API  ]  GET https://pub.dev/api/packages/web
2026-09-09T01:35:31.074Z  [CACHE]  MISS pub.archiveSize.flutter
2026-09-09T01:35:31.074Z  [API  ]  GET https://pub.dev/api/packages/flutter
2026-09-09T01:35:31.076Z  [CACHE]  MISS pub.archiveSize.characters
2026-09-09T01:35:31.076Z  [API  ]  GET https://pub.dev/api/packages/characters
2026-09-09T01:35:31.078Z  [CACHE]  MISS pub.archiveSize.material_color_utilities
2026-09-09T01:35:31.078Z  [API  ]  GET https://pub.dev/api/packages/material_color_utilities
2026-09-09T01:35:31.080Z  [CACHE]  MISS pub.archiveSize.vector_math
2026-09-09T01:35:31.080Z  [API  ]  GET https://pub.dev/api/packages/vector_math
2026-09-09T01:35:31.082Z  [CACHE]  MISS pub.archiveSize.sky_engine
2026-09-09T01:35:31.082Z  [API  ]  GET https://pub.dev/api/packages/sky_engine
2026-09-09T01:35:31.083Z  [CACHE]  MISS pub.archiveSize.flutter_web_plugins
2026-09-09T01:35:31.083Z  [API  ]  GET https://pub.dev/api/packages/flutter_web_plugins
2026-09-09T01:35:31.085Z  [CACHE]  MISS pub.archiveSize.plugin_platform_interface
2026-09-09T01:35:31.085Z  [API  ]  GET https://pub.dev/api/packages/plugin_platform_interface
2026-09-09T01:35:31.087Z  [CACHE]  MISS pub.archiveSize.ffi
2026-09-09T01:35:31.087Z  [API  ]  GET https://pub.dev/api/packages/ffi
2026-09-09T01:35:31.088Z  [CACHE]  MISS pub.archiveSize.path_drawing
2026-09-09T01:35:31.088Z  [API  ]  GET https://pub.dev/api/packages/path_drawing
2026-09-09T01:35:31.090Z  [CACHE]  MISS pub.archiveSize.path_parsing
2026-09-09T01:35:31.090Z  [API  ]  GET https://pub.dev/api/packages/path_parsing
2026-09-09T01:35:31.092Z  [CACHE]  MISS pub.archiveSize.args
2026-09-09T01:35:31.092Z  [API  ]  GET https://pub.dev/api/packages/args
2026-09-09T01:35:31.093Z  [CACHE]  MISS pub.archiveSize.checked_yaml
2026-09-09T01:35:31.093Z  [API  ]  GET https://pub.dev/api/packages/checked_yaml
2026-09-09T01:35:31.095Z  [CACHE]  MISS pub.archiveSize.json_annotation
2026-09-09T01:35:31.095Z  [API  ]  GET https://pub.dev/api/packages/json_annotation
2026-09-09T01:35:31.097Z  [CACHE]  MISS pub.archiveSize.yaml
2026-09-09T01:35:31.097Z  [API  ]  GET https://pub.dev/api/packages/yaml
2026-09-09T01:35:31.098Z  [CACHE]  MISS pub.archiveSize.cli_util
2026-09-09T01:35:31.098Z  [API  ]  GET https://pub.dev/api/packages/cli_util
2026-09-09T01:35:31.100Z  [CACHE]  MISS pub.archiveSize.image
2026-09-09T01:35:31.100Z  [API  ]  GET https://pub.dev/api/packages/image
2026-09-09T01:35:31.102Z  [CACHE]  MISS pub.archiveSize.archive
2026-09-09T01:35:31.102Z  [API  ]  GET https://pub.dev/api/packages/archive
2026-09-09T01:35:31.103Z  [CACHE]  MISS pub.archiveSize.posix
2026-09-09T01:35:31.103Z  [API  ]  GET https://pub.dev/api/packages/posix
2026-09-09T01:35:31.105Z  [CACHE]  MISS pub.archiveSize.lints
2026-09-09T01:35:31.105Z  [API  ]  GET https://pub.dev/api/packages/lints
2026-09-09T01:35:31.107Z  [CACHE]  MISS pub.archiveSize.html
2026-09-09T01:35:31.107Z  [API  ]  GET https://pub.dev/api/packages/html
2026-09-09T01:35:31.109Z  [CACHE]  MISS pub.archiveSize.csslib
2026-09-09T01:35:31.109Z  [API  ]  GET https://pub.dev/api/packages/csslib
2026-09-09T01:35:31.111Z  [CACHE]  MISS pub.archiveSize.universal_io
2026-09-09T01:35:31.111Z  [API  ]  GET https://pub.dev/api/packages/universal_io
2026-09-09T01:35:31.113Z  [CACHE]  MISS pub.archiveSize.xml
2026-09-09T01:35:31.113Z  [API  ]  GET https://pub.dev/api/packages/xml
2026-09-09T01:35:31.114Z  [CACHE]  MISS pub.archiveSize.petitparser
2026-09-09T01:35:31.114Z  [API  ]  GET https://pub.dev/api/packages/petitparser
2026-09-09T01:35:31.116Z  [CACHE]  MISS pub.archiveSize.ansicolor
2026-09-09T01:35:31.116Z  [API  ]  GET https://pub.dev/api/packages/ansicolor
2026-09-09T01:35:31.118Z  [CACHE]  MISS pub.archiveSize.flutter_test
2026-09-09T01:35:31.118Z  [API  ]  GET https://pub.dev/api/packages/flutter_test
2026-09-09T01:35:31.119Z  [CACHE]  MISS pub.archiveSize.test_api
2026-09-09T01:35:31.119Z  [API  ]  GET https://pub.dev/api/packages/test_api
2026-09-09T01:35:31.121Z  [CACHE]  MISS pub.archiveSize.boolean_selector
2026-09-09T01:35:31.121Z  [API  ]  GET https://pub.dev/api/packages/boolean_selector
2026-09-09T01:35:31.123Z  [CACHE]  MISS pub.archiveSize.stack_trace
2026-09-09T01:35:31.123Z  [API  ]  GET https://pub.dev/api/packages/stack_trace
2026-09-09T01:35:31.125Z  [CACHE]  MISS pub.archiveSize.stream_channel
2026-09-09T01:35:31.125Z  [API  ]  GET https://pub.dev/api/packages/stream_channel
2026-09-09T01:35:31.128Z  [CACHE]  MISS pub.archiveSize.matcher
2026-09-09T01:35:31.128Z  [API  ]  GET https://pub.dev/api/packages/matcher
2026-09-09T01:35:31.130Z  [CACHE]  MISS pub.archiveSize.fake_async
2026-09-09T01:35:31.130Z  [API  ]  GET https://pub.dev/api/packages/fake_async
2026-09-09T01:35:31.132Z  [CACHE]  MISS pub.archiveSize.clock
2026-09-09T01:35:31.132Z  [API  ]  GET https://pub.dev/api/packages/clock
2026-09-09T01:35:31.134Z  [CACHE]  MISS pub.archiveSize.leak_tracker_flutter_testing
2026-09-09T01:35:31.134Z  [API  ]  GET https://pub.dev/api/packages/leak_tracker_flutter_testing
2026-09-09T01:35:31.136Z  [CACHE]  MISS pub.archiveSize.leak_tracker
2026-09-09T01:35:31.136Z  [API  ]  GET https://pub.dev/api/packages/leak_tracker
2026-09-09T01:35:31.138Z  [CACHE]  MISS pub.archiveSize.vm_service
2026-09-09T01:35:31.138Z  [API  ]  GET https://pub.dev/api/packages/vm_service
2026-09-09T01:35:31.139Z  [CACHE]  MISS pub.archiveSize.leak_tracker_testing
2026-09-09T01:35:31.139Z  [API  ]  GET https://pub.dev/api/packages/leak_tracker_testing
2026-09-09T01:35:31.141Z  [CACHE]  MISS pub.archiveSize.riverpod
2026-09-09T01:35:31.141Z  [API  ]  GET https://pub.dev/api/packages/riverpod
2026-09-09T01:35:31.143Z  [CACHE]  MISS pub.archiveSize.listen
2026-09-09T01:35:31.143Z  [API  ]  GET https://pub.dev/api/packages/listen
2026-09-09T01:35:31.145Z  [CACHE]  MISS pub.archiveSize.state_notifier
2026-09-09T01:35:31.145Z  [API  ]  GET https://pub.dev/api/packages/state_notifier
2026-09-09T01:35:31.146Z  [CACHE]  MISS pub.archiveSize.test
2026-09-09T01:35:31.146Z  [API  ]  GET https://pub.dev/api/packages/test
2026-09-09T01:35:31.148Z  [CACHE]  MISS pub.archiveSize.analyzer
2026-09-09T01:35:31.148Z  [API  ]  GET https://pub.dev/api/packages/analyzer
2026-09-09T01:35:31.151Z  [CACHE]  MISS pub.archiveSize._fe_analyzer_shared
2026-09-09T01:35:31.151Z  [API  ]  GET https://pub.dev/api/packages/_fe_analyzer_shared
2026-09-09T01:35:31.153Z  [CACHE]  MISS pub.archiveSize.convert
2026-09-09T01:35:31.153Z  [API  ]  GET https://pub.dev/api/packages/convert
2026-09-09T01:35:31.155Z  [CACHE]  MISS pub.archiveSize.crypto
2026-09-09T01:35:31.155Z  [API  ]  GET https://pub.dev/api/packages/crypto
2026-09-09T01:35:31.157Z  [CACHE]  MISS pub.archiveSize.glob
2026-09-09T01:35:31.157Z  [API  ]  GET https://pub.dev/api/packages/glob
2026-09-09T01:35:31.160Z  [CACHE]  MISS pub.archiveSize.file
2026-09-09T01:35:31.160Z  [API  ]  GET https://pub.dev/api/packages/file
2026-09-09T01:35:31.162Z  [CACHE]  MISS pub.archiveSize.package_config
2026-09-09T01:35:31.162Z  [API  ]  GET https://pub.dev/api/packages/package_config
2026-09-09T01:35:31.164Z  [CACHE]  MISS pub.archiveSize.pub_semver
2026-09-09T01:35:31.164Z  [API  ]  GET https://pub.dev/api/packages/pub_semver
2026-09-09T01:35:31.166Z  [CACHE]  MISS pub.archiveSize.watcher
2026-09-09T01:35:31.166Z  [API  ]  GET https://pub.dev/api/packages/watcher
2026-09-09T01:35:31.168Z  [CACHE]  MISS pub.archiveSize.coverage
2026-09-09T01:35:31.168Z  [API  ]  GET https://pub.dev/api/packages/coverage
2026-09-09T01:35:31.172Z  [CACHE]  MISS pub.archiveSize.cli_config
2026-09-09T01:35:31.172Z  [API  ]  GET https://pub.dev/api/packages/cli_config
2026-09-09T01:35:31.173Z  [CACHE]  MISS pub.archiveSize.logging
2026-09-09T01:35:31.173Z  [API  ]  GET https://pub.dev/api/packages/logging
2026-09-09T01:35:31.175Z  [CACHE]  MISS pub.archiveSize.source_maps
2026-09-09T01:35:31.175Z  [API  ]  GET https://pub.dev/api/packages/source_maps
2026-09-09T01:35:31.179Z  [CACHE]  MISS pub.archiveSize.http_multi_server
2026-09-09T01:35:31.179Z  [API  ]  GET https://pub.dev/api/packages/http_multi_server
2026-09-09T01:35:31.182Z  [CACHE]  MISS pub.archiveSize.io
2026-09-09T01:35:31.182Z  [API  ]  GET https://pub.dev/api/packages/io
2026-09-09T01:35:31.184Z  [CACHE]  MISS pub.archiveSize.node_preamble
2026-09-09T01:35:31.184Z  [API  ]  GET https://pub.dev/api/packages/node_preamble
2026-09-09T01:35:31.187Z  [CACHE]  MISS pub.archiveSize.pool
2026-09-09T01:35:31.187Z  [API  ]  GET https://pub.dev/api/packages/pool
2026-09-09T01:35:31.190Z  [CACHE]  MISS pub.archiveSize.shelf
2026-09-09T01:35:31.190Z  [API  ]  GET https://pub.dev/api/packages/shelf
2026-09-09T01:35:31.193Z  [CACHE]  MISS pub.archiveSize.shelf_packages_handler
2026-09-09T01:35:31.193Z  [API  ]  GET https://pub.dev/api/packages/shelf_packages_handler
2026-09-09T01:35:31.196Z  [CACHE]  MISS pub.archiveSize.shelf_static
2026-09-09T01:35:31.196Z  [API  ]  GET https://pub.dev/api/packages/shelf_static
2026-09-09T01:35:31.199Z  [CACHE]  MISS pub.archiveSize.shelf_web_socket
2026-09-09T01:35:31.200Z  [API  ]  GET https://pub.dev/api/packages/shelf_web_socket
2026-09-09T01:35:31.203Z  [CACHE]  MISS pub.archiveSize.web_socket_channel
2026-09-09T01:35:31.203Z  [API  ]  GET https://pub.dev/api/packages/web_socket_channel
2026-09-09T01:35:31.205Z  [CACHE]  MISS pub.archiveSize.web_socket
2026-09-09T01:35:31.206Z  [API  ]  GET https://pub.dev/api/packages/web_socket
2026-09-09T01:35:31.208Z  [CACHE]  MISS pub.archiveSize.test_core
2026-09-09T01:35:31.208Z  [API  ]  GET https://pub.dev/api/packages/test_core
2026-09-09T01:35:31.211Z  [CACHE]  MISS pub.archiveSize.frontend_server_client
2026-09-09T01:35:31.211Z  [API  ]  GET https://pub.dev/api/packages/frontend_server_client
2026-09-09T01:35:31.213Z  [CACHE]  MISS pub.archiveSize.source_map_stack_trace
2026-09-09T01:35:31.213Z  [API  ]  GET https://pub.dev/api/packages/source_map_stack_trace
2026-09-09T01:35:31.215Z  [CACHE]  MISS pub.archiveSize.webkit_inspection_protocol
2026-09-09T01:35:31.215Z  [API  ]  GET https://pub.dev/api/packages/webkit_inspection_protocol
2026-09-09T01:35:31.217Z  [CACHE]  MISS pub.archiveSize.uuid
2026-09-09T01:35:31.217Z  [API  ]  GET https://pub.dev/api/packages/uuid
2026-09-09T01:35:31.219Z  [CACHE]  MISS pub.archiveSize.fixnum
2026-09-09T01:35:31.219Z  [API  ]  GET https://pub.dev/api/packages/fixnum
2026-09-09T01:35:31.221Z  [CACHE]  MISS pub.archiveSize.cupertino_ui
2026-09-09T01:35:31.221Z  [API  ]  GET https://pub.dev/api/packages/cupertino_ui
2026-09-09T01:35:31.224Z  [CACHE]  MISS pub.archiveSize.flutter_localizations
2026-09-09T01:35:31.224Z  [API  ]  GET https://pub.dev/api/packages/flutter_localizations
2026-09-09T01:35:31.226Z  [CACHE]  MISS pub.archiveSize.intl
2026-09-09T01:35:31.226Z  [API  ]  GET https://pub.dev/api/packages/intl
2026-09-09T01:35:31.228Z  [CACHE]  MISS pub.archiveSize.material_ui
2026-09-09T01:35:31.228Z  [API  ]  GET https://pub.dev/api/packages/material_ui
2026-09-09T01:35:31.230Z  [CACHE]  MISS pub.archiveSize.http
2026-09-09T01:35:31.230Z  [API  ]  GET https://pub.dev/api/packages/http
2026-09-09T01:35:31.234Z  [CACHE]  MISS pub.archiveSize.analysis_server_plugin
2026-09-09T01:35:31.234Z  [API  ]  GET https://pub.dev/api/packages/analysis_server_plugin
2026-09-09T01:35:31.236Z  [CACHE]  MISS pub.archiveSize.analyzer_plugin
2026-09-09T01:35:31.236Z  [API  ]  GET https://pub.dev/api/packages/analyzer_plugin
2026-09-09T01:35:31.237Z  [CACHE]  MISS pub.archiveSize.dart_style
2026-09-09T01:35:31.237Z  [API  ]  GET https://pub.dev/api/packages/dart_style
2026-09-09T01:35:31.239Z  [CACHE]  MISS pub.archiveSize.yaml_edit
2026-09-09T01:35:31.239Z  [API  ]  GET https://pub.dev/api/packages/yaml_edit
2026-09-09T01:35:31.242Z  [CACHE]  MISS pub.archiveSize.vector_graphics_codec
2026-09-09T01:35:31.242Z  [API  ]  GET https://pub.dev/api/packages/vector_graphics_codec
2026-09-09T01:35:32.511Z  [INFO ]  Dep graph: 14 direct, 91 transitive, 0 overrides
2026-09-09T01:35:32.512Z  [CACHE]  MISS osv.vulns.cupertino_icons.1.0.9
2026-09-09T01:35:32.512Z  [CACHE]  MISS osv.vulns.dio.5.11.0
2026-09-09T01:35:32.512Z  [CACHE]  MISS osv.vulns.dotlottie_flutter.0.1.7
2026-09-09T01:35:32.512Z  [CACHE]  MISS osv.vulns.easy_refresh.3.5.1
2026-09-09T01:35:32.512Z  [CACHE]  MISS osv.vulns.flutter_launcher_icons.0.14.4
2026-09-09T01:35:32.512Z  [CACHE]  MISS osv.vulns.flutter_lints.6.0.0
2026-09-09T01:35:32.512Z  [CACHE]  MISS osv.vulns.flutter_native_splash.2.4.8
2026-09-09T01:35:32.512Z  [CACHE]  MISS osv.vulns.flutter_riverpod.3.4.2
2026-09-09T01:35:32.512Z  [CACHE]  MISS osv.vulns.go_router.18.0.0
2026-09-09T01:35:32.512Z  [CACHE]  MISS osv.vulns.lottie.3.5.1
2026-09-09T01:35:32.512Z  [CACHE]  MISS osv.vulns.riverpod.3.4.2
2026-09-09T01:35:32.512Z  [CACHE]  MISS osv.vulns.saropa_lints.14.0.2
2026-09-09T01:35:32.512Z  [CACHE]  MISS osv.vulns.vector_graphics.1.2.3
2026-09-09T01:35:32.512Z  [CACHE]  MISS osv.vulns.vector_graphics_compiler.1.3.0
2026-09-09T01:35:32.512Z  [API  ]  POST https://api.osv.dev/v1/querybatch
2026-09-09T01:35:32.515Z  [CACHE]  MISS ghsa.vulns.cupertino_icons.1.0.9
2026-09-09T01:35:32.515Z  [CACHE]  MISS ghsa.vulns.dio.5.11.0
2026-09-09T01:35:32.515Z  [CACHE]  MISS ghsa.vulns.dotlottie_flutter.0.1.7
2026-09-09T01:35:32.515Z  [CACHE]  MISS ghsa.vulns.easy_refresh.3.5.1
2026-09-09T01:35:32.515Z  [CACHE]  MISS ghsa.vulns.flutter_launcher_icons.0.14.4
2026-09-09T01:35:32.515Z  [CACHE]  MISS ghsa.vulns.flutter_lints.6.0.0
2026-09-09T01:35:32.515Z  [CACHE]  MISS ghsa.vulns.flutter_native_splash.2.4.8
2026-09-09T01:35:32.515Z  [CACHE]  MISS ghsa.vulns.flutter_riverpod.3.4.2
2026-09-09T01:35:32.515Z  [CACHE]  MISS ghsa.vulns.go_router.18.0.0
2026-09-09T01:35:32.515Z  [CACHE]  MISS ghsa.vulns.lottie.3.5.1
2026-09-09T01:35:32.515Z  [CACHE]  MISS ghsa.vulns.riverpod.3.4.2
2026-09-09T01:35:32.515Z  [CACHE]  MISS ghsa.vulns.saropa_lints.14.0.2
2026-09-09T01:35:32.515Z  [CACHE]  MISS ghsa.vulns.vector_graphics.1.2.3
2026-09-09T01:35:32.515Z  [CACHE]  MISS ghsa.vulns.vector_graphics_compiler.1.3.0
2026-09-09T01:35:32.515Z  [API  ]  GET https://api.github.com/advisories?ecosystem=pub&package=cupertino_icons&affects=1.0.9&per_page=100
2026-09-09T01:35:32.517Z  [API  ]  GET https://api.github.com/advisories?ecosystem=pub&package=dio&affects=5.11.0&per_page=100
2026-09-09T01:35:32.519Z  [API  ]  GET https://api.github.com/advisories?ecosystem=pub&package=dotlottie_flutter&affects=0.1.7&per_page=100
2026-09-09T01:35:32.521Z  [API  ]  GET https://api.github.com/advisories?ecosystem=pub&package=easy_refresh&affects=3.5.1&per_page=100
2026-09-09T01:35:32.523Z  [API  ]  GET https://api.github.com/advisories?ecosystem=pub&package=flutter_launcher_icons&affects=0.14.4&per_page=100
2026-09-09T01:35:32.615Z  [ERROR]  OSV batch query error: TypeError: fetch failed
2026-09-09T01:35:32.616Z  [ERROR]  GitHub Advisory query error for cupertino_icons: TypeError: fetch failed
2026-09-09T01:35:32.616Z  [ERROR]  GitHub Advisory query error for dio: TypeError: fetch failed
2026-09-09T01:35:32.616Z  [ERROR]  GitHub Advisory query error for dotlottie_flutter: TypeError: fetch failed
2026-09-09T01:35:32.616Z  [ERROR]  GitHub Advisory query error for easy_refresh: TypeError: fetch failed
2026-09-09T01:35:32.629Z  [ERROR]  GitHub Advisory query error for flutter_launcher_icons: TypeError: fetch failed
2026-09-09T01:35:32.629Z  [API  ]  GET https://api.github.com/advisories?ecosystem=pub&package=flutter_lints&affects=6.0.0&per_page=100
2026-09-09T01:35:32.631Z  [API  ]  GET https://api.github.com/advisories?ecosystem=pub&package=flutter_native_splash&affects=2.4.8&per_page=100
2026-09-09T01:35:32.633Z  [API  ]  GET https://api.github.com/advisories?ecosystem=pub&package=flutter_riverpod&affects=3.4.2&per_page=100
2026-09-09T01:35:32.635Z  [API  ]  GET https://api.github.com/advisories?ecosystem=pub&package=go_router&affects=18.0.0&per_page=100
2026-09-09T01:35:32.636Z  [API  ]  GET https://api.github.com/advisories?ecosystem=pub&package=lottie&affects=3.5.1&per_page=100
2026-09-09T01:35:32.731Z  [ERROR]  GitHub Advisory query error for flutter_lints: TypeError: fetch failed
2026-09-09T01:35:32.731Z  [ERROR]  GitHub Advisory query error for flutter_riverpod: TypeError: fetch failed
2026-09-09T01:35:32.732Z  [ERROR]  GitHub Advisory query error for flutter_native_splash: TypeError: fetch failed
2026-09-09T01:35:32.732Z  [ERROR]  GitHub Advisory query error for lottie: TypeError: fetch failed
2026-09-09T01:35:32.732Z  [ERROR]  GitHub Advisory query error for go_router: TypeError: fetch failed
2026-09-09T01:35:32.732Z  [API  ]  GET https://api.github.com/advisories?ecosystem=pub&package=riverpod&affects=3.4.2&per_page=100
2026-09-09T01:35:32.736Z  [API  ]  GET https://api.github.com/advisories?ecosystem=pub&package=saropa_lints&affects=14.0.2&per_page=100
2026-09-09T01:35:32.738Z  [API  ]  GET https://api.github.com/advisories?ecosystem=pub&package=vector_graphics&affects=1.2.3&per_page=100
2026-09-09T01:35:32.740Z  [API  ]  GET https://api.github.com/advisories?ecosystem=pub&package=vector_graphics_compiler&affects=1.3.0&per_page=100
2026-09-09T01:35:32.905Z  [ERROR]  GitHub Advisory query error for riverpod: TypeError: fetch failed
2026-09-09T01:35:32.906Z  [ERROR]  GitHub Advisory query error for saropa_lints: TypeError: fetch failed
2026-09-09T01:35:32.906Z  [ERROR]  GitHub Advisory query error for vector_graphics: TypeError: fetch failed
2026-09-09T01:35:32.906Z  [ERROR]  GitHub Advisory query error for vector_graphics_compiler: TypeError: fetch failed
2026-09-09T01:35:34.105Z  [INFO ]  Scan complete — 6734ms — vibrant:0 stable:0 outdated:0 abandoned:14 eol:0
