2026-09-12T01:29:37.217Z  [CACHE]  MISS flutter.releases
2026-09-12T01:29:37.217Z  [API  ]  GET https://storage.googleapis.com/flutter_infra_release/releases/releases_linux.json
2026-09-12T01:29:37.696Z  [API  ]  200 OK (479ms)
2026-09-12T01:29:38.677Z  [INFO ]  Scan started — 14 packages
2026-09-12T01:29:38.677Z  [INFO ]  [1/14] cupertino_icons
2026-09-12T01:29:38.678Z  [INFO ]  Known issue: active
2026-09-12T01:29:38.678Z  [CACHE]  MISS pub.info.cupertino_icons
2026-09-12T01:29:38.679Z  [API  ]  GET https://pub.dev/api/packages/cupertino_icons
2026-09-12T01:29:38.683Z  [CACHE]  MISS pub.metrics.cupertino_icons
2026-09-12T01:29:38.683Z  [API  ]  GET https://pub.dev/api/packages/cupertino_icons/metrics
2026-09-12T01:29:38.686Z  [API  ]  GET https://pub.dev/api/packages/cupertino_icons/score
2026-09-12T01:29:38.691Z  [CACHE]  HIT  pub.publisher.cupertino_icons
2026-09-12T01:29:38.691Z  [CACHE]  MISS pub.reverseDeps.cupertino_icons
2026-09-12T01:29:38.691Z  [API  ]  GET https://pub.dev/packages?q=dependency%3Acupertino_icons
2026-09-12T01:29:38.695Z  [INFO ]  [2/14] dio
2026-09-12T01:29:38.695Z  [INFO ]  Known issue: active
2026-09-12T01:29:38.695Z  [CACHE]  MISS pub.info.dio
2026-09-12T01:29:38.695Z  [API  ]  GET https://pub.dev/api/packages/dio
2026-09-12T01:29:38.698Z  [CACHE]  MISS pub.metrics.dio
2026-09-12T01:29:38.698Z  [API  ]  GET https://pub.dev/api/packages/dio/metrics
2026-09-12T01:29:38.703Z  [API  ]  GET https://pub.dev/api/packages/dio/score
2026-09-12T01:29:38.713Z  [CACHE]  HIT  pub.publisher.dio
2026-09-12T01:29:38.713Z  [CACHE]  MISS pub.reverseDeps.dio
2026-09-12T01:29:38.713Z  [API  ]  GET https://pub.dev/packages?q=dependency%3Adio
2026-09-12T01:29:38.718Z  [INFO ]  [3/14] dotlottie_flutter
2026-09-12T01:29:38.718Z  [CACHE]  MISS pub.info.dotlottie_flutter
2026-09-12T01:29:38.718Z  [API  ]  GET https://pub.dev/api/packages/dotlottie_flutter
2026-09-12T01:29:38.721Z  [CACHE]  MISS pub.metrics.dotlottie_flutter
2026-09-12T01:29:38.721Z  [API  ]  GET https://pub.dev/api/packages/dotlottie_flutter/metrics
2026-09-12T01:29:38.726Z  [API  ]  GET https://pub.dev/api/packages/dotlottie_flutter/score
2026-09-12T01:29:38.729Z  [CACHE]  HIT  pub.publisher.dotlottie_flutter
2026-09-12T01:29:38.730Z  [CACHE]  MISS pub.reverseDeps.dotlottie_flutter
2026-09-12T01:29:38.730Z  [API  ]  GET https://pub.dev/packages?q=dependency%3Adotlottie_flutter
2026-09-12T01:29:38.733Z  [INFO ]  [4/14] easy_refresh
2026-09-12T01:29:38.733Z  [CACHE]  MISS pub.info.easy_refresh
2026-09-12T01:29:38.733Z  [API  ]  GET https://pub.dev/api/packages/easy_refresh
2026-09-12T01:29:38.746Z  [CACHE]  MISS pub.metrics.easy_refresh
2026-09-12T01:29:38.746Z  [API  ]  GET https://pub.dev/api/packages/easy_refresh/metrics
2026-09-12T01:29:38.754Z  [API  ]  GET https://pub.dev/api/packages/easy_refresh/score
2026-09-12T01:29:38.756Z  [CACHE]  HIT  pub.publisher.easy_refresh
2026-09-12T01:29:38.756Z  [CACHE]  MISS pub.reverseDeps.easy_refresh
2026-09-12T01:29:38.757Z  [API  ]  GET https://pub.dev/packages?q=dependency%3Aeasy_refresh
2026-09-12T01:29:38.760Z  [INFO ]  [5/14] flutter_launcher_icons
2026-09-12T01:29:38.760Z  [INFO ]  Known issue: active
2026-09-12T01:29:38.760Z  [CACHE]  MISS pub.info.flutter_launcher_icons
2026-09-12T01:29:38.760Z  [API  ]  GET https://pub.dev/api/packages/flutter_launcher_icons
2026-09-12T01:29:38.765Z  [CACHE]  MISS pub.metrics.flutter_launcher_icons
2026-09-12T01:29:38.765Z  [API  ]  GET https://pub.dev/api/packages/flutter_launcher_icons/metrics
2026-09-12T01:29:38.769Z  [API  ]  GET https://pub.dev/api/packages/flutter_launcher_icons/score
2026-09-12T01:29:38.773Z  [CACHE]  HIT  pub.publisher.flutter_launcher_icons
2026-09-12T01:29:38.773Z  [CACHE]  MISS pub.reverseDeps.flutter_launcher_icons
2026-09-12T01:29:38.773Z  [API  ]  GET https://pub.dev/packages?q=dependency%3Aflutter_launcher_icons
2026-09-12T01:29:38.778Z  [INFO ]  [6/14] flutter_lints
2026-09-12T01:29:38.778Z  [INFO ]  Known issue: active
2026-09-12T01:29:38.778Z  [CACHE]  MISS pub.info.flutter_lints
2026-09-12T01:29:38.795Z  [API  ]  GET https://pub.dev/api/packages/flutter_lints
2026-09-12T01:29:38.817Z  [CACHE]  MISS pub.metrics.flutter_lints
2026-09-12T01:29:38.817Z  [API  ]  GET https://pub.dev/api/packages/flutter_lints/metrics
2026-09-12T01:29:38.826Z  [API  ]  GET https://pub.dev/api/packages/flutter_lints/score
2026-09-12T01:29:38.832Z  [CACHE]  HIT  pub.publisher.flutter_lints
2026-09-12T01:29:38.832Z  [CACHE]  MISS pub.reverseDeps.flutter_lints
2026-09-12T01:29:38.832Z  [API  ]  GET https://pub.dev/packages?q=dependency%3Aflutter_lints
2026-09-12T01:29:39.621Z  [API  ]  200 OK (942ms)
2026-09-12T01:29:41.009Z  [API  ]  200 OK (2249ms)
2026-09-12T01:29:41.012Z  [API  ]  200 OK (2243ms)
2026-09-12T01:29:41.013Z  [API  ]  200 OK (2315ms)
2026-09-12T01:29:41.015Z  [API  ]  200 OK (2189ms)
2026-09-12T01:29:41.016Z  [API  ]  200 OK (2270ms)
2026-09-12T01:29:41.018Z  [API  ]  200 OK (2335ms)
2026-09-12T01:29:41.019Z  [API  ]  200 OK (2202ms)
2026-09-12T01:29:41.020Z  [API  ]  200 OK (2334ms)
2026-09-12T01:29:41.021Z  [API  ]  200 OK (2330ms)
2026-09-12T01:29:41.023Z  [API  ]  200 OK (2258ms)
2026-09-12T01:29:41.025Z  [API  ]  200 OK (2292ms)
2026-09-12T01:29:41.028Z  [API  ]  200 OK (2302ms)
2026-09-12T01:29:41.364Z  [API  ]  200 OK (2661ms)
2026-09-12T01:29:41.365Z  [API  ]  200 OK (2652ms)
2026-09-12T01:29:41.369Z  [API  ]  200 OK (2612ms)
2026-09-12T01:29:41.370Z  [API  ]  200 OK (2597ms)
2026-09-12T01:29:41.372Z  [API  ]  200 OK (2651ms)
2026-09-12T01:29:41.373Z  [API  ]  200 OK (2541ms)
2026-09-12T01:29:41.374Z  [API  ]  200 OK (2644ms)
2026-09-12T01:29:41.376Z  [API  ]  200 OK (2581ms)
2026-09-12T01:29:41.461Z  [API  ]  200 OK (2766ms)
2026-09-12T01:29:41.488Z  [API  ]  200 OK (2734ms)
2026-09-12T01:29:41.551Z  [API  ]  200 OK (2833ms)
2026-09-12T01:29:42.379Z  [CACHE]  MISS gh.flutter.packages
2026-09-12T01:29:42.379Z  [API  ]  GET https://api.github.com/repos/flutter/packages
2026-09-12T01:29:42.379Z  [API  ]  GET https://api.github.com/repos/flutter/packages/issues?state=closed&since=2026-06-14T01:29:42.379Z&per_page=100
2026-09-12T01:29:42.379Z  [API  ]  GET https://api.github.com/repos/flutter/packages/pulls?state=closed&per_page=100
2026-09-12T01:29:42.379Z  [API  ]  GET https://api.github.com/repos/flutter/packages/issues?state=open&sort=comments&direction=desc&per_page=50
2026-09-12T01:29:42.379Z  [API  ]  GET https://api.github.com/repos/flutter/packages/pulls?state=open&per_page=100
2026-09-12T01:29:42.575Z  [CACHE]  MISS gh.flutter.packages
2026-09-12T01:29:42.575Z  [API  ]  GET https://api.github.com/repos/flutter/packages
2026-09-12T01:29:42.575Z  [API  ]  GET https://api.github.com/repos/flutter/packages/issues?state=closed&since=2026-06-14T01:29:42.575Z&per_page=100
2026-09-12T01:29:42.575Z  [API  ]  GET https://api.github.com/repos/flutter/packages/pulls?state=closed&per_page=100
2026-09-12T01:29:42.575Z  [API  ]  GET https://api.github.com/repos/flutter/packages/issues?state=open&sort=comments&direction=desc&per_page=50
2026-09-12T01:29:42.575Z  [API  ]  GET https://api.github.com/repos/flutter/packages/pulls?state=open&per_page=100
2026-09-12T01:29:42.623Z  [CACHE]  MISS gh.fluttercommunity.flutter_launcher_icons
2026-09-12T01:29:42.623Z  [API  ]  GET https://api.github.com/repos/fluttercommunity/flutter_launcher_icons
2026-09-12T01:29:42.623Z  [API  ]  GET https://api.github.com/repos/fluttercommunity/flutter_launcher_icons/issues?state=closed&since=2026-06-14T01:29:42.623Z&per_page=100
2026-09-12T01:29:42.623Z  [API  ]  GET https://api.github.com/repos/fluttercommunity/flutter_launcher_icons/pulls?state=closed&per_page=100
2026-09-12T01:29:42.623Z  [API  ]  GET https://api.github.com/repos/fluttercommunity/flutter_launcher_icons/issues?state=open&sort=comments&direction=desc&per_page=50
2026-09-12T01:29:42.623Z  [API  ]  GET https://api.github.com/repos/fluttercommunity/flutter_launcher_icons/pulls?state=open&per_page=100
2026-09-12T01:29:42.637Z  [CACHE]  MISS gh.xuelongqy.flutter_easy_refresh
2026-09-12T01:29:42.637Z  [API  ]  GET https://api.github.com/repos/xuelongqy/flutter_easy_refresh
2026-09-12T01:29:42.637Z  [API  ]  GET https://api.github.com/repos/xuelongqy/flutter_easy_refresh/issues?state=closed&since=2026-06-14T01:29:42.637Z&per_page=100
2026-09-12T01:29:42.637Z  [API  ]  GET https://api.github.com/repos/xuelongqy/flutter_easy_refresh/pulls?state=closed&per_page=100
2026-09-12T01:29:42.637Z  [API  ]  GET https://api.github.com/repos/xuelongqy/flutter_easy_refresh/issues?state=open&sort=comments&direction=desc&per_page=50
2026-09-12T01:29:42.637Z  [API  ]  GET https://api.github.com/repos/xuelongqy/flutter_easy_refresh/pulls?state=open&per_page=100
2026-09-12T01:29:43.027Z  [CACHE]  MISS gh.lottiefiles.dotlottie-flutter
2026-09-12T01:29:43.027Z  [API  ]  GET https://api.github.com/repos/lottiefiles/dotlottie-flutter
2026-09-12T01:29:43.027Z  [API  ]  GET https://api.github.com/repos/lottiefiles/dotlottie-flutter/issues?state=closed&since=2026-06-14T01:29:43.027Z&per_page=100
2026-09-12T01:29:43.027Z  [API  ]  GET https://api.github.com/repos/lottiefiles/dotlottie-flutter/pulls?state=closed&per_page=100
2026-09-12T01:29:43.027Z  [API  ]  GET https://api.github.com/repos/lottiefiles/dotlottie-flutter/issues?state=open&sort=comments&direction=desc&per_page=50
2026-09-12T01:29:43.027Z  [API  ]  GET https://api.github.com/repos/lottiefiles/dotlottie-flutter/pulls?state=open&per_page=100
2026-09-12T01:29:43.210Z  [CACHE]  MISS gh.cfug.dio
2026-09-12T01:29:43.210Z  [API  ]  GET https://api.github.com/repos/cfug/dio
2026-09-12T01:29:43.210Z  [API  ]  GET https://api.github.com/repos/cfug/dio/issues?state=closed&since=2026-06-14T01:29:43.210Z&per_page=100
2026-09-12T01:29:43.210Z  [API  ]  GET https://api.github.com/repos/cfug/dio/pulls?state=closed&per_page=100
2026-09-12T01:29:43.210Z  [API  ]  GET https://api.github.com/repos/cfug/dio/issues?state=open&sort=comments&direction=desc&per_page=50
2026-09-12T01:29:43.210Z  [API  ]  GET https://api.github.com/repos/cfug/dio/pulls?state=open&per_page=100
2026-09-12T01:29:44.238Z  [API  ]  200 OK (1211ms)
2026-09-12T01:29:44.238Z  [API  ]  200 OK (1211ms)
2026-09-12T01:29:44.238Z  [API  ]  200 OK (1211ms)
2026-09-12T01:29:44.238Z  [API  ]  200 OK (1211ms)
2026-09-12T01:29:44.238Z  [API  ]  200 OK (1211ms)
2026-09-12T01:29:44.545Z  [CACHE]  MISS pub.archiveSize.dotlottie_flutter
2026-09-12T01:29:44.545Z  [API  ]  GET https://pub.dev/api/packages/dotlottie_flutter
2026-09-12T01:29:44.549Z  [API  ]  GET https://pub.dev/api/packages/dotlottie_flutter
2026-09-12T01:29:44.623Z  [API  ]  200 OK (74ms)
2026-09-12T01:29:44.626Z  [CACHE]  MISS pub.tarball.a0rknv
2026-09-12T01:29:44.626Z  [API  ]  GET https://pub.dev/api/archives/dotlottie_flutter-0.1.7.tar.gz
2026-09-12T01:29:44.639Z  [API  ]  200 OK (2064ms)
2026-09-12T01:29:44.639Z  [API  ]  200 OK (2064ms)
2026-09-12T01:29:44.639Z  [API  ]  200 OK (2064ms)
2026-09-12T01:29:44.639Z  [API  ]  200 OK (2064ms)
2026-09-12T01:29:44.639Z  [API  ]  200 OK (2064ms)
2026-09-12T01:29:44.643Z  [API  ]  200 OK (2264ms)
2026-09-12T01:29:44.643Z  [API  ]  200 OK (2264ms)
2026-09-12T01:29:44.643Z  [API  ]  200 OK (2264ms)
2026-09-12T01:29:44.644Z  [API  ]  200 OK (2264ms)
2026-09-12T01:29:44.644Z  [API  ]  200 OK (2264ms)
2026-09-12T01:29:44.769Z  [API  ]  200 OK (224ms)
2026-09-12T01:29:44.773Z  [API  ]  HEAD https://pub.dev/api/archives/dotlottie_flutter-0.1.7.tar.gz
2026-09-12T01:29:44.826Z  [API  ]  200 OK (1616ms)
2026-09-12T01:29:44.826Z  [API  ]  200 OK (1616ms)
2026-09-12T01:29:44.826Z  [API  ]  200 OK (1616ms)
2026-09-12T01:29:44.826Z  [API  ]  200 OK (1616ms)
2026-09-12T01:29:44.826Z  [API  ]  200 OK (1616ms)
2026-09-12T01:29:44.892Z  [API  ]  200 OK (2255ms)
2026-09-12T01:29:44.892Z  [API  ]  200 OK (2255ms)
2026-09-12T01:29:44.892Z  [API  ]  200 OK (2255ms)
2026-09-12T01:29:44.892Z  [API  ]  200 OK (2255ms)
2026-09-12T01:29:44.892Z  [API  ]  200 OK (2255ms)
2026-09-12T01:29:45.017Z  [API  ]  200 OK (244ms)
2026-09-12T01:29:45.239Z  [API  ]  200 OK (613ms)
2026-09-12T01:29:45.447Z  [API  ]  200 OK (2824ms)
2026-09-12T01:29:45.447Z  [API  ]  200 OK (2824ms)
2026-09-12T01:29:45.447Z  [API  ]  200 OK (2824ms)
2026-09-12T01:29:45.447Z  [API  ]  200 OK (2824ms)
2026-09-12T01:29:45.447Z  [API  ]  200 OK (2824ms)
2026-09-12T01:29:46.045Z  [CACHE]  MISS pub.archiveSize.easy_refresh
2026-09-12T01:29:46.056Z  [API  ]  HEAD https://pub.dev/api/archives/easy_refresh-3.5.1.tar.gz
2026-09-12T01:29:46.059Z  [CACHE]  MISS pub.tarball.64u0ab
2026-09-12T01:29:46.059Z  [API  ]  GET https://pub.dev/api/archives/easy_refresh-3.5.1.tar.gz
2026-09-12T01:29:46.187Z  [CACHE]  MISS pub.archiveSize.flutter_launcher_icons
2026-09-12T01:29:46.195Z  [API  ]  HEAD https://pub.dev/api/archives/flutter_launcher_icons-0.14.4.tar.gz
2026-09-12T01:29:46.198Z  [CACHE]  MISS pub.tarball.mbw4oz
2026-09-12T01:29:46.198Z  [API  ]  GET https://pub.dev/api/archives/flutter_launcher_icons-0.14.4.tar.gz
2026-09-12T01:29:46.273Z  [CACHE]  MISS pub.archiveSize.cupertino_icons
2026-09-12T01:29:46.278Z  [API  ]  HEAD https://pub.dev/api/archives/cupertino_icons-1.0.9.tar.gz
2026-09-12T01:29:46.281Z  [CACHE]  MISS pub.tarball.oijvck
2026-09-12T01:29:46.281Z  [API  ]  GET https://pub.dev/api/archives/cupertino_icons-1.0.9.tar.gz
2026-09-12T01:29:46.374Z  [CACHE]  MISS pub.archiveSize.flutter_lints
2026-09-12T01:29:46.374Z  [API  ]  GET https://pub.dev/api/packages/flutter_lints
2026-09-12T01:29:46.378Z  [API  ]  GET https://pub.dev/api/packages/flutter_lints
2026-09-12T01:29:46.599Z  [API  ]  200 OK (543ms)
2026-09-12T01:29:46.599Z  [API  ]  200 OK (540ms)
2026-09-12T01:29:46.660Z  [SCORE]  dotlottie_flutter → 68.8 (stable) [rv=54 eg=71.57534246575342 pop=44.02 pt=-5 pq=8.75]
2026-09-12T01:29:46.660Z  [INFO ]  [7/14] flutter_native_splash
2026-09-12T01:29:46.660Z  [INFO ]  Known issue: active
2026-09-12T01:29:46.660Z  [CACHE]  MISS pub.info.flutter_native_splash
2026-09-12T01:29:46.660Z  [API  ]  GET https://pub.dev/api/packages/flutter_native_splash
2026-09-12T01:29:46.665Z  [CACHE]  MISS pub.metrics.flutter_native_splash
2026-09-12T01:29:46.665Z  [API  ]  GET https://pub.dev/api/packages/flutter_native_splash/metrics
2026-09-12T01:29:46.668Z  [API  ]  GET https://pub.dev/api/packages/flutter_native_splash/score
2026-09-12T01:29:46.671Z  [CACHE]  HIT  pub.publisher.flutter_native_splash
2026-09-12T01:29:46.671Z  [CACHE]  MISS pub.reverseDeps.flutter_native_splash
2026-09-12T01:29:46.671Z  [API  ]  GET https://pub.dev/packages?q=dependency%3Aflutter_native_splash
2026-09-12T01:29:46.754Z  [API  ]  200 OK (473ms)
2026-09-12T01:29:46.757Z  [API  ]  200 OK (562ms)
2026-09-12T01:29:46.758Z  [API  ]  200 OK (480ms)
2026-09-12T01:29:46.758Z  [API  ]  200 OK (560ms)
2026-09-12T01:29:47.003Z  [API  ]  200 OK (625ms)
2026-09-12T01:29:47.006Z  [API  ]  200 OK (632ms)
2026-09-12T01:29:47.224Z  [API  ]  200 OK (559ms)
2026-09-12T01:29:47.285Z  [SCORE]  easy_refresh → 36 (outdated) [rv=6.5 eg=42.80821917808219 pop=87.565 pt=-5 pq=9.375]
2026-09-12T01:29:47.285Z  [INFO ]  [8/14] flutter_riverpod
2026-09-12T01:29:47.285Z  [INFO ]  Known issue: active
2026-09-12T01:29:47.285Z  [CACHE]  MISS pub.info.flutter_riverpod
2026-09-12T01:29:47.285Z  [API  ]  GET https://pub.dev/api/packages/flutter_riverpod
2026-09-12T01:29:47.288Z  [CACHE]  MISS pub.metrics.flutter_riverpod
2026-09-12T01:29:47.288Z  [API  ]  GET https://pub.dev/api/packages/flutter_riverpod/metrics
2026-09-12T01:29:47.292Z  [API  ]  GET https://pub.dev/api/packages/flutter_riverpod/score
2026-09-12T01:29:47.295Z  [CACHE]  HIT  pub.publisher.flutter_riverpod
2026-09-12T01:29:47.295Z  [CACHE]  MISS pub.reverseDeps.flutter_riverpod
2026-09-12T01:29:47.295Z  [API  ]  GET https://pub.dev/packages?q=dependency%3Aflutter_riverpod
2026-09-12T01:29:47.372Z  [CACHE]  MISS pub.tarball.z7ll8h
2026-09-12T01:29:47.372Z  [API  ]  GET https://pub.dev/api/archives/flutter_lints-6.0.0.tar.gz
2026-09-12T01:29:47.443Z  [API  ]  HEAD https://pub.dev/api/archives/flutter_lints-6.0.0.tar.gz
2026-09-12T01:29:47.613Z  [SCORE]  flutter_launcher_icons → 6.2 (outdated) [rv=0 eg=0 pop=68.065 pt=-5 pq=9.375]
2026-09-12T01:29:47.613Z  [INFO ]  [9/14] go_router
2026-09-12T01:29:47.613Z  [INFO ]  Known issue: active
2026-09-12T01:29:47.613Z  [CACHE]  MISS pub.info.go_router
2026-09-12T01:29:47.613Z  [API  ]  GET https://pub.dev/api/packages/go_router
2026-09-12T01:29:47.617Z  [CACHE]  MISS pub.metrics.go_router
2026-09-12T01:29:47.617Z  [API  ]  GET https://pub.dev/api/packages/go_router/metrics
2026-09-12T01:29:47.620Z  [API  ]  GET https://pub.dev/api/packages/go_router/score
2026-09-12T01:29:47.623Z  [CACHE]  HIT  pub.publisher.go_router
2026-09-12T01:29:47.623Z  [CACHE]  MISS pub.reverseDeps.go_router
2026-09-12T01:29:47.623Z  [API  ]  GET https://pub.dev/packages?q=dependency%3Ago_router
2026-09-12T01:29:47.680Z  [API  ]  200 OK (1020ms)
2026-09-12T01:29:47.683Z  [API  ]  200 OK (240ms)
2026-09-12T01:29:47.684Z  [API  ]  200 OK (399ms)
2026-09-12T01:29:47.685Z  [API  ]  200 OK (397ms)
2026-09-12T01:29:47.718Z  [SCORE]  cupertino_icons → 62 (stable) [rv=49 eg=50 pop=100 pt=-5 pq=10]
2026-09-12T01:29:47.718Z  [INFO ]  [10/14] lottie
2026-09-12T01:29:47.718Z  [INFO ]  Known issue: active
2026-09-12T01:29:47.718Z  [CACHE]  MISS pub.info.lottie
2026-09-12T01:29:47.718Z  [API  ]  GET https://pub.dev/api/packages/lottie
2026-09-12T01:29:47.721Z  [CACHE]  MISS pub.metrics.lottie
2026-09-12T01:29:47.721Z  [API  ]  GET https://pub.dev/api/packages/lottie/metrics
2026-09-12T01:29:47.724Z  [API  ]  GET https://pub.dev/api/packages/lottie/score
2026-09-12T01:29:47.727Z  [CACHE]  HIT  pub.publisher.lottie
2026-09-12T01:29:47.727Z  [CACHE]  MISS pub.reverseDeps.lottie
2026-09-12T01:29:47.727Z  [API  ]  GET https://pub.dev/packages?q=dependency%3Alottie
2026-09-12T01:29:47.752Z  [API  ]  200 OK (1084ms)
2026-09-12T01:29:47.754Z  [API  ]  200 OK (1083ms)
2026-09-12T01:29:47.864Z  [API  ]  200 OK (492ms)
2026-09-12T01:29:47.894Z  [API  ]  200 OK (281ms)
2026-09-12T01:29:47.895Z  [API  ]  200 OK (278ms)
2026-09-12T01:29:47.980Z  [API  ]  200 OK (262ms)
2026-09-12T01:29:48.001Z  [API  ]  200 OK (277ms)
2026-09-12T01:29:48.002Z  [API  ]  200 OK (281ms)
2026-09-12T01:29:48.025Z  [API  ]  200 OK (405ms)
2026-09-12T01:29:48.078Z  [SCORE]  flutter_lints → 62 (stable) [rv=49 eg=50 pop=100 pt=-5 pq=10]
2026-09-12T01:29:48.078Z  [INFO ]  [11/14] riverpod
2026-09-12T01:29:48.079Z  [CACHE]  MISS pub.info.riverpod
2026-09-12T01:29:48.079Z  [API  ]  GET https://pub.dev/api/packages/riverpod
2026-09-12T01:29:48.082Z  [CACHE]  MISS pub.metrics.riverpod
2026-09-12T01:29:48.082Z  [API  ]  GET https://pub.dev/api/packages/riverpod/metrics
2026-09-12T01:29:48.086Z  [API  ]  GET https://pub.dev/api/packages/riverpod/score
2026-09-12T01:29:48.089Z  [CACHE]  HIT  pub.publisher.riverpod
2026-09-12T01:29:48.089Z  [CACHE]  MISS pub.reverseDeps.riverpod
2026-09-12T01:29:48.089Z  [API  ]  GET https://pub.dev/packages?q=dependency%3Ariverpod
2026-09-12T01:29:48.166Z  [CACHE]  MISS pub.archiveSize.dio
2026-09-12T01:29:48.169Z  [API  ]  HEAD https://pub.dev/api/archives/dio-5.11.1.tar.gz
2026-09-12T01:29:48.171Z  [CACHE]  MISS pub.tarball.2bd9gk
2026-09-12T01:29:48.171Z  [API  ]  GET https://pub.dev/api/archives/dio-5.11.1.tar.gz
2026-09-12T01:29:48.217Z  [API  ]  200 OK (594ms)
2026-09-12T01:29:48.218Z  [API  ]  200 OK (47ms)
2026-09-12T01:29:48.219Z  [API  ]  200 OK (50ms)
2026-09-12T01:29:48.268Z  [API  ]  200 OK (973ms)
2026-09-12T01:29:48.361Z  [API  ]  200 OK (634ms)
2026-09-12T01:29:48.362Z  [API  ]  200 OK (276ms)
2026-09-12T01:29:48.382Z  [API  ]  200 OK (300ms)
2026-09-12T01:29:48.384Z  [API  ]  200 OK (305ms)
2026-09-12T01:29:48.392Z  [API  ]  200 OK (303ms)
2026-09-12T01:29:48.620Z  [API  ]  200 OK (1328ms)
2026-09-12T01:29:49.121Z  [CACHE]  MISS gh.rrousselGit.riverpod
2026-09-12T01:29:49.121Z  [API  ]  GET https://api.github.com/repos/rrousselGit/riverpod
2026-09-12T01:29:49.121Z  [API  ]  GET https://api.github.com/repos/rrousselGit/riverpod/issues?state=closed&since=2026-06-14T01:29:49.121Z&per_page=100
2026-09-12T01:29:49.121Z  [API  ]  GET https://api.github.com/repos/rrousselGit/riverpod/pulls?state=closed&per_page=100
2026-09-12T01:29:49.121Z  [API  ]  GET https://api.github.com/repos/rrousselGit/riverpod/issues?state=open&sort=comments&direction=desc&per_page=50
2026-09-12T01:29:49.121Z  [API  ]  GET https://api.github.com/repos/rrousselGit/riverpod/pulls?state=open&per_page=100
2026-09-12T01:29:49.152Z  [SCORE]  dio → 86 (vibrant) [rv=89 eg=60.04109589041096 pop=100 pt=-5 pq=10]
2026-09-12T01:29:49.152Z  [INFO ]  [12/14] saropa_lints
2026-09-12T01:29:49.152Z  [CACHE]  MISS pub.info.saropa_lints
2026-09-12T01:29:49.152Z  [API  ]  GET https://pub.dev/api/packages/saropa_lints
2026-09-12T01:29:49.154Z  [CACHE]  MISS pub.metrics.saropa_lints
2026-09-12T01:29:49.154Z  [API  ]  GET https://pub.dev/api/packages/saropa_lints/metrics
2026-09-12T01:29:49.157Z  [API  ]  GET https://pub.dev/api/packages/saropa_lints/score
2026-09-12T01:29:49.160Z  [CACHE]  HIT  pub.publisher.saropa_lints
2026-09-12T01:29:49.160Z  [CACHE]  MISS pub.reverseDeps.saropa_lints
2026-09-12T01:29:49.160Z  [API  ]  GET https://pub.dev/packages?q=dependency%3Asaropa_lints
2026-09-12T01:29:49.188Z  [CACHE]  MISS gh.jonbhanson.flutter_native_splash
2026-09-12T01:29:49.188Z  [API  ]  GET https://api.github.com/repos/jonbhanson/flutter_native_splash
2026-09-12T01:29:49.188Z  [API  ]  GET https://api.github.com/repos/jonbhanson/flutter_native_splash/issues?state=closed&since=2026-06-14T01:29:49.188Z&per_page=100
2026-09-12T01:29:49.188Z  [API  ]  GET https://api.github.com/repos/jonbhanson/flutter_native_splash/pulls?state=closed&per_page=100
2026-09-12T01:29:49.188Z  [API  ]  GET https://api.github.com/repos/jonbhanson/flutter_native_splash/issues?state=open&sort=comments&direction=desc&per_page=50
2026-09-12T01:29:49.188Z  [API  ]  GET https://api.github.com/repos/jonbhanson/flutter_native_splash/pulls?state=open&per_page=100
2026-09-12T01:29:49.271Z  [API  ]  200 OK (119ms)
2026-09-12T01:29:49.291Z  [CACHE]  HIT  gh.flutter.packages
2026-09-12T01:29:49.291Z  [CACHE]  MISS pub.archiveSize.go_router
2026-09-12T01:29:49.293Z  [API  ]  HEAD https://pub.dev/api/archives/go_router-18.0.1.tar.gz
2026-09-12T01:29:49.295Z  [CACHE]  MISS pub.tarball.hidihu
2026-09-12T01:29:49.295Z  [API  ]  GET https://pub.dev/api/archives/go_router-18.0.1.tar.gz
2026-09-12T01:29:49.354Z  [API  ]  200 OK (61ms)
2026-09-12T01:29:49.354Z  [CACHE]  MISS gh.xvrh.lottie-flutter
2026-09-12T01:29:49.354Z  [API  ]  GET https://api.github.com/repos/xvrh/lottie-flutter
2026-09-12T01:29:49.354Z  [API  ]  GET https://api.github.com/repos/xvrh/lottie-flutter/issues?state=closed&since=2026-06-14T01:29:49.354Z&per_page=100
2026-09-12T01:29:49.354Z  [API  ]  GET https://api.github.com/repos/xvrh/lottie-flutter/pulls?state=closed&per_page=100
2026-09-12T01:29:49.354Z  [API  ]  GET https://api.github.com/repos/xvrh/lottie-flutter/issues?state=open&sort=comments&direction=desc&per_page=50
2026-09-12T01:29:49.354Z  [API  ]  GET https://api.github.com/repos/xvrh/lottie-flutter/pulls?state=open&per_page=100
2026-09-12T01:29:49.434Z  [API  ]  200 OK (139ms)
2026-09-12T01:29:49.454Z  [API  ]  200 OK (297ms)
2026-09-12T01:29:49.456Z  [API  ]  200 OK (302ms)
2026-09-12T01:29:49.493Z  [API  ]  200 OK (333ms)
2026-09-12T01:29:49.587Z  [CACHE]  MISS gh.rrousselGit.riverpod
2026-09-12T01:29:49.587Z  [API  ]  GET https://api.github.com/repos/rrousselGit/riverpod
2026-09-12T01:29:49.587Z  [API  ]  GET https://api.github.com/repos/rrousselGit/riverpod/issues?state=closed&since=2026-06-14T01:29:49.587Z&per_page=100
2026-09-12T01:29:49.587Z  [API  ]  GET https://api.github.com/repos/rrousselGit/riverpod/pulls?state=closed&per_page=100
2026-09-12T01:29:49.587Z  [API  ]  GET https://api.github.com/repos/rrousselGit/riverpod/issues?state=open&sort=comments&direction=desc&per_page=50
2026-09-12T01:29:49.587Z  [API  ]  GET https://api.github.com/repos/rrousselGit/riverpod/pulls?state=open&per_page=100
2026-09-12T01:29:50.101Z  [SCORE]  go_router → 68.6 (stable) [rv=49 eg=50 pop=96.875 pt=-5 pq=9.375]
2026-09-12T01:29:50.101Z  [INFO ]  [13/14] vector_graphics
2026-09-12T01:29:50.101Z  [CACHE]  MISS pub.info.vector_graphics
2026-09-12T01:29:50.101Z  [API  ]  GET https://pub.dev/api/packages/vector_graphics
2026-09-12T01:29:50.104Z  [CACHE]  MISS pub.metrics.vector_graphics
2026-09-12T01:29:50.104Z  [API  ]  GET https://pub.dev/api/packages/vector_graphics/metrics
2026-09-12T01:29:50.107Z  [API  ]  GET https://pub.dev/api/packages/vector_graphics/score
2026-09-12T01:29:50.110Z  [CACHE]  HIT  pub.publisher.vector_graphics
2026-09-12T01:29:50.110Z  [CACHE]  MISS pub.reverseDeps.vector_graphics
2026-09-12T01:29:50.110Z  [API  ]  GET https://pub.dev/packages?q=dependency%3Avector_graphics
2026-09-12T01:29:50.149Z  [CACHE]  MISS gh.saropa.saropa_lints
2026-09-12T01:29:50.150Z  [API  ]  GET https://api.github.com/repos/saropa/saropa_lints
2026-09-12T01:29:50.150Z  [API  ]  GET https://api.github.com/repos/saropa/saropa_lints/issues?state=closed&since=2026-06-14T01:29:50.150Z&per_page=100
2026-09-12T01:29:50.150Z  [API  ]  GET https://api.github.com/repos/saropa/saropa_lints/pulls?state=closed&per_page=100
2026-09-12T01:29:50.150Z  [API  ]  GET https://api.github.com/repos/saropa/saropa_lints/issues?state=open&sort=comments&direction=desc&per_page=50
2026-09-12T01:29:50.150Z  [API  ]  GET https://api.github.com/repos/saropa/saropa_lints/pulls?state=open&per_page=100
2026-09-12T01:29:50.475Z  [API  ]  200 OK (368ms)
2026-09-12T01:29:50.476Z  [API  ]  200 OK (1355ms)
2026-09-12T01:29:50.476Z  [API  ]  200 OK (1355ms)
2026-09-12T01:29:50.476Z  [API  ]  200 OK (1355ms)
2026-09-12T01:29:50.476Z  [API  ]  200 OK (1355ms)
2026-09-12T01:29:50.476Z  [API  ]  200 OK (1355ms)
2026-09-12T01:29:50.481Z  [API  ]  200 OK (377ms)
2026-09-12T01:29:50.537Z  [API  ]  200 OK (436ms)
2026-09-12T01:29:50.678Z  [API  ]  200 OK (1091ms)
2026-09-12T01:29:50.678Z  [API  ]  200 OK (1091ms)
2026-09-12T01:29:50.678Z  [API  ]  200 OK (1091ms)
2026-09-12T01:29:50.678Z  [API  ]  200 OK (1091ms)
2026-09-12T01:29:50.678Z  [API  ]  200 OK (1091ms)
2026-09-12T01:29:50.763Z  [API  ]  403 rate limit exceeded (613ms)
2026-09-12T01:29:50.763Z  [API  ]  200 OK (613ms)
2026-09-12T01:29:50.763Z  [API  ]  200 OK (613ms)
2026-09-12T01:29:50.763Z  [API  ]  403 rate limit exceeded (613ms)
2026-09-12T01:29:50.763Z  [API  ]  403 rate limit exceeded (613ms)
2026-09-12T01:29:50.766Z  [CACHE]  MISS pub.archiveSize.saropa_lints
2026-09-12T01:29:50.769Z  [API  ]  HEAD https://pub.dev/api/archives/saropa_lints-16.2.1.tar.gz
2026-09-12T01:29:50.772Z  [CACHE]  MISS pub.tarball.2zb15f
2026-09-12T01:29:50.772Z  [API  ]  GET https://pub.dev/api/archives/saropa_lints-16.2.1.tar.gz
2026-09-12T01:29:50.820Z  [CACHE]  MISS pub.archiveSize.flutter_riverpod
2026-09-12T01:29:50.820Z  [API  ]  GET https://pub.dev/api/packages/flutter_riverpod
2026-09-12T01:29:50.823Z  [API  ]  GET https://pub.dev/api/packages/flutter_riverpod
2026-09-12T01:29:50.896Z  [API  ]  200 OK (76ms)
2026-09-12T01:29:50.897Z  [API  ]  200 OK (74ms)
2026-09-12T01:29:50.906Z  [API  ]  HEAD https://pub.dev/api/archives/flutter_riverpod-3.4.3.tar.gz
2026-09-12T01:29:50.911Z  [CACHE]  MISS pub.tarball.avcp9u
2026-09-12T01:29:50.912Z  [API  ]  GET https://pub.dev/api/archives/flutter_riverpod-3.4.3.tar.gz
2026-09-12T01:29:50.951Z  [API  ]  200 OK (45ms)
2026-09-12T01:29:50.971Z  [API  ]  200 OK (59ms)
2026-09-12T01:29:51.135Z  [API  ]  200 OK (1025ms)
2026-09-12T01:29:51.137Z  [API  ]  200 OK (1949ms)
2026-09-12T01:29:51.137Z  [API  ]  200 OK (1949ms)
2026-09-12T01:29:51.137Z  [API  ]  200 OK (1949ms)
2026-09-12T01:29:51.137Z  [API  ]  200 OK (1949ms)
2026-09-12T01:29:51.137Z  [API  ]  200 OK (1949ms)
2026-09-12T01:29:51.156Z  [CACHE]  HIT  gh.flutter.packages
2026-09-12T01:29:51.156Z  [CACHE]  MISS pub.archiveSize.vector_graphics
2026-09-12T01:29:51.159Z  [API  ]  HEAD https://pub.dev/api/archives/vector_graphics-1.2.3.tar.gz
2026-09-12T01:29:51.163Z  [CACHE]  MISS pub.tarball.4gehet
2026-09-12T01:29:51.163Z  [API  ]  GET https://pub.dev/api/archives/vector_graphics-1.2.3.tar.gz
2026-09-12T01:29:51.208Z  [API  ]  200 OK (1854ms)
2026-09-12T01:29:51.208Z  [API  ]  200 OK (1854ms)
2026-09-12T01:29:51.208Z  [API  ]  200 OK (1854ms)
2026-09-12T01:29:51.208Z  [API  ]  200 OK (1854ms)
2026-09-12T01:29:51.208Z  [API  ]  200 OK (1854ms)
2026-09-12T01:29:51.242Z  [API  ]  200 OK (79ms)
2026-09-12T01:29:51.381Z  [API  ]  200 OK (222ms)
2026-09-12T01:29:51.422Z  [API  ]  200 OK (653ms)
2026-09-12T01:29:51.725Z  [CACHE]  MISS pub.archiveSize.riverpod
2026-09-12T01:29:51.725Z  [API  ]  GET https://pub.dev/api/packages/riverpod
2026-09-12T01:29:51.727Z  [API  ]  GET https://pub.dev/api/packages/riverpod
2026-09-12T01:29:51.777Z  [CACHE]  MISS pub.archiveSize.flutter_native_splash
2026-09-12T01:29:51.777Z  [API  ]  GET https://pub.dev/api/packages/flutter_native_splash
2026-09-12T01:29:51.779Z  [API  ]  GET https://pub.dev/api/packages/flutter_native_splash
2026-09-12T01:29:51.804Z  [SCORE]  flutter_riverpod → 84.4 (vibrant) [rv=97.5 eg=66.4041095890411 pop=93.75 pt=-5 pq=8.75]
2026-09-12T01:29:51.804Z  [INFO ]  [14/14] vector_graphics_compiler
2026-09-12T01:29:51.804Z  [CACHE]  MISS pub.info.vector_graphics_compiler
2026-09-12T01:29:51.804Z  [API  ]  GET https://pub.dev/api/packages/vector_graphics_compiler
2026-09-12T01:29:51.807Z  [CACHE]  MISS pub.metrics.vector_graphics_compiler
2026-09-12T01:29:51.807Z  [API  ]  GET https://pub.dev/api/packages/vector_graphics_compiler/metrics
2026-09-12T01:29:51.809Z  [API  ]  GET https://pub.dev/api/packages/vector_graphics_compiler/score
2026-09-12T01:29:51.811Z  [CACHE]  HIT  pub.publisher.vector_graphics_compiler
2026-09-12T01:29:51.811Z  [CACHE]  MISS pub.reverseDeps.vector_graphics_compiler
2026-09-12T01:29:51.811Z  [API  ]  GET https://pub.dev/packages?q=dependency%3Avector_graphics_compiler
2026-09-12T01:29:51.836Z  [API  ]  200 OK (59ms)
2026-09-12T01:29:51.837Z  [API  ]  200 OK (58ms)
2026-09-12T01:29:51.846Z  [API  ]  HEAD https://pub.dev/api/archives/flutter_native_splash-2.4.8.tar.gz
2026-09-12T01:29:51.850Z  [CACHE]  MISS pub.tarball.rd9yvs
2026-09-12T01:29:51.850Z  [API  ]  GET https://pub.dev/api/archives/flutter_native_splash-2.4.8.tar.gz
2026-09-12T01:29:51.914Z  [API  ]  200 OK (68ms)
2026-09-12T01:29:51.933Z  [SCORE]  vector_graphics → 63.6 (stable) [rv=49 eg=50 pop=96.875 pt=-5 pq=9.375]
2026-09-12T01:29:51.947Z  [API  ]  200 OK (1175ms)
2026-09-12T01:29:52.050Z  [API  ]  200 OK (323ms)
2026-09-12T01:29:52.055Z  [CACHE]  MISS pub.tarball.nzfdv5
2026-09-12T01:29:52.055Z  [API  ]  GET https://pub.dev/api/archives/riverpod-3.4.3.tar.gz
2026-09-12T01:29:52.061Z  [API  ]  200 OK (211ms)
2026-09-12T01:29:52.063Z  [API  ]  200 OK (338ms)
2026-09-12T01:29:52.068Z  [API  ]  HEAD https://pub.dev/api/archives/riverpod-3.4.3.tar.gz
2026-09-12T01:29:52.102Z  [API  ]  200 OK (295ms)
2026-09-12T01:29:52.111Z  [API  ]  200 OK (56ms)
2026-09-12T01:29:52.114Z  [API  ]  200 OK (310ms)
2026-09-12T01:29:52.133Z  [API  ]  200 OK (65ms)
2026-09-12T01:29:52.161Z  [API  ]  200 OK (350ms)
2026-09-12T01:29:52.161Z  [CACHE]  MISS pub.archiveSize.lottie
2026-09-12T01:29:52.163Z  [API  ]  HEAD https://pub.dev/api/archives/lottie-3.5.1.tar.gz
2026-09-12T01:29:52.165Z  [CACHE]  MISS pub.tarball.4owc4s
2026-09-12T01:29:52.165Z  [API  ]  GET https://pub.dev/api/archives/lottie-3.5.1.tar.gz
2026-09-12T01:29:52.618Z  [API  ]  200 OK (809ms)
2026-09-12T01:29:52.690Z  [API  ]  200 OK (525ms)
2026-09-12T01:29:52.694Z  [API  ]  200 OK (531ms)
2026-09-12T01:29:52.809Z  [SCORE]  flutter_native_splash → 65.4 (stable) [rv=71.23287671232876 eg=35.61643835616438 pop=61.585 pt=-5 pq=9.375]
2026-09-12T01:29:53.382Z  [CACHE]  HIT  gh.flutter.packages
2026-09-12T01:29:53.382Z  [CACHE]  MISS pub.archiveSize.vector_graphics_compiler
2026-09-12T01:29:53.384Z  [API  ]  HEAD https://pub.dev/api/archives/vector_graphics_compiler-1.3.0.tar.gz
2026-09-12T01:29:53.387Z  [CACHE]  MISS pub.tarball.wvjh21
2026-09-12T01:29:53.387Z  [API  ]  GET https://pub.dev/api/archives/vector_graphics_compiler-1.3.0.tar.gz
2026-09-12T01:29:53.434Z  [SCORE]  lottie → 63.2 (stable) [rv=48.5 eg=62.77777777777778 pop=62.95 pt=-5 pq=10]
2026-09-12T01:29:54.376Z  [API  ]  200 OK (989ms)
2026-09-12T01:29:54.500Z  [SCORE]  riverpod → 86.3 (vibrant) [rv=97.5 eg=66.4041095890411 pop=100 pt=-5 pq=10]
2026-09-12T01:29:54.562Z  [API  ]  200 OK (1178ms)
2026-09-12T01:29:55.089Z  [SCORE]  saropa_lints → 83.5 (vibrant) [rv=99.17808219178082 eg=49.58904109589041 pop=46.875 pt=-5 pq=9.375]
2026-09-12T01:29:55.136Z  [SCORE]  vector_graphics_compiler → 61.1 (stable) [rv=49 eg=50 pop=96.875 pt=-5 pq=9.375]
2026-09-12T01:29:57.557Z  [ERROR]  Blocker analysis skipped — CLI commands failed — pub outdated: Command failed: dart pub outdated --json --transitive
Cannot specify both `--json` and `--transitive`
The json report always includes transitive dependencies.

Usage: dart pub outdated [options]
-h, --help                         Print this usage information.
    --[no-]dependency-overrides    Show resolutions with `dependency_overrides`.
                                   (defaults to on)
    --[no-]dev-dependencies        Take dev dependencies into account.
                                   (defaults to on)
    --json                         Output the results using a json format.
    --[no-]prereleases             Include prereleases in latest version.
    --[no-]show-all                Include dependencies that are already
                                   fulfilling --mode.
    --[no-]transitive              Show transitive dependencies.
                                   (defaults to on)
-C, --directory=<dir>              Run this in the directory <dir>.

Run "dart help" to see global options.
See https://dart.dev/tools/pub/cmd/pub-outdated for detailed documentation.

2026-09-12T01:29:58.361Z  [CACHE]  MISS pub.archiveSize.async
2026-09-12T01:29:58.361Z  [API  ]  GET https://pub.dev/api/packages/async
2026-09-12T01:29:58.364Z  [CACHE]  MISS pub.archiveSize.collection
2026-09-12T01:29:58.364Z  [API  ]  GET https://pub.dev/api/packages/collection
2026-09-12T01:29:58.366Z  [CACHE]  MISS pub.archiveSize.meta
2026-09-12T01:29:58.366Z  [API  ]  GET https://pub.dev/api/packages/meta
2026-09-12T01:29:58.369Z  [CACHE]  MISS pub.archiveSize.http_parser
2026-09-12T01:29:58.369Z  [API  ]  GET https://pub.dev/api/packages/http_parser
2026-09-12T01:29:58.373Z  [CACHE]  MISS pub.archiveSize.source_span
2026-09-12T01:29:58.373Z  [API  ]  GET https://pub.dev/api/packages/source_span
2026-09-12T01:29:58.376Z  [CACHE]  MISS pub.archiveSize.path
2026-09-12T01:29:58.376Z  [API  ]  GET https://pub.dev/api/packages/path
2026-09-12T01:29:58.378Z  [CACHE]  MISS pub.archiveSize.term_glyph
2026-09-12T01:29:58.378Z  [API  ]  GET https://pub.dev/api/packages/term_glyph
2026-09-12T01:29:58.379Z  [CACHE]  MISS pub.archiveSize.string_scanner
2026-09-12T01:29:58.379Z  [API  ]  GET https://pub.dev/api/packages/string_scanner
2026-09-12T01:29:58.381Z  [CACHE]  MISS pub.archiveSize.typed_data
2026-09-12T01:29:58.381Z  [API  ]  GET https://pub.dev/api/packages/typed_data
2026-09-12T01:29:58.383Z  [CACHE]  MISS pub.archiveSize.mime
2026-09-12T01:29:58.383Z  [API  ]  GET https://pub.dev/api/packages/mime
2026-09-12T01:29:58.385Z  [CACHE]  MISS pub.archiveSize.dio_web_adapter
2026-09-12T01:29:58.385Z  [API  ]  GET https://pub.dev/api/packages/dio_web_adapter
2026-09-12T01:29:58.386Z  [CACHE]  MISS pub.archiveSize.web
2026-09-12T01:29:58.386Z  [API  ]  GET https://pub.dev/api/packages/web
2026-09-12T01:29:58.388Z  [CACHE]  MISS pub.archiveSize.flutter
2026-09-12T01:29:58.388Z  [API  ]  GET https://pub.dev/api/packages/flutter
2026-09-12T01:29:58.391Z  [CACHE]  MISS pub.archiveSize.characters
2026-09-12T01:29:58.391Z  [API  ]  GET https://pub.dev/api/packages/characters
2026-09-12T01:29:58.393Z  [CACHE]  MISS pub.archiveSize.material_color_utilities
2026-09-12T01:29:58.393Z  [API  ]  GET https://pub.dev/api/packages/material_color_utilities
2026-09-12T01:29:58.395Z  [CACHE]  MISS pub.archiveSize.vector_math
2026-09-12T01:29:58.395Z  [API  ]  GET https://pub.dev/api/packages/vector_math
2026-09-12T01:29:58.397Z  [CACHE]  MISS pub.archiveSize.sky_engine
2026-09-12T01:29:58.397Z  [API  ]  GET https://pub.dev/api/packages/sky_engine
2026-09-12T01:29:58.399Z  [CACHE]  MISS pub.archiveSize.flutter_web_plugins
2026-09-12T01:29:58.399Z  [API  ]  GET https://pub.dev/api/packages/flutter_web_plugins
2026-09-12T01:29:58.401Z  [CACHE]  MISS pub.archiveSize.plugin_platform_interface
2026-09-12T01:29:58.401Z  [API  ]  GET https://pub.dev/api/packages/plugin_platform_interface
2026-09-12T01:29:58.403Z  [CACHE]  MISS pub.archiveSize.ffi
2026-09-12T01:29:58.403Z  [API  ]  GET https://pub.dev/api/packages/ffi
2026-09-12T01:29:58.405Z  [CACHE]  MISS pub.archiveSize.path_drawing
2026-09-12T01:29:58.405Z  [API  ]  GET https://pub.dev/api/packages/path_drawing
2026-09-12T01:29:58.409Z  [CACHE]  MISS pub.archiveSize.path_parsing
2026-09-12T01:29:58.409Z  [API  ]  GET https://pub.dev/api/packages/path_parsing
2026-09-12T01:29:58.414Z  [CACHE]  MISS pub.archiveSize.args
2026-09-12T01:29:58.414Z  [API  ]  GET https://pub.dev/api/packages/args
2026-09-12T01:29:58.419Z  [CACHE]  MISS pub.archiveSize.checked_yaml
2026-09-12T01:29:58.419Z  [API  ]  GET https://pub.dev/api/packages/checked_yaml
2026-09-12T01:29:58.421Z  [CACHE]  MISS pub.archiveSize.json_annotation
2026-09-12T01:29:58.421Z  [API  ]  GET https://pub.dev/api/packages/json_annotation
2026-09-12T01:29:58.424Z  [CACHE]  MISS pub.archiveSize.yaml
2026-09-12T01:29:58.424Z  [API  ]  GET https://pub.dev/api/packages/yaml
2026-09-12T01:29:58.426Z  [CACHE]  MISS pub.archiveSize.cli_util
2026-09-12T01:29:58.426Z  [API  ]  GET https://pub.dev/api/packages/cli_util
2026-09-12T01:29:58.428Z  [CACHE]  MISS pub.archiveSize.image
2026-09-12T01:29:58.428Z  [API  ]  GET https://pub.dev/api/packages/image
2026-09-12T01:29:58.430Z  [CACHE]  MISS pub.archiveSize.archive
2026-09-12T01:29:58.430Z  [API  ]  GET https://pub.dev/api/packages/archive
2026-09-12T01:29:58.431Z  [CACHE]  MISS pub.archiveSize.posix
2026-09-12T01:29:58.431Z  [API  ]  GET https://pub.dev/api/packages/posix
2026-09-12T01:29:58.433Z  [CACHE]  MISS pub.archiveSize.lints
2026-09-12T01:29:58.433Z  [API  ]  GET https://pub.dev/api/packages/lints
2026-09-12T01:29:58.435Z  [CACHE]  MISS pub.archiveSize.html
2026-09-12T01:29:58.435Z  [API  ]  GET https://pub.dev/api/packages/html
2026-09-12T01:29:58.437Z  [CACHE]  MISS pub.archiveSize.csslib
2026-09-12T01:29:58.437Z  [API  ]  GET https://pub.dev/api/packages/csslib
2026-09-12T01:29:58.439Z  [CACHE]  MISS pub.archiveSize.universal_io
2026-09-12T01:29:58.439Z  [API  ]  GET https://pub.dev/api/packages/universal_io
2026-09-12T01:29:58.445Z  [CACHE]  MISS pub.archiveSize.xml
2026-09-12T01:29:58.445Z  [API  ]  GET https://pub.dev/api/packages/xml
2026-09-12T01:29:58.447Z  [CACHE]  MISS pub.archiveSize.petitparser
2026-09-12T01:29:58.448Z  [API  ]  GET https://pub.dev/api/packages/petitparser
2026-09-12T01:29:58.450Z  [CACHE]  MISS pub.archiveSize.ansicolor
2026-09-12T01:29:58.450Z  [API  ]  GET https://pub.dev/api/packages/ansicolor
2026-09-12T01:29:58.452Z  [CACHE]  MISS pub.archiveSize.flutter_test
2026-09-12T01:29:58.452Z  [API  ]  GET https://pub.dev/api/packages/flutter_test
2026-09-12T01:29:58.454Z  [CACHE]  MISS pub.archiveSize.test_api
2026-09-12T01:29:58.454Z  [API  ]  GET https://pub.dev/api/packages/test_api
2026-09-12T01:29:58.457Z  [CACHE]  MISS pub.archiveSize.boolean_selector
2026-09-12T01:29:58.458Z  [API  ]  GET https://pub.dev/api/packages/boolean_selector
2026-09-12T01:29:58.460Z  [CACHE]  MISS pub.archiveSize.stack_trace
2026-09-12T01:29:58.460Z  [API  ]  GET https://pub.dev/api/packages/stack_trace
2026-09-12T01:29:58.464Z  [CACHE]  MISS pub.archiveSize.stream_channel
2026-09-12T01:29:58.464Z  [API  ]  GET https://pub.dev/api/packages/stream_channel
2026-09-12T01:29:58.469Z  [CACHE]  MISS pub.archiveSize.matcher
2026-09-12T01:29:58.469Z  [API  ]  GET https://pub.dev/api/packages/matcher
2026-09-12T01:29:58.472Z  [CACHE]  MISS pub.archiveSize.fake_async
2026-09-12T01:29:58.472Z  [API  ]  GET https://pub.dev/api/packages/fake_async
2026-09-12T01:29:58.473Z  [CACHE]  MISS pub.archiveSize.clock
2026-09-12T01:29:58.474Z  [API  ]  GET https://pub.dev/api/packages/clock
2026-09-12T01:29:58.475Z  [CACHE]  MISS pub.archiveSize.leak_tracker_flutter_testing
2026-09-12T01:29:58.475Z  [API  ]  GET https://pub.dev/api/packages/leak_tracker_flutter_testing
2026-09-12T01:29:58.477Z  [CACHE]  MISS pub.archiveSize.leak_tracker
2026-09-12T01:29:58.477Z  [API  ]  GET https://pub.dev/api/packages/leak_tracker
2026-09-12T01:29:58.479Z  [CACHE]  MISS pub.archiveSize.vm_service
2026-09-12T01:29:58.479Z  [API  ]  GET https://pub.dev/api/packages/vm_service
2026-09-12T01:29:58.481Z  [CACHE]  MISS pub.archiveSize.leak_tracker_testing
2026-09-12T01:29:58.481Z  [API  ]  GET https://pub.dev/api/packages/leak_tracker_testing
2026-09-12T01:29:58.484Z  [CACHE]  MISS pub.archiveSize.listen
2026-09-12T01:29:58.484Z  [API  ]  GET https://pub.dev/api/packages/listen
2026-09-12T01:29:58.485Z  [CACHE]  MISS pub.archiveSize.state_notifier
2026-09-12T01:29:58.485Z  [API  ]  GET https://pub.dev/api/packages/state_notifier
2026-09-12T01:29:58.487Z  [CACHE]  MISS pub.archiveSize.test
2026-09-12T01:29:58.487Z  [API  ]  GET https://pub.dev/api/packages/test
2026-09-12T01:29:58.489Z  [CACHE]  MISS pub.archiveSize.analyzer
2026-09-12T01:29:58.489Z  [API  ]  GET https://pub.dev/api/packages/analyzer
2026-09-12T01:29:58.490Z  [CACHE]  MISS pub.archiveSize._fe_analyzer_shared
2026-09-12T01:29:58.490Z  [API  ]  GET https://pub.dev/api/packages/_fe_analyzer_shared
2026-09-12T01:29:58.492Z  [CACHE]  MISS pub.archiveSize.convert
2026-09-12T01:29:58.492Z  [API  ]  GET https://pub.dev/api/packages/convert
2026-09-12T01:29:58.494Z  [CACHE]  MISS pub.archiveSize.crypto
2026-09-12T01:29:58.494Z  [API  ]  GET https://pub.dev/api/packages/crypto
2026-09-12T01:29:58.496Z  [CACHE]  MISS pub.archiveSize.glob
2026-09-12T01:29:58.496Z  [API  ]  GET https://pub.dev/api/packages/glob
2026-09-12T01:29:58.498Z  [CACHE]  MISS pub.archiveSize.file
2026-09-12T01:29:58.498Z  [API  ]  GET https://pub.dev/api/packages/file
2026-09-12T01:29:58.500Z  [CACHE]  MISS pub.archiveSize.package_config
2026-09-12T01:29:58.500Z  [API  ]  GET https://pub.dev/api/packages/package_config
2026-09-12T01:29:58.501Z  [CACHE]  MISS pub.archiveSize.pub_semver
2026-09-12T01:29:58.501Z  [API  ]  GET https://pub.dev/api/packages/pub_semver
2026-09-12T01:29:58.503Z  [CACHE]  MISS pub.archiveSize.watcher
2026-09-12T01:29:58.503Z  [API  ]  GET https://pub.dev/api/packages/watcher
2026-09-12T01:29:58.506Z  [CACHE]  MISS pub.archiveSize.coverage
2026-09-12T01:29:58.506Z  [API  ]  GET https://pub.dev/api/packages/coverage
2026-09-12T01:29:58.509Z  [CACHE]  MISS pub.archiveSize.cli_config
2026-09-12T01:29:58.509Z  [API  ]  GET https://pub.dev/api/packages/cli_config
2026-09-12T01:29:58.512Z  [CACHE]  MISS pub.archiveSize.logging
2026-09-12T01:29:58.512Z  [API  ]  GET https://pub.dev/api/packages/logging
2026-09-12T01:29:58.517Z  [CACHE]  MISS pub.archiveSize.source_maps
2026-09-12T01:29:58.517Z  [API  ]  GET https://pub.dev/api/packages/source_maps
2026-09-12T01:29:58.520Z  [CACHE]  MISS pub.archiveSize.http_multi_server
2026-09-12T01:29:58.520Z  [API  ]  GET https://pub.dev/api/packages/http_multi_server
2026-09-12T01:29:58.523Z  [CACHE]  MISS pub.archiveSize.io
2026-09-12T01:29:58.523Z  [API  ]  GET https://pub.dev/api/packages/io
2026-09-12T01:29:58.524Z  [CACHE]  MISS pub.archiveSize.node_preamble
2026-09-12T01:29:58.524Z  [API  ]  GET https://pub.dev/api/packages/node_preamble
2026-09-12T01:29:58.526Z  [CACHE]  MISS pub.archiveSize.pool
2026-09-12T01:29:58.526Z  [API  ]  GET https://pub.dev/api/packages/pool
2026-09-12T01:29:58.529Z  [CACHE]  MISS pub.archiveSize.shelf
2026-09-12T01:29:58.529Z  [API  ]  GET https://pub.dev/api/packages/shelf
2026-09-12T01:29:58.531Z  [CACHE]  MISS pub.archiveSize.shelf_packages_handler
2026-09-12T01:29:58.531Z  [API  ]  GET https://pub.dev/api/packages/shelf_packages_handler
2026-09-12T01:29:58.533Z  [CACHE]  MISS pub.archiveSize.shelf_static
2026-09-12T01:29:58.533Z  [API  ]  GET https://pub.dev/api/packages/shelf_static
2026-09-12T01:29:58.535Z  [CACHE]  MISS pub.archiveSize.shelf_web_socket
2026-09-12T01:29:58.535Z  [API  ]  GET https://pub.dev/api/packages/shelf_web_socket
2026-09-12T01:29:58.536Z  [CACHE]  MISS pub.archiveSize.web_socket_channel
2026-09-12T01:29:58.536Z  [API  ]  GET https://pub.dev/api/packages/web_socket_channel
2026-09-12T01:29:58.538Z  [CACHE]  MISS pub.archiveSize.web_socket
2026-09-12T01:29:58.538Z  [API  ]  GET https://pub.dev/api/packages/web_socket
2026-09-12T01:29:58.544Z  [CACHE]  MISS pub.archiveSize.test_core
2026-09-12T01:29:58.544Z  [API  ]  GET https://pub.dev/api/packages/test_core
2026-09-12T01:29:58.547Z  [CACHE]  MISS pub.archiveSize.frontend_server_client
2026-09-12T01:29:58.547Z  [API  ]  GET https://pub.dev/api/packages/frontend_server_client
2026-09-12T01:29:58.549Z  [CACHE]  MISS pub.archiveSize.source_map_stack_trace
2026-09-12T01:29:58.549Z  [API  ]  GET https://pub.dev/api/packages/source_map_stack_trace
2026-09-12T01:29:58.551Z  [CACHE]  MISS pub.archiveSize.webkit_inspection_protocol
2026-09-12T01:29:58.551Z  [API  ]  GET https://pub.dev/api/packages/webkit_inspection_protocol
2026-09-12T01:29:58.553Z  [CACHE]  MISS pub.archiveSize.uuid
2026-09-12T01:29:58.553Z  [API  ]  GET https://pub.dev/api/packages/uuid
2026-09-12T01:29:58.555Z  [CACHE]  MISS pub.archiveSize.fixnum
2026-09-12T01:29:58.555Z  [API  ]  GET https://pub.dev/api/packages/fixnum
2026-09-12T01:29:58.558Z  [CACHE]  MISS pub.archiveSize.cupertino_ui
2026-09-12T01:29:58.558Z  [API  ]  GET https://pub.dev/api/packages/cupertino_ui
2026-09-12T01:29:58.563Z  [CACHE]  MISS pub.archiveSize.flutter_localizations
2026-09-12T01:29:58.563Z  [API  ]  GET https://pub.dev/api/packages/flutter_localizations
2026-09-12T01:29:58.568Z  [CACHE]  MISS pub.archiveSize.intl
2026-09-12T01:29:58.568Z  [API  ]  GET https://pub.dev/api/packages/intl
2026-09-12T01:29:58.571Z  [CACHE]  MISS pub.archiveSize.material_ui
2026-09-12T01:29:58.571Z  [API  ]  GET https://pub.dev/api/packages/material_ui
2026-09-12T01:29:58.574Z  [CACHE]  MISS pub.archiveSize.http
2026-09-12T01:29:58.574Z  [API  ]  GET https://pub.dev/api/packages/http
2026-09-12T01:29:58.575Z  [CACHE]  MISS pub.archiveSize.analysis_server_plugin
2026-09-12T01:29:58.575Z  [API  ]  GET https://pub.dev/api/packages/analysis_server_plugin
2026-09-12T01:29:58.578Z  [CACHE]  MISS pub.archiveSize.analyzer_plugin
2026-09-12T01:29:58.578Z  [API  ]  GET https://pub.dev/api/packages/analyzer_plugin
2026-09-12T01:29:58.581Z  [CACHE]  MISS pub.archiveSize.dart_style
2026-09-12T01:29:58.581Z  [API  ]  GET https://pub.dev/api/packages/dart_style
2026-09-12T01:29:58.583Z  [CACHE]  MISS pub.archiveSize.yaml_edit
2026-09-12T01:29:58.583Z  [API  ]  GET https://pub.dev/api/packages/yaml_edit
2026-09-12T01:29:58.585Z  [CACHE]  MISS pub.archiveSize.vector_graphics_codec
2026-09-12T01:29:58.585Z  [API  ]  GET https://pub.dev/api/packages/vector_graphics_codec
2026-09-12T01:29:59.957Z  [API  ]  200 OK (1591ms)
2026-09-12T01:29:59.958Z  [API  ]  200 OK (1589ms)
2026-09-12T01:29:59.960Z  [API  ]  200 OK (1596ms)
2026-09-12T01:29:59.967Z  [API  ]  HEAD https://pub.dev/api/archives/http_parser-4.1.2.tar.gz
2026-09-12T01:29:59.974Z  [API  ]  HEAD https://pub.dev/api/archives/collection-1.19.1.tar.gz
2026-09-12T01:29:59.980Z  [API  ]  HEAD https://pub.dev/api/archives/meta-1.19.0.tar.gz
2026-09-12T01:30:00.102Z  [API  ]  200 OK (135ms)
2026-09-12T01:30:00.121Z  [API  ]  200 OK (147ms)
2026-09-12T01:30:00.122Z  [API  ]  200 OK (141ms)
2026-09-12T01:30:00.484Z  [API  ]  200 OK (2093ms)
2026-09-12T01:30:00.486Z  [API  ]  HEAD https://pub.dev/api/archives/characters-1.4.1.tar.gz
2026-09-12T01:30:00.506Z  [API  ]  200 OK (2133ms)
2026-09-12T01:30:00.508Z  [API  ]  200 OK (2122ms)
2026-09-12T01:30:00.509Z  [API  ]  200 OK (2114ms)
2026-09-12T01:30:00.518Z  [API  ]  HEAD https://pub.dev/api/archives/web-1.1.1.tar.gz
2026-09-12T01:30:00.539Z  [API  ]  HEAD https://pub.dev/api/archives/source_span-1.10.2.tar.gz
2026-09-12T01:30:00.556Z  [API  ]  HEAD https://pub.dev/api/archives/vector_math-2.4.2.tar.gz
2026-09-12T01:30:00.581Z  [API  ]  200 OK (2102ms)
2026-09-12T01:30:00.585Z  [API  ]  HEAD https://pub.dev/api/archives/vm_service-15.3.0.tar.gz
2026-09-12T01:30:00.606Z  [API  ]  200 OK (2148ms)
2026-09-12T01:30:00.610Z  [API  ]  200 OK (2234ms)
2026-09-12T01:30:00.613Z  [API  ]  HEAD https://pub.dev/api/archives/boolean_selector-2.1.2.tar.gz
2026-09-12T01:30:00.634Z  [API  ]  200 OK (2220ms)
2026-09-12T01:30:00.635Z  [API  ]  200 OK (2134ms)
2026-09-12T01:30:00.636Z  [API  ]  200 OK (2253ms)
2026-09-12T01:30:00.637Z  [API  ]  200 OK (2228ms)
2026-09-12T01:30:00.639Z  [API  ]  200 OK (2215ms)
2026-09-12T01:30:00.641Z  [API  ]  200 OK (2248ms)
2026-09-12T01:30:00.643Z  [API  ]  200 OK (2134ms)
2026-09-12T01:30:00.644Z  [API  ]  200 OK (2160ms)
2026-09-12T01:30:00.645Z  [API  ]  200 OK (2224ms)
2026-09-12T01:30:00.645Z  [API  ]  200 OK (2128ms)
2026-09-12T01:30:00.646Z  [API  ]  200 OK (2218ms)
2026-09-12T01:30:00.652Z  [API  ]  200 OK (2178ms)
2026-09-12T01:30:00.652Z  [API  ]  200 OK (2167ms)
2026-09-12T01:30:00.653Z  [API  ]  200 OK (2292ms)
2026-09-12T01:30:00.654Z  [API  ]  200 OK (2148ms)
2026-09-12T01:30:00.662Z  [API  ]  200 OK (2227ms)
2026-09-12T01:30:00.664Z  [API  ]  200 OK (2231ms)
2026-09-12T01:30:00.667Z  [API  ]  200 OK (2167ms)
2026-09-12T01:30:00.669Z  [API  ]  200 OK (2268ms)
2026-09-12T01:30:00.671Z  [API  ]  404 Not Found (2219ms)
2026-09-12T01:30:00.673Z  [API  ]  200 OK (2268ms)
2026-09-12T01:30:00.674Z  [API  ]  200 OK (2277ms)
2026-09-12T01:30:00.678Z  [API  ]  HEAD https://pub.dev/api/archives/path_parsing-1.1.0.tar.gz
2026-09-12T01:30:00.695Z  [API  ]  HEAD https://pub.dev/api/archives/cli_config-0.2.0.tar.gz
2026-09-12T01:30:00.720Z  [API  ]  HEAD https://pub.dev/api/archives/listen-1.0.1.tar.gz
2026-09-12T01:30:00.736Z  [API  ]  200 OK (2272ms)
2026-09-12T01:30:00.737Z  [API  ]  200 OK (2298ms)
2026-09-12T01:30:00.737Z  [API  ]  200 OK (2186ms)
2026-09-12T01:30:00.738Z  [API  ]  200 OK (2226ms)
2026-09-12T01:30:00.738Z  [API  ]  200 OK (2261ms)
2026-09-12T01:30:00.739Z  [API  ]  200 OK (2267ms)
2026-09-12T01:30:00.739Z  [API  ]  200 OK (2279ms)
2026-09-12T01:30:00.743Z  [API  ]  HEAD https://pub.dev/api/archives/clock-1.1.3.tar.gz
2026-09-12T01:30:00.760Z  [API  ]  HEAD https://pub.dev/api/archives/state_notifier-1.0.0.tar.gz
2026-09-12T01:30:00.779Z  [API  ]  200 OK (2281ms)
2026-09-12T01:30:00.780Z  [API  ]  200 OK (2244ms)
2026-09-12T01:30:00.781Z  [API  ]  200 OK (2228ms)
2026-09-12T01:30:00.782Z  [API  ]  200 OK (2262ms)
2026-09-12T01:30:00.782Z  [API  ]  200 OK (2288ms)
2026-09-12T01:30:00.783Z  [API  ]  200 OK (2239ms)
2026-09-12T01:30:00.783Z  [API  ]  200 OK (2225ms)
2026-09-12T01:30:00.784Z  [API  ]  200 OK (2292ms)
2026-09-12T01:30:00.784Z  [API  ]  200 OK (2251ms)
2026-09-12T01:30:00.785Z  [API  ]  200 OK (2214ms)
2026-09-12T01:30:00.785Z  [API  ]  200 OK (2310ms)
2026-09-12T01:30:00.786Z  [API  ]  200 OK (2203ms)
2026-09-12T01:30:00.786Z  [API  ]  200 OK (2257ms)
2026-09-12T01:30:00.787Z  [API  ]  200 OK (2318ms)
2026-09-12T01:30:00.788Z  [API  ]  200 OK (2340ms)
2026-09-12T01:30:00.788Z  [API  ]  200 OK (2334ms)
2026-09-12T01:30:00.792Z  [API  ]  HEAD https://pub.dev/api/archives/path-1.9.1.tar.gz
2026-09-12T01:30:00.807Z  [API  ]  HEAD https://pub.dev/api/archives/pub_semver-2.2.1.tar.gz
2026-09-12T01:30:00.827Z  [API  ]  HEAD https://pub.dev/api/archives/material_color_utilities-0.13.1.tar.gz
2026-09-12T01:30:00.843Z  [API  ]  HEAD https://pub.dev/api/archives/lints-6.1.0.tar.gz
2026-09-12T01:30:00.876Z  [API  ]  200 OK (2327ms)
2026-09-12T01:30:00.877Z  [API  ]  200 OK (2302ms)
2026-09-12T01:30:00.877Z  [API  ]  200 OK (2390ms)
2026-09-12T01:30:00.878Z  [API  ]  200 OK (2300ms)
2026-09-12T01:30:00.878Z  [API  ]  200 OK (2397ms)
2026-09-12T01:30:00.879Z  [API  ]  200 OK (2389ms)
2026-09-12T01:30:00.881Z  [API  ]  404 Not Found (2318ms)
2026-09-12T01:30:00.882Z  [API  ]  HEAD https://pub.dev/api/archives/json_annotation-4.12.0.tar.gz
2026-09-12T01:30:00.896Z  [API  ]  HEAD https://pub.dev/api/archives/plugin_platform_interface-2.1.8.tar.gz
2026-09-12T01:30:00.915Z  [API  ]  HEAD https://pub.dev/api/archives/path_drawing-1.0.1.tar.gz
2026-09-12T01:30:00.938Z  [API  ]  200 OK (2391ms)
2026-09-12T01:30:00.940Z  [API  ]  200 OK (2402ms)
2026-09-12T01:30:00.943Z  [API  ]  HEAD https://pub.dev/api/archives/mime-2.1.0.tar.gz
2026-09-12T01:30:00.960Z  [API  ]  HEAD https://pub.dev/api/archives/html-0.15.7.tar.gz
2026-09-12T01:30:00.978Z  [API  ]  HEAD https://pub.dev/api/archives/package_config-3.0.0.tar.gz
2026-09-12T01:30:00.997Z  [API  ]  HEAD https://pub.dev/api/archives/fake_async-1.3.3.tar.gz
2026-09-12T01:30:01.020Z  [API  ]  HEAD https://pub.dev/api/archives/cupertino_ui-1.0.2.tar.gz
2026-09-12T01:30:01.035Z  [API  ]  HEAD https://pub.dev/api/archives/convert-3.1.2.tar.gz
2026-09-12T01:30:01.053Z  [API  ]  HEAD https://pub.dev/api/archives/material_ui-1.2.0.tar.gz
2026-09-12T01:30:01.073Z  [API  ]  HEAD https://pub.dev/api/archives/yaml_edit-2.2.4.tar.gz
2026-09-12T01:30:01.092Z  [API  ]  200 OK (2507ms)
2026-09-12T01:30:01.098Z  [API  ]  HEAD https://pub.dev/api/archives/stream_channel-2.1.4.tar.gz
2026-09-12T01:30:01.119Z  [API  ]  HEAD https://pub.dev/api/archives/http_multi_server-3.2.2.tar.gz
2026-09-12T01:30:01.137Z  [API  ]  HEAD https://pub.dev/api/archives/leak_tracker_testing-3.0.2.tar.gz
2026-09-12T01:30:01.152Z  [API  ]  200 OK (2764ms)
2026-09-12T01:30:01.154Z  [API  ]  404 Not Found (2755ms)
2026-09-12T01:30:01.155Z  [API  ]  200 OK (669ms)
2026-09-12T01:30:01.173Z  [API  ]  HEAD https://pub.dev/api/archives/async-2.13.1.tar.gz
2026-09-12T01:30:01.188Z  [API  ]  HEAD https://pub.dev/api/archives/webkit_inspection_protocol-1.2.1.tar.gz
2026-09-12T01:30:01.202Z  [API  ]  HEAD https://pub.dev/api/archives/universal_io-2.3.1.tar.gz
2026-09-12T01:30:01.223Z  [API  ]  HEAD https://pub.dev/api/archives/shelf_static-1.1.3.tar.gz
2026-09-12T01:30:01.237Z  [API  ]  HEAD https://pub.dev/api/archives/leak_tracker_flutter_testing-3.0.10.tar.gz
2026-09-12T01:30:01.251Z  [API  ]  HEAD https://pub.dev/api/archives/source_map_stack_trace-2.1.2.tar.gz
2026-09-12T01:30:01.272Z  [API  ]  HEAD https://pub.dev/api/archives/frontend_server_client-4.0.0.tar.gz
2026-09-12T01:30:01.286Z  [API  ]  HEAD https://pub.dev/api/archives/web_socket-1.0.1.tar.gz
2026-09-12T01:30:01.304Z  [API  ]  200 OK (2854ms)
2026-09-12T01:30:01.305Z  [API  ]  200 OK (2902ms)
2026-09-12T01:30:01.306Z  [API  ]  200 OK (2921ms)
2026-09-12T01:30:01.307Z  [API  ]  200 OK (2811ms)
2026-09-12T01:30:01.307Z  [API  ]  200 OK (2772ms)
2026-09-12T01:30:01.309Z  [API  ]  200 OK (2927ms)
2026-09-12T01:30:01.309Z  [API  ]  200 OK (2879ms)
2026-09-12T01:30:01.310Z  [API  ]  200 OK (2931ms)
2026-09-12T01:30:01.311Z  [API  ]  200 OK (2885ms)
2026-09-12T01:30:01.312Z  [API  ]  200 OK (2867ms)
2026-09-12T01:30:01.314Z  [API  ]  200 OK (2825ms)
2026-09-12T01:30:01.332Z  [API  ]  HEAD https://pub.dev/api/archives/file-7.0.1.tar.gz
2026-09-12T01:30:01.345Z  [API  ]  HEAD https://pub.dev/api/archives/web_socket_channel-3.0.3.tar.gz
2026-09-12T01:30:01.364Z  [API  ]  HEAD https://pub.dev/api/archives/analysis_server_plugin-0.3.23.tar.gz
2026-09-12T01:30:01.382Z  [API  ]  200 OK (2858ms)
2026-09-12T01:30:01.382Z  [API  ]  200 OK (2951ms)
2026-09-12T01:30:01.383Z  [API  ]  200 OK (2946ms)
2026-09-12T01:30:01.383Z  [API  ]  200 OK (2880ms)
2026-09-12T01:30:01.384Z  [API  ]  200 OK (2858ms)
2026-09-12T01:30:01.384Z  [API  ]  200 OK (2965ms)
2026-09-12T01:30:01.385Z  [API  ]  200 OK (829ms)
2026-09-12T01:30:01.386Z  [API  ]  200 OK (868ms)
2026-09-12T01:30:01.386Z  [API  ]  200 OK (847ms)
2026-09-12T01:30:01.387Z  [API  ]  200 OK (802ms)
2026-09-12T01:30:01.389Z  [API  ]  200 OK (2821ms)
2026-09-12T01:30:01.392Z  [API  ]  200 OK (3014ms)
2026-09-12T01:30:01.393Z  [API  ]  200 OK (2812ms)
2026-09-12T01:30:01.393Z  [API  ]  200 OK (2838ms)
2026-09-12T01:30:01.394Z  [API  ]  200 OK (781ms)
2026-09-12T01:30:01.395Z  [API  ]  200 OK (2864ms)
2026-09-12T01:30:01.424Z  [API  ]  HEAD https://pub.dev/api/archives/yaml-3.1.4.tar.gz
2026-09-12T01:30:01.438Z  [API  ]  HEAD https://pub.dev/api/archives/source_maps-0.10.14.tar.gz
2026-09-12T01:30:01.451Z  [API  ]  HEAD https://pub.dev/api/archives/sky_engine-0.0.99.tar.gz
2026-09-12T01:30:01.472Z  [API  ]  HEAD https://pub.dev/api/archives/leak_tracker-11.0.2.tar.gz
2026-09-12T01:30:01.487Z  [API  ]  HEAD https://pub.dev/api/archives/matcher-0.12.20.tar.gz
2026-09-12T01:30:01.502Z  [API  ]  200 OK (2979ms)
2026-09-12T01:30:01.503Z  [API  ]  200 OK (2929ms)
2026-09-12T01:30:01.508Z  [API  ]  HEAD https://pub.dev/api/archives/uuid-4.6.0.tar.gz
2026-09-12T01:30:01.528Z  [API  ]  HEAD https://pub.dev/api/archives/vector_graphics_codec-1.1.13.tar.gz
2026-09-12T01:30:01.541Z  [API  ]  HEAD https://pub.dev/api/archives/flutter-0.0.20.tar.gz
2026-09-12T01:30:01.556Z  [API  ]  HEAD https://pub.dev/api/archives/dio_web_adapter-2.2.2.tar.gz
2026-09-12T01:30:01.591Z  [API  ]  HEAD https://pub.dev/api/archives/coverage-1.15.1.tar.gz
2026-09-12T01:30:01.605Z  [API  ]  HEAD https://pub.dev/api/archives/crypto-3.0.7.tar.gz
2026-09-12T01:30:01.626Z  [API  ]  HEAD https://pub.dev/api/archives/analyzer_plugin-0.14.17.tar.gz
2026-09-12T01:30:01.640Z  [API  ]  HEAD https://pub.dev/api/archives/ansicolor-2.0.3.tar.gz
2026-09-12T01:30:01.654Z  [API  ]  HEAD https://pub.dev/api/archives/glob-2.2.0.tar.gz
2026-09-12T01:30:01.674Z  [API  ]  HEAD https://pub.dev/api/archives/typed_data-1.4.0.tar.gz
2026-09-12T01:30:01.688Z  [API  ]  HEAD https://pub.dev/api/archives/cli_util-0.6.0.tar.gz
2026-09-12T01:30:01.702Z  [API  ]  HEAD https://pub.dev/api/archives/node_preamble-2.0.2.tar.gz
2026-09-12T01:30:01.723Z  [API  ]  HEAD https://pub.dev/api/archives/checked_yaml-2.0.4.tar.gz
2026-09-12T01:30:01.738Z  [API  ]  HEAD https://pub.dev/api/archives/term_glyph-1.2.2.tar.gz
2026-09-12T01:30:01.751Z  [API  ]  HEAD https://pub.dev/api/archives/shelf_packages_handler-3.0.2.tar.gz
2026-09-12T01:30:01.779Z  [API  ]  200 OK (936ms)
2026-09-12T01:30:01.780Z  [API  ]  200 OK (1037ms)
2026-09-12T01:30:01.781Z  [API  ]  200 OK (1086ms)
2026-09-12T01:30:01.781Z  [API  ]  200 OK (1021ms)
2026-09-12T01:30:01.782Z  [API  ]  200 OK (1104ms)
2026-09-12T01:30:01.795Z  [API  ]  HEAD https://pub.dev/api/archives/image-4.9.2.tar.gz
2026-09-12T01:30:01.811Z  [API  ]  HEAD https://pub.dev/api/archives/shelf-1.4.2.tar.gz
2026-09-12T01:30:01.828Z  [API  ]  HEAD https://pub.dev/api/archives/ffi-2.2.0.tar.gz
2026-09-12T01:30:01.844Z  [API  ]  HEAD https://pub.dev/api/archives/shelf_web_socket-3.0.0.tar.gz
2026-09-12T01:30:01.863Z  [API  ]  HEAD https://pub.dev/api/archives/string_scanner-1.4.1.tar.gz
2026-09-12T01:30:01.881Z  [API  ]  HEAD https://pub.dev/api/archives/pool-1.5.3.tar.gz
2026-09-12T01:30:01.898Z  [API  ]  200 OK (1178ms)
2026-09-12T01:30:01.899Z  [API  ]  200 OK (1092ms)
2026-09-12T01:30:01.901Z  [API  ]  200 OK (1109ms)
2026-09-12T01:30:01.929Z  [API  ]  200 OK (1047ms)
2026-09-12T01:30:01.929Z  [API  ]  200 OK (1102ms)
2026-09-12T01:30:01.959Z  [API  ]  HEAD https://pub.dev/api/archives/args-2.7.0.tar.gz
2026-09-12T01:30:01.978Z  [API  ]  HEAD https://pub.dev/api/archives/logging-1.3.0.tar.gz
2026-09-12T01:30:01.994Z  [API  ]  HEAD https://pub.dev/api/archives/petitparser-7.0.2.tar.gz
2026-09-12T01:30:02.012Z  [API  ]  HEAD https://pub.dev/api/archives/test_api-0.7.14.tar.gz
2026-09-12T01:30:02.031Z  [API  ]  HEAD https://pub.dev/api/archives/posix-6.5.2.tar.gz
2026-09-12T01:30:02.045Z  [API  ]  HEAD https://pub.dev/api/archives/io-1.1.0.tar.gz
2026-09-12T01:30:02.065Z  [API  ]  200 OK (1169ms)
2026-09-12T01:30:02.091Z  [API  ]  HEAD https://pub.dev/api/archives/stack_trace-1.12.2.tar.gz
2026-09-12T01:30:02.106Z  [API  ]  HEAD https://pub.dev/api/archives/fixnum-1.1.1.tar.gz
2026-09-12T01:30:02.128Z  [API  ]  200 OK (1150ms)
2026-09-12T01:30:02.128Z  [API  ]  200 OK (1075ms)
2026-09-12T01:30:02.129Z  [API  ]  200 OK (1186ms)
2026-09-12T01:30:02.129Z  [API  ]  200 OK (1214ms)
2026-09-12T01:30:02.130Z  [API  ]  200 OK (1095ms)
2026-09-12T01:30:02.130Z  [API  ]  200 OK (1170ms)
2026-09-12T01:30:02.131Z  [API  ]  200 OK (1058ms)
2026-09-12T01:30:02.131Z  [API  ]  200 OK (1111ms)
2026-09-12T01:30:02.132Z  [API  ]  200 OK (944ms)
2026-09-12T01:30:02.132Z  [API  ]  200 OK (1034ms)
2026-09-12T01:30:02.133Z  [API  ]  200 OK (996ms)
2026-09-12T01:30:02.133Z  [API  ]  200 OK (1136ms)
2026-09-12T01:30:02.133Z  [API  ]  200 OK (1014ms)
2026-09-12T01:30:02.178Z  [API  ]  HEAD https://pub.dev/api/archives/_fe_analyzer_shared-108.0.0.tar.gz
2026-09-12T01:30:02.193Z  [API  ]  200 OK (942ms)
2026-09-12T01:30:02.195Z  [API  ]  200 OK (972ms)
2026-09-12T01:30:02.196Z  [API  ]  200 OK (1023ms)
2026-09-12T01:30:02.196Z  [API  ]  200 OK (959ms)
2026-09-12T01:30:02.197Z  [API  ]  200 OK (995ms)
2026-09-12T01:30:02.197Z  [API  ]  200 OK (925ms)
2026-09-12T01:30:02.226Z  [API  ]  HEAD https://pub.dev/api/archives/watcher-1.2.1.tar.gz
2026-09-12T01:30:02.244Z  [API  ]  200 OK (958ms)
2026-09-12T01:30:02.281Z  [API  ]  HEAD https://pub.dev/api/archives/xml-7.0.1.tar.gz
2026-09-12T01:30:02.301Z  [API  ]  200 OK (814ms)
2026-09-12T01:30:02.301Z  [API  ]  200 OK (969ms)
2026-09-12T01:30:02.302Z  [API  ]  200 OK (878ms)
2026-09-12T01:30:02.303Z  [API  ]  200 OK (865ms)
2026-09-12T01:30:02.306Z  [API  ]  200 OK (798ms)
2026-09-12T01:30:02.307Z  [API  ]  200 OK (779ms)
2026-09-12T01:30:02.312Z  [API  ]  200 OK (967ms)
2026-09-12T01:30:02.315Z  [API  ]  200 OK (951ms)
2026-09-12T01:30:02.316Z  [API  ]  200 OK (844ms)
2026-09-12T01:30:02.340Z  [API  ]  HEAD https://pub.dev/api/archives/archive-4.2.0.tar.gz
2026-09-12T01:30:02.422Z  [API  ]  HEAD https://pub.dev/api/archives/test_core-0.6.20.tar.gz
2026-09-12T01:30:02.438Z  [API  ]  200 OK (847ms)
2026-09-12T01:30:02.439Z  [API  ]  200 OK (813ms)
2026-09-12T01:30:02.439Z  [API  ]  200 OK (799ms)
2026-09-12T01:30:02.443Z  [API  ]  200 OK (769ms)
2026-09-12T01:30:02.445Z  [API  ]  200 OK (791ms)
2026-09-12T01:30:02.446Z  [API  ]  200 OK (841ms)
2026-09-12T01:30:02.446Z  [API  ]  200 OK (744ms)
2026-09-12T01:30:02.447Z  [API  ]  200 OK (891ms)
2026-09-12T01:30:02.449Z  [API  ]  200 OK (698ms)
2026-09-12T01:30:02.449Z  [API  ]  200 OK (711ms)
2026-09-12T01:30:02.450Z  [API  ]  200 OK (727ms)
2026-09-12T01:30:02.450Z  [API  ]  200 OK (762ms)
2026-09-12T01:30:02.451Z  [API  ]  200 OK (1000ms)
2026-09-12T01:30:02.492Z  [API  ]  200 OK (480ms)
2026-09-12T01:30:02.493Z  [API  ]  HEAD https://pub.dev/api/archives/csslib-1.0.2.tar.gz
2026-09-12T01:30:02.515Z  [API  ]  200 OK (671ms)
2026-09-12T01:30:02.516Z  [API  ]  200 OK (975ms)
2026-09-12T01:30:02.517Z  [API  ]  200 OK (689ms)
2026-09-12T01:30:02.517Z  [API  ]  200 OK (636ms)
2026-09-12T01:30:02.518Z  [API  ]  200 OK (655ms)
2026-09-12T01:30:02.519Z  [API  ]  200 OK (724ms)
2026-09-12T01:30:02.538Z  [API  ]  200 OK (560ms)
2026-09-12T01:30:02.539Z  [API  ]  200 OK (580ms)
2026-09-12T01:30:02.540Z  [API  ]  200 OK (546ms)
2026-09-12T01:30:02.540Z  [API  ]  200 OK (495ms)
2026-09-12T01:30:02.541Z  [API  ]  200 OK (730ms)
2026-09-12T01:30:02.554Z  [API  ]  HEAD https://pub.dev/api/archives/http-1.6.0.tar.gz
2026-09-12T01:30:02.576Z  [API  ]  HEAD https://pub.dev/api/archives/dart_style-3.1.13.tar.gz
2026-09-12T01:30:02.603Z  [API  ]  200 OK (497ms)
2026-09-12T01:30:02.603Z  [API  ]  200 OK (512ms)
2026-09-12T01:30:02.606Z  [API  ]  200 OK (428ms)
2026-09-12T01:30:02.635Z  [API  ]  200 OK (604ms)
2026-09-12T01:30:02.661Z  [API  ]  HEAD https://pub.dev/api/archives/intl-0.20.3.tar.gz
2026-09-12T01:30:02.680Z  [API  ]  200 OK (454ms)
2026-09-12T01:30:02.681Z  [API  ]  200 OK (400ms)
2026-09-12T01:30:02.730Z  [API  ]  HEAD https://pub.dev/api/archives/test-1.32.0.tar.gz
2026-09-12T01:30:02.744Z  [API  ]  200 OK (404ms)
2026-09-12T01:30:02.775Z  [API  ]  HEAD https://pub.dev/api/archives/analyzer-14.4.0.tar.gz
2026-09-12T01:30:02.791Z  [API  ]  200 OK (369ms)
2026-09-12T01:30:02.895Z  [API  ]  200 OK (402ms)
2026-09-12T01:30:02.915Z  [API  ]  200 OK (361ms)
2026-09-12T01:30:02.929Z  [API  ]  200 OK (353ms)
2026-09-12T01:30:03.001Z  [API  ]  200 OK (340ms)
2026-09-12T01:30:03.079Z  [API  ]  200 OK (349ms)
2026-09-12T01:30:03.137Z  [API  ]  200 OK (362ms)
2026-09-12T01:30:03.234Z  [INFO ]  Dep graph: 14 direct, 91 transitive, 0 overrides
2026-09-12T01:30:03.235Z  [CACHE]  MISS osv.vulns.cupertino_icons.1.0.9
2026-09-12T01:30:03.235Z  [CACHE]  MISS osv.vulns.dio.5.11.0
2026-09-12T01:30:03.235Z  [CACHE]  MISS osv.vulns.dotlottie_flutter.0.1.7
2026-09-12T01:30:03.235Z  [CACHE]  MISS osv.vulns.easy_refresh.3.5.1
2026-09-12T01:30:03.235Z  [CACHE]  MISS osv.vulns.flutter_launcher_icons.0.14.4
2026-09-12T01:30:03.235Z  [CACHE]  MISS osv.vulns.flutter_lints.6.0.0
2026-09-12T01:30:03.235Z  [CACHE]  MISS osv.vulns.flutter_native_splash.2.4.8
2026-09-12T01:30:03.235Z  [CACHE]  MISS osv.vulns.flutter_riverpod.3.4.2
2026-09-12T01:30:03.235Z  [CACHE]  MISS osv.vulns.go_router.18.0.0
2026-09-12T01:30:03.235Z  [CACHE]  MISS osv.vulns.lottie.3.5.1
2026-09-12T01:30:03.235Z  [CACHE]  MISS osv.vulns.riverpod.3.4.2
2026-09-12T01:30:03.235Z  [CACHE]  MISS osv.vulns.saropa_lints.14.0.2
2026-09-12T01:30:03.235Z  [CACHE]  MISS osv.vulns.vector_graphics.1.2.3
2026-09-12T01:30:03.235Z  [CACHE]  MISS osv.vulns.vector_graphics_compiler.1.3.0
2026-09-12T01:30:03.235Z  [API  ]  POST https://api.osv.dev/v1/querybatch
2026-09-12T01:30:03.237Z  [CACHE]  MISS ghsa.vulns.cupertino_icons.1.0.9
2026-09-12T01:30:03.237Z  [CACHE]  MISS ghsa.vulns.dio.5.11.0
2026-09-12T01:30:03.237Z  [CACHE]  MISS ghsa.vulns.dotlottie_flutter.0.1.7
2026-09-12T01:30:03.237Z  [CACHE]  MISS ghsa.vulns.easy_refresh.3.5.1
2026-09-12T01:30:03.237Z  [CACHE]  MISS ghsa.vulns.flutter_launcher_icons.0.14.4
2026-09-12T01:30:03.237Z  [CACHE]  MISS ghsa.vulns.flutter_lints.6.0.0
2026-09-12T01:30:03.237Z  [CACHE]  MISS ghsa.vulns.flutter_native_splash.2.4.8
2026-09-12T01:30:03.237Z  [CACHE]  MISS ghsa.vulns.flutter_riverpod.3.4.2
2026-09-12T01:30:03.237Z  [CACHE]  MISS ghsa.vulns.go_router.18.0.0
2026-09-12T01:30:03.237Z  [CACHE]  MISS ghsa.vulns.lottie.3.5.1
2026-09-12T01:30:03.237Z  [CACHE]  MISS ghsa.vulns.riverpod.3.4.2
2026-09-12T01:30:03.237Z  [CACHE]  MISS ghsa.vulns.saropa_lints.14.0.2
2026-09-12T01:30:03.237Z  [CACHE]  MISS ghsa.vulns.vector_graphics.1.2.3
2026-09-12T01:30:03.237Z  [CACHE]  MISS ghsa.vulns.vector_graphics_compiler.1.3.0
2026-09-12T01:30:03.238Z  [API  ]  GET https://api.github.com/advisories?ecosystem=pub&package=cupertino_icons&affects=1.0.9&per_page=100
2026-09-12T01:30:03.240Z  [API  ]  GET https://api.github.com/advisories?ecosystem=pub&package=dio&affects=5.11.0&per_page=100
2026-09-12T01:30:03.242Z  [API  ]  GET https://api.github.com/advisories?ecosystem=pub&package=dotlottie_flutter&affects=0.1.7&per_page=100
2026-09-12T01:30:03.243Z  [API  ]  GET https://api.github.com/advisories?ecosystem=pub&package=easy_refresh&affects=3.5.1&per_page=100
2026-09-12T01:30:03.245Z  [API  ]  GET https://api.github.com/advisories?ecosystem=pub&package=flutter_launcher_icons&affects=0.14.4&per_page=100
2026-09-12T01:30:03.746Z  [API  ]  403 rate limit exceeded (501ms)
2026-09-12T01:30:03.746Z  [ERROR]  GitHub Advisory query failed for flutter_launcher_icons: 403
2026-09-12T01:30:03.747Z  [API  ]  403 rate limit exceeded (505ms)
2026-09-12T01:30:03.747Z  [ERROR]  GitHub Advisory query failed for dotlottie_flutter: 403
2026-09-12T01:30:03.783Z  [API  ]  403 rate limit exceeded (540ms)
2026-09-12T01:30:03.783Z  [ERROR]  GitHub Advisory query failed for easy_refresh: 403
2026-09-12T01:30:03.784Z  [API  ]  403 rate limit exceeded (546ms)
2026-09-12T01:30:03.784Z  [ERROR]  GitHub Advisory query failed for cupertino_icons: 403
2026-09-12T01:30:03.784Z  [API  ]  403 rate limit exceeded (544ms)
2026-09-12T01:30:03.784Z  [ERROR]  GitHub Advisory query failed for dio: 403
2026-09-12T01:30:03.784Z  [API  ]  GET https://api.github.com/advisories?ecosystem=pub&package=flutter_lints&affects=6.0.0&per_page=100
2026-09-12T01:30:03.786Z  [API  ]  GET https://api.github.com/advisories?ecosystem=pub&package=flutter_native_splash&affects=2.4.8&per_page=100
2026-09-12T01:30:03.788Z  [API  ]  GET https://api.github.com/advisories?ecosystem=pub&package=flutter_riverpod&affects=3.4.2&per_page=100
2026-09-12T01:30:03.790Z  [API  ]  GET https://api.github.com/advisories?ecosystem=pub&package=go_router&affects=18.0.0&per_page=100
2026-09-12T01:30:03.791Z  [API  ]  GET https://api.github.com/advisories?ecosystem=pub&package=lottie&affects=3.5.1&per_page=100
2026-09-12T01:30:03.935Z  [API  ]  403 rate limit exceeded (149ms)
2026-09-12T01:30:03.935Z  [ERROR]  GitHub Advisory query failed for flutter_native_splash: 403
2026-09-12T01:30:03.935Z  [API  ]  403 rate limit exceeded (151ms)
2026-09-12T01:30:03.935Z  [ERROR]  GitHub Advisory query failed for flutter_lints: 403
2026-09-12T01:30:04.166Z  [API  ]  200 OK (931ms)
2026-09-12T01:30:04.221Z  [API  ]  403 rate limit exceeded (431ms)
2026-09-12T01:30:04.221Z  [ERROR]  GitHub Advisory query failed for go_router: 403
2026-09-12T01:30:04.234Z  [API  ]  403 rate limit exceeded (446ms)
2026-09-12T01:30:04.234Z  [ERROR]  GitHub Advisory query failed for flutter_riverpod: 403
2026-09-12T01:30:04.234Z  [API  ]  403 rate limit exceeded (443ms)
2026-09-12T01:30:04.234Z  [ERROR]  GitHub Advisory query failed for lottie: 403
2026-09-12T01:30:04.234Z  [API  ]  GET https://api.github.com/advisories?ecosystem=pub&package=riverpod&affects=3.4.2&per_page=100
2026-09-12T01:30:04.236Z  [API  ]  GET https://api.github.com/advisories?ecosystem=pub&package=saropa_lints&affects=14.0.2&per_page=100
2026-09-12T01:30:04.238Z  [API  ]  GET https://api.github.com/advisories?ecosystem=pub&package=vector_graphics&affects=1.2.3&per_page=100
2026-09-12T01:30:04.240Z  [API  ]  GET https://api.github.com/advisories?ecosystem=pub&package=vector_graphics_compiler&affects=1.3.0&per_page=100
2026-09-12T01:30:04.384Z  [API  ]  403 rate limit exceeded (146ms)
2026-09-12T01:30:04.385Z  [ERROR]  GitHub Advisory query failed for vector_graphics: 403
2026-09-12T01:30:04.397Z  [API  ]  403 rate limit exceeded (161ms)
2026-09-12T01:30:04.397Z  [ERROR]  GitHub Advisory query failed for saropa_lints: 403
2026-09-12T01:30:04.397Z  [API  ]  403 rate limit exceeded (157ms)
2026-09-12T01:30:04.397Z  [ERROR]  GitHub Advisory query failed for vector_graphics_compiler: 403
2026-09-12T01:30:04.397Z  [API  ]  403 rate limit exceeded (163ms)
2026-09-12T01:30:04.397Z  [ERROR]  GitHub Advisory query failed for riverpod: 403
2026-09-12T01:30:05.519Z  [INFO ]  Scan complete — 28302ms — vibrant:4 stable:8 outdated:2 abandoned:0 eol:0
