2026-09-06T11:03:06.752Z  [CACHE]  MISS flutter.releases
2026-09-06T11:03:06.752Z  [API  ]  GET https://storage.googleapis.com/flutter_infra_release/releases/releases_linux.json
2026-09-06T11:03:06.792Z  [ERROR]  Failed to fetch Flutter releases
2026-09-06T11:03:06.793Z  [INFO ]  Scan started — 13 packages
2026-09-06T11:03:06.793Z  [INFO ]  [1/13] cupertino_icons
2026-09-06T11:03:06.793Z  [INFO ]  Known issue: active
2026-09-06T11:03:06.794Z  [CACHE]  MISS pub.info.cupertino_icons
2026-09-06T11:03:06.794Z  [API  ]  GET https://pub.dev/api/packages/cupertino_icons
2026-09-06T11:03:06.798Z  [CACHE]  MISS pub.metrics.cupertino_icons
2026-09-06T11:03:06.798Z  [API  ]  GET https://pub.dev/api/packages/cupertino_icons/metrics
2026-09-06T11:03:06.802Z  [API  ]  GET https://pub.dev/api/packages/cupertino_icons/score
2026-09-06T11:03:06.806Z  [CACHE]  HIT  pub.publisher.cupertino_icons
2026-09-06T11:03:06.806Z  [CACHE]  MISS pub.reverseDeps.cupertino_icons
2026-09-06T11:03:06.806Z  [API  ]  GET https://pub.dev/packages?q=dependency%3Acupertino_icons
2026-09-06T11:03:06.809Z  [INFO ]  [2/13] dio
2026-09-06T11:03:06.809Z  [INFO ]  Known issue: active
2026-09-06T11:03:06.809Z  [CACHE]  MISS pub.info.dio
2026-09-06T11:03:06.810Z  [API  ]  GET https://pub.dev/api/packages/dio
2026-09-06T11:03:06.813Z  [CACHE]  MISS pub.metrics.dio
2026-09-06T11:03:06.813Z  [API  ]  GET https://pub.dev/api/packages/dio/metrics
2026-09-06T11:03:06.815Z  [API  ]  GET https://pub.dev/api/packages/dio/score
2026-09-06T11:03:06.817Z  [CACHE]  HIT  pub.publisher.dio
2026-09-06T11:03:06.817Z  [CACHE]  MISS pub.reverseDeps.dio
2026-09-06T11:03:06.817Z  [API  ]  GET https://pub.dev/packages?q=dependency%3Adio
2026-09-06T11:03:06.820Z  [INFO ]  [3/13] dotlottie_flutter
2026-09-06T11:03:06.820Z  [CACHE]  MISS pub.info.dotlottie_flutter
2026-09-06T11:03:06.820Z  [API  ]  GET https://pub.dev/api/packages/dotlottie_flutter
2026-09-06T11:03:06.823Z  [CACHE]  MISS pub.metrics.dotlottie_flutter
2026-09-06T11:03:06.823Z  [API  ]  GET https://pub.dev/api/packages/dotlottie_flutter/metrics
2026-09-06T11:03:06.825Z  [API  ]  GET https://pub.dev/api/packages/dotlottie_flutter/score
2026-09-06T11:03:06.827Z  [CACHE]  HIT  pub.publisher.dotlottie_flutter
2026-09-06T11:03:06.827Z  [CACHE]  MISS pub.reverseDeps.dotlottie_flutter
2026-09-06T11:03:06.827Z  [API  ]  GET https://pub.dev/packages?q=dependency%3Adotlottie_flutter
2026-09-06T11:03:06.831Z  [INFO ]  [4/13] easy_refresh
2026-09-06T11:03:06.831Z  [CACHE]  MISS pub.info.easy_refresh
2026-09-06T11:03:06.831Z  [API  ]  GET https://pub.dev/api/packages/easy_refresh
2026-09-06T11:03:06.834Z  [CACHE]  MISS pub.metrics.easy_refresh
2026-09-06T11:03:06.834Z  [API  ]  GET https://pub.dev/api/packages/easy_refresh/metrics
2026-09-06T11:03:06.836Z  [API  ]  GET https://pub.dev/api/packages/easy_refresh/score
2026-09-06T11:03:06.838Z  [CACHE]  HIT  pub.publisher.easy_refresh
2026-09-06T11:03:06.838Z  [CACHE]  MISS pub.reverseDeps.easy_refresh
2026-09-06T11:03:06.838Z  [API  ]  GET https://pub.dev/packages?q=dependency%3Aeasy_refresh
2026-09-06T11:03:06.841Z  [INFO ]  [5/13] flutter_launcher_icons
2026-09-06T11:03:06.841Z  [INFO ]  Known issue: active
2026-09-06T11:03:06.841Z  [CACHE]  MISS pub.info.flutter_launcher_icons
2026-09-06T11:03:06.841Z  [API  ]  GET https://pub.dev/api/packages/flutter_launcher_icons
2026-09-06T11:03:06.843Z  [CACHE]  MISS pub.metrics.flutter_launcher_icons
2026-09-06T11:03:06.843Z  [API  ]  GET https://pub.dev/api/packages/flutter_launcher_icons/metrics
2026-09-06T11:03:06.854Z  [API  ]  GET https://pub.dev/api/packages/flutter_launcher_icons/score
2026-09-06T11:03:06.857Z  [CACHE]  HIT  pub.publisher.flutter_launcher_icons
2026-09-06T11:03:06.857Z  [CACHE]  MISS pub.reverseDeps.flutter_launcher_icons
2026-09-06T11:03:06.857Z  [API  ]  GET https://pub.dev/packages?q=dependency%3Aflutter_launcher_icons
2026-09-06T11:03:06.860Z  [INFO ]  [6/13] flutter_lints
2026-09-06T11:03:06.860Z  [INFO ]  Known issue: active
2026-09-06T11:03:06.860Z  [CACHE]  MISS pub.info.flutter_lints
2026-09-06T11:03:06.860Z  [API  ]  GET https://pub.dev/api/packages/flutter_lints
2026-09-06T11:03:06.863Z  [CACHE]  MISS pub.metrics.flutter_lints
2026-09-06T11:03:06.863Z  [API  ]  GET https://pub.dev/api/packages/flutter_lints/metrics
2026-09-06T11:03:06.866Z  [API  ]  GET https://pub.dev/api/packages/flutter_lints/score
2026-09-06T11:03:06.868Z  [CACHE]  HIT  pub.publisher.flutter_lints
2026-09-06T11:03:06.868Z  [CACHE]  MISS pub.reverseDeps.flutter_lints
2026-09-06T11:03:06.868Z  [API  ]  GET https://pub.dev/packages?q=dependency%3Aflutter_lints
2026-09-06T11:03:07.308Z  [ERROR]  Failed to fetch package info for cupertino_icons from https://pub.dev
2026-09-06T11:03:07.309Z  [ERROR]  Failed to fetch metrics for cupertino_icons from https://pub.dev
2026-09-06T11:03:07.309Z  [ERROR]  Failed to fetch reverse dependency count for cupertino_icons
2026-09-06T11:03:07.310Z  [CACHE]  MISS pub.archiveSize.cupertino_icons
2026-09-06T11:03:07.310Z  [API  ]  GET https://pub.dev/api/packages/cupertino_icons
2026-09-06T11:03:07.312Z  [API  ]  GET https://pub.dev/api/packages/cupertino_icons
2026-09-06T11:03:07.361Z  [ERROR]  Failed to fetch package info for dio from https://pub.dev
2026-09-06T11:03:07.361Z  [ERROR]  Failed to fetch metrics for dio from https://pub.dev
2026-09-06T11:03:07.362Z  [ERROR]  Failed to fetch reverse dependency count for dio
2026-09-06T11:03:07.362Z  [CACHE]  MISS pub.archiveSize.dio
2026-09-06T11:03:07.362Z  [API  ]  GET https://pub.dev/api/packages/dio
2026-09-06T11:03:07.364Z  [API  ]  GET https://pub.dev/api/packages/dio
2026-09-06T11:03:07.411Z  [ERROR]  Failed to fetch package info for dotlottie_flutter from https://pub.dev
2026-09-06T11:03:07.411Z  [ERROR]  Failed to fetch metrics for dotlottie_flutter from https://pub.dev
2026-09-06T11:03:07.412Z  [ERROR]  Failed to fetch reverse dependency count for dotlottie_flutter
2026-09-06T11:03:07.412Z  [CACHE]  MISS pub.archiveSize.dotlottie_flutter
2026-09-06T11:03:07.412Z  [API  ]  GET https://pub.dev/api/packages/dotlottie_flutter
2026-09-06T11:03:07.414Z  [API  ]  GET https://pub.dev/api/packages/dotlottie_flutter
2026-09-06T11:03:07.460Z  [ERROR]  Failed to fetch package info for easy_refresh from https://pub.dev
2026-09-06T11:03:07.461Z  [ERROR]  Failed to fetch metrics for easy_refresh from https://pub.dev
2026-09-06T11:03:07.461Z  [ERROR]  Failed to fetch reverse dependency count for easy_refresh
2026-09-06T11:03:07.461Z  [CACHE]  MISS pub.archiveSize.easy_refresh
2026-09-06T11:03:07.461Z  [API  ]  GET https://pub.dev/api/packages/easy_refresh
2026-09-06T11:03:07.463Z  [API  ]  GET https://pub.dev/api/packages/easy_refresh
2026-09-06T11:03:07.509Z  [ERROR]  Failed to fetch package info for flutter_launcher_icons from https://pub.dev
2026-09-06T11:03:07.510Z  [ERROR]  Failed to fetch metrics for flutter_launcher_icons from https://pub.dev
2026-09-06T11:03:07.510Z  [ERROR]  Failed to fetch reverse dependency count for flutter_launcher_icons
2026-09-06T11:03:07.510Z  [CACHE]  MISS pub.archiveSize.flutter_launcher_icons
2026-09-06T11:03:07.510Z  [API  ]  GET https://pub.dev/api/packages/flutter_launcher_icons
2026-09-06T11:03:07.512Z  [API  ]  GET https://pub.dev/api/packages/flutter_launcher_icons
2026-09-06T11:03:07.558Z  [ERROR]  Failed to fetch package info for flutter_lints from https://pub.dev
2026-09-06T11:03:07.558Z  [ERROR]  Failed to fetch metrics for flutter_lints from https://pub.dev
2026-09-06T11:03:07.559Z  [ERROR]  Failed to fetch reverse dependency count for flutter_lints
2026-09-06T11:03:07.559Z  [CACHE]  MISS pub.archiveSize.flutter_lints
2026-09-06T11:03:07.559Z  [API  ]  GET https://pub.dev/api/packages/flutter_lints
2026-09-06T11:03:07.561Z  [API  ]  GET https://pub.dev/api/packages/flutter_lints
2026-09-06T11:03:07.623Z  [SCORE]  cupertino_icons → 0 (abandoned) [rv=0 eg=0 pop=0 pt=-5 pq=0]
2026-09-06T11:03:07.623Z  [INFO ]  cupertino_icons: platforms missing from API, using known issue
2026-09-06T11:03:07.623Z  [INFO ]  cupertino_icons: pubPoints missing from API, known issue has 150
2026-09-06T11:03:07.623Z  [INFO ]  [7/13] flutter_riverpod
2026-09-06T11:03:07.623Z  [INFO ]  Known issue: active
2026-09-06T11:03:07.623Z  [CACHE]  MISS pub.info.flutter_riverpod
2026-09-06T11:03:07.623Z  [API  ]  GET https://pub.dev/api/packages/flutter_riverpod
2026-09-06T11:03:07.625Z  [CACHE]  MISS pub.metrics.flutter_riverpod
2026-09-06T11:03:07.625Z  [API  ]  GET https://pub.dev/api/packages/flutter_riverpod/metrics
2026-09-06T11:03:07.627Z  [API  ]  GET https://pub.dev/api/packages/flutter_riverpod/score
2026-09-06T11:03:07.629Z  [CACHE]  HIT  pub.publisher.flutter_riverpod
2026-09-06T11:03:07.629Z  [CACHE]  MISS pub.reverseDeps.flutter_riverpod
2026-09-06T11:03:07.629Z  [API  ]  GET https://pub.dev/packages?q=dependency%3Aflutter_riverpod
2026-09-06T11:03:07.688Z  [SCORE]  dio → 0 (abandoned) [rv=0 eg=0 pop=0 pt=-5 pq=0]
2026-09-06T11:03:07.688Z  [INFO ]  dio: platforms missing from API, using known issue
2026-09-06T11:03:07.688Z  [INFO ]  dio: pubPoints missing from API, known issue has 160
2026-09-06T11:03:07.688Z  [INFO ]  [8/13] go_router
2026-09-06T11:03:07.688Z  [INFO ]  Known issue: active
2026-09-06T11:03:07.688Z  [CACHE]  MISS pub.info.go_router
2026-09-06T11:03:07.688Z  [API  ]  GET https://pub.dev/api/packages/go_router
2026-09-06T11:03:07.690Z  [CACHE]  MISS pub.metrics.go_router
2026-09-06T11:03:07.690Z  [API  ]  GET https://pub.dev/api/packages/go_router/metrics
2026-09-06T11:03:07.692Z  [API  ]  GET https://pub.dev/api/packages/go_router/score
2026-09-06T11:03:07.694Z  [CACHE]  HIT  pub.publisher.go_router
2026-09-06T11:03:07.694Z  [CACHE]  MISS pub.reverseDeps.go_router
2026-09-06T11:03:07.694Z  [API  ]  GET https://pub.dev/packages?q=dependency%3Ago_router
2026-09-06T11:03:07.753Z  [SCORE]  dotlottie_flutter → 0 (abandoned) [rv=0 eg=0 pop=0 pt=-5 pq=0]
2026-09-06T11:03:07.753Z  [INFO ]  [9/13] lottie
2026-09-06T11:03:07.753Z  [INFO ]  Known issue: active
2026-09-06T11:03:07.753Z  [CACHE]  MISS pub.info.lottie
2026-09-06T11:03:07.753Z  [API  ]  GET https://pub.dev/api/packages/lottie
2026-09-06T11:03:07.756Z  [CACHE]  MISS pub.metrics.lottie
2026-09-06T11:03:07.756Z  [API  ]  GET https://pub.dev/api/packages/lottie/metrics
2026-09-06T11:03:07.759Z  [API  ]  GET https://pub.dev/api/packages/lottie/score
2026-09-06T11:03:07.761Z  [CACHE]  HIT  pub.publisher.lottie
2026-09-06T11:03:07.761Z  [CACHE]  MISS pub.reverseDeps.lottie
2026-09-06T11:03:07.761Z  [API  ]  GET https://pub.dev/packages?q=dependency%3Alottie
2026-09-06T11:03:07.817Z  [SCORE]  easy_refresh → 0 (abandoned) [rv=0 eg=0 pop=0 pt=-5 pq=0]
2026-09-06T11:03:07.817Z  [INFO ]  [10/13] riverpod
2026-09-06T11:03:07.817Z  [CACHE]  MISS pub.info.riverpod
2026-09-06T11:03:07.817Z  [API  ]  GET https://pub.dev/api/packages/riverpod
2026-09-06T11:03:07.819Z  [CACHE]  MISS pub.metrics.riverpod
2026-09-06T11:03:07.819Z  [API  ]  GET https://pub.dev/api/packages/riverpod/metrics
2026-09-06T11:03:07.821Z  [API  ]  GET https://pub.dev/api/packages/riverpod/score
2026-09-06T11:03:07.823Z  [CACHE]  HIT  pub.publisher.riverpod
2026-09-06T11:03:07.823Z  [CACHE]  MISS pub.reverseDeps.riverpod
2026-09-06T11:03:07.823Z  [API  ]  GET https://pub.dev/packages?q=dependency%3Ariverpod
2026-09-06T11:03:07.880Z  [SCORE]  flutter_launcher_icons → 0 (abandoned) [rv=0 eg=0 pop=0 pt=-5 pq=0]
2026-09-06T11:03:07.880Z  [INFO ]  flutter_launcher_icons: platforms missing from API, using known issue
2026-09-06T11:03:07.880Z  [INFO ]  flutter_launcher_icons: pubPoints missing from API, known issue has 160
2026-09-06T11:03:07.880Z  [INFO ]  [11/13] saropa_lints
2026-09-06T11:03:07.880Z  [CACHE]  MISS pub.info.saropa_lints
2026-09-06T11:03:07.880Z  [API  ]  GET https://pub.dev/api/packages/saropa_lints
2026-09-06T11:03:07.882Z  [CACHE]  MISS pub.metrics.saropa_lints
2026-09-06T11:03:07.882Z  [API  ]  GET https://pub.dev/api/packages/saropa_lints/metrics
2026-09-06T11:03:07.883Z  [API  ]  GET https://pub.dev/api/packages/saropa_lints/score
2026-09-06T11:03:07.885Z  [CACHE]  HIT  pub.publisher.saropa_lints
2026-09-06T11:03:07.885Z  [CACHE]  MISS pub.reverseDeps.saropa_lints
2026-09-06T11:03:07.885Z  [API  ]  GET https://pub.dev/packages?q=dependency%3Asaropa_lints
2026-09-06T11:03:07.943Z  [SCORE]  flutter_lints → 0 (abandoned) [rv=0 eg=0 pop=0 pt=-5 pq=0]
2026-09-06T11:03:07.943Z  [INFO ]  flutter_lints: platforms missing from API, using known issue
2026-09-06T11:03:07.943Z  [INFO ]  flutter_lints: pubPoints missing from API, known issue has 160
2026-09-06T11:03:07.943Z  [INFO ]  [12/13] vector_graphics
2026-09-06T11:03:07.943Z  [CACHE]  MISS pub.info.vector_graphics
2026-09-06T11:03:07.943Z  [API  ]  GET https://pub.dev/api/packages/vector_graphics
2026-09-06T11:03:07.945Z  [CACHE]  MISS pub.metrics.vector_graphics
2026-09-06T11:03:07.945Z  [API  ]  GET https://pub.dev/api/packages/vector_graphics/metrics
2026-09-06T11:03:07.948Z  [API  ]  GET https://pub.dev/api/packages/vector_graphics/score
2026-09-06T11:03:07.951Z  [CACHE]  HIT  pub.publisher.vector_graphics
2026-09-06T11:03:07.951Z  [CACHE]  MISS pub.reverseDeps.vector_graphics
2026-09-06T11:03:07.951Z  [API  ]  GET https://pub.dev/packages?q=dependency%3Avector_graphics
2026-09-06T11:03:08.017Z  [ERROR]  Failed to fetch package info for flutter_riverpod from https://pub.dev
2026-09-06T11:03:08.017Z  [ERROR]  Failed to fetch metrics for flutter_riverpod from https://pub.dev
2026-09-06T11:03:08.018Z  [ERROR]  Failed to fetch reverse dependency count for flutter_riverpod
2026-09-06T11:03:08.018Z  [CACHE]  MISS pub.archiveSize.flutter_riverpod
2026-09-06T11:03:08.018Z  [API  ]  GET https://pub.dev/api/packages/flutter_riverpod
2026-09-06T11:03:08.020Z  [API  ]  GET https://pub.dev/api/packages/flutter_riverpod
2026-09-06T11:03:08.066Z  [ERROR]  Failed to fetch package info for go_router from https://pub.dev
2026-09-06T11:03:08.066Z  [ERROR]  Failed to fetch metrics for go_router from https://pub.dev
2026-09-06T11:03:08.067Z  [ERROR]  Failed to fetch reverse dependency count for go_router
2026-09-06T11:03:08.067Z  [CACHE]  MISS pub.archiveSize.go_router
2026-09-06T11:03:08.067Z  [API  ]  GET https://pub.dev/api/packages/go_router
2026-09-06T11:03:08.069Z  [API  ]  GET https://pub.dev/api/packages/go_router
2026-09-06T11:03:08.115Z  [ERROR]  Failed to fetch package info for lottie from https://pub.dev
2026-09-06T11:03:08.115Z  [ERROR]  Failed to fetch metrics for lottie from https://pub.dev
2026-09-06T11:03:08.116Z  [ERROR]  Failed to fetch reverse dependency count for lottie
2026-09-06T11:03:08.116Z  [CACHE]  MISS pub.archiveSize.lottie
2026-09-06T11:03:08.116Z  [API  ]  GET https://pub.dev/api/packages/lottie
2026-09-06T11:03:08.118Z  [API  ]  GET https://pub.dev/api/packages/lottie
2026-09-06T11:03:08.179Z  [ERROR]  Failed to fetch package info for riverpod from https://pub.dev
2026-09-06T11:03:08.179Z  [ERROR]  Failed to fetch metrics for riverpod from https://pub.dev
2026-09-06T11:03:08.180Z  [ERROR]  Failed to fetch reverse dependency count for riverpod
2026-09-06T11:03:08.180Z  [CACHE]  MISS pub.archiveSize.riverpod
2026-09-06T11:03:08.180Z  [API  ]  GET https://pub.dev/api/packages/riverpod
2026-09-06T11:03:08.183Z  [API  ]  GET https://pub.dev/api/packages/riverpod
2026-09-06T11:03:08.242Z  [ERROR]  Failed to fetch package info for saropa_lints from https://pub.dev
2026-09-06T11:03:08.243Z  [ERROR]  Failed to fetch metrics for saropa_lints from https://pub.dev
2026-09-06T11:03:08.243Z  [ERROR]  Failed to fetch reverse dependency count for saropa_lints
2026-09-06T11:03:08.243Z  [CACHE]  MISS pub.archiveSize.saropa_lints
2026-09-06T11:03:08.243Z  [API  ]  GET https://pub.dev/api/packages/saropa_lints
2026-09-06T11:03:08.247Z  [API  ]  GET https://pub.dev/api/packages/saropa_lints
2026-09-06T11:03:08.313Z  [ERROR]  Failed to fetch package info for vector_graphics from https://pub.dev
2026-09-06T11:03:08.313Z  [ERROR]  Failed to fetch metrics for vector_graphics from https://pub.dev
2026-09-06T11:03:08.314Z  [ERROR]  Failed to fetch reverse dependency count for vector_graphics
2026-09-06T11:03:08.314Z  [CACHE]  MISS pub.archiveSize.vector_graphics
2026-09-06T11:03:08.314Z  [API  ]  GET https://pub.dev/api/packages/vector_graphics
2026-09-06T11:03:08.317Z  [API  ]  GET https://pub.dev/api/packages/vector_graphics
2026-09-06T11:03:08.398Z  [SCORE]  flutter_riverpod → 0 (abandoned) [rv=0 eg=0 pop=0 pt=-5 pq=0]
2026-09-06T11:03:08.398Z  [INFO ]  flutter_riverpod: platforms missing from API, using known issue
2026-09-06T11:03:08.398Z  [INFO ]  flutter_riverpod: pubPoints missing from API, known issue has 140
2026-09-06T11:03:08.398Z  [INFO ]  [13/13] vector_graphics_compiler
2026-09-06T11:03:08.398Z  [CACHE]  MISS pub.info.vector_graphics_compiler
2026-09-06T11:03:08.398Z  [API  ]  GET https://pub.dev/api/packages/vector_graphics_compiler
2026-09-06T11:03:08.403Z  [CACHE]  MISS pub.metrics.vector_graphics_compiler
2026-09-06T11:03:08.403Z  [API  ]  GET https://pub.dev/api/packages/vector_graphics_compiler/metrics
2026-09-06T11:03:08.406Z  [API  ]  GET https://pub.dev/api/packages/vector_graphics_compiler/score
2026-09-06T11:03:08.410Z  [CACHE]  HIT  pub.publisher.vector_graphics_compiler
2026-09-06T11:03:08.410Z  [CACHE]  MISS pub.reverseDeps.vector_graphics_compiler
2026-09-06T11:03:08.410Z  [API  ]  GET https://pub.dev/packages?q=dependency%3Avector_graphics_compiler
2026-09-06T11:03:08.499Z  [SCORE]  go_router → 0 (abandoned) [rv=0 eg=0 pop=0 pt=-5 pq=0]
2026-09-06T11:03:08.499Z  [INFO ]  go_router: platforms missing from API, using known issue
2026-09-06T11:03:08.499Z  [INFO ]  go_router: pubPoints missing from API, known issue has 150
2026-09-06T11:03:08.501Z  [SCORE]  lottie → 0 (abandoned) [rv=0 eg=0 pop=0 pt=-5 pq=0]
2026-09-06T11:03:08.501Z  [INFO ]  lottie: platforms missing from API, using known issue
2026-09-06T11:03:08.501Z  [INFO ]  lottie: pubPoints missing from API, known issue has 160
2026-09-06T11:03:08.503Z  [SCORE]  riverpod → 0 (abandoned) [rv=0 eg=0 pop=0 pt=-5 pq=0]
2026-09-06T11:03:08.505Z  [SCORE]  saropa_lints → 0 (abandoned) [rv=0 eg=0 pop=0 pt=-5 pq=0]
2026-09-06T11:03:08.506Z  [SCORE]  vector_graphics → 0 (abandoned) [rv=0 eg=0 pop=0 pt=-5 pq=0]
2026-09-06T11:03:08.521Z  [ERROR]  Failed to fetch package info for vector_graphics_compiler from https://pub.dev
2026-09-06T11:03:08.521Z  [ERROR]  Failed to fetch metrics for vector_graphics_compiler from https://pub.dev
2026-09-06T11:03:08.522Z  [ERROR]  Failed to fetch reverse dependency count for vector_graphics_compiler
2026-09-06T11:03:08.522Z  [CACHE]  MISS pub.archiveSize.vector_graphics_compiler
2026-09-06T11:03:08.522Z  [API  ]  GET https://pub.dev/api/packages/vector_graphics_compiler
2026-09-06T11:03:08.526Z  [API  ]  GET https://pub.dev/api/packages/vector_graphics_compiler
2026-09-06T11:03:08.590Z  [SCORE]  vector_graphics_compiler → 0 (abandoned) [rv=0 eg=0 pop=0 pt=-5 pq=0]
2026-09-06T11:03:11.394Z  [ERROR]  Blocker analysis skipped — CLI commands failed — pub outdated: Command failed: dart pub outdated --json --transitive
Cannot specify both `--json` and `--transitive`
The json report always includes transitive dependencies.

Usage: dart pub outdated [options]
-h, --help                         Print this usage information.
    --[no-]dependency-overrides    Show resolutions with `dependency_overrides`.
                                   (defaults to on)
    --[no-]dev-dependencies        Take dev dependencies into account.
                                   (defaults to on)
    --json                         Output the results using a json format.
    --[no-]prereleases             Include prereleases in latest version.
    --[no-]show-all                Include dependencies that are already
                                   fulfilling --mode.
    --[no-]transitive              Show transitive dependencies.
                                   (defaults to on)
-C, --directory=<dir>              Run this in the directory <dir>.

Run "dart help" to see global options.
See https://dart.dev/tools/pub/cmd/pub-outdated for detailed documentation.

2026-09-06T11:03:12.038Z  [CACHE]  MISS pub.archiveSize.async
2026-09-06T11:03:12.038Z  [API  ]  GET https://pub.dev/api/packages/async
2026-09-06T11:03:12.040Z  [CACHE]  MISS pub.archiveSize.collection
2026-09-06T11:03:12.040Z  [API  ]  GET https://pub.dev/api/packages/collection
2026-09-06T11:03:12.042Z  [CACHE]  MISS pub.archiveSize.meta
2026-09-06T11:03:12.042Z  [API  ]  GET https://pub.dev/api/packages/meta
2026-09-06T11:03:12.044Z  [CACHE]  MISS pub.archiveSize.http_parser
2026-09-06T11:03:12.044Z  [API  ]  GET https://pub.dev/api/packages/http_parser
2026-09-06T11:03:12.047Z  [CACHE]  MISS pub.archiveSize.source_span
2026-09-06T11:03:12.047Z  [API  ]  GET https://pub.dev/api/packages/source_span
2026-09-06T11:03:12.050Z  [CACHE]  MISS pub.archiveSize.path
2026-09-06T11:03:12.050Z  [API  ]  GET https://pub.dev/api/packages/path
2026-09-06T11:03:12.053Z  [CACHE]  MISS pub.archiveSize.term_glyph
2026-09-06T11:03:12.053Z  [API  ]  GET https://pub.dev/api/packages/term_glyph
2026-09-06T11:03:12.057Z  [CACHE]  MISS pub.archiveSize.string_scanner
2026-09-06T11:03:12.057Z  [API  ]  GET https://pub.dev/api/packages/string_scanner
2026-09-06T11:03:12.059Z  [CACHE]  MISS pub.archiveSize.typed_data
2026-09-06T11:03:12.059Z  [API  ]  GET https://pub.dev/api/packages/typed_data
2026-09-06T11:03:12.061Z  [CACHE]  MISS pub.archiveSize.mime
2026-09-06T11:03:12.061Z  [API  ]  GET https://pub.dev/api/packages/mime
2026-09-06T11:03:12.063Z  [CACHE]  MISS pub.archiveSize.dio_web_adapter
2026-09-06T11:03:12.063Z  [API  ]  GET https://pub.dev/api/packages/dio_web_adapter
2026-09-06T11:03:12.065Z  [CACHE]  MISS pub.archiveSize.web
2026-09-06T11:03:12.065Z  [API  ]  GET https://pub.dev/api/packages/web
2026-09-06T11:03:12.066Z  [CACHE]  MISS pub.archiveSize.flutter
2026-09-06T11:03:12.066Z  [API  ]  GET https://pub.dev/api/packages/flutter
2026-09-06T11:03:12.068Z  [CACHE]  MISS pub.archiveSize.characters
2026-09-06T11:03:12.068Z  [API  ]  GET https://pub.dev/api/packages/characters
2026-09-06T11:03:12.070Z  [CACHE]  MISS pub.archiveSize.material_color_utilities
2026-09-06T11:03:12.070Z  [API  ]  GET https://pub.dev/api/packages/material_color_utilities
2026-09-06T11:03:12.071Z  [CACHE]  MISS pub.archiveSize.vector_math
2026-09-06T11:03:12.071Z  [API  ]  GET https://pub.dev/api/packages/vector_math
2026-09-06T11:03:12.073Z  [CACHE]  MISS pub.archiveSize.sky_engine
2026-09-06T11:03:12.073Z  [API  ]  GET https://pub.dev/api/packages/sky_engine
2026-09-06T11:03:12.075Z  [CACHE]  MISS pub.archiveSize.flutter_web_plugins
2026-09-06T11:03:12.075Z  [API  ]  GET https://pub.dev/api/packages/flutter_web_plugins
2026-09-06T11:03:12.077Z  [CACHE]  MISS pub.archiveSize.plugin_platform_interface
2026-09-06T11:03:12.077Z  [API  ]  GET https://pub.dev/api/packages/plugin_platform_interface
2026-09-06T11:03:12.079Z  [CACHE]  MISS pub.archiveSize.ffi
2026-09-06T11:03:12.079Z  [API  ]  GET https://pub.dev/api/packages/ffi
2026-09-06T11:03:12.080Z  [CACHE]  MISS pub.archiveSize.path_drawing
2026-09-06T11:03:12.080Z  [API  ]  GET https://pub.dev/api/packages/path_drawing
2026-09-06T11:03:12.082Z  [CACHE]  MISS pub.archiveSize.path_parsing
2026-09-06T11:03:12.082Z  [API  ]  GET https://pub.dev/api/packages/path_parsing
2026-09-06T11:03:12.085Z  [CACHE]  MISS pub.archiveSize.args
2026-09-06T11:03:12.085Z  [API  ]  GET https://pub.dev/api/packages/args
2026-09-06T11:03:12.087Z  [CACHE]  MISS pub.archiveSize.checked_yaml
2026-09-06T11:03:12.087Z  [API  ]  GET https://pub.dev/api/packages/checked_yaml
2026-09-06T11:03:12.089Z  [CACHE]  MISS pub.archiveSize.json_annotation
2026-09-06T11:03:12.089Z  [API  ]  GET https://pub.dev/api/packages/json_annotation
2026-09-06T11:03:12.090Z  [CACHE]  MISS pub.archiveSize.yaml
2026-09-06T11:03:12.090Z  [API  ]  GET https://pub.dev/api/packages/yaml
2026-09-06T11:03:12.092Z  [CACHE]  MISS pub.archiveSize.cli_util
2026-09-06T11:03:12.092Z  [API  ]  GET https://pub.dev/api/packages/cli_util
2026-09-06T11:03:12.094Z  [CACHE]  MISS pub.archiveSize.image
2026-09-06T11:03:12.094Z  [API  ]  GET https://pub.dev/api/packages/image
2026-09-06T11:03:12.097Z  [CACHE]  MISS pub.archiveSize.archive
2026-09-06T11:03:12.097Z  [API  ]  GET https://pub.dev/api/packages/archive
2026-09-06T11:03:12.100Z  [CACHE]  MISS pub.archiveSize.posix
2026-09-06T11:03:12.100Z  [API  ]  GET https://pub.dev/api/packages/posix
2026-09-06T11:03:12.107Z  [CACHE]  MISS pub.archiveSize.lints
2026-09-06T11:03:12.107Z  [API  ]  GET https://pub.dev/api/packages/lints
2026-09-06T11:03:12.109Z  [CACHE]  MISS pub.archiveSize.flutter_test
2026-09-06T11:03:12.109Z  [API  ]  GET https://pub.dev/api/packages/flutter_test
2026-09-06T11:03:12.111Z  [CACHE]  MISS pub.archiveSize.test_api
2026-09-06T11:03:12.111Z  [API  ]  GET https://pub.dev/api/packages/test_api
2026-09-06T11:03:12.113Z  [CACHE]  MISS pub.archiveSize.boolean_selector
2026-09-06T11:03:12.113Z  [API  ]  GET https://pub.dev/api/packages/boolean_selector
2026-09-06T11:03:12.115Z  [CACHE]  MISS pub.archiveSize.stack_trace
2026-09-06T11:03:12.115Z  [API  ]  GET https://pub.dev/api/packages/stack_trace
2026-09-06T11:03:12.116Z  [CACHE]  MISS pub.archiveSize.stream_channel
2026-09-06T11:03:12.116Z  [API  ]  GET https://pub.dev/api/packages/stream_channel
2026-09-06T11:03:12.118Z  [CACHE]  MISS pub.archiveSize.matcher
2026-09-06T11:03:12.118Z  [API  ]  GET https://pub.dev/api/packages/matcher
2026-09-06T11:03:12.120Z  [CACHE]  MISS pub.archiveSize.fake_async
2026-09-06T11:03:12.120Z  [API  ]  GET https://pub.dev/api/packages/fake_async
2026-09-06T11:03:12.121Z  [CACHE]  MISS pub.archiveSize.clock
2026-09-06T11:03:12.121Z  [API  ]  GET https://pub.dev/api/packages/clock
2026-09-06T11:03:12.123Z  [CACHE]  MISS pub.archiveSize.leak_tracker_flutter_testing
2026-09-06T11:03:12.123Z  [API  ]  GET https://pub.dev/api/packages/leak_tracker_flutter_testing
2026-09-06T11:03:12.125Z  [CACHE]  MISS pub.archiveSize.leak_tracker
2026-09-06T11:03:12.125Z  [API  ]  GET https://pub.dev/api/packages/leak_tracker
2026-09-06T11:03:12.126Z  [CACHE]  MISS pub.archiveSize.vm_service
2026-09-06T11:03:12.126Z  [API  ]  GET https://pub.dev/api/packages/vm_service
2026-09-06T11:03:12.128Z  [CACHE]  MISS pub.archiveSize.leak_tracker_testing
2026-09-06T11:03:12.128Z  [API  ]  GET https://pub.dev/api/packages/leak_tracker_testing
2026-09-06T11:03:12.130Z  [CACHE]  MISS pub.archiveSize.riverpod
2026-09-06T11:03:12.130Z  [API  ]  GET https://pub.dev/api/packages/riverpod
2026-09-06T11:03:12.132Z  [CACHE]  MISS pub.archiveSize.listen
2026-09-06T11:03:12.132Z  [API  ]  GET https://pub.dev/api/packages/listen
2026-09-06T11:03:12.134Z  [CACHE]  MISS pub.archiveSize.state_notifier
2026-09-06T11:03:12.134Z  [API  ]  GET https://pub.dev/api/packages/state_notifier
2026-09-06T11:03:12.137Z  [CACHE]  MISS pub.archiveSize.test
2026-09-06T11:03:12.137Z  [API  ]  GET https://pub.dev/api/packages/test
2026-09-06T11:03:12.139Z  [CACHE]  MISS pub.archiveSize.analyzer
2026-09-06T11:03:12.139Z  [API  ]  GET https://pub.dev/api/packages/analyzer
2026-09-06T11:03:12.142Z  [CACHE]  MISS pub.archiveSize._fe_analyzer_shared
2026-09-06T11:03:12.142Z  [API  ]  GET https://pub.dev/api/packages/_fe_analyzer_shared
2026-09-06T11:03:12.145Z  [CACHE]  MISS pub.archiveSize.convert
2026-09-06T11:03:12.145Z  [API  ]  GET https://pub.dev/api/packages/convert
2026-09-06T11:03:12.148Z  [CACHE]  MISS pub.archiveSize.crypto
2026-09-06T11:03:12.148Z  [API  ]  GET https://pub.dev/api/packages/crypto
2026-09-06T11:03:12.152Z  [CACHE]  MISS pub.archiveSize.glob
2026-09-06T11:03:12.152Z  [API  ]  GET https://pub.dev/api/packages/glob
2026-09-06T11:03:12.155Z  [CACHE]  MISS pub.archiveSize.file
2026-09-06T11:03:12.155Z  [API  ]  GET https://pub.dev/api/packages/file
2026-09-06T11:03:12.158Z  [CACHE]  MISS pub.archiveSize.package_config
2026-09-06T11:03:12.158Z  [API  ]  GET https://pub.dev/api/packages/package_config
2026-09-06T11:03:12.160Z  [CACHE]  MISS pub.archiveSize.pub_semver
2026-09-06T11:03:12.160Z  [API  ]  GET https://pub.dev/api/packages/pub_semver
2026-09-06T11:03:12.162Z  [CACHE]  MISS pub.archiveSize.watcher
2026-09-06T11:03:12.162Z  [API  ]  GET https://pub.dev/api/packages/watcher
2026-09-06T11:03:12.163Z  [CACHE]  MISS pub.archiveSize.coverage
2026-09-06T11:03:12.163Z  [API  ]  GET https://pub.dev/api/packages/coverage
2026-09-06T11:03:12.165Z  [CACHE]  MISS pub.archiveSize.cli_config
2026-09-06T11:03:12.165Z  [API  ]  GET https://pub.dev/api/packages/cli_config
2026-09-06T11:03:12.167Z  [CACHE]  MISS pub.archiveSize.logging
2026-09-06T11:03:12.167Z  [API  ]  GET https://pub.dev/api/packages/logging
2026-09-06T11:03:12.169Z  [CACHE]  MISS pub.archiveSize.source_maps
2026-09-06T11:03:12.169Z  [API  ]  GET https://pub.dev/api/packages/source_maps
2026-09-06T11:03:12.170Z  [CACHE]  MISS pub.archiveSize.http_multi_server
2026-09-06T11:03:12.170Z  [API  ]  GET https://pub.dev/api/packages/http_multi_server
2026-09-06T11:03:12.172Z  [CACHE]  MISS pub.archiveSize.io
2026-09-06T11:03:12.172Z  [API  ]  GET https://pub.dev/api/packages/io
2026-09-06T11:03:12.174Z  [CACHE]  MISS pub.archiveSize.node_preamble
2026-09-06T11:03:12.174Z  [API  ]  GET https://pub.dev/api/packages/node_preamble
2026-09-06T11:03:12.175Z  [CACHE]  MISS pub.archiveSize.pool
2026-09-06T11:03:12.175Z  [API  ]  GET https://pub.dev/api/packages/pool
2026-09-06T11:03:12.177Z  [CACHE]  MISS pub.archiveSize.shelf
2026-09-06T11:03:12.177Z  [API  ]  GET https://pub.dev/api/packages/shelf
2026-09-06T11:03:12.179Z  [CACHE]  MISS pub.archiveSize.shelf_packages_handler
2026-09-06T11:03:12.179Z  [API  ]  GET https://pub.dev/api/packages/shelf_packages_handler
2026-09-06T11:03:12.180Z  [CACHE]  MISS pub.archiveSize.shelf_static
2026-09-06T11:03:12.181Z  [API  ]  GET https://pub.dev/api/packages/shelf_static
2026-09-06T11:03:12.182Z  [CACHE]  MISS pub.archiveSize.shelf_web_socket
2026-09-06T11:03:12.182Z  [API  ]  GET https://pub.dev/api/packages/shelf_web_socket
2026-09-06T11:03:12.184Z  [CACHE]  MISS pub.archiveSize.web_socket_channel
2026-09-06T11:03:12.184Z  [API  ]  GET https://pub.dev/api/packages/web_socket_channel
2026-09-06T11:03:12.186Z  [CACHE]  MISS pub.archiveSize.web_socket
2026-09-06T11:03:12.186Z  [API  ]  GET https://pub.dev/api/packages/web_socket
2026-09-06T11:03:12.188Z  [CACHE]  MISS pub.archiveSize.test_core
2026-09-06T11:03:12.188Z  [API  ]  GET https://pub.dev/api/packages/test_core
2026-09-06T11:03:12.189Z  [CACHE]  MISS pub.archiveSize.frontend_server_client
2026-09-06T11:03:12.189Z  [API  ]  GET https://pub.dev/api/packages/frontend_server_client
2026-09-06T11:03:12.191Z  [CACHE]  MISS pub.archiveSize.source_map_stack_trace
2026-09-06T11:03:12.191Z  [API  ]  GET https://pub.dev/api/packages/source_map_stack_trace
2026-09-06T11:03:12.193Z  [CACHE]  MISS pub.archiveSize.webkit_inspection_protocol
2026-09-06T11:03:12.193Z  [API  ]  GET https://pub.dev/api/packages/webkit_inspection_protocol
2026-09-06T11:03:12.196Z  [CACHE]  MISS pub.archiveSize.uuid
2026-09-06T11:03:12.196Z  [API  ]  GET https://pub.dev/api/packages/uuid
2026-09-06T11:03:12.203Z  [CACHE]  MISS pub.archiveSize.fixnum
2026-09-06T11:03:12.203Z  [API  ]  GET https://pub.dev/api/packages/fixnum
2026-09-06T11:03:12.206Z  [CACHE]  MISS pub.archiveSize.cupertino_ui
2026-09-06T11:03:12.206Z  [API  ]  GET https://pub.dev/api/packages/cupertino_ui
2026-09-06T11:03:12.209Z  [CACHE]  MISS pub.archiveSize.flutter_localizations
2026-09-06T11:03:12.209Z  [API  ]  GET https://pub.dev/api/packages/flutter_localizations
2026-09-06T11:03:12.211Z  [CACHE]  MISS pub.archiveSize.intl
2026-09-06T11:03:12.211Z  [API  ]  GET https://pub.dev/api/packages/intl
2026-09-06T11:03:12.213Z  [CACHE]  MISS pub.archiveSize.material_ui
2026-09-06T11:03:12.213Z  [API  ]  GET https://pub.dev/api/packages/material_ui
2026-09-06T11:03:12.214Z  [CACHE]  MISS pub.archiveSize.http
2026-09-06T11:03:12.214Z  [API  ]  GET https://pub.dev/api/packages/http
2026-09-06T11:03:12.216Z  [CACHE]  MISS pub.archiveSize.analysis_server_plugin
2026-09-06T11:03:12.216Z  [API  ]  GET https://pub.dev/api/packages/analysis_server_plugin
2026-09-06T11:03:12.218Z  [CACHE]  MISS pub.archiveSize.analyzer_plugin
2026-09-06T11:03:12.218Z  [API  ]  GET https://pub.dev/api/packages/analyzer_plugin
2026-09-06T11:03:12.220Z  [CACHE]  MISS pub.archiveSize.dart_style
2026-09-06T11:03:12.220Z  [API  ]  GET https://pub.dev/api/packages/dart_style
2026-09-06T11:03:12.222Z  [CACHE]  MISS pub.archiveSize.yaml_edit
2026-09-06T11:03:12.222Z  [API  ]  GET https://pub.dev/api/packages/yaml_edit
2026-09-06T11:03:12.223Z  [CACHE]  MISS pub.archiveSize.vector_graphics_codec
2026-09-06T11:03:12.223Z  [API  ]  GET https://pub.dev/api/packages/vector_graphics_codec
2026-09-06T11:03:12.225Z  [CACHE]  MISS pub.archiveSize.xml
2026-09-06T11:03:12.225Z  [API  ]  GET https://pub.dev/api/packages/xml
2026-09-06T11:03:12.227Z  [CACHE]  MISS pub.archiveSize.petitparser
2026-09-06T11:03:12.227Z  [API  ]  GET https://pub.dev/api/packages/petitparser
2026-09-06T11:03:15.303Z  [API  ]  200 OK (3211ms)
2026-09-06T11:03:15.307Z  [API  ]  200 OK (3225ms)
2026-09-06T11:03:15.309Z  [API  ]  200 OK (3248ms)
2026-09-06T11:03:15.311Z  [API  ]  200 OK (3221ms)
2026-09-06T11:03:15.312Z  [API  ]  200 OK (3215ms)
2026-09-06T11:03:15.314Z  [API  ]  200 OK (3267ms)
2026-09-06T11:03:15.315Z  [API  ]  200 OK (3235ms)
2026-09-06T11:03:15.316Z  [API  ]  200 OK (3196ms)
2026-09-06T11:03:15.317Z  [API  ]  200 OK (3223ms)
2026-09-06T11:03:15.319Z  [API  ]  404 Not Found (3210ms)
2026-09-06T11:03:15.320Z  [API  ]  200 OK (3235ms)
2026-09-06T11:03:15.339Z  [API  ]  200 OK (3164ms)
2026-09-06T11:03:15.345Z  [API  ]  200 OK (3164ms)
2026-09-06T11:03:15.347Z  [API  ]  200 OK (3232ms)
2026-09-06T11:03:15.349Z  [API  ]  200 OK (3283ms)
2026-09-06T11:03:15.351Z  [API  ]  200 OK (3228ms)
2026-09-06T11:03:15.353Z  [API  ]  200 OK (3231ms)
2026-09-06T11:03:15.354Z  [API  ]  200 OK (3196ms)
2026-09-06T11:03:15.356Z  [API  ]  200 OK (3314ms)
2026-09-06T11:03:15.358Z  [API  ]  200 OK (3308ms)
2026-09-06T11:03:15.359Z  [API  ]  200 OK (3252ms)
2026-09-06T11:03:15.360Z  [API  ]  200 OK (3221ms)
2026-09-06T11:03:15.361Z  [API  ]  200 OK (3227ms)
2026-09-06T11:03:15.362Z  [API  ]  200 OK (3230ms)
2026-09-06T11:03:15.363Z  [API  ]  200 OK (3215ms)
2026-09-06T11:03:15.364Z  [API  ]  200 OK (3192ms)
2026-09-06T11:03:15.365Z  [API  ]  200 OK (3252ms)
2026-09-06T11:03:15.366Z  [API  ]  200 OK (3326ms)
2026-09-06T11:03:15.366Z  [API  ]  200 OK (3224ms)
2026-09-06T11:03:15.367Z  [API  ]  200 OK (3267ms)
2026-09-06T11:03:15.368Z  [API  ]  200 OK (3295ms)
2026-09-06T11:03:15.370Z  [API  ]  200 OK (3259ms)
2026-09-06T11:03:15.371Z  [API  ]  200 OK (3246ms)
2026-09-06T11:03:15.372Z  [API  ]  200 OK (3307ms)
2026-09-06T11:03:15.373Z  [API  ]  200 OK (3296ms)
2026-09-06T11:03:15.374Z  [API  ]  200 OK (3304ms)
2026-09-06T11:03:15.375Z  [API  ]  200 OK (3193ms)
2026-09-06T11:03:15.377Z  [API  ]  200 OK (3214ms)
2026-09-06T11:03:15.378Z  [API  ]  200 OK (3289ms)
2026-09-06T11:03:15.379Z  [API  ]  200 OK (3209ms)
2026-09-06T11:03:15.430Z  [API  ]  200 OK (3304ms)
2026-09-06T11:03:15.431Z  [API  ]  200 OK (3303ms)
2026-09-06T11:03:15.432Z  [API  ]  200 OK (3375ms)
2026-09-06T11:03:15.433Z  [API  ]  200 OK (3370ms)
2026-09-06T11:03:15.433Z  [API  ]  200 OK (3254ms)
2026-09-06T11:03:15.434Z  [API  ]  200 OK (3363ms)
2026-09-06T11:03:15.439Z  [API  ]  HEAD https://pub.dev/api/archives/path_parsing-1.1.0.tar.gz
2026-09-06T11:03:15.449Z  [API  ]  404 Not Found (3374ms)
2026-09-06T11:03:15.451Z  [API  ]  HEAD https://pub.dev/api/archives/cli_util-0.6.0.tar.gz
2026-09-06T11:03:15.457Z  [API  ]  HEAD https://pub.dev/api/archives/path_drawing-1.0.1.tar.gz
2026-09-06T11:03:15.461Z  [API  ]  HEAD https://pub.dev/api/archives/fake_async-1.3.3.tar.gz
2026-09-06T11:03:15.475Z  [API  ]  HEAD https://pub.dev/api/archives/pool-1.5.3.tar.gz
2026-09-06T11:03:15.478Z  [API  ]  HEAD https://pub.dev/api/archives/clock-1.1.3.tar.gz
2026-09-06T11:03:15.481Z  [API  ]  HEAD https://pub.dev/api/archives/lints-6.1.0.tar.gz
2026-09-06T11:03:15.484Z  [API  ]  HEAD https://pub.dev/api/archives/state_notifier-1.0.0.tar.gz
2026-09-06T11:03:15.486Z  [API  ]  HEAD https://pub.dev/api/archives/listen-1.0.1.tar.gz
2026-09-06T11:03:15.489Z  [API  ]  HEAD https://pub.dev/api/archives/boolean_selector-2.1.2.tar.gz
2026-09-06T11:03:15.514Z  [API  ]  HEAD https://pub.dev/api/archives/flutter-0.0.20.tar.gz
2026-09-06T11:03:15.517Z  [API  ]  HEAD https://pub.dev/api/archives/io-1.1.0.tar.gz
2026-09-06T11:03:15.520Z  [API  ]  HEAD https://pub.dev/api/archives/web-1.1.1.tar.gz
2026-09-06T11:03:15.523Z  [API  ]  HEAD https://pub.dev/api/archives/plugin_platform_interface-2.1.8.tar.gz
2026-09-06T11:03:15.526Z  [API  ]  HEAD https://pub.dev/api/archives/http_multi_server-3.2.2.tar.gz
2026-09-06T11:03:15.529Z  [API  ]  HEAD https://pub.dev/api/archives/leak_tracker_testing-3.0.2.tar.gz
2026-09-06T11:03:15.531Z  [API  ]  HEAD https://pub.dev/api/archives/dio_web_adapter-2.2.2.tar.gz
2026-09-06T11:03:15.534Z  [API  ]  HEAD https://pub.dev/api/archives/shelf_packages_handler-3.0.2.tar.gz
2026-09-06T11:03:15.538Z  [API  ]  HEAD https://pub.dev/api/archives/source_span-1.10.2.tar.gz
2026-09-06T11:03:15.541Z  [API  ]  HEAD https://pub.dev/api/archives/shelf_static-1.1.3.tar.gz
2026-09-06T11:03:15.545Z  [API  ]  HEAD https://pub.dev/api/archives/leak_tracker_flutter_testing-3.0.10.tar.gz
2026-09-06T11:03:15.550Z  [API  ]  HEAD https://pub.dev/api/archives/package_config-3.0.0.tar.gz
2026-09-06T11:03:15.555Z  [API  ]  HEAD https://pub.dev/api/archives/posix-6.5.2.tar.gz
2026-09-06T11:03:15.560Z  [API  ]  HEAD https://pub.dev/api/archives/material_color_utilities-0.13.1.tar.gz
2026-09-06T11:03:15.563Z  [API  ]  HEAD https://pub.dev/api/archives/shelf_web_socket-3.0.0.tar.gz
2026-09-06T11:03:15.575Z  [API  ]  HEAD https://pub.dev/api/archives/mime-2.1.0.tar.gz
2026-09-06T11:03:15.579Z  [API  ]  HEAD https://pub.dev/api/archives/collection-1.19.1.tar.gz
2026-09-06T11:03:15.582Z  [API  ]  HEAD https://pub.dev/api/archives/json_annotation-4.12.0.tar.gz
2026-09-06T11:03:15.584Z  [API  ]  HEAD https://pub.dev/api/archives/string_scanner-1.4.1.tar.gz
2026-09-06T11:03:15.588Z  [API  ]  200 OK (3535ms)
2026-09-06T11:03:15.589Z  [API  ]  200 OK (3444ms)
2026-09-06T11:03:15.589Z  [API  ]  200 OK (3459ms)
2026-09-06T11:03:15.591Z  [API  ]  HEAD https://pub.dev/api/archives/vector_math-2.4.2.tar.gz
2026-09-06T11:03:15.598Z  [API  ]  HEAD https://pub.dev/api/archives/leak_tracker-11.0.2.tar.gz
2026-09-06T11:03:15.605Z  [API  ]  HEAD https://pub.dev/api/archives/path-1.9.1.tar.gz
2026-09-06T11:03:15.610Z  [API  ]  HEAD https://pub.dev/api/archives/crypto-3.0.7.tar.gz
2026-09-06T11:03:15.612Z  [API  ]  HEAD https://pub.dev/api/archives/sky_engine-0.0.99.tar.gz
2026-09-06T11:03:15.615Z  [API  ]  HEAD https://pub.dev/api/archives/term_glyph-1.2.2.tar.gz
2026-09-06T11:03:15.618Z  [API  ]  HEAD https://pub.dev/api/archives/convert-3.1.2.tar.gz
2026-09-06T11:03:15.622Z  [API  ]  HEAD https://pub.dev/api/archives/yaml-3.1.4.tar.gz
2026-09-06T11:03:15.626Z  [API  ]  HEAD https://pub.dev/api/archives/archive-4.2.0.tar.gz
2026-09-06T11:03:15.630Z  [API  ]  HEAD https://pub.dev/api/archives/test_api-0.7.14.tar.gz
2026-09-06T11:03:15.634Z  [API  ]  HEAD https://pub.dev/api/archives/_fe_analyzer_shared-107.0.0.tar.gz
2026-09-06T11:03:15.638Z  [API  ]  HEAD https://pub.dev/api/archives/coverage-1.15.1.tar.gz
2026-09-06T11:03:15.642Z  [API  ]  HEAD https://pub.dev/api/archives/image-4.9.2.tar.gz
2026-09-06T11:03:15.647Z  [API  ]  HEAD https://pub.dev/api/archives/stack_trace-1.12.2.tar.gz
2026-09-06T11:03:15.653Z  [API  ]  HEAD https://pub.dev/api/archives/meta-1.19.0.tar.gz
2026-09-06T11:03:15.658Z  [API  ]  HEAD https://pub.dev/api/archives/vm_service-15.3.0.tar.gz
2026-09-06T11:03:15.662Z  [API  ]  HEAD https://pub.dev/api/archives/args-2.7.0.tar.gz
2026-09-06T11:03:15.687Z  [API  ]  HEAD https://pub.dev/api/archives/analyzer-14.3.0.tar.gz
2026-09-06T11:03:16.262Z  [API  ]  200 OK (4218ms)
2026-09-06T11:03:16.467Z  [API  ]  HEAD https://pub.dev/api/archives/http_parser-4.1.2.tar.gz
2026-09-06T11:03:16.482Z  [API  ]  200 OK (4345ms)
2026-09-06T11:03:16.484Z  [API  ]  200 OK (4368ms)
2026-09-06T11:03:16.486Z  [API  ]  200 OK (4427ms)
2026-09-06T11:03:16.487Z  [API  ]  200 OK (4408ms)
2026-09-06T11:03:16.494Z  [API  ]  HEAD https://pub.dev/api/archives/typed_data-1.4.0.tar.gz
2026-09-06T11:03:16.500Z  [API  ]  HEAD https://pub.dev/api/archives/stream_channel-2.1.4.tar.gz
2026-09-06T11:03:16.532Z  [API  ]  HEAD https://pub.dev/api/archives/ffi-2.2.0.tar.gz
2026-09-06T11:03:16.536Z  [API  ]  200 OK (986ms)
2026-09-06T11:03:16.537Z  [API  ]  200 OK (1008ms)
2026-09-06T11:03:16.538Z  [API  ]  200 OK (1051ms)
2026-09-06T11:03:16.539Z  [API  ]  200 OK (1022ms)
2026-09-06T11:03:16.539Z  [API  ]  200 OK (1061ms)
2026-09-06T11:03:16.540Z  [API  ]  200 OK (999ms)
2026-09-06T11:03:16.541Z  [API  ]  200 OK (1018ms)
2026-09-06T11:03:16.541Z  [API  ]  200 OK (996ms)
2026-09-06T11:03:16.542Z  [API  ]  200 OK (1004ms)
2026-09-06T11:03:16.543Z  [API  ]  200 OK (1086ms)
2026-09-06T11:03:16.544Z  [API  ]  200 OK (981ms)
2026-09-06T11:03:16.544Z  [API  ]  200 OK (1018ms)
2026-09-06T11:03:16.545Z  [API  ]  200 OK (990ms)
2026-09-06T11:03:16.546Z  [API  ]  200 OK (1026ms)
2026-09-06T11:03:16.547Z  [API  ]  200 OK (1016ms)
2026-09-06T11:03:16.548Z  [API  ]  200 OK (1109ms)
2026-09-06T11:03:16.549Z  [API  ]  200 OK (1088ms)
2026-09-06T11:03:16.549Z  [API  ]  200 OK (965ms)
2026-09-06T11:03:16.550Z  [API  ]  200 OK (971ms)
2026-09-06T11:03:16.551Z  [API  ]  200 OK (976ms)
2026-09-06T11:03:16.552Z  [API  ]  200 OK (970ms)
2026-09-06T11:03:16.553Z  [API  ]  200 OK (1078ms)
2026-09-06T11:03:16.554Z  [API  ]  200 OK (1070ms)
2026-09-06T11:03:16.555Z  [API  ]  200 OK (1066ms)
2026-09-06T11:03:16.556Z  [API  ]  200 OK (1075ms)
2026-09-06T11:03:16.578Z  [API  ]  200 OK (1044ms)
2026-09-06T11:03:16.581Z  [API  ]  200 OK (4412ms)
2026-09-06T11:03:16.583Z  [API  ]  200 OK (4465ms)
2026-09-06T11:03:16.584Z  [API  ]  200 OK (4419ms)
2026-09-06T11:03:16.585Z  [API  ]  200 OK (1134ms)
2026-09-06T11:03:16.586Z  [API  ]  200 OK (1026ms)
2026-09-06T11:03:16.587Z  [API  ]  200 OK (4413ms)
2026-09-06T11:03:16.588Z  [API  ]  200 OK (4433ms)
2026-09-06T11:03:16.589Z  [API  ]  200 OK (1075ms)
2026-09-06T11:03:16.590Z  [API  ]  200 OK (992ms)
2026-09-06T11:03:16.590Z  [API  ]  200 OK (4522ms)
2026-09-06T11:03:16.591Z  [API  ]  200 OK (969ms)
2026-09-06T11:03:16.592Z  [API  ]  200 OK (974ms)
2026-09-06T11:03:16.592Z  [API  ]  200 OK (987ms)
2026-09-06T11:03:16.593Z  [API  ]  200 OK (967ms)
2026-09-06T11:03:16.594Z  [API  ]  200 OK (964ms)
2026-09-06T11:03:16.595Z  [API  ]  200 OK (957ms)
2026-09-06T11:03:16.624Z  [API  ]  200 OK (1014ms)
2026-09-06T11:03:16.625Z  [API  ]  200 OK (1034ms)
2026-09-06T11:03:16.625Z  [API  ]  200 OK (1010ms)
2026-09-06T11:03:16.626Z  [API  ]  200 OK (992ms)
2026-09-06T11:03:16.627Z  [API  ]  200 OK (4465ms)
2026-09-06T11:03:16.628Z  [API  ]  200 OK (4476ms)
2026-09-06T11:03:16.629Z  [API  ]  200 OK (987ms)
2026-09-06T11:03:16.630Z  [API  ]  200 OK (977ms)
2026-09-06T11:03:16.631Z  [API  ]  200 OK (969ms)
2026-09-06T11:03:16.631Z  [API  ]  200 OK (944ms)
2026-09-06T11:03:16.632Z  [API  ]  200 OK (985ms)
2026-09-06T11:03:16.675Z  [API  ]  HEAD https://pub.dev/api/archives/riverpod-3.4.3.tar.gz
2026-09-06T11:03:16.688Z  [API  ]  HEAD https://pub.dev/api/archives/cli_config-0.2.0.tar.gz
2026-09-06T11:03:16.709Z  [API  ]  HEAD https://pub.dev/api/archives/node_preamble-2.0.2.tar.gz
2026-09-06T11:03:16.736Z  [API  ]  HEAD https://pub.dev/api/archives/characters-1.4.1.tar.gz
2026-09-06T11:03:16.791Z  [API  ]  HEAD https://pub.dev/api/archives/glob-2.2.0.tar.gz
2026-09-06T11:03:16.813Z  [API  ]  200 OK (281ms)
2026-09-06T11:03:16.815Z  [API  ]  HEAD https://pub.dev/api/archives/matcher-0.12.20.tar.gz
2026-09-06T11:03:16.829Z  [API  ]  HEAD https://pub.dev/api/archives/file-7.0.1.tar.gz
2026-09-06T11:03:16.872Z  [API  ]  HEAD https://pub.dev/api/archives/watcher-1.2.1.tar.gz
2026-09-06T11:03:16.887Z  [API  ]  HEAD https://pub.dev/api/archives/source_maps-0.10.14.tar.gz
2026-09-06T11:03:17.111Z  [API  ]  HEAD https://pub.dev/api/archives/test-1.32.0.tar.gz
2026-09-06T11:03:17.139Z  [API  ]  200 OK (1527ms)
2026-09-06T11:03:17.344Z  [API  ]  200 OK (233ms)
2026-09-06T11:03:17.422Z  [API  ]  200 OK (5335ms)
2026-09-06T11:03:17.423Z  [API  ]  HEAD https://pub.dev/api/archives/checked_yaml-2.0.4.tar.gz
2026-09-06T11:03:17.440Z  [API  ]  200 OK (625ms)
2026-09-06T11:03:17.441Z  [API  ]  200 OK (569ms)
2026-09-06T11:03:17.442Z  [API  ]  200 OK (733ms)
2026-09-06T11:03:17.484Z  [API  ]  200 OK (796ms)
2026-09-06T11:03:17.485Z  [API  ]  200 OK (656ms)
2026-09-06T11:03:17.486Z  [API  ]  200 OK (5290ms)
2026-09-06T11:03:17.487Z  [API  ]  200 OK (600ms)
2026-09-06T11:03:17.488Z  [API  ]  200 OK (813ms)
2026-09-06T11:03:17.553Z  [API  ]  200 OK (762ms)
2026-09-06T11:03:17.569Z  [API  ]  200 OK (833ms)
2026-09-06T11:03:17.604Z  [API  ]  HEAD https://pub.dev/api/archives/uuid-4.6.0.tar.gz
2026-09-06T11:03:17.654Z  [API  ]  200 OK (231ms)
2026-09-06T11:03:17.881Z  [API  ]  200 OK (277ms)
2026-09-06T11:03:18.027Z  [API  ]  404 Not Found (5818ms)
2026-09-06T11:03:18.053Z  [API  ]  200 OK (5835ms)
2026-09-06T11:03:18.056Z  [API  ]  HEAD https://pub.dev/api/archives/analyzer_plugin-0.14.16.tar.gz
2026-09-06T11:03:18.096Z  [API  ]  200 OK (5883ms)
2026-09-06T11:03:18.097Z  [API  ]  HEAD https://pub.dev/api/archives/material_ui-1.1.1.tar.gz
2026-09-06T11:03:18.217Z  [API  ]  200 OK (5992ms)
2026-09-06T11:03:18.307Z  [API  ]  200 OK (6085ms)
2026-09-06T11:03:18.308Z  [API  ]  200 OK (6124ms)
2026-09-06T11:03:18.309Z  [API  ]  200 OK (6086ms)
2026-09-06T11:03:18.310Z  [API  ]  200 OK (6090ms)
2026-09-06T11:03:18.311Z  [API  ]  200 OK (6105ms)
2026-09-06T11:03:18.312Z  [API  ]  200 OK (6096ms)
2026-09-06T11:03:18.313Z  [API  ]  200 OK (6120ms)
2026-09-06T11:03:18.314Z  [API  ]  HEAD https://pub.dev/api/archives/yaml_edit-2.2.4.tar.gz
2026-09-06T11:03:18.334Z  [API  ]  HEAD https://pub.dev/api/archives/cupertino_ui-1.0.2.tar.gz
2026-09-06T11:03:18.354Z  [API  ]  HEAD https://pub.dev/api/archives/vector_graphics_codec-1.1.13.tar.gz
2026-09-06T11:03:18.375Z  [API  ]  HEAD https://pub.dev/api/archives/web_socket_channel-3.0.3.tar.gz
2026-09-06T11:03:18.397Z  [API  ]  HEAD https://pub.dev/api/archives/analysis_server_plugin-0.3.22.tar.gz
2026-09-06T11:03:18.421Z  [API  ]  200 OK (6261ms)
2026-09-06T11:03:18.422Z  [API  ]  200 OK (6208ms)
2026-09-06T11:03:18.429Z  [API  ]  200 OK (6218ms)
2026-09-06T11:03:18.432Z  [API  ]  200 OK (6205ms)
2026-09-06T11:03:18.440Z  [API  ]  HEAD https://pub.dev/api/archives/xml-7.0.1.tar.gz
2026-09-06T11:03:18.464Z  [API  ]  HEAD https://pub.dev/api/archives/webkit_inspection_protocol-1.2.1.tar.gz
2026-09-06T11:03:18.491Z  [API  ]  200 OK (1997ms)
2026-09-06T11:03:18.510Z  [API  ]  HEAD https://pub.dev/api/archives/pub_semver-2.2.1.tar.gz
2026-09-06T11:03:18.558Z  [API  ]  200 OK (2058ms)
2026-09-06T11:03:18.583Z  [API  ]  200 OK (2116ms)
2026-09-06T11:03:18.586Z  [API  ]  200 OK (530ms)
2026-09-06T11:03:18.587Z  [API  ]  200 OK (6396ms)
2026-09-06T11:03:18.608Z  [API  ]  HEAD https://pub.dev/api/archives/dart_style-3.1.13.tar.gz
2026-09-06T11:03:18.623Z  [API  ]  HEAD https://pub.dev/api/archives/source_map_stack_trace-2.1.2.tar.gz
2026-09-06T11:03:18.639Z  [API  ]  200 OK (6472ms)
2026-09-06T11:03:18.640Z  [API  ]  200 OK (543ms)
2026-09-06T11:03:18.698Z  [API  ]  HEAD https://pub.dev/api/archives/petitparser-7.0.2.tar.gz
2026-09-06T11:03:18.718Z  [API  ]  200 OK (404ms)
2026-09-06T11:03:18.719Z  [API  ]  200 OK (385ms)
2026-09-06T11:03:18.733Z  [API  ]  200 OK (379ms)
2026-09-06T11:03:18.734Z  [API  ]  200 OK (359ms)
2026-09-06T11:03:18.735Z  [API  ]  200 OK (338ms)
2026-09-06T11:03:18.736Z  [API  ]  200 OK (296ms)
2026-09-06T11:03:18.752Z  [API  ]  HEAD https://pub.dev/api/archives/http-1.6.0.tar.gz
2026-09-06T11:03:18.787Z  [API  ]  200 OK (323ms)
2026-09-06T11:03:18.788Z  [API  ]  200 OK (278ms)
2026-09-06T11:03:18.789Z  [API  ]  200 OK (6586ms)
2026-09-06T11:03:18.889Z  [API  ]  HEAD https://pub.dev/api/archives/intl-0.20.3.tar.gz
2026-09-06T11:03:18.911Z  [API  ]  200 OK (288ms)
2026-09-06T11:03:18.912Z  [API  ]  HEAD https://pub.dev/api/archives/fixnum-1.1.1.tar.gz
2026-09-06T11:03:18.959Z  [API  ]  HEAD https://pub.dev/api/archives/logging-1.3.0.tar.gz
2026-09-06T11:03:18.988Z  [API  ]  200 OK (380ms)
2026-09-06T11:03:19.033Z  [API  ]  200 OK (281ms)
2026-09-06T11:03:19.207Z  [API  ]  200 OK (318ms)
2026-09-06T11:03:19.208Z  [API  ]  200 OK (296ms)
2026-09-06T11:03:19.274Z  [API  ]  200 OK (315ms)
2026-09-06T11:03:19.406Z  [API  ]  200 OK (7229ms)
2026-09-06T11:03:19.540Z  [API  ]  HEAD https://pub.dev/api/archives/shelf-1.4.2.tar.gz
2026-09-06T11:03:19.574Z  [API  ]  200 OK (876ms)
2026-09-06T11:03:19.806Z  [API  ]  200 OK (266ms)
2026-09-06T11:03:20.140Z  [API  ]  200 OK (4482ms)
2026-09-06T11:03:20.876Z  [API  ]  200 OK (8838ms)
2026-09-06T11:03:20.978Z  [API  ]  HEAD https://pub.dev/api/archives/async-2.13.1.tar.gz
2026-09-06T11:03:21.080Z  [API  ]  200 OK (102ms)
2026-09-06T11:03:21.224Z  [API  ]  200 OK (9038ms)
2026-09-06T11:03:21.225Z  [API  ]  200 OK (9037ms)
2026-09-06T11:03:21.238Z  [API  ]  200 OK (9049ms)
2026-09-06T11:03:21.239Z  [API  ]  HEAD https://pub.dev/api/archives/web_socket-1.0.1.tar.gz
2026-09-06T11:03:21.264Z  [API  ]  HEAD https://pub.dev/api/archives/frontend_server_client-4.0.0.tar.gz
2026-09-06T11:03:21.455Z  [API  ]  HEAD https://pub.dev/api/archives/test_core-0.6.20.tar.gz
2026-09-06T11:03:21.539Z  [API  ]  200 OK (275ms)
2026-09-06T11:03:21.871Z  [API  ]  200 OK (632ms)
2026-09-06T11:03:21.928Z  [API  ]  200 OK (473ms)
2026-09-06T11:03:21.995Z  [INFO ]  Dep graph: 13 direct, 87 transitive, 0 overrides
2026-09-06T11:03:21.997Z  [CACHE]  MISS osv.vulns.cupertino_icons.1.0.9
2026-09-06T11:03:21.997Z  [CACHE]  MISS osv.vulns.dio.5.11.0
2026-09-06T11:03:21.997Z  [CACHE]  MISS osv.vulns.dotlottie_flutter.0.1.7
2026-09-06T11:03:21.997Z  [CACHE]  MISS osv.vulns.easy_refresh.3.5.1
2026-09-06T11:03:21.997Z  [CACHE]  MISS osv.vulns.flutter_launcher_icons.0.14.4
2026-09-06T11:03:21.997Z  [CACHE]  MISS osv.vulns.flutter_lints.6.0.0
2026-09-06T11:03:21.997Z  [CACHE]  MISS osv.vulns.flutter_riverpod.3.4.2
2026-09-06T11:03:21.997Z  [CACHE]  MISS osv.vulns.go_router.18.0.0
2026-09-06T11:03:21.997Z  [CACHE]  MISS osv.vulns.lottie.3.5.1
2026-09-06T11:03:21.997Z  [CACHE]  MISS osv.vulns.riverpod.3.4.2
2026-09-06T11:03:21.997Z  [CACHE]  MISS osv.vulns.saropa_lints.14.0.2
2026-09-06T11:03:21.997Z  [CACHE]  MISS osv.vulns.vector_graphics.1.2.3
2026-09-06T11:03:21.997Z  [CACHE]  MISS osv.vulns.vector_graphics_compiler.1.3.0
2026-09-06T11:03:21.998Z  [API  ]  POST https://api.osv.dev/v1/querybatch
2026-09-06T11:03:22.002Z  [CACHE]  MISS ghsa.vulns.cupertino_icons.1.0.9
2026-09-06T11:03:22.002Z  [CACHE]  MISS ghsa.vulns.dio.5.11.0
2026-09-06T11:03:22.002Z  [CACHE]  MISS ghsa.vulns.dotlottie_flutter.0.1.7
2026-09-06T11:03:22.002Z  [CACHE]  MISS ghsa.vulns.easy_refresh.3.5.1
2026-09-06T11:03:22.002Z  [CACHE]  MISS ghsa.vulns.flutter_launcher_icons.0.14.4
2026-09-06T11:03:22.002Z  [CACHE]  MISS ghsa.vulns.flutter_lints.6.0.0
2026-09-06T11:03:22.002Z  [CACHE]  MISS ghsa.vulns.flutter_riverpod.3.4.2
2026-09-06T11:03:22.002Z  [CACHE]  MISS ghsa.vulns.go_router.18.0.0
2026-09-06T11:03:22.002Z  [CACHE]  MISS ghsa.vulns.lottie.3.5.1
2026-09-06T11:03:22.002Z  [CACHE]  MISS ghsa.vulns.riverpod.3.4.2
2026-09-06T11:03:22.002Z  [CACHE]  MISS ghsa.vulns.saropa_lints.14.0.2
2026-09-06T11:03:22.002Z  [CACHE]  MISS ghsa.vulns.vector_graphics.1.2.3
2026-09-06T11:03:22.002Z  [CACHE]  MISS ghsa.vulns.vector_graphics_compiler.1.3.0
2026-09-06T11:03:22.003Z  [API  ]  GET https://api.github.com/advisories?ecosystem=pub&package=cupertino_icons&affects=1.0.9&per_page=100
2026-09-06T11:03:22.007Z  [API  ]  GET https://api.github.com/advisories?ecosystem=pub&package=dio&affects=5.11.0&per_page=100
2026-09-06T11:03:22.012Z  [API  ]  GET https://api.github.com/advisories?ecosystem=pub&package=dotlottie_flutter&affects=0.1.7&per_page=100
2026-09-06T11:03:22.016Z  [API  ]  GET https://api.github.com/advisories?ecosystem=pub&package=easy_refresh&affects=3.5.1&per_page=100
2026-09-06T11:03:22.018Z  [API  ]  GET https://api.github.com/advisories?ecosystem=pub&package=flutter_launcher_icons&affects=0.14.4&per_page=100
2026-09-06T11:03:23.825Z  [API  ]  200 OK (1827ms)
2026-09-06T11:03:23.930Z  [API  ]  200 OK (1914ms)
2026-09-06T11:03:23.966Z  [API  ]  200 OK (1948ms)
2026-09-06T11:03:23.968Z  [API  ]  200 OK (1965ms)
2026-09-06T11:03:23.990Z  [API  ]  200 OK (1983ms)
2026-09-06T11:03:23.990Z  [API  ]  200 OK (1977ms)
2026-09-06T11:03:23.990Z  [API  ]  GET https://api.github.com/advisories?ecosystem=pub&package=flutter_lints&affects=6.0.0&per_page=100
2026-09-06T11:03:23.992Z  [API  ]  GET https://api.github.com/advisories?ecosystem=pub&package=flutter_riverpod&affects=3.4.2&per_page=100
2026-09-06T11:03:23.995Z  [API  ]  GET https://api.github.com/advisories?ecosystem=pub&package=go_router&affects=18.0.0&per_page=100
2026-09-06T11:03:23.998Z  [API  ]  GET https://api.github.com/advisories?ecosystem=pub&package=lottie&affects=3.5.1&per_page=100
2026-09-06T11:03:24.001Z  [API  ]  GET https://api.github.com/advisories?ecosystem=pub&package=riverpod&affects=3.4.2&per_page=100
2026-09-06T11:03:24.549Z  [API  ]  200 OK (554ms)
2026-09-06T11:03:24.711Z  [API  ]  200 OK (719ms)
2026-09-06T11:03:24.712Z  [API  ]  200 OK (722ms)
2026-09-06T11:03:24.737Z  [API  ]  200 OK (736ms)
2026-09-06T11:03:24.848Z  [API  ]  200 OK (850ms)
2026-09-06T11:03:24.848Z  [API  ]  GET https://api.github.com/advisories?ecosystem=pub&package=saropa_lints&affects=14.0.2&per_page=100
2026-09-06T11:03:24.851Z  [API  ]  GET https://api.github.com/advisories?ecosystem=pub&package=vector_graphics&affects=1.2.3&per_page=100
2026-09-06T11:03:24.855Z  [API  ]  GET https://api.github.com/advisories?ecosystem=pub&package=vector_graphics_compiler&affects=1.3.0&per_page=100
2026-09-06T11:03:25.715Z  [API  ]  200 OK (864ms)
2026-09-06T11:03:25.716Z  [API  ]  200 OK (861ms)
2026-09-06T11:03:25.716Z  [API  ]  200 OK (868ms)
2026-09-06T11:03:35.782Z  [INFO ]  Scan complete — 29031ms — vibrant:0 stable:0 outdated:0 abandoned:13 eol:0
